{"Protocol":0,"Id":"2c00cd62f5521a25dfe24a4634a5ebd8","Path":"/data/serie/Invasion.S01e10.1080p.WEB-DL.DUAL/Invasion.S01e10.1080p.WEB-DL.DUAL.mkv","EncoderPath":null,"EncoderProtocol":null,"Type":0,"Container":"mkv","Size":1621745782,"Name":"Invasion.S01e10.1080p.WEB-DL.DUAL","IsRemote":false,"ETag":"dacaaab9343c27b8a9d65061e1445eb1","RunTimeTicks":34762880000,"ReadAtNativeFramerate":false,"IgnoreDts":false,"IgnoreIndex":false,"GenPtsInput":false,"SupportsTranscoding":true,"SupportsDirectStream":true,"SupportsDirectPlay":true,"IsInfiniteStream":false,"UseMostCompatibleTranscodingProfile":false,"RequiresOpening":false,"OpenToken":null,"RequiresClosing":false,"LiveStreamId":null,"BufferMs":null,"RequiresLooping":false,"SupportsProbing":true,"VideoType":0,"IsoType":null,"Video3DFormat":null,"MediaStreams":[{"Codec":"h264","CodecTag":null,"Language":null,"ColorRange":null,"ColorSpace":"bt709","ColorTransfer":"bt709","ColorPrimaries":"bt709","DvVersionMajor":null,"DvVersionMinor":null,"DvProfile":null,"DvLevel":null,"RpuPresentFlag":null,"ElPresentFlag":null,"BlPresentFlag":null,"DvBlSignalCompatibilityId":null,"Rotation":null,"Comment":null,"TimeBase":"1/1000","CodecTimeBase":null,"Title":null,"VideoRange":1,"VideoRangeType":1,"VideoDoViTitle":null,"AudioSpatialFormat":0,"LocalizedUndefined":null,"LocalizedDefault":null,"LocalizedForced":null,"LocalizedExternal":null,"LocalizedHearingImpaired":null,"DisplayTitle":"1080p H264 SDR","NalLengthSize":"4","IsInterlaced":false,"IsAVC":true,"ChannelLayout":null,"BitRate":3732132,"BitDepth":8,"RefFrames":1,"PacketLength":null,"Channels":null,"SampleRate":null,"IsDefault":true,"IsForced":false,"IsHearingImpaired":false,"Height":960,"Width":1920,"AverageFrameRate":23.976025,"RealFrameRate":23.976025,"ReferenceFrameRate":23.976025,"Profile":"High","Type":1,"AspectRatio":"2:1","Index":0,"Score":null,"IsExternal":false,"DeliveryMethod":null,"DeliveryUrl":null,"IsExternalUrl":null,"IsTextSubtitleStream":false,"SupportsExternalStream":false,"Path":null,"PixelFormat":"yuv420p","Level":41,"IsAnamorphic":false},{"Codec":"ac3","CodecTag":null,"Language":"por","ColorRange":null,"ColorSpace":null,"ColorTransfer":null,"ColorPrimaries":null,"DvVersionMajor":null,"DvVersionMinor":null,"DvProfile":null,"DvLevel":null,"RpuPresentFlag":null,"ElPresentFlag":null,"BlPresentFlag":null,"DvBlSignalCompatibilityId":null,"Rotation":null,"Comment":null,"TimeBase":"1/1000","CodecTimeBase":null,"Title":"Brazilian","VideoRange":0,"VideoRangeType":0,"VideoDoViTitle":null,"AudioSpatialFormat":0,"LocalizedUndefined":null,"LocalizedDefault":"Padr\u00E3o","LocalizedForced":null,"LocalizedExternal":"Externo","LocalizedHearingImpaired":null,"DisplayTitle":"Brazilian - Portuguese - Dolby Digital - 5.1 - Padr\u00E3o","NalLengthSize":null,"IsInterlaced":false,"IsAVC":false,"ChannelLayout":"5.1","BitRate":640000,"BitDepth":null,"RefFrames":null,"PacketLength":null,"Channels":6,"SampleRate":48000,"IsDefault":true,"IsForced":false,"IsHearingImpaired":false,"Height":null,"Width":null,"AverageFrameRate":null,"RealFrameRate":null,"ReferenceFrameRate":null,"Profile":null,"Type":0,"AspectRatio":null,"Index":1,"Score":null,"IsExternal":false,"DeliveryMethod":null,"DeliveryUrl":null,"IsExternalUrl":null,"IsTextSubtitleStream":false,"SupportsExternalStream":false,"Path":null,"PixelFormat":null,"Level":0,"IsAnamorphic":null},{"Codec":"ac3","CodecTag":null,"Language":"eng","ColorRange":null,"ColorSpace":null,"ColorTransfer":null,"ColorPrimaries":null,"DvVersionMajor":null,"DvVersionMinor":null,"DvProfile":null,"DvLevel":null,"RpuPresentFlag":null,"ElPresentFlag":null,"BlPresentFlag":null,"DvBlSignalCompatibilityId":null,"Rotation":null,"Comment":null,"TimeBase":"1/1000","CodecTimeBase":null,"Title":"English","VideoRange":0,"VideoRangeType":0,"VideoDoViTitle":null,"AudioSpatialFormat":0,"LocalizedUndefined":null,"LocalizedDefault":"Padr\u00E3o","LocalizedForced":null,"LocalizedExternal":"Externo","LocalizedHearingImpaired":null,"DisplayTitle":"English - Dolby Digital - 5.1","NalLengthSize":null,"IsInterlaced":false,"IsAVC":false,"ChannelLayout":"5.1","BitRate":640000,"BitDepth":null,"RefFrames":null,"PacketLength":null,"Channels":6,"SampleRate":48000,"IsDefault":false,"IsForced":false,"IsHearingImpaired":false,"Height":null,"Width":null,"AverageFrameRate":null,"RealFrameRate":null,"ReferenceFrameRate":null,"Profile":null,"Type":0,"AspectRatio":null,"Index":2,"Score":null,"IsExternal":false,"DeliveryMethod":null,"DeliveryUrl":null,"IsExternalUrl":null,"IsTextSubtitleStream":false,"SupportsExternalStream":false,"Path":null,"PixelFormat":null,"Level":0,"IsAnamorphic":null},{"Codec":"ass","CodecTag":null,"Language":"por","ColorRange":null,"ColorSpace":null,"ColorTransfer":null,"ColorPrimaries":null,"DvVersionMajor":null,"DvVersionMinor":null,"DvProfile":null,"DvLevel":null,"RpuPresentFlag":null,"ElPresentFlag":null,"BlPresentFlag":null,"DvBlSignalCompatibilityId":null,"Rotation":null,"Comment":null,"TimeBase":"1/1000","CodecTimeBase":null,"Title":"Brazilian (Forced)","VideoRange":0,"VideoRangeType":0,"VideoDoViTitle":null,"AudioSpatialFormat":0,"LocalizedUndefined":"Indefinido","LocalizedDefault":"Padr\u00E3o","LocalizedForced":"For\u00E7ado","LocalizedExternal":"Externo","LocalizedHearingImpaired":"Defici\u00EAncia Auditiva","DisplayTitle":"Brazilian (Forced) - Portuguese - ASS","NalLengthSize":null,"IsInterlaced":false,"IsAVC":false,"ChannelLayout":null,"BitRate":null,"BitDepth":null,"RefFrames":null,"PacketLength":null,"Channels":null,"SampleRate":null,"IsDefault":false,"IsForced":false,"IsHearingImpaired":false,"Height":0,"Width":0,"AverageFrameRate":null,"RealFrameRate":null,"ReferenceFrameRate":null,"Profile":null,"Type":2,"AspectRatio":null,"Index":3,"Score":null,"IsExternal":false,"DeliveryMethod":null,"DeliveryUrl":null,"IsExternalUrl":null,"IsTextSubtitleStream":true,"SupportsExternalStream":true,"Path":null,"PixelFormat":null,"Level":0,"IsAnamorphic":null}],"MediaAttachments":[],"Formats":[],"Bitrate":5012132,"FallbackMaxStreamingBitrate":null,"Timestamp":null,"RequiredHttpHeaders":{},"TranscodingUrl":null,"TranscodingSubProtocol":0,"TranscodingContainer":null,"AnalyzeDurationMs":null,"DefaultAudioStreamIndex":null,"DefaultSubtitleStreamIndex":null,"HasSegments":true}

/usr/lib/jellyfin-ffmpeg/ffmpeg -analyzeduration 200M -probesize 1G  -i file:"/data/serie/Invasion.S01e10.1080p.WEB-DL.DUAL/Invasion.S01e10.1080p.WEB-DL.DUAL.mkv" -map_metadata -1 -map_chapters -1 -threads 0 -map 0:0 -map 0:1 -codec:v:0 libx264 -preset veryfast -crf 23 -maxrate 3732132 -bufsize 7464264 -profile:v:0 high -level 41 -x264opts:0 subme=0:me_range=16:rc_lookahead=10:me=hex:open_gop=0 -force_key_frames:0 "expr:gte(t,n_forced*3)" -sc_threshold:v:0 0 -vf "setparams=color_primaries=bt709:color_trc=bt709:colorspace=bt709,scale=trunc(min(max(iw\,ih*a)\,min(3840\,2160*a))/2)*2:trunc(min(max(iw/a\,ih)\,min(3840/a\,2160))/2)*2,format=yuv420p,subtitles=f='/config/data/data/subtitles/1/1e5d581e-f5af-7abc-3e40-902c99c27f6d.ass':fontsdir='/config/cache/attachments/2c00cd62f5521a25dfe24a4634a5ebd8'" -start_at_zero -codec:a:0 copy -copyts -avoid_negative_ts disabled -max_muxing_queue_size 2048 -f hls -max_delay 5000000 -hls_time 3 -hls_segment_type mpegts -start_number 0 -hls_segment_filename "/config/cache/transcodes/e547a29f0e892f6b595738ce492cf5a3%d.ts" -hls_playlist_type vod -hls_list_size 0 -y "/config/cache/transcodes/e547a29f0e892f6b595738ce492cf5a3.m3u8"


ffmpeg version 7.1.1-Jellyfin Copyright (c) 2000-2025 the FFmpeg developers
  built with gcc 13 (Ubuntu 13.3.0-6ubuntu2~24.04)
  configuration: --prefix=/usr/lib/jellyfin-ffmpeg --target-os=linux --extra-version=Jellyfin --disable-doc --disable-ffplay --disable-static --disable-libxcb --disable-sdl2 --disable-xlib --enable-lto=auto --enable-gpl --enable-version3 --enable-shared --enable-gmp --enable-gnutls --enable-chromaprint --enable-opencl --enable-libdrm --enable-libxml2 --enable-libass --enable-libfreetype --enable-libfribidi --enable-libfontconfig --enable-libharfbuzz --enable-libbluray --enable-libmp3lame --enable-libopus --enable-libtheora --enable-libvorbis --enable-libopenmpt --enable-libdav1d --enable-libsvtav1 --enable-libwebp --enable-libvpx --enable-libx264 --enable-libx265 --enable-libzvbi --enable-libzimg --enable-libfdk-aac --arch=amd64 --enable-libshaderc --enable-libplacebo --enable-vulkan --enable-vaapi --enable-amf --enable-libvpl --enable-ffnvcodec --enable-cuda --enable-cuda-llvm --enable-cuvid --enable-nvdec --enable-nvenc
  libavutil      59. 39.100 / 59. 39.100
  libavcodec     61. 19.101 / 61. 19.101
  libavformat    61.  7.100 / 61.  7.100
  libavdevice    61.  3.100 / 61.  3.100
  libavfilter    10.  4.100 / 10.  4.100
  libswscale      8.  3.100 /  8.  3.100
  libswresample   5.  3.100 /  5.  3.100
  libpostproc    58.  3.100 / 58.  3.100
Input #0, matroska,webm, from 'file:/data/serie/Invasion.S01e10.1080p.WEB-DL.DUAL/Invasion.S01e10.1080p.WEB-DL.DUAL.mkv':
  Metadata:
    title           : Invasion.S01E10.First.Day.1080p.ATVP.WEB-DL.DDP5.1.Atmos.H.264-SiGLA
    creation_time   : 2021-12-10T05:35:23.000000Z
    ENCODER         : Lavf58.29.100
  Duration: 00:57:56.29, start: 0.000000, bitrate: 3732 kb/s
  Stream #0:0: Video: h264 (High), yuv420p(tv, bt709, progressive), 1920x960 [SAR 1:1 DAR 2:1], 23.98 fps, 23.98 tbr, 1k tbn (default)
      Metadata:
        DURATION        : 00:57:56.270000000
  Stream #0:1(por): Audio: ac3, 48000 Hz, 5.1(side), fltp, 640 kb/s (default)
      Metadata:
        title           : Brazilian
        DURATION        : 00:57:56.288000000
  Stream #0:2(eng): Audio: ac3, 48000 Hz, 5.1(side), fltp, 640 kb/s
      Metadata:
        title           : English
        DURATION        : 00:57:56.288000000
  Stream #0:3(por): Subtitle: ass (ssa)
      Metadata:
        title           : Brazilian (Forced)
        DURATION        : 00:00:00.000000000
[Parsed_subtitles_3 @ 0x5cebae53e7c0] libass API version: 0x1704000
[Parsed_subtitles_3 @ 0x5cebae53e7c0] libass source: commit: 0.17.4-0-gbbb3c7f1570a4a021e52683f3fbdf74fe492ae84
[Parsed_subtitles_3 @ 0x5cebae53e7c0] Shaper: FriBidi 1.0.16 (SIMPLE) HarfBuzz-ng 10.4.0 (COMPLEX)
[Parsed_subtitles_3 @ 0x5cebae53e7c0] Using font provider fontconfig
Stream mapping:
  Stream #0:0 -> #0:0 (h264 (native) -> h264 (libx264))
  Stream #0:1 -> #0:1 (copy)
Press [q] to stop, [?] for help
[Parsed_subtitles_3 @ 0x7725c4010dc0] libass API version: 0x1704000
[Parsed_subtitles_3 @ 0x7725c4010dc0] libass source: commit: 0.17.4-0-gbbb3c7f1570a4a021e52683f3fbdf74fe492ae84
[Parsed_subtitles_3 @ 0x7725c4010dc0] Shaper: FriBidi 1.0.16 (SIMPLE) HarfBuzz-ng 10.4.0 (COMPLEX)
[Parsed_subtitles_3 @ 0x7725c4010dc0] Using font provider fontconfig
[libx264 @ 0x5cebae515ec0] using SAR=1/1
[libx264 @ 0x5cebae515ec0] using cpu capabilities: MMX2 SSE2Fast SSSE3 SSE4.2 AVX FMA3 BMI2 AVX2
[libx264 @ 0x5cebae515ec0] profile High, level 4.1, 4:2:0, 8-bit
[libx264 @ 0x5cebae515ec0] 264 - core 164 r3108 31e19f9 - H.264/MPEG-4 AVC codec - Copyleft 2003-2023 - http://www.videolan.org/x264.html - options: cabac=1 ref=1 deblock=1:0:0 analyse=0x3:0x113 me=hex subme=0 psy=1 psy_rd=1.00:0.00 mixed_ref=0 me_range=16 chroma_me=1 trellis=0 8x8dct=1 cqm=0 deadzone=21,11 fast_pskip=1 chroma_qp_offset=0 threads=12 lookahead_threads=2 sliced_threads=0 nr=0 decimate=1 interlaced=0 bluray_compat=0 constrained_intra=0 bframes=3 b_pyramid=2 b_adapt=1 b_bias=0 direct=1 weightb=1 open_gop=0 weightp=1 keyint=250 keyint_min=23 scenecut=0 intra_refresh=0 rc_lookahead=10 rc=crf mbtree=1 crf=23.0 qcomp=0.60 qpmin=0 qpmax=69 qpstep=4 vbv_maxrate=3732 vbv_bufsize=7464 crf_max=0.0 nal_hrd=none filler=0 ip_ratio=1.40 aq=1:1.00
Output #0, hls, to '/config/cache/transcodes/e547a29f0e892f6b595738ce492cf5a3.m3u8':
  Metadata:
    encoder         : Lavf61.7.100
  Stream #0:0: Video: h264, yuv420p(tv, bt709, progressive), 1920x960 [SAR 1:1 DAR 2:1], q=2-31, 23.98 fps, 90k tbn (default)
      Metadata:
        encoder         : Lavc61.19.101 libx264
      Side data:
        cpb: bitrate max/min/avg: 3732000/0/0 buffer size: 7464000 vbv_delay: N/A
  Stream #0:1: Audio: ac3, 48000 Hz, 5.1(side), fltp, 640 kb/s (default)
[hls @ 0x5cebae5380c0] Opening '/config/cache/transcodes/e547a29f0e892f6b595738ce492cf5a30.ts' for writing
frame=   93 fps=0.0 q=28.0 size=N/A time=00:00:00.00 bitrate=N/A dup=1 drop=0 speed=   0x    
[hls @ 0x5cebae5380c0] Opening '/config/cache/transcodes/e547a29f0e892f6b595738ce492cf5a31.ts' for writing
[hls @ 0x5cebae5380c0] Opening '/config/cache/transcodes/e547a29f0e892f6b595738ce492cf5a32.ts' for writing
frame=  244 fps=244 q=28.0 size=N/A time=00:00:06.25 bitrate=N/A dup=1 drop=0 speed=6.25x    
[hls @ 0x5cebae5380c0] Opening '/config/cache/transcodes/e547a29f0e892f6b595738ce492cf5a33.ts' for writing
[hls @ 0x5cebae5380c0] Opening '/config/cache/transcodes/e547a29f0e892f6b595738ce492cf5a34.ts' for writing
frame=  397 fps=265 q=28.0 size=N/A time=00:00:12.63 bitrate=N/A dup=1 drop=0 speed=8.42x    
[hls @ 0x5cebae5380c0] Opening '/config/cache/transcodes/e547a29f0e892f6b595738ce492cf5a35.ts' for writing
[hls @ 0x5cebae5380c0] Opening '/config/cache/transcodes/e547a29f0e892f6b595738ce492cf5a36.ts' for writing
frame=  546 fps=273 q=28.0 size=N/A time=00:00:18.85 bitrate=N/A dup=1 drop=0 speed=9.42x    
[hls @ 0x5cebae5380c0] Opening '/config/cache/transcodes/e547a29f0e892f6b595738ce492cf5a37.ts' for writing
[hls @ 0x5cebae5380c0] Opening '/config/cache/transcodes/e547a29f0e892f6b595738ce492cf5a38.ts' for writing
frame=  670 fps=268 q=28.0 size=N/A time=00:00:24.02 bitrate=N/A dup=1 drop=0 speed=9.61x    
[hls @ 0x5cebae5380c0] Opening '/config/cache/transcodes/e547a29f0e892f6b595738ce492cf5a39.ts' for writing
frame=  756 fps=252 q=28.0 size=N/A time=00:00:27.61 bitrate=N/A dup=1 drop=0 speed= 9.2x    
[hls @ 0x5cebae5380c0] Opening '/config/cache/transcodes/e547a29f0e892f6b595738ce492cf5a310.ts' for writing
frame=  838 fps=239 q=28.0 size=N/A time=00:00:31.03 bitrate=N/A dup=1 drop=0 speed=8.86x    
[hls @ 0x5cebae5380c0] Opening '/config/cache/transcodes/e547a29f0e892f6b595738ce492cf5a311.ts' for writing
frame=  918 fps=229 q=28.0 size=N/A time=00:00:34.36 bitrate=N/A dup=1 drop=0 speed=8.59x    
[hls @ 0x5cebae5380c0] Opening '/config/cache/transcodes/e547a29f0e892f6b595738ce492cf5a312.ts' for writing
frame= 1001 fps=222 q=28.0 size=N/A time=00:00:37.82 bitrate=N/A dup=1 drop=0 speed= 8.4x    
[hls @ 0x5cebae5380c0] Opening '/config/cache/transcodes/e547a29f0e892f6b595738ce492cf5a313.ts' for writing
[hls @ 0x5cebae5380c0] Opening '/config/cache/transcodes/e547a29f0e892f6b595738ce492cf5a314.ts' for writing
frame= 1089 fps=218 q=28.0 size=N/A time=00:00:41.49 bitrate=N/A dup=1 drop=0 speed=8.29x    
[hls @ 0x5cebae5380c0] Opening '/config/cache/transcodes/e547a29f0e892f6b595738ce492cf5a315.ts' for writing
frame= 1192 fps=217 q=28.0 size=N/A time=00:00:45.79 bitrate=N/A dup=1 drop=0 speed=8.32x    
[hls @ 0x5cebae5380c0] Opening '/config/cache/transcodes/e547a29f0e892f6b595738ce492cf5a316.ts' for writing
frame= 1294 fps=216 q=28.0 size=N/A time=00:00:50.05 bitrate=N/A dup=1 drop=0 speed=8.34x    
[hls @ 0x5cebae5380c0] Opening '/config/cache/transcodes/e547a29f0e892f6b595738ce492cf5a317.ts' for writing
[hls @ 0x5cebae5380c0] Opening '/config/cache/transcodes/e547a29f0e892f6b595738ce492cf5a318.ts' for writing
frame= 1394 fps=214 q=28.0 size=N/A time=00:00:54.26 bitrate=N/A dup=1 drop=0 speed=8.34x    
[hls @ 0x5cebae5380c0] Opening '/config/cache/transcodes/e547a29f0e892f6b595738ce492cf5a319.ts' for writing
frame= 1497 fps=214 q=28.0 size=N/A time=00:00:58.51 bitrate=N/A dup=1 drop=0 speed=8.35x    
[hls @ 0x5cebae5380c0] Opening '/config/cache/transcodes/e547a29f0e892f6b595738ce492cf5a320.ts' for writing
[hls @ 0x5cebae5380c0] Opening '/config/cache/transcodes/e547a29f0e892f6b595738ce492cf5a321.ts' for writing
frame= 1596 fps=213 q=28.0 size=N/A time=00:01:02.64 bitrate=N/A dup=1 drop=0 speed=8.35x    
[hls @ 0x5cebae5380c0] Opening '/config/cache/transcodes/e547a29f0e892f6b595738ce492cf5a322.ts' for writing
frame= 1697 fps=212 q=28.0 size=N/A time=00:01:06.85 bitrate=N/A dup=1 drop=0 speed=8.35x    
[hls @ 0x5cebae5380c0] Opening '/config/cache/transcodes/e547a29f0e892f6b595738ce492cf5a323.ts' for writing
[hls @ 0x5cebae5380c0] Opening '/config/cache/transcodes/e547a29f0e892f6b595738ce492cf5a324.ts' for writing
frame= 1808 fps=213 q=28.0 size=N/A time=00:01:11.48 bitrate=N/A dup=1 drop=0 speed=8.41x    
[hls @ 0x5cebae5380c0] Opening '/config/cache/transcodes/e547a29f0e892f6b595738ce492cf5a325.ts' for writing
frame= 1920 fps=213 q=28.0 size=N/A time=00:01:16.15 bitrate=N/A dup=1 drop=0 speed=8.45x    
[hls @ 0x5cebae5380c0] Opening '/config/cache/transcodes/e547a29f0e892f6b595738ce492cf5a326.ts' for writing
[hls @ 0x5cebae5380c0] Opening '/config/cache/transcodes/e547a29f0e892f6b595738ce492cf5a327.ts' for writing
frame= 2016 fps=212 q=28.0 size=N/A time=00:01:20.16 bitrate=N/A dup=1 drop=0 speed=8.43x    
[hls @ 0x5cebae5380c0] Opening '/config/cache/transcodes/e547a29f0e892f6b595738ce492cf5a328.ts' for writing
frame= 2111 fps=211 q=28.0 size=N/A time=00:01:24.12 bitrate=N/A dup=1 drop=0 speed= 8.4x    
[hls @ 0x5cebae5380c0] Opening '/config/cache/transcodes/e547a29f0e892f6b595738ce492cf5a329.ts' for writing
frame= 2208 fps=210 q=28.0 size=N/A time=00:01:28.17 bitrate=N/A dup=1 drop=0 speed=8.39x    
[hls @ 0x5cebae5380c0] Opening '/config/cache/transcodes/e547a29f0e892f6b595738ce492cf5a330.ts' for writing
[hls @ 0x5cebae5380c0] Opening '/config/cache/transcodes/e547a29f0e892f6b595738ce492cf5a331.ts' for writing
frame= 2312 fps=210 q=28.0 size=N/A time=00:01:32.50 bitrate=N/A dup=1 drop=0 speed= 8.4x    
[hls @ 0x5cebae5380c0] Opening '/config/cache/transcodes/e547a29f0e892f6b595738ce492cf5a332.ts' for writing
frame= 2403 fps=209 q=28.0 size=N/A time=00:01:36.30 bitrate=N/A dup=1 drop=0 speed=8.37x    
[hls @ 0x5cebae5380c0] Opening '/config/cache/transcodes/e547a29f0e892f6b595738ce492cf5a333.ts' for writing
frame= 2503 fps=208 q=28.0 size=N/A time=00:01:40.47 bitrate=N/A dup=1 drop=0 speed=8.36x    
[hls @ 0x5cebae5380c0] Opening '/config/cache/transcodes/e547a29f0e892f6b595738ce492cf5a334.ts' for writing
[hls @ 0x5cebae5380c0] Opening '/config/cache/transcodes/e547a29f0e892f6b595738ce492cf5a335.ts' for writing
frame= 2591 fps=207 q=28.0 size=N/A time=00:01:44.14 bitrate=N/A dup=1 drop=0 speed=8.32x    
[hls @ 0x5cebae5380c0] Opening '/config/cache/transcodes/e547a29f0e892f6b595738ce492cf5a336.ts' for writing
frame= 2678 fps=206 q=28.0 size=N/A time=00:01:47.77 bitrate=N/A dup=1 drop=0 speed=8.28x    
[hls @ 0x5cebae5380c0] Opening '/config/cache/transcodes/e547a29f0e892f6b595738ce492cf5a337.ts' for writing
frame= 2763 fps=204 q=28.0 size=N/A time=00:01:51.31 bitrate=N/A dup=1 drop=0 speed=8.24x    
[hls @ 0x5cebae5380c0] Opening '/config/cache/transcodes/e547a29f0e892f6b595738ce492cf5a338.ts' for writing
frame= 2856 fps=204 q=28.0 size=N/A time=00:01:55.19 bitrate=N/A dup=1 drop=0 speed=8.22x    
[hls @ 0x5cebae5380c0] Opening '/config/cache/transcodes/e547a29f0e892f6b595738ce492cf5a339.ts' for writing
frame= 2946 fps=203 q=28.0 size=N/A time=00:01:58.99 bitrate=N/A dup=1 drop=0 speed= 8.2x    
[hls @ 0x5cebae5380c0] Opening '/config/cache/transcodes/e547a29f0e892f6b595738ce492cf5a340.ts' for writing
[hls @ 0x5cebae5380c0] Opening '/config/cache/transcodes/e547a29f0e892f6b595738ce492cf5a341.ts' for writing
frame= 3040 fps=202 q=28.0 size=N/A time=00:02:02.87 bitrate=N/A dup=1 drop=0 speed=8.18x    
[hls @ 0x5cebae5380c0] Opening '/config/cache/transcodes/e547a29f0e892f6b595738ce492cf5a342.ts' for writing
frame= 3154 fps=203 q=28.0 size=N/A time=00:02:07.62 bitrate=N/A dup=1 drop=0 speed=8.23x    
[hls @ 0x5cebae5380c0] Opening '/config/cache/transcodes/e547a29f0e892f6b595738ce492cf5a343.ts' for writing
[hls @ 0x5cebae5380c0] Opening '/config/cache/transcodes/e547a29f0e892f6b595738ce492cf5a344.ts' for writing
frame= 3253 fps=203 q=28.0 size=N/A time=00:02:11.75 bitrate=N/A dup=1 drop=0 speed=8.23x    
[hls @ 0x5cebae5380c0] Opening '/config/cache/transcodes/e547a29f0e892f6b595738ce492cf5a345.ts' for writing
frame= 3335 fps=202 q=28.0 size=N/A time=00:02:15.17 bitrate=N/A dup=1 drop=0 speed=8.18x    
[hls @ 0x5cebae5380c0] Opening '/config/cache/transcodes/e547a29f0e892f6b595738ce492cf5a346.ts' for writing
frame= 3418 fps=201 q=28.0 size=N/A time=00:02:18.63 bitrate=N/A dup=1 drop=0 speed=8.15x    
[hls @ 0x5cebae5380c0] Opening '/config/cache/transcodes/e547a29f0e892f6b595738ce492cf5a347.ts' for writing
[hls @ 0x5cebae5380c0] Opening '/config/cache/transcodes/e547a29f0e892f6b595738ce492cf5a348.ts' for writing
frame= 3555 fps=203 q=28.0 size=N/A time=00:02:24.35 bitrate=N/A dup=1 drop=0 speed=8.24x    
[hls @ 0x5cebae5380c0] Opening '/config/cache/transcodes/e547a29f0e892f6b595738ce492cf5a349.ts' for writing
[hls @ 0x5cebae5380c0] Opening '/config/cache/transcodes/e547a29f0e892f6b595738ce492cf5a350.ts' for writing
frame= 3671 fps=204 q=28.0 size=N/A time=00:02:29.19 bitrate=N/A dup=1 drop=0 speed=8.28x    
[hls @ 0x5cebae5380c0] Opening '/config/cache/transcodes/e547a29f0e892f6b595738ce492cf5a351.ts' for writing
frame= 3804 fps=205 q=28.0 size=N/A time=00:02:34.73 bitrate=N/A dup=1 drop=0 speed=8.36x    
[hls @ 0x5cebae5380c0] Opening '/config/cache/transcodes/e547a29f0e892f6b595738ce492cf5a352.ts' for writing
[hls @ 0x5cebae5380c0] Opening '/config/cache/transcodes/e547a29f0e892f6b595738ce492cf5a353.ts' for writing
frame= 3920 fps=206 q=28.0 size=N/A time=00:02:39.57 bitrate=N/A dup=1 drop=0 speed=8.39x    
[hls @ 0x5cebae5380c0] Opening '/config/cache/transcodes/e547a29f0e892f6b595738ce492cf5a354.ts' for writing
[hls @ 0x5cebae5380c0] Opening '/config/cache/transcodes/e547a29f0e892f6b595738ce492cf5a355.ts' for writing
frame= 4034 fps=207 q=28.0 size=N/A time=00:02:44.33 bitrate=N/A dup=1 drop=0 speed=8.42x    
[hls @ 0x5cebae5380c0] Opening '/config/cache/transcodes/e547a29f0e892f6b595738ce492cf5a356.ts' for writing
frame= 4164 fps=208 q=28.0 size=N/A time=00:02:49.75 bitrate=N/A dup=1 drop=0 speed=8.48x    
[hls @ 0x5cebae5380c0] Opening '/config/cache/transcodes/e547a29f0e892f6b595738ce492cf5a357.ts' for writing
[hls @ 0x5cebae5380c0] Opening '/config/cache/transcodes/e547a29f0e892f6b595738ce492cf5a358.ts' for writing
frame= 4282 fps=209 q=28.0 size=N/A time=00:02:54.67 bitrate=N/A dup=1 drop=0 speed=8.51x    
[hls @ 0x5cebae5380c0] Opening '/config/cache/transcodes/e547a29f0e892f6b595738ce492cf5a359.ts' for writing
[hls @ 0x5cebae5380c0] Opening '/config/cache/transcodes/e547a29f0e892f6b595738ce492cf5a360.ts' for writing
frame= 4397 fps=209 q=28.0 size=N/A time=00:02:59.47 bitrate=N/A dup=1 drop=0 speed=8.54x    
[hls @ 0x5cebae5380c0] Opening '/config/cache/transcodes/e547a29f0e892f6b595738ce492cf5a361.ts' for writing
frame= 4512 fps=210 q=28.0 size=N/A time=00:03:04.30 bitrate=N/A dup=1 drop=0 speed=8.57x    
[hls @ 0x5cebae5380c0] Opening '/config/cache/transcodes/e547a29f0e892f6b595738ce492cf5a362.ts' for writing
[hls @ 0x5cebae5380c0] Opening '/config/cache/transcodes/e547a29f0e892f6b595738ce492cf5a363.ts' for writing
frame= 4621 fps=210 q=28.0 size=N/A time=00:03:08.81 bitrate=N/A dup=1 drop=0 speed=8.58x    
[hls @ 0x5cebae5380c0] Opening '/config/cache/transcodes/e547a29f0e892f6b595738ce492cf5a364.ts' for writing
frame= 4746 fps=211 q=28.0 size=N/A time=00:03:14.02 bitrate=N/A dup=1 drop=0 speed=8.62x    
[hls @ 0x5cebae5380c0] Opening '/config/cache/transcodes/e547a29f0e892f6b595738ce492cf5a365.ts' for writing
[hls @ 0x5cebae5380c0] Opening '/config/cache/transcodes/e547a29f0e892f6b595738ce492cf5a366.ts' for writing
frame= 4874 fps=212 q=28.0 size=N/A time=00:03:19.36 bitrate=N/A dup=1 drop=0 speed=8.66x    
[hls @ 0x5cebae5380c0] Opening '/config/cache/transcodes/e547a29f0e892f6b595738ce492cf5a367.ts' for writing
[hls @ 0x5cebae5380c0] Opening '/config/cache/transcodes/e547a29f0e892f6b595738ce492cf5a368.ts' for writing
frame= 5024 fps=214 q=28.0 size=N/A time=00:03:25.62 bitrate=N/A dup=1 drop=0 speed=8.74x    
[hls @ 0x5cebae5380c0] Opening '/config/cache/transcodes/e547a29f0e892f6b595738ce492cf5a369.ts' for writing
[hls @ 0x5cebae5380c0] Opening '/config/cache/transcodes/e547a29f0e892f6b595738ce492cf5a370.ts' for writing
frame= 5177 fps=216 q=28.0 size=N/A time=00:03:32.00 bitrate=N/A dup=1 drop=0 speed=8.83x    
[hls @ 0x5cebae5380c0] Opening '/config/cache/transcodes/e547a29f0e892f6b595738ce492cf5a371.ts' for writing
[hls @ 0x5cebae5380c0] Opening '/config/cache/transcodes/e547a29f0e892f6b595738ce492cf5a372.ts' for writing
frame= 5252 fps=214 q=28.0 size=N/A time=00:03:35.13 bitrate=N/A dup=1 drop=0 speed=8.77x    
[hls @ 0x5cebae5380c0] Opening '/config/cache/transcodes/e547a29f0e892f6b595738ce492cf5a373.ts' for writing
frame= 5377 fps=215 q=28.0 size=N/A time=00:03:40.34 bitrate=N/A dup=1 drop=0 speed=8.81x    
[hls @ 0x5cebae5380c0] Opening '/config/cache/transcodes/e547a29f0e892f6b595738ce492cf5a374.ts' for writing
[hls @ 0x5cebae5380c0] Opening '/config/cache/transcodes/e547a29f0e892f6b595738ce492cf5a375.ts' for writing
frame= 5477 fps=215 q=28.0 size=N/A time=00:03:44.51 bitrate=N/A dup=1 drop=0 speed= 8.8x    
[hls @ 0x5cebae5380c0] Opening '/config/cache/transcodes/e547a29f0e892f6b595738ce492cf5a376.ts' for writing
frame= 5582 fps=215 q=28.0 size=N/A time=00:03:48.89 bitrate=N/A dup=1 drop=0 speed= 8.8x    
[hls @ 0x5cebae5380c0] Opening '/config/cache/transcodes/e547a29f0e892f6b595738ce492cf5a377.ts' for writing
[hls @ 0x5cebae5380c0] Opening '/config/cache/transcodes/e547a29f0e892f6b595738ce492cf5a378.ts' for writing
frame= 5704 fps=215 q=28.0 size=N/A time=00:03:53.98 bitrate=N/A dup=1 drop=0 speed=8.82x    
[hls @ 0x5cebae5380c0] Opening '/config/cache/transcodes/e547a29f0e892f6b595738ce492cf5a379.ts' for writing
frame= 5811 fps=215 q=28.0 size=N/A time=00:03:58.44 bitrate=N/A dup=1 drop=0 speed=8.82x    
[hls @ 0x5cebae5380c0] Opening '/config/cache/transcodes/e547a29f0e892f6b595738ce492cf5a380.ts' for writing
[hls @ 0x5cebae5380c0] Opening '/config/cache/transcodes/e547a29f0e892f6b595738ce492cf5a381.ts' for writing
frame= 5923 fps=215 q=28.0 size=N/A time=00:04:03.11 bitrate=N/A dup=1 drop=0 speed=8.83x    
[hls @ 0x5cebae5380c0] Opening '/config/cache/transcodes/e547a29f0e892f6b595738ce492cf5a382.ts' for writing
frame= 6031 fps=215 q=28.0 size=N/A time=00:04:07.62 bitrate=N/A dup=1 drop=0 speed=8.84x    
[hls @ 0x5cebae5380c0] Opening '/config/cache/transcodes/e547a29f0e892f6b595738ce492cf5a383.ts' for writing
[hls @ 0x5cebae5380c0] Opening '/config/cache/transcodes/e547a29f0e892f6b595738ce492cf5a384.ts' for writing
frame= 6131 fps=215 q=28.0 size=N/A time=00:04:11.79 bitrate=N/A dup=1 drop=0 speed=8.83x    
[hls @ 0x5cebae5380c0] Opening '/config/cache/transcodes/e547a29f0e892f6b595738ce492cf5a385.ts' for writing
frame= 6239 fps=215 q=28.0 size=N/A time=00:04:16.29 bitrate=N/A dup=1 drop=0 speed=8.83x    
[hls @ 0x5cebae5380c0] Opening '/config/cache/transcodes/e547a29f0e892f6b595738ce492cf5a386.ts' for writing
[hls @ 0x5cebae5380c0] Opening '/config/cache/transcodes/e547a29f0e892f6b595738ce492cf5a387.ts' for writing
frame= 6337 fps=215 q=28.0 size=N/A time=00:04:20.38 bitrate=N/A dup=1 drop=0 speed=8.82x    
[hls @ 0x5cebae5380c0] Opening '/config/cache/transcodes/e547a29f0e892f6b595738ce492cf5a388.ts' for writing
frame= 6420 fps=214 q=28.0 size=N/A time=00:04:23.84 bitrate=N/A dup=1 drop=0 speed=8.79x    
[hls @ 0x5cebae5380c0] Opening '/config/cache/transcodes/e547a29f0e892f6b595738ce492cf5a389.ts' for writing
frame= 6518 fps=214 q=28.0 size=N/A time=00:04:27.93 bitrate=N/A dup=1 drop=0 speed=8.78x    
[hls @ 0x5cebae5380c0] Opening '/config/cache/transcodes/e547a29f0e892f6b595738ce492cf5a390.ts' for writing
[hls @ 0x5cebae5380c0] Opening '/config/cache/transcodes/e547a29f0e892f6b595738ce492cf5a391.ts' for writing
frame= 6630 fps=214 q=28.0 size=N/A time=00:04:32.64 bitrate=N/A dup=1 drop=0 speed=8.79x    
[hls @ 0x5cebae5380c0] Opening '/config/cache/transcodes/e547a29f0e892f6b595738ce492cf5a392.ts' for writing
frame= 6754 fps=214 q=28.0 size=N/A time=00:04:37.77 bitrate=N/A dup=1 drop=0 speed=8.81x    
[hls @ 0x5cebae5380c0] Opening '/config/cache/transcodes/e547a29f0e892f6b595738ce492cf5a393.ts' for writing
[hls @ 0x5cebae5380c0] Opening '/config/cache/transcodes/e547a29f0e892f6b595738ce492cf5a394.ts' for writing
frame= 6883 fps=215 q=28.0 size=N/A time=00:04:43.15 bitrate=N/A dup=2 drop=0 speed=8.84x    
[hls @ 0x5cebae5380c0] Opening '/config/cache/transcodes/e547a29f0e892f6b595738ce492cf5a395.ts' for writing
[hls @ 0x5cebae5380c0] Opening '/config/cache/transcodes/e547a29f0e892f6b595738ce492cf5a396.ts' for writing
frame= 6999 fps=215 q=28.0 size=N/A time=00:04:47.99 bitrate=N/A dup=2 drop=0 speed=8.85x    
[hls @ 0x5cebae5380c0] Opening '/config/cache/transcodes/e547a29f0e892f6b595738ce492cf5a397.ts' for writing
frame= 7115 fps=215 q=28.0 size=N/A time=00:04:52.83 bitrate=N/A dup=2 drop=0 speed=8.87x    
[hls @ 0x5cebae5380c0] Opening '/config/cache/transcodes/e547a29f0e892f6b595738ce492cf5a398.ts' for writing
[hls @ 0x5cebae5380c0] Opening '/config/cache/transcodes/e547a29f0e892f6b595738ce492cf5a399.ts' for writing
frame= 7246 fps=216 q=28.0 size=N/A time=00:04:58.29 bitrate=N/A dup=2 drop=0 speed= 8.9x    
[hls @ 0x5cebae5380c0] Opening '/config/cache/transcodes/e547a29f0e892f6b595738ce492cf5a3100.ts' for writing
[hls @ 0x5cebae5380c0] Opening '/config/cache/transcodes/e547a29f0e892f6b595738ce492cf5a3101.ts' for writing
frame= 7376 fps=217 q=28.0 size=N/A time=00:05:03.76 bitrate=N/A dup=2 drop=0 speed=8.93x    
[hls @ 0x5cebae5380c0] Opening '/config/cache/transcodes/e547a29f0e892f6b595738ce492cf5a3102.ts' for writing
[hls @ 0x5cebae5380c0] Opening '/config/cache/transcodes/e547a29f0e892f6b595738ce492cf5a3103.ts' for writing
frame= 7507 fps=217 q=28.0 size=N/A time=00:05:09.18 bitrate=N/A dup=2 drop=0 speed=8.95x    
[hls @ 0x5cebae5380c0] Opening '/config/cache/transcodes/e547a29f0e892f6b595738ce492cf5a3104.ts' for writing
frame= 7615 fps=217 q=25.0 size=N/A time=00:05:13.68 bitrate=N/A dup=2 drop=0 speed=8.96x    
[hls @ 0x5cebae5380c0] Opening '/config/cache/transcodes/e547a29f0e892f6b595738ce492cf5a3105.ts' for writing
[hls @ 0x5cebae5380c0] Opening '/config/cache/transcodes/e547a29f0e892f6b595738ce492cf5a3106.ts' for writing
frame= 7713 fps=217 q=28.0 size=N/A time=00:05:17.77 bitrate=N/A dup=2 drop=0 speed=8.94x    
[hls @ 0x5cebae5380c0] Opening '/config/cache/transcodes/e547a29f0e892f6b595738ce492cf5a3107.ts' for writing
frame= 7802 fps=217 q=28.0 size=N/A time=00:05:21.48 bitrate=N/A dup=2 drop=0 speed=8.92x    
[hls @ 0x5cebae5380c0] Opening '/config/cache/transcodes/e547a29f0e892f6b595738ce492cf5a3108.ts' for writing
frame= 7893 fps=216 q=28.0 size=N/A time=00:05:25.28 bitrate=N/A dup=2 drop=0 speed= 8.9x    
[hls @ 0x5cebae5380c0] Opening '/config/cache/transcodes/e547a29f0e892f6b595738ce492cf5a3109.ts' for writing
[hls @ 0x5cebae5380c0] Opening '/config/cache/transcodes/e547a29f0e892f6b595738ce492cf5a3110.ts' for writing
frame= 7994 fps=216 q=28.0 size=N/A time=00:05:29.49 bitrate=N/A dup=2 drop=0 speed= 8.9x    
[hls @ 0x5cebae5380c0] Opening '/config/cache/transcodes/e547a29f0e892f6b595738ce492cf5a3111.ts' for writing
frame= 8093 fps=216 q=28.0 size=N/A time=00:05:33.62 bitrate=N/A dup=2 drop=0 speed=8.89x    
[hls @ 0x5cebae5380c0] Opening '/config/cache/transcodes/e547a29f0e892f6b595738ce492cf5a3112.ts' for writing
frame= 8194 fps=215 q=28.0 size=N/A time=00:05:37.83 bitrate=N/A dup=2 drop=0 speed=8.88x    
[hls @ 0x5cebae5380c0] Opening '/config/cache/transcodes/e547a29f0e892f6b595738ce492cf5a3113.ts' for writing
[hls @ 0x5cebae5380c0] Opening '/config/cache/transcodes/e547a29f0e892f6b595738ce492cf5a3114.ts' for writing
frame= 8306 fps=216 q=28.0 size=N/A time=00:05:42.50 bitrate=N/A dup=2 drop=0 speed=8.89x    
[hls @ 0x5cebae5380c0] Opening '/config/cache/transcodes/e547a29f0e892f6b595738ce492cf5a3115.ts' for writing
frame= 8410 fps=215 q=28.0 size=N/A time=00:05:46.84 bitrate=N/A dup=2 drop=0 speed=8.89x    
[hls @ 0x5cebae5380c0] Opening '/config/cache/transcodes/e547a29f0e892f6b595738ce492cf5a3116.ts' for writing
[hls @ 0x5cebae5380c0] Opening '/config/cache/transcodes/e547a29f0e892f6b595738ce492cf5a3117.ts' for writing
frame= 8516 fps=215 q=28.0 size=N/A time=00:05:51.26 bitrate=N/A dup=2 drop=0 speed=8.89x    
[hls @ 0x5cebae5380c0] Opening '/config/cache/transcodes/e547a29f0e892f6b595738ce492cf5a3118.ts' for writing
frame= 8604 fps=215 q=28.0 size=N/A time=00:05:54.93 bitrate=N/A dup=2 drop=0 speed=8.87x    
[hls @ 0x5cebae5380c0] Opening '/config/cache/transcodes/e547a29f0e892f6b595738ce492cf5a3119.ts' for writing
frame= 8700 fps=215 q=28.0 size=N/A time=00:05:58.94 bitrate=N/A dup=2 drop=0 speed=8.86x    
[hls @ 0x5cebae5380c0] Opening '/config/cache/transcodes/e547a29f0e892f6b595738ce492cf5a3120.ts' for writing
[hls @ 0x5cebae5380c0] Opening '/config/cache/transcodes/e547a29f0e892f6b595738ce492cf5a3121.ts' for writing
frame= 8804 fps=215 q=28.0 size=N/A time=00:06:03.27 bitrate=N/A dup=2 drop=0 speed=8.85x    
[hls @ 0x5cebae5380c0] Opening '/config/cache/transcodes/e547a29f0e892f6b595738ce492cf5a3122.ts' for writing
frame= 8909 fps=215 q=28.0 size=N/A time=00:06:07.65 bitrate=N/A dup=2 drop=0 speed=8.85x    
[hls @ 0x5cebae5380c0] Opening '/config/cache/transcodes/e547a29f0e892f6b595738ce492cf5a3123.ts' for writing
[hls @ 0x5cebae5380c0] Opening '/config/cache/transcodes/e547a29f0e892f6b595738ce492cf5a3124.ts' for writing
frame= 9020 fps=215 q=28.0 size=N/A time=00:06:12.28 bitrate=N/A dup=2 drop=0 speed=8.86x    
[hls @ 0x5cebae5380c0] Opening '/config/cache/transcodes/e547a29f0e892f6b595738ce492cf5a3125.ts' for writing
frame= 9127 fps=215 q=28.0 size=N/A time=00:06:16.75 bitrate=N/A dup=2 drop=0 speed=8.86x    
[hls @ 0x5cebae5380c0] Opening '/config/cache/transcodes/e547a29f0e892f6b595738ce492cf5a3126.ts' for writing
[hls @ 0x5cebae5380c0] Opening '/config/cache/transcodes/e547a29f0e892f6b595738ce492cf5a3127.ts' for writing
frame= 9228 fps=214 q=28.0 size=N/A time=00:06:20.96 bitrate=N/A dup=2 drop=0 speed=8.85x    
[hls @ 0x5cebae5380c0] Opening '/config/cache/transcodes/e547a29f0e892f6b595738ce492cf5a3128.ts' for writing
frame= 9340 fps=215 q=28.0 size=N/A time=00:06:25.63 bitrate=N/A dup=2 drop=0 speed=8.86x    
[hls @ 0x5cebae5380c0] Opening '/config/cache/transcodes/e547a29f0e892f6b595738ce492cf5a3129.ts' for writing
[hls @ 0x5cebae5380c0] Opening '/config/cache/transcodes/e547a29f0e892f6b595738ce492cf5a3130.ts' for writing
frame= 9466 fps=215 q=28.0 size=N/A time=00:06:30.89 bitrate=N/A dup=2 drop=0 speed=8.88x    
[hls @ 0x5cebae5380c0] Opening '/config/cache/transcodes/e547a29f0e892f6b595738ce492cf5a3131.ts' for writing
[hls @ 0x5cebae5380c0] Opening '/config/cache/transcodes/e547a29f0e892f6b595738ce492cf5a3132.ts' for writing
frame= 9620 fps=216 q=28.0 size=N/A time=00:06:37.31 bitrate=N/A dup=2 drop=0 speed=8.92x    
[hls @ 0x5cebae5380c0] Opening '/config/cache/transcodes/e547a29f0e892f6b595738ce492cf5a3133.ts' for writing
[hls @ 0x5cebae5380c0] Opening '/config/cache/transcodes/e547a29f0e892f6b595738ce492cf5a3134.ts' for writing
frame= 9745 fps=216 q=28.0 size=N/A time=00:06:42.52 bitrate=N/A dup=2 drop=0 speed=8.94x    
[hls @ 0x5cebae5380c0] Opening '/config/cache/transcodes/e547a29f0e892f6b595738ce492cf5a3135.ts' for writing
[hls @ 0x5cebae5380c0] Opening '/config/cache/transcodes/e547a29f0e892f6b595738ce492cf5a3136.ts' for writing
frame= 9870 fps=217 q=28.0 size=N/A time=00:06:47.74 bitrate=N/A dup=2 drop=0 speed=8.95x    
[hls @ 0x5cebae5380c0] Opening '/config/cache/transcodes/e547a29f0e892f6b595738ce492cf5a3137.ts' for writing
[hls @ 0x5cebae5380c0] Opening '/config/cache/transcodes/e547a29f0e892f6b595738ce492cf5a3138.ts' for writing
frame=10018 fps=218 q=28.0 size=N/A time=00:06:53.91 bitrate=N/A dup=2 drop=0 speed=8.99x    
[hls @ 0x5cebae5380c0] Opening '/config/cache/transcodes/e547a29f0e892f6b595738ce492cf5a3139.ts' for writing
[hls @ 0x5cebae5380c0] Opening '/config/cache/transcodes/e547a29f0e892f6b595738ce492cf5a3140.ts' for writing
frame=10158 fps=218 q=28.0 size=N/A time=00:06:59.75 bitrate=N/A dup=2 drop=0 speed=9.02x    
[hls @ 0x5cebae5380c0] Opening '/config/cache/transcodes/e547a29f0e892f6b595738ce492cf5a3141.ts' for writing
[hls @ 0x5cebae5380c0] Opening '/config/cache/transcodes/e547a29f0e892f6b595738ce492cf5a3142.ts' for writing
frame=10301 fps=219 q=28.0 size=N/A time=00:07:05.71 bitrate=N/A dup=2 drop=0 speed=9.05x    
[hls @ 0x5cebae5380c0] Opening '/config/cache/transcodes/e547a29f0e892f6b595738ce492cf5a3143.ts' for writing
[hls @ 0x5cebae5380c0] Opening '/config/cache/transcodes/e547a29f0e892f6b595738ce492cf5a3144.ts' for writing
frame=10432 fps=219 q=28.0 size=N/A time=00:07:11.18 bitrate=N/A dup=2 drop=0 speed=9.07x    
[hls @ 0x5cebae5380c0] Opening '/config/cache/transcodes/e547a29f0e892f6b595738ce492cf5a3145.ts' for writing
frame=10550 fps=220 q=28.0 size=N/A time=00:07:16.10 bitrate=N/A dup=2 drop=0 speed=9.08x    
[hls @ 0x5cebae5380c0] Opening '/config/cache/transcodes/e547a29f0e892f6b595738ce492cf5a3146.ts' for writing
[hls @ 0x5cebae5380c0] Opening '/config/cache/transcodes/e547a29f0e892f6b595738ce492cf5a3147.ts' for writing
frame=10684 fps=220 q=28.0 size=N/A time=00:07:21.69 bitrate=N/A dup=2 drop=0 speed= 9.1x    
[hls @ 0x5cebae5380c0] Opening '/config/cache/transcodes/e547a29f0e892f6b595738ce492cf5a3148.ts' for writing
[hls @ 0x5cebae5380c0] Opening '/config/cache/transcodes/e547a29f0e892f6b595738ce492cf5a3149.ts' for writing
frame=10829 fps=221 q=28.0 size=N/A time=00:07:27.73 bitrate=N/A dup=2 drop=0 speed=9.13x    
[hls @ 0x5cebae5380c0] Opening '/config/cache/transcodes/e547a29f0e892f6b595738ce492cf5a3150.ts' for writing
[hls @ 0x5cebae5380c0] Opening '/config/cache/transcodes/e547a29f0e892f6b595738ce492cf5a3151.ts' for writing
frame=10976 fps=222 q=28.0 size=N/A time=00:07:33.87 bitrate=N/A dup=2 drop=0 speed=9.16x    
[hls @ 0x5cebae5380c0] Opening '/config/cache/transcodes/e547a29f0e892f6b595738ce492cf5a3152.ts' for writing
[hls @ 0x5cebae5380c0] Opening '/config/cache/transcodes/e547a29f0e892f6b595738ce492cf5a3153.ts' for writing
frame=11121 fps=222 q=28.0 size=N/A time=00:07:39.91 bitrate=N/A dup=2 drop=0 speed=9.19x    
[hls @ 0x5cebae5380c0] Opening '/config/cache/transcodes/e547a29f0e892f6b595738ce492cf5a3154.ts' for writing
[hls @ 0x5cebae5380c0] Opening '/config/cache/transcodes/e547a29f0e892f6b595738ce492cf5a3155.ts' for writing
frame=11265 fps=223 q=28.0 size=N/A time=00:07:45.92 bitrate=N/A dup=2 drop=0 speed=9.22x    
[hls @ 0x5cebae5380c0] Opening '/config/cache/transcodes/e547a29f0e892f6b595738ce492cf5a3156.ts' for writing
[hls @ 0x5cebae5380c0] Opening '/config/cache/transcodes/e547a29f0e892f6b595738ce492cf5a3157.ts' for writing
frame=11405 fps=223 q=28.0 size=N/A time=00:07:51.76 bitrate=N/A dup=2 drop=0 speed=9.24x    
[hls @ 0x5cebae5380c0] Opening '/config/cache/transcodes/e547a29f0e892f6b595738ce492cf5a3158.ts' for writing
[hls @ 0x5cebae5380c0] Opening '/config/cache/transcodes/e547a29f0e892f6b595738ce492cf5a3159.ts' for writing
frame=11547 fps=224 q=28.0 size=N/A time=00:07:57.68 bitrate=N/A dup=2 drop=0 speed=9.27x    
[hls @ 0x5cebae5380c0] Opening '/config/cache/transcodes/e547a29f0e892f6b595738ce492cf5a3160.ts' for writing
[hls @ 0x5cebae5380c0] Opening '/config/cache/transcodes/e547a29f0e892f6b595738ce492cf5a3161.ts' for writing
frame=11687 fps=225 q=28.0 size=N/A time=00:08:03.52 bitrate=N/A dup=2 drop=0 speed=9.29x    
[hls @ 0x5cebae5380c0] Opening '/config/cache/transcodes/e547a29f0e892f6b595738ce492cf5a3162.ts' for writing
[hls @ 0x5cebae5380c0] Opening '/config/cache/transcodes/e547a29f0e892f6b595738ce492cf5a3163.ts' for writing
frame=11812 fps=225 q=28.0 size=N/A time=00:08:08.73 bitrate=N/A dup=2 drop=0 speed= 9.3x    
[hls @ 0x5cebae5380c0] Opening '/config/cache/transcodes/e547a29f0e892f6b595738ce492cf5a3164.ts' for writing
[hls @ 0x5cebae5380c0] Opening '/config/cache/transcodes/e547a29f0e892f6b595738ce492cf5a3165.ts' for writing
frame=11953 fps=225 q=28.0 size=N/A time=00:08:14.61 bitrate=N/A dup=2 drop=0 speed=9.33x    
[hls @ 0x5cebae5380c0] Opening '/config/cache/transcodes/e547a29f0e892f6b595738ce492cf5a3166.ts' for writing
[hls @ 0x5cebae5380c0] Opening '/config/cache/transcodes/e547a29f0e892f6b595738ce492cf5a3167.ts' for writing
frame=12089 fps=226 q=28.0 size=N/A time=00:08:20.29 bitrate=N/A dup=2 drop=0 speed=9.34x    
[hls @ 0x5cebae5380c0] Opening '/config/cache/transcodes/e547a29f0e892f6b595738ce492cf5a3168.ts' for writing
frame=12222 fps=226 q=28.0 size=N/A time=00:08:25.83 bitrate=N/A dup=2 drop=0 speed=9.36x    
[hls @ 0x5cebae5380c0] Opening '/config/cache/transcodes/e547a29f0e892f6b595738ce492cf5a3169.ts' for writing
[hls @ 0x5cebae5380c0] Opening '/config/cache/transcodes/e547a29f0e892f6b595738ce492cf5a3170.ts' for writing
frame=12367 fps=227 q=28.0 size=N/A time=00:08:31.88 bitrate=N/A dup=2 drop=0 speed=9.39x    
[hls @ 0x5cebae5380c0] Opening '/config/cache/transcodes/e547a29f0e892f6b595738ce492cf5a3171.ts' for writing
[hls @ 0x5cebae5380c0] Opening '/config/cache/transcodes/e547a29f0e892f6b595738ce492cf5a3172.ts' for writing
frame=12514 fps=227 q=28.0 size=N/A time=00:08:38.01 bitrate=N/A dup=2 drop=0 speed=9.41x    
[hls @ 0x5cebae5380c0] Opening '/config/cache/transcodes/e547a29f0e892f6b595738ce492cf5a3173.ts' for writing
[hls @ 0x5cebae5380c0] Opening '/config/cache/transcodes/e547a29f0e892f6b595738ce492cf5a3174.ts' for writing
frame=12658 fps=228 q=28.0 size=N/A time=00:08:44.02 bitrate=N/A dup=2 drop=0 speed=9.43x    
[hls @ 0x5cebae5380c0] Opening '/config/cache/transcodes/e547a29f0e892f6b595738ce492cf5a3175.ts' for writing
[hls @ 0x5cebae5380c0] Opening '/config/cache/transcodes/e547a29f0e892f6b595738ce492cf5a3176.ts' for writing
frame=12786 fps=228 q=28.0 size=N/A time=00:08:49.36 bitrate=N/A dup=2 drop=0 speed=9.45x    
[hls @ 0x5cebae5380c0] Opening '/config/cache/transcodes/e547a29f0e892f6b595738ce492cf5a3177.ts' for writing
[hls @ 0x5cebae5380c0] Opening '/config/cache/transcodes/e547a29f0e892f6b595738ce492cf5a3178.ts' for writing
frame=12902 fps=228 q=28.0 size=N/A time=00:08:54.20 bitrate=N/A dup=2 drop=0 speed=9.45x    
[hls @ 0x5cebae5380c0] Opening '/config/cache/transcodes/e547a29f0e892f6b595738ce492cf5a3179.ts' for writing
frame=13006 fps=228 q=28.0 size=N/A time=00:08:58.53 bitrate=N/A dup=2 drop=0 speed=9.44x    
[hls @ 0x5cebae5380c0] Opening '/config/cache/transcodes/e547a29f0e892f6b595738ce492cf5a3180.ts' for writing
[hls @ 0x5cebae5380c0] Opening '/config/cache/transcodes/e547a29f0e892f6b595738ce492cf5a3181.ts' for writing
frame=13116 fps=228 q=28.0 size=N/A time=00:09:03.12 bitrate=N/A dup=2 drop=0 speed=9.44x    
[hls @ 0x5cebae5380c0] Opening '/config/cache/transcodes/e547a29f0e892f6b595738ce492cf5a3182.ts' for writing
[hls @ 0x5cebae5380c0] Opening '/config/cache/transcodes/e547a29f0e892f6b595738ce492cf5a3183.ts' for writing
frame=13253 fps=228 q=28.0 size=N/A time=00:09:08.83 bitrate=N/A dup=2 drop=0 speed=9.46x    
[hls @ 0x5cebae5380c0] Opening '/config/cache/transcodes/e547a29f0e892f6b595738ce492cf5a3184.ts' for writing
[hls @ 0x5cebae5380c0] Opening '/config/cache/transcodes/e547a29f0e892f6b595738ce492cf5a3185.ts' for writing
frame=13395 fps=229 q=28.0 size=N/A time=00:09:14.76 bitrate=N/A dup=2 drop=0 speed=9.48x    
[hls @ 0x5cebae5380c0] Opening '/config/cache/transcodes/e547a29f0e892f6b595738ce492cf5a3186.ts' for writing
frame=13517 fps=229 q=28.0 size=N/A time=00:09:19.85 bitrate=N/A dup=2 drop=0 speed=9.48x    
[hls @ 0x5cebae5380c0] Opening '/config/cache/transcodes/e547a29f0e892f6b595738ce492cf5a3187.ts' for writing
[hls @ 0x5cebae5380c0] Opening '/config/cache/transcodes/e547a29f0e892f6b595738ce492cf5a3188.ts' for writing
frame=13650 fps=229 q=28.0 size=N/A time=00:09:25.39 bitrate=N/A dup=2 drop=0 speed= 9.5x    
[hls @ 0x5cebae5380c0] Opening '/config/cache/transcodes/e547a29f0e892f6b595738ce492cf5a3189.ts' for writing
[hls @ 0x5cebae5380c0] Opening '/config/cache/transcodes/e547a29f0e892f6b595738ce492cf5a3190.ts' for writing


[q] command received. Exiting.

[hls @ 0x5cebae5380c0] Opening '/config/cache/transcodes/e547a29f0e892f6b595738ce492cf5a3191.ts' for writing
[hls @ 0x5cebae5380c0] Opening '/config/cache/transcodes/e547a29f0e892f6b595738ce492cf5a3192.ts' for writing
[out#0/hls @ 0x5cebae517840] video:117200KiB audio:45048KiB subtitle:0KiB other streams:0KiB global headers:0KiB muxing overhead: unknown
frame=13827 fps=230 q=-1.0 Lsize=N/A time=00:09:32.77 bitrate=N/A dup=2 drop=0 speed=9.51x    
[libx264 @ 0x5cebae515ec0] frame I:193   Avg QP:14.55  size: 51694
[libx264 @ 0x5cebae515ec0] frame P:4208  Avg QP:17.86  size: 15669
[libx264 @ 0x5cebae515ec0] frame B:9426  Avg QP:19.52  size:  4678
[libx264 @ 0x5cebae515ec0] consecutive B-frames:  3.6% 14.8%  4.7% 76.8%
[libx264 @ 0x5cebae515ec0] mb I  I16..4: 36.5% 47.9% 15.6%
[libx264 @ 0x5cebae515ec0] mb P  I16..4: 16.9% 19.3%  0.7%  P16..4: 18.8%  4.7%  1.5%  0.0%  0.0%    skip:38.2%
[libx264 @ 0x5cebae515ec0] mb B  I16..4:  2.7%  2.3%  0.0%  B16..8: 11.0%  2.0%  0.1%  direct: 9.9%  skip:71.9%  L0:45.2% L1:51.1% BI: 3.7%
[libx264 @ 0x5cebae515ec0] 8x8 transform intra:50.5% inter:41.2%
[libx264 @ 0x5cebae515ec0] coded y,uvDC,uvAC intra: 21.3% 38.3% 2.6% inter: 1.4% 15.7% 0.0%
[libx264 @ 0x5cebae515ec0] i16 v,h,dc,p: 57% 21% 12% 10%
[libx264 @ 0x5cebae515ec0] i8 v,h,dc,ddl,ddr,vr,hd,vl,hu: 20% 17% 26%  8%  6%  6%  6%  6%  5%
[libx264 @ 0x5cebae515ec0] i4 v,h,dc,ddl,ddr,vr,hd,vl,hu: 33% 19% 17%  7%  5%  6%  4%  5%  5%
[libx264 @ 0x5cebae515ec0] i8c dc,h,v,p: 50% 21% 23%  6%
[libx264 @ 0x5cebae515ec0] Weighted P-Frames: Y:11.8% UV:6.7%
[libx264 @ 0x5cebae515ec0] kb/s:1664.81