{"Protocol":0,"Id":"c5b05048fd6b0ea99b7f6ed979ea40e4","Path":"/data/serie/Invasion.S01e09.720p.WEB-DL. DUAL/Invasion.S01e09.720p.WEB-DL. DUAL.mkv","EncoderPath":null,"EncoderProtocol":null,"Type":0,"Container":"mkv","Size":1161760295,"Name":"Invasion.S01e09.720p.WEB-DL. DUAL","IsRemote":false,"ETag":"90a7234f5df5d90d907425cead73518e","RunTimeTicks":34802560000,"ReadAtNativeFramerate":false,"IgnoreDts":false,"IgnoreIndex":false,"GenPtsInput":false,"SupportsTranscoding":true,"SupportsDirectStream":true,"SupportsDirectPlay":true,"IsInfiniteStream":false,"UseMostCompatibleTranscodingProfile":false,"RequiresOpening":false,"OpenToken":null,"RequiresClosing":false,"LiveStreamId":null,"BufferMs":null,"RequiresLooping":false,"SupportsProbing":true,"VideoType":0,"IsoType":null,"Video3DFormat":null,"MediaStreams":[{"Codec":"h264","CodecTag":null,"Language":null,"ColorRange":null,"ColorSpace":"bt709","ColorTransfer":"bt709","ColorPrimaries":"bt709","DvVersionMajor":null,"DvVersionMinor":null,"DvProfile":null,"DvLevel":null,"RpuPresentFlag":null,"ElPresentFlag":null,"BlPresentFlag":null,"DvBlSignalCompatibilityId":null,"Rotation":null,"Comment":null,"TimeBase":"1/1000","CodecTimeBase":null,"Title":null,"VideoRange":1,"VideoRangeType":1,"VideoDoViTitle":null,"AudioSpatialFormat":0,"LocalizedUndefined":null,"LocalizedDefault":null,"LocalizedForced":null,"LocalizedExternal":null,"LocalizedHearingImpaired":null,"DisplayTitle":"720p H264 SDR","NalLengthSize":"4","IsInterlaced":false,"IsAVC":true,"ChannelLayout":null,"BitRate":2670516,"BitDepth":8,"RefFrames":1,"PacketLength":null,"Channels":null,"SampleRate":null,"IsDefault":true,"IsForced":false,"IsHearingImpaired":false,"Height":640,"Width":1280,"AverageFrameRate":23.976025,"RealFrameRate":23.976025,"ReferenceFrameRate":23.976025,"Profile":"High","Type":1,"AspectRatio":"2:1","Index":0,"Score":null,"IsExternal":false,"DeliveryMethod":null,"DeliveryUrl":null,"IsExternalUrl":null,"IsTextSubtitleStream":false,"SupportsExternalStream":false,"Path":null,"PixelFormat":"yuv420p","Level":41,"IsAnamorphic":false},{"Codec":"ac3","CodecTag":null,"Language":"por","ColorRange":null,"ColorSpace":null,"ColorTransfer":null,"ColorPrimaries":null,"DvVersionMajor":null,"DvVersionMinor":null,"DvProfile":null,"DvLevel":null,"RpuPresentFlag":null,"ElPresentFlag":null,"BlPresentFlag":null,"DvBlSignalCompatibilityId":null,"Rotation":null,"Comment":null,"TimeBase":"1/1000","CodecTimeBase":null,"Title":"Brazilian","VideoRange":0,"VideoRangeType":0,"VideoDoViTitle":null,"AudioSpatialFormat":0,"LocalizedUndefined":null,"LocalizedDefault":"Padr\u00E3o","LocalizedForced":null,"LocalizedExternal":"Externo","LocalizedHearingImpaired":null,"DisplayTitle":"Brazilian - Portuguese - Dolby Digital - 5.1 - Padr\u00E3o","NalLengthSize":null,"IsInterlaced":false,"IsAVC":false,"ChannelLayout":"5.1","BitRate":384000,"BitDepth":null,"RefFrames":null,"PacketLength":null,"Channels":6,"SampleRate":48000,"IsDefault":true,"IsForced":false,"IsHearingImpaired":false,"Height":null,"Width":null,"AverageFrameRate":null,"RealFrameRate":null,"ReferenceFrameRate":null,"Profile":null,"Type":0,"AspectRatio":null,"Index":1,"Score":null,"IsExternal":false,"DeliveryMethod":null,"DeliveryUrl":null,"IsExternalUrl":null,"IsTextSubtitleStream":false,"SupportsExternalStream":false,"Path":null,"PixelFormat":null,"Level":0,"IsAnamorphic":null},{"Codec":"ac3","CodecTag":null,"Language":"eng","ColorRange":null,"ColorSpace":null,"ColorTransfer":null,"ColorPrimaries":null,"DvVersionMajor":null,"DvVersionMinor":null,"DvProfile":null,"DvLevel":null,"RpuPresentFlag":null,"ElPresentFlag":null,"BlPresentFlag":null,"DvBlSignalCompatibilityId":null,"Rotation":null,"Comment":null,"TimeBase":"1/1000","CodecTimeBase":null,"Title":"English","VideoRange":0,"VideoRangeType":0,"VideoDoViTitle":null,"AudioSpatialFormat":0,"LocalizedUndefined":null,"LocalizedDefault":"Padr\u00E3o","LocalizedForced":null,"LocalizedExternal":"Externo","LocalizedHearingImpaired":null,"DisplayTitle":"English - Dolby Digital - 5.1","NalLengthSize":null,"IsInterlaced":false,"IsAVC":false,"ChannelLayout":"5.1","BitRate":384000,"BitDepth":null,"RefFrames":null,"PacketLength":null,"Channels":6,"SampleRate":48000,"IsDefault":false,"IsForced":false,"IsHearingImpaired":false,"Height":null,"Width":null,"AverageFrameRate":null,"RealFrameRate":null,"ReferenceFrameRate":null,"Profile":null,"Type":0,"AspectRatio":null,"Index":2,"Score":null,"IsExternal":false,"DeliveryMethod":null,"DeliveryUrl":null,"IsExternalUrl":null,"IsTextSubtitleStream":false,"SupportsExternalStream":false,"Path":null,"PixelFormat":null,"Level":0,"IsAnamorphic":null},{"Codec":"ass","CodecTag":null,"Language":"por","ColorRange":null,"ColorSpace":null,"ColorTransfer":null,"ColorPrimaries":null,"DvVersionMajor":null,"DvVersionMinor":null,"DvProfile":null,"DvLevel":null,"RpuPresentFlag":null,"ElPresentFlag":null,"BlPresentFlag":null,"DvBlSignalCompatibilityId":null,"Rotation":null,"Comment":null,"TimeBase":"1/1000","CodecTimeBase":null,"Title":"Brazilian (Forced)","VideoRange":0,"VideoRangeType":0,"VideoDoViTitle":null,"AudioSpatialFormat":0,"LocalizedUndefined":"Indefinido","LocalizedDefault":"Padr\u00E3o","LocalizedForced":"For\u00E7ado","LocalizedExternal":"Externo","LocalizedHearingImpaired":"Defici\u00EAncia Auditiva","DisplayTitle":"Brazilian (Forced) - Portuguese - ASS","NalLengthSize":null,"IsInterlaced":false,"IsAVC":false,"ChannelLayout":null,"BitRate":null,"BitDepth":null,"RefFrames":null,"PacketLength":null,"Channels":null,"SampleRate":null,"IsDefault":false,"IsForced":false,"IsHearingImpaired":false,"Height":0,"Width":0,"AverageFrameRate":null,"RealFrameRate":null,"ReferenceFrameRate":null,"Profile":null,"Type":2,"AspectRatio":null,"Index":3,"Score":null,"IsExternal":false,"DeliveryMethod":null,"DeliveryUrl":null,"IsExternalUrl":null,"IsTextSubtitleStream":true,"SupportsExternalStream":true,"Path":null,"PixelFormat":null,"Level":0,"IsAnamorphic":null}],"MediaAttachments":[],"Formats":[],"Bitrate":3438516,"FallbackMaxStreamingBitrate":null,"Timestamp":null,"RequiredHttpHeaders":{},"TranscodingUrl":null,"TranscodingSubProtocol":0,"TranscodingContainer":null,"AnalyzeDurationMs":null,"DefaultAudioStreamIndex":null,"DefaultSubtitleStreamIndex":null,"HasSegments":true}

/usr/lib/jellyfin-ffmpeg/ffmpeg -analyzeduration 200M -probesize 1G -fflags +genpts  -i file:"/data/serie/Invasion.S01e09.720p.WEB-DL. DUAL/Invasion.S01e09.720p.WEB-DL. DUAL.mkv" -map_metadata -1 -map_chapters -1 -threads 0 -map 0:0 -map 0:1 -map -0:s -codec:v:0 copy -bsf:v h264_mp4toannexb -start_at_zero -codec:a:0 libfdk_aac -ac 2 -ab 256000 -af "volume=2" -copyts -avoid_negative_ts disabled -max_muxing_queue_size 2048 -f hls -max_delay 5000000 -hls_time 6 -hls_segment_type fmp4 -hls_fmp4_init_filename "b125555ab317b38a7a544484ed0e1831-1.mp4" -start_number 0 -hls_segment_filename "/config/cache/transcodes/b125555ab317b38a7a544484ed0e1831%d.mp4" -hls_playlist_type vod -hls_list_size 0 -y "/config/cache/transcodes/b125555ab317b38a7a544484ed0e1831.m3u8"


ffmpeg version 7.1.1-Jellyfin Copyright (c) 2000-2025 the FFmpeg developers
  built with gcc 13 (Ubuntu 13.3.0-6ubuntu2~24.04)
  configuration: --prefix=/usr/lib/jellyfin-ffmpeg --target-os=linux --extra-version=Jellyfin --disable-doc --disable-ffplay --disable-static --disable-libxcb --disable-sdl2 --disable-xlib --enable-lto=auto --enable-gpl --enable-version3 --enable-shared --enable-gmp --enable-gnutls --enable-chromaprint --enable-opencl --enable-libdrm --enable-libxml2 --enable-libass --enable-libfreetype --enable-libfribidi --enable-libfontconfig --enable-libharfbuzz --enable-libbluray --enable-libmp3lame --enable-libopus --enable-libtheora --enable-libvorbis --enable-libopenmpt --enable-libdav1d --enable-libsvtav1 --enable-libwebp --enable-libvpx --enable-libx264 --enable-libx265 --enable-libzvbi --enable-libzimg --enable-libfdk-aac --arch=amd64 --enable-libshaderc --enable-libplacebo --enable-vulkan --enable-vaapi --enable-amf --enable-libvpl --enable-ffnvcodec --enable-cuda --enable-cuda-llvm --enable-cuvid --enable-nvdec --enable-nvenc
  libavutil      59. 39.100 / 59. 39.100
  libavcodec     61. 19.101 / 61. 19.101
  libavformat    61.  7.100 / 61.  7.100
  libavdevice    61.  3.100 / 61.  3.100
  libavfilter    10.  4.100 / 10.  4.100
  libswscale      8.  3.100 /  8.  3.100
  libswresample   5.  3.100 /  5.  3.100
  libpostproc    58.  3.100 / 58.  3.100
Input #0, matroska,webm, from 'file:/data/serie/Invasion.S01e09.720p.WEB-DL. DUAL/Invasion.S01e09.720p.WEB-DL. DUAL.mkv':
  Metadata:
    title           : Invasion.S01E09.Full.of.Stars.1080p.ATVP.WEB-DL.DDP5.1.Atmos.H.264-SiGLA
    creation_time   : 2021-12-03T05:44:41.000000Z
    ENCODER         : Lavf58.29.100
  Duration: 00:58:00.26, start: 0.000000, bitrate: 2670 kb/s
  Stream #0:0: Video: h264 (High), yuv420p(tv, bt709, progressive), 1280x640 [SAR 1:1 DAR 2:1], 23.98 fps, 23.98 tbr, 1k tbn (default)
      Metadata:
        DURATION        : 00:58:00.232000000
  Stream #0:1(por): Audio: ac3, 48000 Hz, 5.1(side), fltp, 384 kb/s (default)
      Metadata:
        title           : Brazilian
        DURATION        : 00:58:00.256000000
  Stream #0:2(eng): Audio: ac3, 48000 Hz, 5.1(side), fltp, 384 kb/s
      Metadata:
        title           : English
        DURATION        : 00:58:00.256000000
  Stream #0:3(por): Subtitle: ass (ssa)
      Metadata:
        title           : Brazilian (Forced)
        DURATION        : 00:49:45.616000000
Stream mapping:
  Stream #0:0 -> #0:0 (copy)
  Stream #0:1 -> #0:1 (ac3 (native) -> aac (libfdk_aac))
Press [q] to stop, [?] for help
[hls @ 0x638e2031a480] Opening '/config/cache/transcodes/b125555ab317b38a7a544484ed0e1831-1.mp4' for writing
Output #0, hls, to '/config/cache/transcodes/b125555ab317b38a7a544484ed0e1831.m3u8':
  Metadata:
    encoder         : Lavf61.7.100
  Stream #0:0: Video: h264 (High), yuv420p(tv, bt709, progressive), 1280x640 [SAR 1:1 DAR 2:1], q=2-31, 23.98 fps, 23.98 tbr, 16k tbn (default)
  Stream #0:1: Audio: aac, 48000 Hz, stereo, s16, 256 kb/s (default)
      Metadata:
        encoder         : Lavc61.19.101 libfdk_aac
      Side data:
        cpb: bitrate max/min/avg: 256000/256000/256000 buffer size: 0 vbv_delay: N/A
[hls @ 0x638e2031a480] Opening '/config/cache/transcodes/b125555ab317b38a7a544484ed0e18310.mp4' for writing
[hls @ 0x638e2031a480] Opening '/config/cache/transcodes/b125555ab317b38a7a544484ed0e18311.mp4' for writing
[hls @ 0x638e2031a480] Opening '/config/cache/transcodes/b125555ab317b38a7a544484ed0e18312.mp4' for writing
[hls @ 0x638e2031a480] Opening '/config/cache/transcodes/b125555ab317b38a7a544484ed0e18313.mp4' for writing
[hls @ 0x638e2031a480] Opening '/config/cache/transcodes/b125555ab317b38a7a544484ed0e18314.mp4' for writing
[hls @ 0x638e2031a480] Opening '/config/cache/transcodes/b125555ab317b38a7a544484ed0e18315.mp4' for writing
frame=  981 fps=0.0 q=-1.0 size=N/A time=00:00:00.00 bitrate=N/A speed=   0x    
[hls @ 0x638e2031a480] Opening '/config/cache/transcodes/b125555ab317b38a7a544484ed0e18316.mp4' for writing
[hls @ 0x638e2031a480] Opening '/config/cache/transcodes/b125555ab317b38a7a544484ed0e18317.mp4' for writing
[hls @ 0x638e2031a480] Opening '/config/cache/transcodes/b125555ab317b38a7a544484ed0e18318.mp4' for writing
[hls @ 0x638e2031a480] Opening '/config/cache/transcodes/b125555ab317b38a7a544484ed0e18319.mp4' for writing
[hls @ 0x638e2031a480] Opening '/config/cache/transcodes/b125555ab317b38a7a544484ed0e183110.mp4' for writing
[hls @ 0x638e2031a480] Opening '/config/cache/transcodes/b125555ab317b38a7a544484ed0e183111.mp4' for writing
frame= 2009 fps=2009 q=-1.0 size=N/A time=00:00:42.92 bitrate=N/A speed=42.9x    
[hls @ 0x638e2031a480] Opening '/config/cache/transcodes/b125555ab317b38a7a544484ed0e183112.mp4' for writing
[hls @ 0x638e2031a480] Opening '/config/cache/transcodes/b125555ab317b38a7a544484ed0e183113.mp4' for writing
[hls @ 0x638e2031a480] Opening '/config/cache/transcodes/b125555ab317b38a7a544484ed0e183114.mp4' for writing
[hls @ 0x638e2031a480] Opening '/config/cache/transcodes/b125555ab317b38a7a544484ed0e183115.mp4' for writing
[hls @ 0x638e2031a480] Opening '/config/cache/transcodes/b125555ab317b38a7a544484ed0e183116.mp4' for writing
[hls @ 0x638e2031a480] Opening '/config/cache/transcodes/b125555ab317b38a7a544484ed0e183117.mp4' for writing
[hls @ 0x638e2031a480] Opening '/config/cache/transcodes/b125555ab317b38a7a544484ed0e183118.mp4' for writing
frame= 2960 fps=1973 q=-1.0 size=N/A time=00:01:22.53 bitrate=N/A speed=  55x    
[hls @ 0x638e2031a480] Opening '/config/cache/transcodes/b125555ab317b38a7a544484ed0e183119.mp4' for writing
[hls @ 0x638e2031a480] Opening '/config/cache/transcodes/b125555ab317b38a7a544484ed0e183120.mp4' for writing
[hls @ 0x638e2031a480] Opening '/config/cache/transcodes/b125555ab317b38a7a544484ed0e183121.mp4' for writing
[hls @ 0x638e2031a480] Opening '/config/cache/transcodes/b125555ab317b38a7a544484ed0e183122.mp4' for writing
[hls @ 0x638e2031a480] Opening '/config/cache/transcodes/b125555ab317b38a7a544484ed0e183123.mp4' for writing
[hls @ 0x638e2031a480] Opening '/config/cache/transcodes/b125555ab317b38a7a544484ed0e183124.mp4' for writing
frame= 3950 fps=1975 q=-1.0 size=N/A time=00:02:03.81 bitrate=N/A speed=61.9x    
[hls @ 0x638e2031a480] Opening '/config/cache/transcodes/b125555ab317b38a7a544484ed0e183125.mp4' for writing
[hls @ 0x638e2031a480] Opening '/config/cache/transcodes/b125555ab317b38a7a544484ed0e183126.mp4' for writing
[hls @ 0x638e2031a480] Opening '/config/cache/transcodes/b125555ab317b38a7a544484ed0e183127.mp4' for writing
[hls @ 0x638e2031a480] Opening '/config/cache/transcodes/b125555ab317b38a7a544484ed0e183128.mp4' for writing
[hls @ 0x638e2031a480] Opening '/config/cache/transcodes/b125555ab317b38a7a544484ed0e183129.mp4' for writing
frame= 4946 fps=1978 q=-1.0 size=N/A time=00:02:45.41 bitrate=N/A speed=66.2x    
[hls @ 0x638e2031a480] Opening '/config/cache/transcodes/b125555ab317b38a7a544484ed0e183130.mp4' for writing
[hls @ 0x638e2031a480] Opening '/config/cache/transcodes/b125555ab317b38a7a544484ed0e183131.mp4' for writing
[hls @ 0x638e2031a480] Opening '/config/cache/transcodes/b125555ab317b38a7a544484ed0e183132.mp4' for writing
[hls @ 0x638e2031a480] Opening '/config/cache/transcodes/b125555ab317b38a7a544484ed0e183133.mp4' for writing
[hls @ 0x638e2031a480] Opening '/config/cache/transcodes/b125555ab317b38a7a544484ed0e183134.mp4' for writing
[hls @ 0x638e2031a480] Opening '/config/cache/transcodes/b125555ab317b38a7a544484ed0e183135.mp4' for writing
frame= 5836 fps=1945 q=-1.0 size=N/A time=00:03:22.47 bitrate=N/A speed=67.5x    
[hls @ 0x638e2031a480] Opening '/config/cache/transcodes/b125555ab317b38a7a544484ed0e183136.mp4' for writing
[hls @ 0x638e2031a480] Opening '/config/cache/transcodes/b125555ab317b38a7a544484ed0e183137.mp4' for writing
[hls @ 0x638e2031a480] Opening '/config/cache/transcodes/b125555ab317b38a7a544484ed0e183138.mp4' for writing
[hls @ 0x638e2031a480] Opening '/config/cache/transcodes/b125555ab317b38a7a544484ed0e183139.mp4' for writing
[hls @ 0x638e2031a480] Opening '/config/cache/transcodes/b125555ab317b38a7a544484ed0e183140.mp4' for writing
frame= 6823 fps=1949 q=-1.0 size=N/A time=00:04:03.69 bitrate=N/A speed=69.6x    
[hls @ 0x638e2031a480] Opening '/config/cache/transcodes/b125555ab317b38a7a544484ed0e183141.mp4' for writing
[hls @ 0x638e2031a480] Opening '/config/cache/transcodes/b125555ab317b38a7a544484ed0e183142.mp4' for writing
[hls @ 0x638e2031a480] Opening '/config/cache/transcodes/b125555ab317b38a7a544484ed0e183143.mp4' for writing
[hls @ 0x638e2031a480] Opening '/config/cache/transcodes/b125555ab317b38a7a544484ed0e183144.mp4' for writing
[hls @ 0x638e2031a480] Opening '/config/cache/transcodes/b125555ab317b38a7a544484ed0e183145.mp4' for writing
[hls @ 0x638e2031a480] Opening '/config/cache/transcodes/b125555ab317b38a7a544484ed0e183146.mp4' for writing
[hls @ 0x638e2031a480] Opening '/config/cache/transcodes/b125555ab317b38a7a544484ed0e183147.mp4' for writing
frame= 7701 fps=1925 q=-1.0 size=N/A time=00:04:40.25 bitrate=N/A speed=70.1x    
[hls @ 0x638e2031a480] Opening '/config/cache/transcodes/b125555ab317b38a7a544484ed0e183148.mp4' for writing
[hls @ 0x638e2031a480] Opening '/config/cache/transcodes/b125555ab317b38a7a544484ed0e183149.mp4' for writing
[hls @ 0x638e2031a480] Opening '/config/cache/transcodes/b125555ab317b38a7a544484ed0e183150.mp4' for writing
[hls @ 0x638e2031a480] Opening '/config/cache/transcodes/b125555ab317b38a7a544484ed0e183151.mp4' for writing
[hls @ 0x638e2031a480] Opening '/config/cache/transcodes/b125555ab317b38a7a544484ed0e183152.mp4' for writing
[hls @ 0x638e2031a480] Opening '/config/cache/transcodes/b125555ab317b38a7a544484ed0e183153.mp4' for writing
[hls @ 0x638e2031a480] Opening '/config/cache/transcodes/b125555ab317b38a7a544484ed0e183154.mp4' for writing
[hls @ 0x638e2031a480] Opening '/config/cache/transcodes/b125555ab317b38a7a544484ed0e183155.mp4' for writing
frame= 8686 fps=1930 q=-1.0 size=N/A time=00:05:21.36 bitrate=N/A speed=71.4x    
[hls @ 0x638e2031a480] Opening '/config/cache/transcodes/b125555ab317b38a7a544484ed0e183156.mp4' for writing
[hls @ 0x638e2031a480] Opening '/config/cache/transcodes/b125555ab317b38a7a544484ed0e183157.mp4' for writing
[hls @ 0x638e2031a480] Opening '/config/cache/transcodes/b125555ab317b38a7a544484ed0e183158.mp4' for writing
[hls @ 0x638e2031a480] Opening '/config/cache/transcodes/b125555ab317b38a7a544484ed0e183159.mp4' for writing
[hls @ 0x638e2031a480] Opening '/config/cache/transcodes/b125555ab317b38a7a544484ed0e183160.mp4' for writing
[hls @ 0x638e2031a480] Opening '/config/cache/transcodes/b125555ab317b38a7a544484ed0e183161.mp4' for writing
[hls @ 0x638e2031a480] Opening '/config/cache/transcodes/b125555ab317b38a7a544484ed0e183162.mp4' for writing
[hls @ 0x638e2031a480] Opening '/config/cache/transcodes/b125555ab317b38a7a544484ed0e183163.mp4' for writing
[hls @ 0x638e2031a480] Opening '/config/cache/transcodes/b125555ab317b38a7a544484ed0e183164.mp4' for writing
[hls @ 0x638e2031a480] Opening '/config/cache/transcodes/b125555ab317b38a7a544484ed0e183165.mp4' for writing
frame= 9656 fps=1931 q=-1.0 size=N/A time=00:06:01.79 bitrate=N/A speed=72.3x    
[hls @ 0x638e2031a480] Opening '/config/cache/transcodes/b125555ab317b38a7a544484ed0e183166.mp4' for writing
[hls @ 0x638e2031a480] Opening '/config/cache/transcodes/b125555ab317b38a7a544484ed0e183167.mp4' for writing
[hls @ 0x638e2031a480] Opening '/config/cache/transcodes/b125555ab317b38a7a544484ed0e183168.mp4' for writing
[hls @ 0x638e2031a480] Opening '/config/cache/transcodes/b125555ab317b38a7a544484ed0e183169.mp4' for writing
[hls @ 0x638e2031a480] Opening '/config/cache/transcodes/b125555ab317b38a7a544484ed0e183170.mp4' for writing
[hls @ 0x638e2031a480] Opening '/config/cache/transcodes/b125555ab317b38a7a544484ed0e183171.mp4' for writing
[hls @ 0x638e2031a480] Opening '/config/cache/transcodes/b125555ab317b38a7a544484ed0e183172.mp4' for writing
frame=10593 fps=1926 q=-1.0 size=N/A time=00:06:40.89 bitrate=N/A speed=72.9x    
[hls @ 0x638e2031a480] Opening '/config/cache/transcodes/b125555ab317b38a7a544484ed0e183173.mp4' for writing
[hls @ 0x638e2031a480] Opening '/config/cache/transcodes/b125555ab317b38a7a544484ed0e183174.mp4' for writing
[hls @ 0x638e2031a480] Opening '/config/cache/transcodes/b125555ab317b38a7a544484ed0e183175.mp4' for writing
[hls @ 0x638e2031a480] Opening '/config/cache/transcodes/b125555ab317b38a7a544484ed0e183176.mp4' for writing
[hls @ 0x638e2031a480] Opening '/config/cache/transcodes/b125555ab317b38a7a544484ed0e183177.mp4' for writing
[hls @ 0x638e2031a480] Opening '/config/cache/transcodes/b125555ab317b38a7a544484ed0e183178.mp4' for writing
[hls @ 0x638e2031a480] Opening '/config/cache/transcodes/b125555ab317b38a7a544484ed0e183179.mp4' for writing
frame=11561 fps=1926 q=-1.0 size=N/A time=00:07:21.28 bitrate=N/A speed=73.5x    
[hls @ 0x638e2031a480] Opening '/config/cache/transcodes/b125555ab317b38a7a544484ed0e183180.mp4' for writing
[hls @ 0x638e2031a480] Opening '/config/cache/transcodes/b125555ab317b38a7a544484ed0e183181.mp4' for writing
[hls @ 0x638e2031a480] Opening '/config/cache/transcodes/b125555ab317b38a7a544484ed0e183182.mp4' for writing
[hls @ 0x638e2031a480] Opening '/config/cache/transcodes/b125555ab317b38a7a544484ed0e183183.mp4' for writing
[hls @ 0x638e2031a480] Opening '/config/cache/transcodes/b125555ab317b38a7a544484ed0e183184.mp4' for writing
[hls @ 0x638e2031a480] Opening '/config/cache/transcodes/b125555ab317b38a7a544484ed0e183185.mp4' for writing
frame=12577 fps=1935 q=-1.0 size=N/A time=00:08:03.64 bitrate=N/A speed=74.4x    
[hls @ 0x638e2031a480] Opening '/config/cache/transcodes/b125555ab317b38a7a544484ed0e183186.mp4' for writing
[hls @ 0x638e2031a480] Opening '/config/cache/transcodes/b125555ab317b38a7a544484ed0e183187.mp4' for writing
[hls @ 0x638e2031a480] Opening '/config/cache/transcodes/b125555ab317b38a7a544484ed0e183188.mp4' for writing
[hls @ 0x638e2031a480] Opening '/config/cache/transcodes/b125555ab317b38a7a544484ed0e183189.mp4' for writing
[hls @ 0x638e2031a480] Opening '/config/cache/transcodes/b125555ab317b38a7a544484ed0e183190.mp4' for writing
[hls @ 0x638e2031a480] Opening '/config/cache/transcodes/b125555ab317b38a7a544484ed0e183191.mp4' for writing
[hls @ 0x638e2031a480] Opening '/config/cache/transcodes/b125555ab317b38a7a544484ed0e183192.mp4' for writing
frame=13576 fps=1939 q=-1.0 size=N/A time=00:08:45.33 bitrate=N/A speed=  75x    
[hls @ 0x638e2031a480] Opening '/config/cache/transcodes/b125555ab317b38a7a544484ed0e183193.mp4' for writing
[hls @ 0x638e2031a480] Opening '/config/cache/transcodes/b125555ab317b38a7a544484ed0e183194.mp4' for writing
[hls @ 0x638e2031a480] Opening '/config/cache/transcodes/b125555ab317b38a7a544484ed0e183195.mp4' for writing
[hls @ 0x638e2031a480] Opening '/config/cache/transcodes/b125555ab317b38a7a544484ed0e183196.mp4' for writing
[hls @ 0x638e2031a480] Opening '/config/cache/transcodes/b125555ab317b38a7a544484ed0e183197.mp4' for writing
[hls @ 0x638e2031a480] Opening '/config/cache/transcodes/b125555ab317b38a7a544484ed0e183198.mp4' for writing
[hls @ 0x638e2031a480] Opening '/config/cache/transcodes/b125555ab317b38a7a544484ed0e183199.mp4' for writing
[hls @ 0x638e2031a480] Opening '/config/cache/transcodes/b125555ab317b38a7a544484ed0e1831100.mp4' for writing
frame=14617 fps=1949 q=-1.0 size=N/A time=00:09:28.72 bitrate=N/A speed=75.8x    
[hls @ 0x638e2031a480] Opening '/config/cache/transcodes/b125555ab317b38a7a544484ed0e1831101.mp4' for writing
[hls @ 0x638e2031a480] Opening '/config/cache/transcodes/b125555ab317b38a7a544484ed0e1831102.mp4' for writing
[hls @ 0x638e2031a480] Opening '/config/cache/transcodes/b125555ab317b38a7a544484ed0e1831103.mp4' for writing
[hls @ 0x638e2031a480] Opening '/config/cache/transcodes/b125555ab317b38a7a544484ed0e1831104.mp4' for writing
[hls @ 0x638e2031a480] Opening '/config/cache/transcodes/b125555ab317b38a7a544484ed0e1831105.mp4' for writing
[hls @ 0x638e2031a480] Opening '/config/cache/transcodes/b125555ab317b38a7a544484ed0e1831106.mp4' for writing
frame=15576 fps=1947 q=-1.0 size=N/A time=00:10:08.72 bitrate=N/A speed=76.1x    
[hls @ 0x638e2031a480] Opening '/config/cache/transcodes/b125555ab317b38a7a544484ed0e1831107.mp4' for writing
[hls @ 0x638e2031a480] Opening '/config/cache/transcodes/b125555ab317b38a7a544484ed0e1831108.mp4' for writing
[hls @ 0x638e2031a480] Opening '/config/cache/transcodes/b125555ab317b38a7a544484ed0e1831109.mp4' for writing
[hls @ 0x638e2031a480] Opening '/config/cache/transcodes/b125555ab317b38a7a544484ed0e1831110.mp4' for writing
[hls @ 0x638e2031a480] Opening '/config/cache/transcodes/b125555ab317b38a7a544484ed0e1831111.mp4' for writing
[hls @ 0x638e2031a480] Opening '/config/cache/transcodes/b125555ab317b38a7a544484ed0e1831112.mp4' for writing
frame=16577 fps=1950 q=-1.0 size=N/A time=00:10:50.47 bitrate=N/A speed=76.5x    
[hls @ 0x638e2031a480] Opening '/config/cache/transcodes/b125555ab317b38a7a544484ed0e1831113.mp4' for writing
[hls @ 0x638e2031a480] Opening '/config/cache/transcodes/b125555ab317b38a7a544484ed0e1831114.mp4' for writing
[hls @ 0x638e2031a480] Opening '/config/cache/transcodes/b125555ab317b38a7a544484ed0e1831115.mp4' for writing
[hls @ 0x638e2031a480] Opening '/config/cache/transcodes/b125555ab317b38a7a544484ed0e1831116.mp4' for writing
[hls @ 0x638e2031a480] Opening '/config/cache/transcodes/b125555ab317b38a7a544484ed0e1831117.mp4' for writing
[hls @ 0x638e2031a480] Opening '/config/cache/transcodes/b125555ab317b38a7a544484ed0e1831118.mp4' for writing
[hls @ 0x638e2031a480] Opening '/config/cache/transcodes/b125555ab317b38a7a544484ed0e1831119.mp4' for writing
[hls @ 0x638e2031a480] Opening '/config/cache/transcodes/b125555ab317b38a7a544484ed0e1831120.mp4' for writing
frame=17601 fps=1955 q=-1.0 size=N/A time=00:11:33.22 bitrate=N/A speed=  77x    
[hls @ 0x638e2031a480] Opening '/config/cache/transcodes/b125555ab317b38a7a544484ed0e1831121.mp4' for writing
[hls @ 0x638e2031a480] Opening '/config/cache/transcodes/b125555ab317b38a7a544484ed0e1831122.mp4' for writing
[hls @ 0x638e2031a480] Opening '/config/cache/transcodes/b125555ab317b38a7a544484ed0e1831123.mp4' for writing
[hls @ 0x638e2031a480] Opening '/config/cache/transcodes/b125555ab317b38a7a544484ed0e1831124.mp4' for writing
[hls @ 0x638e2031a480] Opening '/config/cache/transcodes/b125555ab317b38a7a544484ed0e1831125.mp4' for writing
[hls @ 0x638e2031a480] Opening '/config/cache/transcodes/b125555ab317b38a7a544484ed0e1831126.mp4' for writing
[hls @ 0x638e2031a480] Opening '/config/cache/transcodes/b125555ab317b38a7a544484ed0e1831127.mp4' for writing
[hls @ 0x638e2031a480] Opening '/config/cache/transcodes/b125555ab317b38a7a544484ed0e1831128.mp4' for writing
frame=18602 fps=1958 q=-1.0 size=N/A time=00:12:15.08 bitrate=N/A speed=77.4x    
[hls @ 0x638e2031a480] Opening '/config/cache/transcodes/b125555ab317b38a7a544484ed0e1831129.mp4' for writing
[hls @ 0x638e2031a480] Opening '/config/cache/transcodes/b125555ab317b38a7a544484ed0e1831130.mp4' for writing
[hls @ 0x638e2031a480] Opening '/config/cache/transcodes/b125555ab317b38a7a544484ed0e1831131.mp4' for writing
[hls @ 0x638e2031a480] Opening '/config/cache/transcodes/b125555ab317b38a7a544484ed0e1831132.mp4' for writing
[hls @ 0x638e2031a480] Opening '/config/cache/transcodes/b125555ab317b38a7a544484ed0e1831133.mp4' for writing
[hls @ 0x638e2031a480] Opening '/config/cache/transcodes/b125555ab317b38a7a544484ed0e1831134.mp4' for writing
[hls @ 0x638e2031a480] Opening '/config/cache/transcodes/b125555ab317b38a7a544484ed0e1831135.mp4' for writing
frame=19607 fps=1960 q=-1.0 size=N/A time=00:12:56.83 bitrate=N/A speed=77.7x    
[hls @ 0x638e2031a480] Opening '/config/cache/transcodes/b125555ab317b38a7a544484ed0e1831136.mp4' for writing
[hls @ 0x638e2031a480] Opening '/config/cache/transcodes/b125555ab317b38a7a544484ed0e1831137.mp4' for writing
[hls @ 0x638e2031a480] Opening '/config/cache/transcodes/b125555ab317b38a7a544484ed0e1831138.mp4' for writing
[hls @ 0x638e2031a480] Opening '/config/cache/transcodes/b125555ab317b38a7a544484ed0e1831139.mp4' for writing
[hls @ 0x638e2031a480] Opening '/config/cache/transcodes/b125555ab317b38a7a544484ed0e1831140.mp4' for writing
[hls @ 0x638e2031a480] Opening '/config/cache/transcodes/b125555ab317b38a7a544484ed0e1831141.mp4' for writing
frame=20591 fps=1961 q=-1.0 size=N/A time=00:13:37.89 bitrate=N/A speed=77.9x    
[hls @ 0x638e2031a480] Opening '/config/cache/transcodes/b125555ab317b38a7a544484ed0e1831142.mp4' for writing
[hls @ 0x638e2031a480] Opening '/config/cache/transcodes/b125555ab317b38a7a544484ed0e1831143.mp4' for writing
[hls @ 0x638e2031a480] Opening '/config/cache/transcodes/b125555ab317b38a7a544484ed0e1831144.mp4' for writing
[hls @ 0x638e2031a480] Opening '/config/cache/transcodes/b125555ab317b38a7a544484ed0e1831145.mp4' for writing
[hls @ 0x638e2031a480] Opening '/config/cache/transcodes/b125555ab317b38a7a544484ed0e1831146.mp4' for writing
[hls @ 0x638e2031a480] Opening '/config/cache/transcodes/b125555ab317b38a7a544484ed0e1831147.mp4' for writing
[hls @ 0x638e2031a480] Opening '/config/cache/transcodes/b125555ab317b38a7a544484ed0e1831148.mp4' for writing
[hls @ 0x638e2031a480] Opening '/config/cache/transcodes/b125555ab317b38a7a544484ed0e1831149.mp4' for writing
frame=21612 fps=1964 q=-1.0 size=N/A time=00:14:20.54 bitrate=N/A speed=78.2x    
[hls @ 0x638e2031a480] Opening '/config/cache/transcodes/b125555ab317b38a7a544484ed0e1831150.mp4' for writing
[hls @ 0x638e2031a480] Opening '/config/cache/transcodes/b125555ab317b38a7a544484ed0e1831151.mp4' for writing
[hls @ 0x638e2031a480] Opening '/config/cache/transcodes/b125555ab317b38a7a544484ed0e1831152.mp4' for writing
[hls @ 0x638e2031a480] Opening '/config/cache/transcodes/b125555ab317b38a7a544484ed0e1831153.mp4' for writing
[hls @ 0x638e2031a480] Opening '/config/cache/transcodes/b125555ab317b38a7a544484ed0e1831154.mp4' for writing
[hls @ 0x638e2031a480] Opening '/config/cache/transcodes/b125555ab317b38a7a544484ed0e1831155.mp4' for writing
frame=22582 fps=1963 q=-1.0 size=N/A time=00:15:00.97 bitrate=N/A speed=78.3x    
[hls @ 0x638e2031a480] Opening '/config/cache/transcodes/b125555ab317b38a7a544484ed0e1831156.mp4' for writing
[hls @ 0x638e2031a480] Opening '/config/cache/transcodes/b125555ab317b38a7a544484ed0e1831157.mp4' for writing
[hls @ 0x638e2031a480] Opening '/config/cache/transcodes/b125555ab317b38a7a544484ed0e1831158.mp4' for writing
[hls @ 0x638e2031a480] Opening '/config/cache/transcodes/b125555ab317b38a7a544484ed0e1831159.mp4' for writing
[hls @ 0x638e2031a480] Opening '/config/cache/transcodes/b125555ab317b38a7a544484ed0e1831160.mp4' for writing
[hls @ 0x638e2031a480] Opening '/config/cache/transcodes/b125555ab317b38a7a544484ed0e1831161.mp4' for writing
frame=23536 fps=1961 q=-1.0 size=N/A time=00:15:40.73 bitrate=N/A speed=78.4x    
[hls @ 0x638e2031a480] Opening '/config/cache/transcodes/b125555ab317b38a7a544484ed0e1831162.mp4' for writing
[hls @ 0x638e2031a480] Opening '/config/cache/transcodes/b125555ab317b38a7a544484ed0e1831163.mp4' for writing
[hls @ 0x638e2031a480] Opening '/config/cache/transcodes/b125555ab317b38a7a544484ed0e1831164.mp4' for writing
[hls @ 0x638e2031a480] Opening '/config/cache/transcodes/b125555ab317b38a7a544484ed0e1831165.mp4' for writing
[hls @ 0x638e2031a480] Opening '/config/cache/transcodes/b125555ab317b38a7a544484ed0e1831166.mp4' for writing
[hls @ 0x638e2031a480] Opening '/config/cache/transcodes/b125555ab317b38a7a544484ed0e1831167.mp4' for writing
[hls @ 0x638e2031a480] Opening '/config/cache/transcodes/b125555ab317b38a7a544484ed0e1831168.mp4' for writing
frame=24488 fps=1959 q=-1.0 size=N/A time=00:16:20.65 bitrate=N/A speed=78.4x    
[hls @ 0x638e2031a480] Opening '/config/cache/transcodes/b125555ab317b38a7a544484ed0e1831169.mp4' for writing
[hls @ 0x638e2031a480] Opening '/config/cache/transcodes/b125555ab317b38a7a544484ed0e1831170.mp4' for writing
[hls @ 0x638e2031a480] Opening '/config/cache/transcodes/b125555ab317b38a7a544484ed0e1831171.mp4' for writing
[hls @ 0x638e2031a480] Opening '/config/cache/transcodes/b125555ab317b38a7a544484ed0e1831172.mp4' for writing
[hls @ 0x638e2031a480] Opening '/config/cache/transcodes/b125555ab317b38a7a544484ed0e1831173.mp4' for writing
[hls @ 0x638e2031a480] Opening '/config/cache/transcodes/b125555ab317b38a7a544484ed0e1831174.mp4' for writing
frame=25437 fps=1956 q=-1.0 size=N/A time=00:17:00.01 bitrate=N/A speed=78.4x    
[hls @ 0x638e2031a480] Opening '/config/cache/transcodes/b125555ab317b38a7a544484ed0e1831175.mp4' for writing
[hls @ 0x638e2031a480] Opening '/config/cache/transcodes/b125555ab317b38a7a544484ed0e1831176.mp4' for writing
[hls @ 0x638e2031a480] Opening '/config/cache/transcodes/b125555ab317b38a7a544484ed0e1831177.mp4' for writing
[hls @ 0x638e2031a480] Opening '/config/cache/transcodes/b125555ab317b38a7a544484ed0e1831178.mp4' for writing
[hls @ 0x638e2031a480] Opening '/config/cache/transcodes/b125555ab317b38a7a544484ed0e1831179.mp4' for writing
[hls @ 0x638e2031a480] Opening '/config/cache/transcodes/b125555ab317b38a7a544484ed0e1831180.mp4' for writing
[hls @ 0x638e2031a480] Opening '/config/cache/transcodes/b125555ab317b38a7a544484ed0e1831181.mp4' for writing
frame=26420 fps=1957 q=-1.0 size=N/A time=00:17:41.05 bitrate=N/A speed=78.6x    
[hls @ 0x638e2031a480] Opening '/config/cache/transcodes/b125555ab317b38a7a544484ed0e1831182.mp4' for writing
[hls @ 0x638e2031a480] Opening '/config/cache/transcodes/b125555ab317b38a7a544484ed0e1831183.mp4' for writing
[hls @ 0x638e2031a480] Opening '/config/cache/transcodes/b125555ab317b38a7a544484ed0e1831184.mp4' for writing
[hls @ 0x638e2031a480] Opening '/config/cache/transcodes/b125555ab317b38a7a544484ed0e1831185.mp4' for writing
[hls @ 0x638e2031a480] Opening '/config/cache/transcodes/b125555ab317b38a7a544484ed0e1831186.mp4' for writing
[hls @ 0x638e2031a480] Opening '/config/cache/transcodes/b125555ab317b38a7a544484ed0e1831187.mp4' for writing
frame=27370 fps=1955 q=-1.0 size=N/A time=00:18:20.60 bitrate=N/A speed=78.6x    
[hls @ 0x638e2031a480] Opening '/config/cache/transcodes/b125555ab317b38a7a544484ed0e1831188.mp4' for writing
[hls @ 0x638e2031a480] Opening '/config/cache/transcodes/b125555ab317b38a7a544484ed0e1831189.mp4' for writing
[hls @ 0x638e2031a480] Opening '/config/cache/transcodes/b125555ab317b38a7a544484ed0e1831190.mp4' for writing
[hls @ 0x638e2031a480] Opening '/config/cache/transcodes/b125555ab317b38a7a544484ed0e1831191.mp4' for writing
[hls @ 0x638e2031a480] Opening '/config/cache/transcodes/b125555ab317b38a7a544484ed0e1831192.mp4' for writing
[hls @ 0x638e2031a480] Opening '/config/cache/transcodes/b125555ab317b38a7a544484ed0e1831193.mp4' for writing
[hls @ 0x638e2031a480] Opening '/config/cache/transcodes/b125555ab317b38a7a544484ed0e1831194.mp4' for writing
frame=28392 fps=1958 q=-1.0 size=N/A time=00:19:03.27 bitrate=N/A speed=78.8x    
[hls @ 0x638e2031a480] Opening '/config/cache/transcodes/b125555ab317b38a7a544484ed0e1831195.mp4' for writing
[hls @ 0x638e2031a480] Opening '/config/cache/transcodes/b125555ab317b38a7a544484ed0e1831196.mp4' for writing
[hls @ 0x638e2031a480] Opening '/config/cache/transcodes/b125555ab317b38a7a544484ed0e1831197.mp4' for writing
[hls @ 0x638e2031a480] Opening '/config/cache/transcodes/b125555ab317b38a7a544484ed0e1831198.mp4' for writing
[hls @ 0x638e2031a480] Opening '/config/cache/transcodes/b125555ab317b38a7a544484ed0e1831199.mp4' for writing
frame=29403 fps=1960 q=-1.0 size=N/A time=00:19:45.45 bitrate=N/A speed=  79x    
[hls @ 0x638e2031a480] Opening '/config/cache/transcodes/b125555ab317b38a7a544484ed0e1831200.mp4' for writing
[hls @ 0x638e2031a480] Opening '/config/cache/transcodes/b125555ab317b38a7a544484ed0e1831201.mp4' for writing
[hls @ 0x638e2031a480] Opening '/config/cache/transcodes/b125555ab317b38a7a544484ed0e1831202.mp4' for writing
[hls @ 0x638e2031a480] Opening '/config/cache/transcodes/b125555ab317b38a7a544484ed0e1831203.mp4' for writing
[hls @ 0x638e2031a480] Opening '/config/cache/transcodes/b125555ab317b38a7a544484ed0e1831204.mp4' for writing
[hls @ 0x638e2031a480] Opening '/config/cache/transcodes/b125555ab317b38a7a544484ed0e1831205.mp4' for writing
[hls @ 0x638e2031a480] Opening '/config/cache/transcodes/b125555ab317b38a7a544484ed0e1831206.mp4' for writing
[hls @ 0x638e2031a480] Opening '/config/cache/transcodes/b125555ab317b38a7a544484ed0e1831207.mp4' for writing
[hls @ 0x638e2031a480] Opening '/config/cache/transcodes/b125555ab317b38a7a544484ed0e1831208.mp4' for writing
frame=30422 fps=1962 q=-1.0 size=N/A time=00:20:27.92 bitrate=N/A speed=79.2x    
[hls @ 0x638e2031a480] Opening '/config/cache/transcodes/b125555ab317b38a7a544484ed0e1831209.mp4' for writing
[hls @ 0x638e2031a480] Opening '/config/cache/transcodes/b125555ab317b38a7a544484ed0e1831210.mp4' for writing
[hls @ 0x638e2031a480] Opening '/config/cache/transcodes/b125555ab317b38a7a544484ed0e1831211.mp4' for writing
[hls @ 0x638e2031a480] Opening '/config/cache/transcodes/b125555ab317b38a7a544484ed0e1831212.mp4' for writing
[hls @ 0x638e2031a480] Opening '/config/cache/transcodes/b125555ab317b38a7a544484ed0e1831213.mp4' for writing
[hls @ 0x638e2031a480] Opening '/config/cache/transcodes/b125555ab317b38a7a544484ed0e1831214.mp4' for writing
[hls @ 0x638e2031a480] Opening '/config/cache/transcodes/b125555ab317b38a7a544484ed0e1831215.mp4' for writing
frame=31442 fps=1965 q=-1.0 size=N/A time=00:21:10.48 bitrate=N/A speed=79.4x    
[hls @ 0x638e2031a480] Opening '/config/cache/transcodes/b125555ab317b38a7a544484ed0e1831216.mp4' for writing
[hls @ 0x638e2031a480] Opening '/config/cache/transcodes/b125555ab317b38a7a544484ed0e1831217.mp4' for writing
[hls @ 0x638e2031a480] Opening '/config/cache/transcodes/b125555ab317b38a7a544484ed0e1831218.mp4' for writing
[hls @ 0x638e2031a480] Opening '/config/cache/transcodes/b125555ab317b38a7a544484ed0e1831219.mp4' for writing
[hls @ 0x638e2031a480] Opening '/config/cache/transcodes/b125555ab317b38a7a544484ed0e1831220.mp4' for writing
[hls @ 0x638e2031a480] Opening '/config/cache/transcodes/b125555ab317b38a7a544484ed0e1831221.mp4' for writing
[hls @ 0x638e2031a480] Opening '/config/cache/transcodes/b125555ab317b38a7a544484ed0e1831222.mp4' for writing
[hls @ 0x638e2031a480] Opening '/config/cache/transcodes/b125555ab317b38a7a544484ed0e1831223.mp4' for writing
frame=32397 fps=1963 q=-1.0 size=N/A time=00:21:50.74 bitrate=N/A speed=79.4x    
[hls @ 0x638e2031a480] Opening '/config/cache/transcodes/b125555ab317b38a7a544484ed0e1831224.mp4' for writing
[hls @ 0x638e2031a480] Opening '/config/cache/transcodes/b125555ab317b38a7a544484ed0e1831225.mp4' for writing
[hls @ 0x638e2031a480] Opening '/config/cache/transcodes/b125555ab317b38a7a544484ed0e1831226.mp4' for writing
[hls @ 0x638e2031a480] Opening '/config/cache/transcodes/b125555ab317b38a7a544484ed0e1831227.mp4' for writing
[hls @ 0x638e2031a480] Opening '/config/cache/transcodes/b125555ab317b38a7a544484ed0e1831228.mp4' for writing
[hls @ 0x638e2031a480] Opening '/config/cache/transcodes/b125555ab317b38a7a544484ed0e1831229.mp4' for writing
[hls @ 0x638e2031a480] Opening '/config/cache/transcodes/b125555ab317b38a7a544484ed0e1831230.mp4' for writing
frame=33352 fps=1962 q=-1.0 size=N/A time=00:22:30.50 bitrate=N/A speed=79.4x    
[hls @ 0x638e2031a480] Opening '/config/cache/transcodes/b125555ab317b38a7a544484ed0e1831231.mp4' for writing
[hls @ 0x638e2031a480] Opening '/config/cache/transcodes/b125555ab317b38a7a544484ed0e1831232.mp4' for writing
[hls @ 0x638e2031a480] Opening '/config/cache/transcodes/b125555ab317b38a7a544484ed0e1831233.mp4' for writing
[hls @ 0x638e2031a480] Opening '/config/cache/transcodes/b125555ab317b38a7a544484ed0e1831234.mp4' for writing
[hls @ 0x638e2031a480] Opening '/config/cache/transcodes/b125555ab317b38a7a544484ed0e1831235.mp4' for writing
[hls @ 0x638e2031a480] Opening '/config/cache/transcodes/b125555ab317b38a7a544484ed0e1831236.mp4' for writing
frame=34287 fps=1959 q=-1.0 size=N/A time=00:23:09.20 bitrate=N/A speed=79.4x    
[hls @ 0x638e2031a480] Opening '/config/cache/transcodes/b125555ab317b38a7a544484ed0e1831237.mp4' for writing
[hls @ 0x638e2031a480] Opening '/config/cache/transcodes/b125555ab317b38a7a544484ed0e1831238.mp4' for writing
[hls @ 0x638e2031a480] Opening '/config/cache/transcodes/b125555ab317b38a7a544484ed0e1831239.mp4' for writing
[hls @ 0x638e2031a480] Opening '/config/cache/transcodes/b125555ab317b38a7a544484ed0e1831240.mp4' for writing
[hls @ 0x638e2031a480] Opening '/config/cache/transcodes/b125555ab317b38a7a544484ed0e1831241.mp4' for writing
[hls @ 0x638e2031a480] Opening '/config/cache/transcodes/b125555ab317b38a7a544484ed0e1831242.mp4' for writing
[hls @ 0x638e2031a480] Opening '/config/cache/transcodes/b125555ab317b38a7a544484ed0e1831243.mp4' for writing
frame=35284 fps=1960 q=-1.0 size=N/A time=00:23:50.72 bitrate=N/A speed=79.5x    
[hls @ 0x638e2031a480] Opening '/config/cache/transcodes/b125555ab317b38a7a544484ed0e1831244.mp4' for writing
[hls @ 0x638e2031a480] Opening '/config/cache/transcodes/b125555ab317b38a7a544484ed0e1831245.mp4' for writing
[hls @ 0x638e2031a480] Opening '/config/cache/transcodes/b125555ab317b38a7a544484ed0e1831246.mp4' for writing
[hls @ 0x638e2031a480] Opening '/config/cache/transcodes/b125555ab317b38a7a544484ed0e1831247.mp4' for writing
[hls @ 0x638e2031a480] Opening '/config/cache/transcodes/b125555ab317b38a7a544484ed0e1831248.mp4' for writing
frame=36031 fps=1947 q=-1.0 size=N/A time=00:24:21.86 bitrate=N/A speed=  79x    
[hls @ 0x638e2031a480] Opening '/config/cache/transcodes/b125555ab317b38a7a544484ed0e1831249.mp4' for writing
[hls @ 0x638e2031a480] Opening '/config/cache/transcodes/b125555ab317b38a7a544484ed0e1831250.mp4' for writing
[hls @ 0x638e2031a480] Opening '/config/cache/transcodes/b125555ab317b38a7a544484ed0e1831251.mp4' for writing
[hls @ 0x638e2031a480] Opening '/config/cache/transcodes/b125555ab317b38a7a544484ed0e1831252.mp4' for writing
[hls @ 0x638e2031a480] Opening '/config/cache/transcodes/b125555ab317b38a7a544484ed0e1831253.mp4' for writing
[hls @ 0x638e2031a480] Opening '/config/cache/transcodes/b125555ab317b38a7a544484ed0e1831254.mp4' for writing
[hls @ 0x638e2031a480] Opening '/config/cache/transcodes/b125555ab317b38a7a544484ed0e1831255.mp4' for writing
frame=36980 fps=1946 q=-1.0 size=N/A time=00:25:01.46 bitrate=N/A speed=  79x    
[hls @ 0x638e2031a480] Opening '/config/cache/transcodes/b125555ab317b38a7a544484ed0e1831256.mp4' for writing
[hls @ 0x638e2031a480] Opening '/config/cache/transcodes/b125555ab317b38a7a544484ed0e1831257.mp4' for writing
[hls @ 0x638e2031a480] Opening '/config/cache/transcodes/b125555ab317b38a7a544484ed0e1831258.mp4' for writing
[hls @ 0x638e2031a480] Opening '/config/cache/transcodes/b125555ab317b38a7a544484ed0e1831259.mp4' for writing
[hls @ 0x638e2031a480] Opening '/config/cache/transcodes/b125555ab317b38a7a544484ed0e1831260.mp4' for writing
[hls @ 0x638e2031a480] Opening '/config/cache/transcodes/b125555ab317b38a7a544484ed0e1831261.mp4' for writing
[hls @ 0x638e2031a480] Opening '/config/cache/transcodes/b125555ab317b38a7a544484ed0e1831262.mp4' for writing
frame=37904 fps=1943 q=-1.0 size=N/A time=00:25:40.01 bitrate=N/A speed=  79x    
[hls @ 0x638e2031a480] Opening '/config/cache/transcodes/b125555ab317b38a7a544484ed0e1831263.mp4' for writing
[hls @ 0x638e2031a480] Opening '/config/cache/transcodes/b125555ab317b38a7a544484ed0e1831264.mp4' for writing
[hls @ 0x638e2031a480] Opening '/config/cache/transcodes/b125555ab317b38a7a544484ed0e1831265.mp4' for writing
[hls @ 0x638e2031a480] Opening '/config/cache/transcodes/b125555ab317b38a7a544484ed0e1831266.mp4' for writing
[hls @ 0x638e2031a480] Opening '/config/cache/transcodes/b125555ab317b38a7a544484ed0e1831267.mp4' for writing
[hls @ 0x638e2031a480] Opening '/config/cache/transcodes/b125555ab317b38a7a544484ed0e1831268.mp4' for writing
frame=38842 fps=1942 q=-1.0 size=N/A time=00:26:19.13 bitrate=N/A speed=78.9x    
[hls @ 0x638e2031a480] Opening '/config/cache/transcodes/b125555ab317b38a7a544484ed0e1831269.mp4' for writing
[hls @ 0x638e2031a480] Opening '/config/cache/transcodes/b125555ab317b38a7a544484ed0e1831270.mp4' for writing
[hls @ 0x638e2031a480] Opening '/config/cache/transcodes/b125555ab317b38a7a544484ed0e1831271.mp4' for writing
[hls @ 0x638e2031a480] Opening '/config/cache/transcodes/b125555ab317b38a7a544484ed0e1831272.mp4' for writing
[hls @ 0x638e2031a480] Opening '/config/cache/transcodes/b125555ab317b38a7a544484ed0e1831273.mp4' for writing
[hls @ 0x638e2031a480] Opening '/config/cache/transcodes/b125555ab317b38a7a544484ed0e1831274.mp4' for writing
[hls @ 0x638e2031a480] Opening '/config/cache/transcodes/b125555ab317b38a7a544484ed0e1831275.mp4' for writing
frame=39768 fps=1940 q=-1.0 size=N/A time=00:26:57.74 bitrate=N/A speed=78.9x    
[hls @ 0x638e2031a480] Opening '/config/cache/transcodes/b125555ab317b38a7a544484ed0e1831276.mp4' for writing
[hls @ 0x638e2031a480] Opening '/config/cache/transcodes/b125555ab317b38a7a544484ed0e1831277.mp4' for writing
[hls @ 0x638e2031a480] Opening '/config/cache/transcodes/b125555ab317b38a7a544484ed0e1831278.mp4' for writing
[hls @ 0x638e2031a480] Opening '/config/cache/transcodes/b125555ab317b38a7a544484ed0e1831279.mp4' for writing
[hls @ 0x638e2031a480] Opening '/config/cache/transcodes/b125555ab317b38a7a544484ed0e1831280.mp4' for writing
frame=40707 fps=1938 q=-1.0 size=N/A time=00:27:37.32 bitrate=N/A speed=78.9x    
[hls @ 0x638e2031a480] Opening '/config/cache/transcodes/b125555ab317b38a7a544484ed0e1831281.mp4' for writing
[hls @ 0x638e2031a480] Opening '/config/cache/transcodes/b125555ab317b38a7a544484ed0e1831282.mp4' for writing
[hls @ 0x638e2031a480] Opening '/config/cache/transcodes/b125555ab317b38a7a544484ed0e1831283.mp4' for writing
[hls @ 0x638e2031a480] Opening '/config/cache/transcodes/b125555ab317b38a7a544484ed0e1831284.mp4' for writing
[hls @ 0x638e2031a480] Opening '/config/cache/transcodes/b125555ab317b38a7a544484ed0e1831285.mp4' for writing
[hls @ 0x638e2031a480] Opening '/config/cache/transcodes/b125555ab317b38a7a544484ed0e1831286.mp4' for writing
[hls @ 0x638e2031a480] Opening '/config/cache/transcodes/b125555ab317b38a7a544484ed0e1831287.mp4' for writing
frame=41637 fps=1936 q=-1.0 size=N/A time=00:28:15.89 bitrate=N/A speed=78.9x    
[hls @ 0x638e2031a480] Opening '/config/cache/transcodes/b125555ab317b38a7a544484ed0e1831288.mp4' for writing
[hls @ 0x638e2031a480] Opening '/config/cache/transcodes/b125555ab317b38a7a544484ed0e1831289.mp4' for writing
[hls @ 0x638e2031a480] Opening '/config/cache/transcodes/b125555ab317b38a7a544484ed0e1831290.mp4' for writing
[hls @ 0x638e2031a480] Opening '/config/cache/transcodes/b125555ab317b38a7a544484ed0e1831291.mp4' for writing
[hls @ 0x638e2031a480] Opening '/config/cache/transcodes/b125555ab317b38a7a544484ed0e1831292.mp4' for writing
[hls @ 0x638e2031a480] Opening '/config/cache/transcodes/b125555ab317b38a7a544484ed0e1831293.mp4' for writing
[hls @ 0x638e2031a480] Opening '/config/cache/transcodes/b125555ab317b38a7a544484ed0e1831294.mp4' for writing
[hls @ 0x638e2031a480] Opening '/config/cache/transcodes/b125555ab317b38a7a544484ed0e1831295.mp4' for writing
frame=42625 fps=1937 q=-1.0 size=N/A time=00:28:56.91 bitrate=N/A speed=78.9x    
[hls @ 0x638e2031a480] Opening '/config/cache/transcodes/b125555ab317b38a7a544484ed0e1831296.mp4' for writing
[hls @ 0x638e2031a480] Opening '/config/cache/transcodes/b125555ab317b38a7a544484ed0e1831297.mp4' for writing
[hls @ 0x638e2031a480] Opening '/config/cache/transcodes/b125555ab317b38a7a544484ed0e1831298.mp4' for writing
[hls @ 0x638e2031a480] Opening '/config/cache/transcodes/b125555ab317b38a7a544484ed0e1831299.mp4' for writing
[hls @ 0x638e2031a480] Opening '/config/cache/transcodes/b125555ab317b38a7a544484ed0e1831300.mp4' for writing
[hls @ 0x638e2031a480] Opening '/config/cache/transcodes/b125555ab317b38a7a544484ed0e1831301.mp4' for writing
frame=43517 fps=1934 q=-1.0 size=N/A time=00:29:34.10 bitrate=N/A speed=78.8x    
[hls @ 0x638e2031a480] Opening '/config/cache/transcodes/b125555ab317b38a7a544484ed0e1831302.mp4' for writing
[hls @ 0x638e2031a480] Opening '/config/cache/transcodes/b125555ab317b38a7a544484ed0e1831303.mp4' for writing
[hls @ 0x638e2031a480] Opening '/config/cache/transcodes/b125555ab317b38a7a544484ed0e1831304.mp4' for writing
[hls @ 0x638e2031a480] Opening '/config/cache/transcodes/b125555ab317b38a7a544484ed0e1831305.mp4' for writing
frame=44452 fps=1932 q=-1.0 size=N/A time=00:30:13.09 bitrate=N/A speed=78.8x    
[hls @ 0x638e2031a480] Opening '/config/cache/transcodes/b125555ab317b38a7a544484ed0e1831306.mp4' for writing
[hls @ 0x638e2031a480] Opening '/config/cache/transcodes/b125555ab317b38a7a544484ed0e1831307.mp4' for writing
[hls @ 0x638e2031a480] Opening '/config/cache/transcodes/b125555ab317b38a7a544484ed0e1831308.mp4' for writing
[hls @ 0x638e2031a480] Opening '/config/cache/transcodes/b125555ab317b38a7a544484ed0e1831309.mp4' for writing
[hls @ 0x638e2031a480] Opening '/config/cache/transcodes/b125555ab317b38a7a544484ed0e1831310.mp4' for writing
[hls @ 0x638e2031a480] Opening '/config/cache/transcodes/b125555ab317b38a7a544484ed0e1831311.mp4' for writing
[hls @ 0x638e2031a480] Opening '/config/cache/transcodes/b125555ab317b38a7a544484ed0e1831312.mp4' for writing
[hls @ 0x638e2031a480] Opening '/config/cache/transcodes/b125555ab317b38a7a544484ed0e1831313.mp4' for writing
[hls @ 0x638e2031a480] Opening '/config/cache/transcodes/b125555ab317b38a7a544484ed0e1831314.mp4' for writing
frame=45432 fps=1933 q=-1.0 size=N/A time=00:30:53.99 bitrate=N/A speed=78.9x    
[hls @ 0x638e2031a480] Opening '/config/cache/transcodes/b125555ab317b38a7a544484ed0e1831315.mp4' for writing
[hls @ 0x638e2031a480] Opening '/config/cache/transcodes/b125555ab317b38a7a544484ed0e1831316.mp4' for writing
[hls @ 0x638e2031a480] Opening '/config/cache/transcodes/b125555ab317b38a7a544484ed0e1831317.mp4' for writing
[hls @ 0x638e2031a480] Opening '/config/cache/transcodes/b125555ab317b38a7a544484ed0e1831318.mp4' for writing
[hls @ 0x638e2031a480] Opening '/config/cache/transcodes/b125555ab317b38a7a544484ed0e1831319.mp4' for writing
[hls @ 0x638e2031a480] Opening '/config/cache/transcodes/b125555ab317b38a7a544484ed0e1831320.mp4' for writing
[hls @ 0x638e2031a480] Opening '/config/cache/transcodes/b125555ab317b38a7a544484ed0e1831321.mp4' for writing
frame=46379 fps=1932 q=-1.0 size=N/A time=00:31:33.46 bitrate=N/A speed=78.9x    
[hls @ 0x638e2031a480] Opening '/config/cache/transcodes/b125555ab317b38a7a544484ed0e1831322.mp4' for writing
[hls @ 0x638e2031a480] Opening '/config/cache/transcodes/b125555ab317b38a7a544484ed0e1831323.mp4' for writing
[hls @ 0x638e2031a480] Opening '/config/cache/transcodes/b125555ab317b38a7a544484ed0e1831324.mp4' for writing
[hls @ 0x638e2031a480] Opening '/config/cache/transcodes/b125555ab317b38a7a544484ed0e1831325.mp4' for writing
[hls @ 0x638e2031a480] Opening '/config/cache/transcodes/b125555ab317b38a7a544484ed0e1831326.mp4' for writing
[hls @ 0x638e2031a480] Opening '/config/cache/transcodes/b125555ab317b38a7a544484ed0e1831327.mp4' for writing
frame=47296 fps=1930 q=-1.0 size=N/A time=00:32:12.13 bitrate=N/A speed=78.8x    
[hls @ 0x638e2031a480] Opening '/config/cache/transcodes/b125555ab317b38a7a544484ed0e1831328.mp4' for writing
[hls @ 0x638e2031a480] Opening '/config/cache/transcodes/b125555ab317b38a7a544484ed0e1831329.mp4' for writing
[hls @ 0x638e2031a480] Opening '/config/cache/transcodes/b125555ab317b38a7a544484ed0e1831330.mp4' for writing
[hls @ 0x638e2031a480] Opening '/config/cache/transcodes/b125555ab317b38a7a544484ed0e1831331.mp4' for writing
[hls @ 0x638e2031a480] Opening '/config/cache/transcodes/b125555ab317b38a7a544484ed0e1831332.mp4' for writing
[hls @ 0x638e2031a480] Opening '/config/cache/transcodes/b125555ab317b38a7a544484ed0e1831333.mp4' for writing
frame=48249 fps=1930 q=-1.0 size=N/A time=00:32:51.49 bitrate=N/A speed=78.8x    
[hls @ 0x638e2031a480] Opening '/config/cache/transcodes/b125555ab317b38a7a544484ed0e1831334.mp4' for writing
[hls @ 0x638e2031a480] Opening '/config/cache/transcodes/b125555ab317b38a7a544484ed0e1831335.mp4' for writing
[hls @ 0x638e2031a480] Opening '/config/cache/transcodes/b125555ab317b38a7a544484ed0e1831336.mp4' for writing
[hls @ 0x638e2031a480] Opening '/config/cache/transcodes/b125555ab317b38a7a544484ed0e1831337.mp4' for writing
frame=48803 fps=1913 q=-1.0 size=N/A time=00:33:14.83 bitrate=N/A speed=78.2x    
[hls @ 0x638e2031a480] Opening '/config/cache/transcodes/b125555ab317b38a7a544484ed0e1831338.mp4' for writing
[hls @ 0x638e2031a480] Opening '/config/cache/transcodes/b125555ab317b38a7a544484ed0e1831339.mp4' for writing
[hls @ 0x638e2031a480] Opening '/config/cache/transcodes/b125555ab317b38a7a544484ed0e1831340.mp4' for writing
[hls @ 0x638e2031a480] Opening '/config/cache/transcodes/b125555ab317b38a7a544484ed0e1831341.mp4' for writing
[hls @ 0x638e2031a480] Opening '/config/cache/transcodes/b125555ab317b38a7a544484ed0e1831342.mp4' for writing
[hls @ 0x638e2031a480] Opening '/config/cache/transcodes/b125555ab317b38a7a544484ed0e1831343.mp4' for writing
frame=49760 fps=1913 q=-1.0 size=N/A time=00:33:54.47 bitrate=N/A speed=78.2x    
[hls @ 0x638e2031a480] Opening '/config/cache/transcodes/b125555ab317b38a7a544484ed0e1831344.mp4' for writing
[hls @ 0x638e2031a480] Opening '/config/cache/transcodes/b125555ab317b38a7a544484ed0e1831345.mp4' for writing
[hls @ 0x638e2031a480] Opening '/config/cache/transcodes/b125555ab317b38a7a544484ed0e1831346.mp4' for writing
[hls @ 0x638e2031a480] Opening '/config/cache/transcodes/b125555ab317b38a7a544484ed0e1831347.mp4' for writing
[hls @ 0x638e2031a480] Opening '/config/cache/transcodes/b125555ab317b38a7a544484ed0e1831348.mp4' for writing
[hls @ 0x638e2031a480] Opening '/config/cache/transcodes/b125555ab317b38a7a544484ed0e1831349.mp4' for writing
[hls @ 0x638e2031a480] Opening '/config/cache/transcodes/b125555ab317b38a7a544484ed0e1831350.mp4' for writing
frame=50815 fps=1917 q=-1.0 size=N/A time=00:34:38.48 bitrate=N/A speed=78.4x    
[hls @ 0x638e2031a480] Opening '/config/cache/transcodes/b125555ab317b38a7a544484ed0e1831351.mp4' for writing
[hls @ 0x638e2031a480] Opening '/config/cache/transcodes/b125555ab317b38a7a544484ed0e1831352.mp4' for writing
[hls @ 0x638e2031a480] Opening '/config/cache/transcodes/b125555ab317b38a7a544484ed0e1831353.mp4' for writing
[hls @ 0x638e2031a480] Opening '/config/cache/transcodes/b125555ab317b38a7a544484ed0e1831354.mp4' for writing
[hls @ 0x638e2031a480] Opening '/config/cache/transcodes/b125555ab317b38a7a544484ed0e1831355.mp4' for writing
[hls @ 0x638e2031a480] Opening '/config/cache/transcodes/b125555ab317b38a7a544484ed0e1831356.mp4' for writing
[hls @ 0x638e2031a480] Opening '/config/cache/transcodes/b125555ab317b38a7a544484ed0e1831357.mp4' for writing
[hls @ 0x638e2031a480] Opening '/config/cache/transcodes/b125555ab317b38a7a544484ed0e1831358.mp4' for writing
frame=51739 fps=1916 q=-1.0 size=N/A time=00:35:17.12 bitrate=N/A speed=78.4x    
[hls @ 0x638e2031a480] Opening '/config/cache/transcodes/b125555ab317b38a7a544484ed0e1831359.mp4' for writing
[hls @ 0x638e2031a480] Opening '/config/cache/transcodes/b125555ab317b38a7a544484ed0e1831360.mp4' for writing
[hls @ 0x638e2031a480] Opening '/config/cache/transcodes/b125555ab317b38a7a544484ed0e1831361.mp4' for writing
[hls @ 0x638e2031a480] Opening '/config/cache/transcodes/b125555ab317b38a7a544484ed0e1831362.mp4' for writing
[hls @ 0x638e2031a480] Opening '/config/cache/transcodes/b125555ab317b38a7a544484ed0e1831363.mp4' for writing
frame=52520 fps=1909 q=-1.0 size=N/A time=00:35:49.61 bitrate=N/A speed=78.2x    
[hls @ 0x638e2031a480] Opening '/config/cache/transcodes/b125555ab317b38a7a544484ed0e1831364.mp4' for writing
[hls @ 0x638e2031a480] Opening '/config/cache/transcodes/b125555ab317b38a7a544484ed0e1831365.mp4' for writing
[hls @ 0x638e2031a480] Opening '/config/cache/transcodes/b125555ab317b38a7a544484ed0e1831366.mp4' for writing
[hls @ 0x638e2031a480] Opening '/config/cache/transcodes/b125555ab317b38a7a544484ed0e1831367.mp4' for writing
[hls @ 0x638e2031a480] Opening '/config/cache/transcodes/b125555ab317b38a7a544484ed0e1831368.mp4' for writing
[hls @ 0x638e2031a480] Opening '/config/cache/transcodes/b125555ab317b38a7a544484ed0e1831369.mp4' for writing
frame=53287 fps=1903 q=-1.0 size=N/A time=00:36:21.56 bitrate=N/A speed=77.9x    
[hls @ 0x638e2031a480] Opening '/config/cache/transcodes/b125555ab317b38a7a544484ed0e1831370.mp4' for writing
[hls @ 0x638e2031a480] Opening '/config/cache/transcodes/b125555ab317b38a7a544484ed0e1831371.mp4' for writing
[hls @ 0x638e2031a480] Opening '/config/cache/transcodes/b125555ab317b38a7a544484ed0e1831372.mp4' for writing
[hls @ 0x638e2031a480] Opening '/config/cache/transcodes/b125555ab317b38a7a544484ed0e1831373.mp4' for writing
[hls @ 0x638e2031a480] Opening '/config/cache/transcodes/b125555ab317b38a7a544484ed0e1831374.mp4' for writing
frame=54167 fps=1900 q=-1.0 size=N/A time=00:36:58.32 bitrate=N/A speed=77.8x    
[hls @ 0x638e2031a480] Opening '/config/cache/transcodes/b125555ab317b38a7a544484ed0e1831375.mp4' for writing
[hls @ 0x638e2031a480] Opening '/config/cache/transcodes/b125555ab317b38a7a544484ed0e1831376.mp4' for writing
[hls @ 0x638e2031a480] Opening '/config/cache/transcodes/b125555ab317b38a7a544484ed0e1831377.mp4' for writing
[hls @ 0x638e2031a480] Opening '/config/cache/transcodes/b125555ab317b38a7a544484ed0e1831378.mp4' for writing
[hls @ 0x638e2031a480] Opening '/config/cache/transcodes/b125555ab317b38a7a544484ed0e1831379.mp4' for writing
[hls @ 0x638e2031a480] Opening '/config/cache/transcodes/b125555ab317b38a7a544484ed0e1831380.mp4' for writing
frame=54976 fps=1895 q=-1.0 size=N/A time=00:37:32.22 bitrate=N/A speed=77.6x    
[hls @ 0x638e2031a480] Opening '/config/cache/transcodes/b125555ab317b38a7a544484ed0e1831381.mp4' for writing
[hls @ 0x638e2031a480] Opening '/config/cache/transcodes/b125555ab317b38a7a544484ed0e1831382.mp4' for writing
[hls @ 0x638e2031a480] Opening '/config/cache/transcodes/b125555ab317b38a7a544484ed0e1831383.mp4' for writing
[hls @ 0x638e2031a480] Opening '/config/cache/transcodes/b125555ab317b38a7a544484ed0e1831384.mp4' for writing
[hls @ 0x638e2031a480] Opening '/config/cache/transcodes/b125555ab317b38a7a544484ed0e1831385.mp4' for writing
frame=55865 fps=1893 q=-1.0 size=N/A time=00:38:09.10 bitrate=N/A speed=77.6x    
[hls @ 0x638e2031a480] Opening '/config/cache/transcodes/b125555ab317b38a7a544484ed0e1831386.mp4' for writing
[hls @ 0x638e2031a480] Opening '/config/cache/transcodes/b125555ab317b38a7a544484ed0e1831387.mp4' for writing
[hls @ 0x638e2031a480] Opening '/config/cache/transcodes/b125555ab317b38a7a544484ed0e1831388.mp4' for writing
[hls @ 0x638e2031a480] Opening '/config/cache/transcodes/b125555ab317b38a7a544484ed0e1831389.mp4' for writing
[hls @ 0x638e2031a480] Opening '/config/cache/transcodes/b125555ab317b38a7a544484ed0e1831390.mp4' for writing
[hls @ 0x638e2031a480] Opening '/config/cache/transcodes/b125555ab317b38a7a544484ed0e1831391.mp4' for writing
[hls @ 0x638e2031a480] Opening '/config/cache/transcodes/b125555ab317b38a7a544484ed0e1831392.mp4' for writing
frame=56793 fps=1893 q=-1.0 size=N/A time=00:38:47.80 bitrate=N/A speed=77.6x    
[hls @ 0x638e2031a480] Opening '/config/cache/transcodes/b125555ab317b38a7a544484ed0e1831393.mp4' for writing
[hls @ 0x638e2031a480] Opening '/config/cache/transcodes/b125555ab317b38a7a544484ed0e1831394.mp4' for writing
[hls @ 0x638e2031a480] Opening '/config/cache/transcodes/b125555ab317b38a7a544484ed0e1831395.mp4' for writing
[hls @ 0x638e2031a480] Opening '/config/cache/transcodes/b125555ab317b38a7a544484ed0e1831396.mp4' for writing
[hls @ 0x638e2031a480] Opening '/config/cache/transcodes/b125555ab317b38a7a544484ed0e1831397.mp4' for writing
[hls @ 0x638e2031a480] Opening '/config/cache/transcodes/b125555ab317b38a7a544484ed0e1831398.mp4' for writing
[hls @ 0x638e2031a480] Opening '/config/cache/transcodes/b125555ab317b38a7a544484ed0e1831399.mp4' for writing
frame=57726 fps=1892 q=-1.0 size=N/A time=00:39:26.74 bitrate=N/A speed=77.6x    
[hls @ 0x638e2031a480] Opening '/config/cache/transcodes/b125555ab317b38a7a544484ed0e1831400.mp4' for writing
[hls @ 0x638e2031a480] Opening '/config/cache/transcodes/b125555ab317b38a7a544484ed0e1831401.mp4' for writing
[hls @ 0x638e2031a480] Opening '/config/cache/transcodes/b125555ab317b38a7a544484ed0e1831402.mp4' for writing
[hls @ 0x638e2031a480] Opening '/config/cache/transcodes/b125555ab317b38a7a544484ed0e1831403.mp4' for writing
[hls @ 0x638e2031a480] Opening '/config/cache/transcodes/b125555ab317b38a7a544484ed0e1831404.mp4' for writing
[hls @ 0x638e2031a480] Opening '/config/cache/transcodes/b125555ab317b38a7a544484ed0e1831405.mp4' for writing
frame=58671 fps=1892 q=-1.0 size=N/A time=00:40:06.16 bitrate=N/A speed=77.6x    
[hls @ 0x638e2031a480] Opening '/config/cache/transcodes/b125555ab317b38a7a544484ed0e1831406.mp4' for writing
[hls @ 0x638e2031a480] Opening '/config/cache/transcodes/b125555ab317b38a7a544484ed0e1831407.mp4' for writing
[hls @ 0x638e2031a480] Opening '/config/cache/transcodes/b125555ab317b38a7a544484ed0e1831408.mp4' for writing
[hls @ 0x638e2031a480] Opening '/config/cache/transcodes/b125555ab317b38a7a544484ed0e1831409.mp4' for writing
[hls @ 0x638e2031a480] Opening '/config/cache/transcodes/b125555ab317b38a7a544484ed0e1831410.mp4' for writing
[hls @ 0x638e2031a480] Opening '/config/cache/transcodes/b125555ab317b38a7a544484ed0e1831411.mp4' for writing
frame=59473 fps=1888 q=-1.0 size=N/A time=00:40:39.61 bitrate=N/A speed=77.4x    
[hls @ 0x638e2031a480] Opening '/config/cache/transcodes/b125555ab317b38a7a544484ed0e1831412.mp4' for writing
[hls @ 0x638e2031a480] Opening '/config/cache/transcodes/b125555ab317b38a7a544484ed0e1831413.mp4' for writing
[hls @ 0x638e2031a480] Opening '/config/cache/transcodes/b125555ab317b38a7a544484ed0e1831414.mp4' for writing
[hls @ 0x638e2031a480] Opening '/config/cache/transcodes/b125555ab317b38a7a544484ed0e1831415.mp4' for writing
[hls @ 0x638e2031a480] Opening '/config/cache/transcodes/b125555ab317b38a7a544484ed0e1831416.mp4' for writing
[hls @ 0x638e2031a480] Opening '/config/cache/transcodes/b125555ab317b38a7a544484ed0e1831417.mp4' for writing
[hls @ 0x638e2031a480] Opening '/config/cache/transcodes/b125555ab317b38a7a544484ed0e1831418.mp4' for writing
[hls @ 0x638e2031a480] Opening '/config/cache/transcodes/b125555ab317b38a7a544484ed0e1831419.mp4' for writing
frame=60478 fps=1890 q=-1.0 size=N/A time=00:41:21.94 bitrate=N/A speed=77.5x    
[hls @ 0x638e2031a480] Opening '/config/cache/transcodes/b125555ab317b38a7a544484ed0e1831420.mp4' for writing
[hls @ 0x638e2031a480] Opening '/config/cache/transcodes/b125555ab317b38a7a544484ed0e1831421.mp4' for writing
[hls @ 0x638e2031a480] Opening '/config/cache/transcodes/b125555ab317b38a7a544484ed0e1831422.mp4' for writing
[hls @ 0x638e2031a480] Opening '/config/cache/transcodes/b125555ab317b38a7a544484ed0e1831423.mp4' for writing
[hls @ 0x638e2031a480] Opening '/config/cache/transcodes/b125555ab317b38a7a544484ed0e1831424.mp4' for writing
[hls @ 0x638e2031a480] Opening '/config/cache/transcodes/b125555ab317b38a7a544484ed0e1831425.mp4' for writing
frame=61473 fps=1891 q=-1.0 size=N/A time=00:42:03.05 bitrate=N/A speed=77.6x    
[hls @ 0x638e2031a480] Opening '/config/cache/transcodes/b125555ab317b38a7a544484ed0e1831426.mp4' for writing
[hls @ 0x638e2031a480] Opening '/config/cache/transcodes/b125555ab317b38a7a544484ed0e1831427.mp4' for writing
[hls @ 0x638e2031a480] Opening '/config/cache/transcodes/b125555ab317b38a7a544484ed0e1831428.mp4' for writing
[hls @ 0x638e2031a480] Opening '/config/cache/transcodes/b125555ab317b38a7a544484ed0e1831429.mp4' for writing
[hls @ 0x638e2031a480] Opening '/config/cache/transcodes/b125555ab317b38a7a544484ed0e1831430.mp4' for writing
[hls @ 0x638e2031a480] Opening '/config/cache/transcodes/b125555ab317b38a7a544484ed0e1831431.mp4' for writing
frame=62323 fps=1888 q=-1.0 size=N/A time=00:42:38.50 bitrate=N/A speed=77.5x    
[hls @ 0x638e2031a480] Opening '/config/cache/transcodes/b125555ab317b38a7a544484ed0e1831432.mp4' for writing
[hls @ 0x638e2031a480] Opening '/config/cache/transcodes/b125555ab317b38a7a544484ed0e1831433.mp4' for writing
[hls @ 0x638e2031a480] Opening '/config/cache/transcodes/b125555ab317b38a7a544484ed0e1831434.mp4' for writing
[hls @ 0x638e2031a480] Opening '/config/cache/transcodes/b125555ab317b38a7a544484ed0e1831435.mp4' for writing
[hls @ 0x638e2031a480] Opening '/config/cache/transcodes/b125555ab317b38a7a544484ed0e1831436.mp4' for writing
[hls @ 0x638e2031a480] Opening '/config/cache/transcodes/b125555ab317b38a7a544484ed0e1831437.mp4' for writing
[hls @ 0x638e2031a480] Opening '/config/cache/transcodes/b125555ab317b38a7a544484ed0e1831438.mp4' for writing
frame=63304 fps=1889 q=-1.0 size=N/A time=00:43:19.44 bitrate=N/A speed=77.6x    
[hls @ 0x638e2031a480] Opening '/config/cache/transcodes/b125555ab317b38a7a544484ed0e1831439.mp4' for writing
[hls @ 0x638e2031a480] Opening '/config/cache/transcodes/b125555ab317b38a7a544484ed0e1831440.mp4' for writing
[hls @ 0x638e2031a480] Opening '/config/cache/transcodes/b125555ab317b38a7a544484ed0e1831441.mp4' for writing
[hls @ 0x638e2031a480] Opening '/config/cache/transcodes/b125555ab317b38a7a544484ed0e1831442.mp4' for writing
[hls @ 0x638e2031a480] Opening '/config/cache/transcodes/b125555ab317b38a7a544484ed0e1831443.mp4' for writing
[hls @ 0x638e2031a480] Opening '/config/cache/transcodes/b125555ab317b38a7a544484ed0e1831444.mp4' for writing
frame=64221 fps=1888 q=-1.0 size=N/A time=00:43:57.61 bitrate=N/A speed=77.6x    
[hls @ 0x638e2031a480] Opening '/config/cache/transcodes/b125555ab317b38a7a544484ed0e1831445.mp4' for writing
[hls @ 0x638e2031a480] Opening '/config/cache/transcodes/b125555ab317b38a7a544484ed0e1831446.mp4' for writing
[hls @ 0x638e2031a480] Opening '/config/cache/transcodes/b125555ab317b38a7a544484ed0e1831447.mp4' for writing
[hls @ 0x638e2031a480] Opening '/config/cache/transcodes/b125555ab317b38a7a544484ed0e1831448.mp4' for writing
[hls @ 0x638e2031a480] Opening '/config/cache/transcodes/b125555ab317b38a7a544484ed0e1831449.mp4' for writing
[hls @ 0x638e2031a480] Opening '/config/cache/transcodes/b125555ab317b38a7a544484ed0e1831450.mp4' for writing
[hls @ 0x638e2031a480] Opening '/config/cache/transcodes/b125555ab317b38a7a544484ed0e1831451.mp4' for writing
frame=65170 fps=1889 q=-1.0 size=N/A time=00:44:37.22 bitrate=N/A speed=77.6x    
[hls @ 0x638e2031a480] Opening '/config/cache/transcodes/b125555ab317b38a7a544484ed0e1831452.mp4' for writing
[hls @ 0x638e2031a480] Opening '/config/cache/transcodes/b125555ab317b38a7a544484ed0e1831453.mp4' for writing
[hls @ 0x638e2031a480] Opening '/config/cache/transcodes/b125555ab317b38a7a544484ed0e1831454.mp4' for writing
[hls @ 0x638e2031a480] Opening '/config/cache/transcodes/b125555ab317b38a7a544484ed0e1831455.mp4' for writing
[hls @ 0x638e2031a480] Opening '/config/cache/transcodes/b125555ab317b38a7a544484ed0e1831456.mp4' for writing
[hls @ 0x638e2031a480] Opening '/config/cache/transcodes/b125555ab317b38a7a544484ed0e1831457.mp4' for writing
[hls @ 0x638e2031a480] Opening '/config/cache/transcodes/b125555ab317b38a7a544484ed0e1831458.mp4' for writing
frame=66182 fps=1891 q=-1.0 size=N/A time=00:45:19.44 bitrate=N/A speed=77.7x    
[hls @ 0x638e2031a480] Opening '/config/cache/transcodes/b125555ab317b38a7a544484ed0e1831459.mp4' for writing
[hls @ 0x638e2031a480] Opening '/config/cache/transcodes/b125555ab317b38a7a544484ed0e1831460.mp4' for writing
[hls @ 0x638e2031a480] Opening '/config/cache/transcodes/b125555ab317b38a7a544484ed0e1831461.mp4' for writing
[hls @ 0x638e2031a480] Opening '/config/cache/transcodes/b125555ab317b38a7a544484ed0e1831462.mp4' for writing
[hls @ 0x638e2031a480] Opening '/config/cache/transcodes/b125555ab317b38a7a544484ed0e1831463.mp4' for writing
[hls @ 0x638e2031a480] Opening '/config/cache/transcodes/b125555ab317b38a7a544484ed0e1831464.mp4' for writing
frame=67062 fps=1889 q=-1.0 size=N/A time=00:45:56.13 bitrate=N/A speed=77.6x    
[hls @ 0x638e2031a480] Opening '/config/cache/transcodes/b125555ab317b38a7a544484ed0e1831465.mp4' for writing
[hls @ 0x638e2031a480] Opening '/config/cache/transcodes/b125555ab317b38a7a544484ed0e1831466.mp4' for writing
[hls @ 0x638e2031a480] Opening '/config/cache/transcodes/b125555ab317b38a7a544484ed0e1831467.mp4' for writing
[hls @ 0x638e2031a480] Opening '/config/cache/transcodes/b125555ab317b38a7a544484ed0e1831468.mp4' for writing
[hls @ 0x638e2031a480] Opening '/config/cache/transcodes/b125555ab317b38a7a544484ed0e1831469.mp4' for writing
[hls @ 0x638e2031a480] Opening '/config/cache/transcodes/b125555ab317b38a7a544484ed0e1831470.mp4' for writing
frame=68004 fps=1889 q=-1.0 size=N/A time=00:46:35.41 bitrate=N/A speed=77.6x    
[hls @ 0x638e2031a480] Opening '/config/cache/transcodes/b125555ab317b38a7a544484ed0e1831471.mp4' for writing
[hls @ 0x638e2031a480] Opening '/config/cache/transcodes/b125555ab317b38a7a544484ed0e1831472.mp4' for writing
[hls @ 0x638e2031a480] Opening '/config/cache/transcodes/b125555ab317b38a7a544484ed0e1831473.mp4' for writing
[hls @ 0x638e2031a480] Opening '/config/cache/transcodes/b125555ab317b38a7a544484ed0e1831474.mp4' for writing
[hls @ 0x638e2031a480] Opening '/config/cache/transcodes/b125555ab317b38a7a544484ed0e1831475.mp4' for writing
[hls @ 0x638e2031a480] Opening '/config/cache/transcodes/b125555ab317b38a7a544484ed0e1831476.mp4' for writing
frame=68832 fps=1885 q=-1.0 size=N/A time=00:47:09.97 bitrate=N/A speed=77.5x    
[hls @ 0x638e2031a480] Opening '/config/cache/transcodes/b125555ab317b38a7a544484ed0e1831477.mp4' for writing
[hls @ 0x638e2031a480] Opening '/config/cache/transcodes/b125555ab317b38a7a544484ed0e1831478.mp4' for writing
[hls @ 0x638e2031a480] Opening '/config/cache/transcodes/b125555ab317b38a7a544484ed0e1831479.mp4' for writing
[hls @ 0x638e2031a480] Opening '/config/cache/transcodes/b125555ab317b38a7a544484ed0e1831480.mp4' for writing
[hls @ 0x638e2031a480] Opening '/config/cache/transcodes/b125555ab317b38a7a544484ed0e1831481.mp4' for writing
[hls @ 0x638e2031a480] Opening '/config/cache/transcodes/b125555ab317b38a7a544484ed0e1831482.mp4' for writing
[hls @ 0x638e2031a480] Opening '/config/cache/transcodes/b125555ab317b38a7a544484ed0e1831483.mp4' for writing
frame=69738 fps=1884 q=-1.0 size=N/A time=00:47:47.75 bitrate=N/A speed=77.5x    
[hls @ 0x638e2031a480] Opening '/config/cache/transcodes/b125555ab317b38a7a544484ed0e1831484.mp4' for writing
[hls @ 0x638e2031a480] Opening '/config/cache/transcodes/b125555ab317b38a7a544484ed0e1831485.mp4' for writing
[hls @ 0x638e2031a480] Opening '/config/cache/transcodes/b125555ab317b38a7a544484ed0e1831486.mp4' for writing
[hls @ 0x638e2031a480] Opening '/config/cache/transcodes/b125555ab317b38a7a544484ed0e1831487.mp4' for writing
[hls @ 0x638e2031a480] Opening '/config/cache/transcodes/b125555ab317b38a7a544484ed0e1831488.mp4' for writing
frame=70537 fps=1881 q=-1.0 size=N/A time=00:48:21.07 bitrate=N/A speed=77.3x    
[hls @ 0x638e2031a480] Opening '/config/cache/transcodes/b125555ab317b38a7a544484ed0e1831489.mp4' for writing
[hls @ 0x638e2031a480] Opening '/config/cache/transcodes/b125555ab317b38a7a544484ed0e1831490.mp4' for writing
[hls @ 0x638e2031a480] Opening '/config/cache/transcodes/b125555ab317b38a7a544484ed0e1831491.mp4' for writing
[hls @ 0x638e2031a480] Opening '/config/cache/transcodes/b125555ab317b38a7a544484ed0e1831492.mp4' for writing
[hls @ 0x638e2031a480] Opening '/config/cache/transcodes/b125555ab317b38a7a544484ed0e1831493.mp4' for writing
[hls @ 0x638e2031a480] Opening '/config/cache/transcodes/b125555ab317b38a7a544484ed0e1831494.mp4' for writing
[hls @ 0x638e2031a480] Opening '/config/cache/transcodes/b125555ab317b38a7a544484ed0e1831495.mp4' for writing
frame=71541 fps=1882 q=-1.0 size=N/A time=00:49:02.95 bitrate=N/A speed=77.4x    
[hls @ 0x638e2031a480] Opening '/config/cache/transcodes/b125555ab317b38a7a544484ed0e1831496.mp4' for writing
[hls @ 0x638e2031a480] Opening '/config/cache/transcodes/b125555ab317b38a7a544484ed0e1831497.mp4' for writing
[hls @ 0x638e2031a480] Opening '/config/cache/transcodes/b125555ab317b38a7a544484ed0e1831498.mp4' for writing
[hls @ 0x638e2031a480] Opening '/config/cache/transcodes/b125555ab317b38a7a544484ed0e1831499.mp4' for writing
[hls @ 0x638e2031a480] Opening '/config/cache/transcodes/b125555ab317b38a7a544484ed0e1831500.mp4' for writing
[hls @ 0x638e2031a480] Opening '/config/cache/transcodes/b125555ab317b38a7a544484ed0e1831501.mp4' for writing
[hls @ 0x638e2031a480] Opening '/config/cache/transcodes/b125555ab317b38a7a544484ed0e1831502.mp4' for writing
frame=72583 fps=1885 q=-1.0 size=N/A time=00:49:46.36 bitrate=N/A speed=77.6x    
[hls @ 0x638e2031a480] Opening '/config/cache/transcodes/b125555ab317b38a7a544484ed0e1831503.mp4' for writing
[hls @ 0x638e2031a480] Opening '/config/cache/transcodes/b125555ab317b38a7a544484ed0e1831504.mp4' for writing
[hls @ 0x638e2031a480] Opening '/config/cache/transcodes/b125555ab317b38a7a544484ed0e1831505.mp4' for writing
[hls @ 0x638e2031a480] Opening '/config/cache/transcodes/b125555ab317b38a7a544484ed0e1831506.mp4' for writing
[hls @ 0x638e2031a480] Opening '/config/cache/transcodes/b125555ab317b38a7a544484ed0e1831507.mp4' for writing
frame=73531 fps=1885 q=-1.0 size=N/A time=00:50:25.96 bitrate=N/A speed=77.6x    
[hls @ 0x638e2031a480] Opening '/config/cache/transcodes/b125555ab317b38a7a544484ed0e1831508.mp4' for writing
[hls @ 0x638e2031a480] Opening '/config/cache/transcodes/b125555ab317b38a7a544484ed0e1831509.mp4' for writing
[hls @ 0x638e2031a480] Opening '/config/cache/transcodes/b125555ab317b38a7a544484ed0e1831510.mp4' for writing
[hls @ 0x638e2031a480] Opening '/config/cache/transcodes/b125555ab317b38a7a544484ed0e1831511.mp4' for writing
[hls @ 0x638e2031a480] Opening '/config/cache/transcodes/b125555ab317b38a7a544484ed0e1831512.mp4' for writing
[hls @ 0x638e2031a480] Opening '/config/cache/transcodes/b125555ab317b38a7a544484ed0e1831513.mp4' for writing
[hls @ 0x638e2031a480] Opening '/config/cache/transcodes/b125555ab317b38a7a544484ed0e1831514.mp4' for writing
[hls @ 0x638e2031a480] Opening '/config/cache/transcodes/b125555ab317b38a7a544484ed0e1831515.mp4' for writing
frame=74450 fps=1884 q=-1.0 size=N/A time=00:51:04.29 bitrate=N/A speed=77.6x    
[hls @ 0x638e2031a480] Opening '/config/cache/transcodes/b125555ab317b38a7a544484ed0e1831516.mp4' for writing
[hls @ 0x638e2031a480] Opening '/config/cache/transcodes/b125555ab317b38a7a544484ed0e1831517.mp4' for writing
[hls @ 0x638e2031a480] Opening '/config/cache/transcodes/b125555ab317b38a7a544484ed0e1831518.mp4' for writing
[hls @ 0x638e2031a480] Opening '/config/cache/transcodes/b125555ab317b38a7a544484ed0e1831519.mp4' for writing
[hls @ 0x638e2031a480] Opening '/config/cache/transcodes/b125555ab317b38a7a544484ed0e1831520.mp4' for writing
[hls @ 0x638e2031a480] Opening '/config/cache/transcodes/b125555ab317b38a7a544484ed0e1831521.mp4' for writing
[hls @ 0x638e2031a480] Opening '/config/cache/transcodes/b125555ab317b38a7a544484ed0e1831522.mp4' for writing
frame=75395 fps=1885 q=-1.0 size=N/A time=00:51:43.68 bitrate=N/A speed=77.6x    
[hls @ 0x638e2031a480] Opening '/config/cache/transcodes/b125555ab317b38a7a544484ed0e1831523.mp4' for writing
[hls @ 0x638e2031a480] Opening '/config/cache/transcodes/b125555ab317b38a7a544484ed0e1831524.mp4' for writing
[hls @ 0x638e2031a480] Opening '/config/cache/transcodes/b125555ab317b38a7a544484ed0e1831525.mp4' for writing
[hls @ 0x638e2031a480] Opening '/config/cache/transcodes/b125555ab317b38a7a544484ed0e1831526.mp4' for writing
[hls @ 0x638e2031a480] Opening '/config/cache/transcodes/b125555ab317b38a7a544484ed0e1831527.mp4' for writing
[hls @ 0x638e2031a480] Opening '/config/cache/transcodes/b125555ab317b38a7a544484ed0e1831528.mp4' for writing
[hls @ 0x638e2031a480] Opening '/config/cache/transcodes/b125555ab317b38a7a544484ed0e1831529.mp4' for writing
frame=76378 fps=1886 q=-1.0 size=N/A time=00:52:24.70 bitrate=N/A speed=77.6x    
[hls @ 0x638e2031a480] Opening '/config/cache/transcodes/b125555ab317b38a7a544484ed0e1831530.mp4' for writing
[hls @ 0x638e2031a480] Opening '/config/cache/transcodes/b125555ab317b38a7a544484ed0e1831531.mp4' for writing
[hls @ 0x638e2031a480] Opening '/config/cache/transcodes/b125555ab317b38a7a544484ed0e1831532.mp4' for writing
[hls @ 0x638e2031a480] Opening '/config/cache/transcodes/b125555ab317b38a7a544484ed0e1831533.mp4' for writing
[hls @ 0x638e2031a480] Opening '/config/cache/transcodes/b125555ab317b38a7a544484ed0e1831534.mp4' for writing
[hls @ 0x638e2031a480] Opening '/config/cache/transcodes/b125555ab317b38a7a544484ed0e1831535.mp4' for writing
frame=77349 fps=1886 q=-1.0 size=N/A time=00:53:05.19 bitrate=N/A speed=77.7x    
[hls @ 0x638e2031a480] Opening '/config/cache/transcodes/b125555ab317b38a7a544484ed0e1831536.mp4' for writing
[hls @ 0x638e2031a480] Opening '/config/cache/transcodes/b125555ab317b38a7a544484ed0e1831537.mp4' for writing
[hls @ 0x638e2031a480] Opening '/config/cache/transcodes/b125555ab317b38a7a544484ed0e1831538.mp4' for writing
[hls @ 0x638e2031a480] Opening '/config/cache/transcodes/b125555ab317b38a7a544484ed0e1831539.mp4' for writing
[hls @ 0x638e2031a480] Opening '/config/cache/transcodes/b125555ab317b38a7a544484ed0e1831540.mp4' for writing
[hls @ 0x638e2031a480] Opening '/config/cache/transcodes/b125555ab317b38a7a544484ed0e1831541.mp4' for writing
frame=78213 fps=1884 q=-1.0 size=N/A time=00:53:41.58 bitrate=N/A speed=77.6x    
[hls @ 0x638e2031a480] Opening '/config/cache/transcodes/b125555ab317b38a7a544484ed0e1831542.mp4' for writing
[hls @ 0x638e2031a480] Opening '/config/cache/transcodes/b125555ab317b38a7a544484ed0e1831543.mp4' for writing
[hls @ 0x638e2031a480] Opening '/config/cache/transcodes/b125555ab317b38a7a544484ed0e1831544.mp4' for writing
[hls @ 0x638e2031a480] Opening '/config/cache/transcodes/b125555ab317b38a7a544484ed0e1831545.mp4' for writing
[hls @ 0x638e2031a480] Opening '/config/cache/transcodes/b125555ab317b38a7a544484ed0e1831546.mp4' for writing
[hls @ 0x638e2031a480] Opening '/config/cache/transcodes/b125555ab317b38a7a544484ed0e1831547.mp4' for writing
[hls @ 0x638e2031a480] Opening '/config/cache/transcodes/b125555ab317b38a7a544484ed0e1831548.mp4' for writing
[hls @ 0x638e2031a480] Opening '/config/cache/transcodes/b125555ab317b38a7a544484ed0e1831549.mp4' for writing
frame=79194 fps=1885 q=-1.0 size=N/A time=00:54:22.12 bitrate=N/A speed=77.7x    
[hls @ 0x638e2031a480] Opening '/config/cache/transcodes/b125555ab317b38a7a544484ed0e1831550.mp4' for writing
[hls @ 0x638e2031a480] Opening '/config/cache/transcodes/b125555ab317b38a7a544484ed0e1831551.mp4' for writing
[hls @ 0x638e2031a480] Opening '/config/cache/transcodes/b125555ab317b38a7a544484ed0e1831552.mp4' for writing
[hls @ 0x638e2031a480] Opening '/config/cache/transcodes/b125555ab317b38a7a544484ed0e1831553.mp4' for writing
[hls @ 0x638e2031a480] Opening '/config/cache/transcodes/b125555ab317b38a7a544484ed0e1831554.mp4' for writing
[hls @ 0x638e2031a480] Opening '/config/cache/transcodes/b125555ab317b38a7a544484ed0e1831555.mp4' for writing
frame=80077 fps=1884 q=-1.0 size=N/A time=00:54:58.96 bitrate=N/A speed=77.6x    
[hls @ 0x638e2031a480] Opening '/config/cache/transcodes/b125555ab317b38a7a544484ed0e1831556.mp4' for writing
[hls @ 0x638e2031a480] Opening '/config/cache/transcodes/b125555ab317b38a7a544484ed0e1831557.mp4' for writing
[hls @ 0x638e2031a480] Opening '/config/cache/transcodes/b125555ab317b38a7a544484ed0e1831558.mp4' for writing
[hls @ 0x638e2031a480] Opening '/config/cache/transcodes/b125555ab317b38a7a544484ed0e1831559.mp4' for writing
[hls @ 0x638e2031a480] Opening '/config/cache/transcodes/b125555ab317b38a7a544484ed0e1831560.mp4' for writing
frame=80965 fps=1883 q=-1.0 size=N/A time=00:55:36.02 bitrate=N/A speed=77.6x    
[hls @ 0x638e2031a480] Opening '/config/cache/transcodes/b125555ab317b38a7a544484ed0e1831561.mp4' for writing
[hls @ 0x638e2031a480] Opening '/config/cache/transcodes/b125555ab317b38a7a544484ed0e1831562.mp4' for writing
[hls @ 0x638e2031a480] Opening '/config/cache/transcodes/b125555ab317b38a7a544484ed0e1831563.mp4' for writing
[hls @ 0x638e2031a480] Opening '/config/cache/transcodes/b125555ab317b38a7a544484ed0e1831564.mp4' for writing
[hls @ 0x638e2031a480] Opening '/config/cache/transcodes/b125555ab317b38a7a544484ed0e1831565.mp4' for writing
[hls @ 0x638e2031a480] Opening '/config/cache/transcodes/b125555ab317b38a7a544484ed0e1831566.mp4' for writing
[hls @ 0x638e2031a480] Opening '/config/cache/transcodes/b125555ab317b38a7a544484ed0e1831567.mp4' for writing
frame=81857 fps=1881 q=-1.0 size=N/A time=00:56:13.20 bitrate=N/A speed=77.5x    
[hls @ 0x638e2031a480] Opening '/config/cache/transcodes/b125555ab317b38a7a544484ed0e1831568.mp4' for writing
[hls @ 0x638e2031a480] Opening '/config/cache/transcodes/b125555ab317b38a7a544484ed0e1831569.mp4' for writing
[hls @ 0x638e2031a480] Opening '/config/cache/transcodes/b125555ab317b38a7a544484ed0e1831570.mp4' for writing
[hls @ 0x638e2031a480] Opening '/config/cache/transcodes/b125555ab317b38a7a544484ed0e1831571.mp4' for writing
[hls @ 0x638e2031a480] Opening '/config/cache/transcodes/b125555ab317b38a7a544484ed0e1831572.mp4' for writing
[hls @ 0x638e2031a480] Opening '/config/cache/transcodes/b125555ab317b38a7a544484ed0e1831573.mp4' for writing
[hls @ 0x638e2031a480] Opening '/config/cache/transcodes/b125555ab317b38a7a544484ed0e1831574.mp4' for writing
frame=82761 fps=1881 q=-1.0 size=N/A time=00:56:50.90 bitrate=N/A speed=77.5x    
[hls @ 0x638e2031a480] Opening '/config/cache/transcodes/b125555ab317b38a7a544484ed0e1831575.mp4' for writing
[hls @ 0x638e2031a480] Opening '/config/cache/transcodes/b125555ab317b38a7a544484ed0e1831576.mp4' for writing
[hls @ 0x638e2031a480] Opening '/config/cache/transcodes/b125555ab317b38a7a544484ed0e1831577.mp4' for writing
[hls @ 0x638e2031a480] Opening '/config/cache/transcodes/b125555ab317b38a7a544484ed0e1831578.mp4' for writing
[hls @ 0x638e2031a480] Opening '/config/cache/transcodes/b125555ab317b38a7a544484ed0e1831579.mp4' for writing
[out#0/hls @ 0x638e2031a800] video:806172KiB audio:108759KiB subtitle:0KiB other streams:0KiB global headers:0KiB muxing overhead: unknown
frame=83442 fps=1883 q=-1.0 Lsize=N/A time=00:57:19.76 bitrate=N/A speed=77.6x    