{"Protocol":0,"Id":"abcf33a535bedf4a9295119b50358a62","Path":"/data/serie/Invasion.2021.S02E01.1080p.WEB-DL.DUAL.5.1/Invasion.S02E01.1080p.WEB-DL.DUAL.5.1.mkv","EncoderPath":null,"EncoderProtocol":null,"Type":0,"Container":"mkv","Size":1627488461,"Name":"Invasion.S02E01.1080p.WEB-DL.DUAL.5.1","IsRemote":false,"ETag":"ebb4e5d7f447763fb114e6118935f35e","RunTimeTicks":34819840000,"ReadAtNativeFramerate":false,"IgnoreDts":false,"IgnoreIndex":false,"GenPtsInput":false,"SupportsTranscoding":true,"SupportsDirectStream":true,"SupportsDirectPlay":true,"IsInfiniteStream":false,"UseMostCompatibleTranscodingProfile":false,"RequiresOpening":false,"OpenToken":null,"RequiresClosing":false,"LiveStreamId":null,"BufferMs":null,"RequiresLooping":false,"SupportsProbing":true,"VideoType":0,"IsoType":null,"Video3DFormat":null,"MediaStreams":[{"Codec":"h264","CodecTag":null,"Language":null,"ColorRange":null,"ColorSpace":"bt709","ColorTransfer":"bt709","ColorPrimaries":"bt709","DvVersionMajor":null,"DvVersionMinor":null,"DvProfile":null,"DvLevel":null,"RpuPresentFlag":null,"ElPresentFlag":null,"BlPresentFlag":null,"DvBlSignalCompatibilityId":null,"Rotation":null,"Comment":null,"TimeBase":"1/1000","CodecTimeBase":null,"Title":null,"VideoRange":1,"VideoRangeType":1,"VideoDoViTitle":null,"AudioSpatialFormat":0,"LocalizedUndefined":null,"LocalizedDefault":null,"LocalizedForced":null,"LocalizedExternal":null,"LocalizedHearingImpaired":null,"DisplayTitle":"1080p H264 SDR","NalLengthSize":"4","IsInterlaced":false,"IsAVC":true,"ChannelLayout":null,"BitRate":3739220,"BitDepth":8,"RefFrames":1,"PacketLength":null,"Channels":null,"SampleRate":null,"IsDefault":true,"IsForced":false,"IsHearingImpaired":false,"Height":800,"Width":1920,"AverageFrameRate":23.976025,"RealFrameRate":23.976025,"ReferenceFrameRate":23.976025,"Profile":"High","Type":1,"AspectRatio":"2.40:1","Index":0,"Score":null,"IsExternal":false,"DeliveryMethod":null,"DeliveryUrl":null,"IsExternalUrl":null,"IsTextSubtitleStream":false,"SupportsExternalStream":false,"Path":null,"PixelFormat":"yuv420p","Level":41,"IsAnamorphic":false},{"Codec":"eac3","CodecTag":null,"Language":"por","ColorRange":null,"ColorSpace":null,"ColorTransfer":null,"ColorPrimaries":null,"DvVersionMajor":null,"DvVersionMinor":null,"DvProfile":null,"DvLevel":null,"RpuPresentFlag":null,"ElPresentFlag":null,"BlPresentFlag":null,"DvBlSignalCompatibilityId":null,"Rotation":null,"Comment":null,"TimeBase":"1/1000","CodecTimeBase":null,"Title":"PT-BR 5.1","VideoRange":0,"VideoRangeType":0,"VideoDoViTitle":null,"AudioSpatialFormat":1,"LocalizedUndefined":null,"LocalizedDefault":"Padr\u00E3o","LocalizedForced":null,"LocalizedExternal":"Externo","LocalizedHearingImpaired":null,"DisplayTitle":"PT-BR 5.1 - Portuguese - Dolby Digital Plus \u002B Dolby Atmos - Padr\u00E3o","NalLengthSize":null,"IsInterlaced":false,"IsAVC":false,"ChannelLayout":"5.1","BitRate":768000,"BitDepth":null,"RefFrames":null,"PacketLength":null,"Channels":6,"SampleRate":48000,"IsDefault":true,"IsForced":false,"IsHearingImpaired":false,"Height":null,"Width":null,"AverageFrameRate":null,"RealFrameRate":null,"ReferenceFrameRate":null,"Profile":"Dolby Digital Plus \u002B Dolby Atmos","Type":0,"AspectRatio":null,"Index":1,"Score":null,"IsExternal":false,"DeliveryMethod":null,"DeliveryUrl":null,"IsExternalUrl":null,"IsTextSubtitleStream":false,"SupportsExternalStream":false,"Path":null,"PixelFormat":null,"Level":0,"IsAnamorphic":null},{"Codec":"eac3","CodecTag":null,"Language":"eng","ColorRange":null,"ColorSpace":null,"ColorTransfer":null,"ColorPrimaries":null,"DvVersionMajor":null,"DvVersionMinor":null,"DvProfile":null,"DvLevel":null,"RpuPresentFlag":null,"ElPresentFlag":null,"BlPresentFlag":null,"DvBlSignalCompatibilityId":null,"Rotation":null,"Comment":null,"TimeBase":"1/1000","CodecTimeBase":null,"Title":"INGL\u00CAS 5.1","VideoRange":0,"VideoRangeType":0,"VideoDoViTitle":null,"AudioSpatialFormat":1,"LocalizedUndefined":null,"LocalizedDefault":"Padr\u00E3o","LocalizedForced":null,"LocalizedExternal":"Externo","LocalizedHearingImpaired":null,"DisplayTitle":"INGL\u00CAS 5.1 - English - Dolby Digital Plus \u002B Dolby Atmos","NalLengthSize":null,"IsInterlaced":false,"IsAVC":false,"ChannelLayout":"5.1","BitRate":768000,"BitDepth":null,"RefFrames":null,"PacketLength":null,"Channels":6,"SampleRate":48000,"IsDefault":false,"IsForced":false,"IsHearingImpaired":false,"Height":null,"Width":null,"AverageFrameRate":null,"RealFrameRate":null,"ReferenceFrameRate":null,"Profile":"Dolby Digital Plus \u002B Dolby Atmos","Type":0,"AspectRatio":null,"Index":2,"Score":null,"IsExternal":false,"DeliveryMethod":null,"DeliveryUrl":null,"IsExternalUrl":null,"IsTextSubtitleStream":false,"SupportsExternalStream":false,"Path":null,"PixelFormat":null,"Level":0,"IsAnamorphic":null},{"Codec":"ass","CodecTag":null,"Language":"por","ColorRange":null,"ColorSpace":null,"ColorTransfer":null,"ColorPrimaries":null,"DvVersionMajor":null,"DvVersionMinor":null,"DvProfile":null,"DvLevel":null,"RpuPresentFlag":null,"ElPresentFlag":null,"BlPresentFlag":null,"DvBlSignalCompatibilityId":null,"Rotation":null,"Comment":null,"TimeBase":"1/1000","CodecTimeBase":null,"Title":"FOR\u00C7ADA PT-BR","VideoRange":0,"VideoRangeType":0,"VideoDoViTitle":null,"AudioSpatialFormat":0,"LocalizedUndefined":"Indefinido","LocalizedDefault":"Padr\u00E3o","LocalizedForced":"For\u00E7ado","LocalizedExternal":"Externo","LocalizedHearingImpaired":"Defici\u00EAncia Auditiva","DisplayTitle":"FOR\u00C7ADA PT-BR - Portuguese - ASS","NalLengthSize":null,"IsInterlaced":false,"IsAVC":false,"ChannelLayout":null,"BitRate":null,"BitDepth":null,"RefFrames":null,"PacketLength":null,"Channels":null,"SampleRate":null,"IsDefault":false,"IsForced":false,"IsHearingImpaired":false,"Height":0,"Width":0,"AverageFrameRate":null,"RealFrameRate":null,"ReferenceFrameRate":null,"Profile":null,"Type":2,"AspectRatio":null,"Index":3,"Score":null,"IsExternal":false,"DeliveryMethod":null,"DeliveryUrl":null,"IsExternalUrl":null,"IsTextSubtitleStream":true,"SupportsExternalStream":true,"Path":null,"PixelFormat":null,"Level":0,"IsAnamorphic":null},{"Codec":"ass","CodecTag":null,"Language":"por","ColorRange":null,"ColorSpace":null,"ColorTransfer":null,"ColorPrimaries":null,"DvVersionMajor":null,"DvVersionMinor":null,"DvProfile":null,"DvLevel":null,"RpuPresentFlag":null,"ElPresentFlag":null,"BlPresentFlag":null,"DvBlSignalCompatibilityId":null,"Rotation":null,"Comment":null,"TimeBase":"1/1000","CodecTimeBase":null,"Title":"COMPLETA PT-BR","VideoRange":0,"VideoRangeType":0,"VideoDoViTitle":null,"AudioSpatialFormat":0,"LocalizedUndefined":"Indefinido","LocalizedDefault":"Padr\u00E3o","LocalizedForced":"For\u00E7ado","LocalizedExternal":"Externo","LocalizedHearingImpaired":"Defici\u00EAncia Auditiva","DisplayTitle":"COMPLETA PT-BR - Portuguese - ASS","NalLengthSize":null,"IsInterlaced":false,"IsAVC":false,"ChannelLayout":null,"BitRate":null,"BitDepth":null,"RefFrames":null,"PacketLength":null,"Channels":null,"SampleRate":null,"IsDefault":false,"IsForced":false,"IsHearingImpaired":false,"Height":0,"Width":0,"AverageFrameRate":null,"RealFrameRate":null,"ReferenceFrameRate":null,"Profile":null,"Type":2,"AspectRatio":null,"Index":4,"Score":null,"IsExternal":false,"DeliveryMethod":null,"DeliveryUrl":null,"IsExternalUrl":null,"IsTextSubtitleStream":true,"SupportsExternalStream":true,"Path":null,"PixelFormat":null,"Level":0,"IsAnamorphic":null}],"MediaAttachments":[],"Formats":[],"Bitrate":5275220,"FallbackMaxStreamingBitrate":null,"Timestamp":null,"RequiredHttpHeaders":{},"TranscodingUrl":null,"TranscodingSubProtocol":0,"TranscodingContainer":null,"AnalyzeDurationMs":null,"DefaultAudioStreamIndex":null,"DefaultSubtitleStreamIndex":null,"HasSegments":true}

/usr/lib/jellyfin-ffmpeg/ffmpeg -analyzeduration 200M -probesize 1G -fflags +genpts  -i file:"/data/serie/Invasion.2021.S02E01.1080p.WEB-DL.DUAL.5.1/Invasion.S02E01.1080p.WEB-DL.DUAL.5.1.mkv" -map_metadata -1 -map_chapters -1 -threads 6 -map 0:0 -map 0:1 -map -0:s -codec:v:0 copy -bsf:v h264_mp4toannexb -start_at_zero -codec:a:0 libfdk_aac -ac 2 -ab 256000 -af "volume=2" -copyts -avoid_negative_ts disabled -max_muxing_queue_size 2048 -f hls -max_delay 5000000 -hls_time 6 -hls_segment_type fmp4 -hls_fmp4_init_filename "a66b56c5c9b7925769174920f719b28a-1.mp4" -start_number 0 -hls_segment_filename "/config/cache/transcodes/a66b56c5c9b7925769174920f719b28a%d.mp4" -hls_playlist_type vod -hls_list_size 0 -y "/config/cache/transcodes/a66b56c5c9b7925769174920f719b28a.m3u8"


ffmpeg version 7.1.1-Jellyfin Copyright (c) 2000-2025 the FFmpeg developers
  built with gcc 13 (Ubuntu 13.3.0-6ubuntu2~24.04)
  configuration: --prefix=/usr/lib/jellyfin-ffmpeg --target-os=linux --extra-version=Jellyfin --disable-doc --disable-ffplay --disable-static --disable-libxcb --disable-sdl2 --disable-xlib --enable-lto=auto --enable-gpl --enable-version3 --enable-shared --enable-gmp --enable-gnutls --enable-chromaprint --enable-opencl --enable-libdrm --enable-libxml2 --enable-libass --enable-libfreetype --enable-libfribidi --enable-libfontconfig --enable-libharfbuzz --enable-libbluray --enable-libmp3lame --enable-libopus --enable-libtheora --enable-libvorbis --enable-libopenmpt --enable-libdav1d --enable-libsvtav1 --enable-libwebp --enable-libvpx --enable-libx264 --enable-libx265 --enable-libzvbi --enable-libzimg --enable-libfdk-aac --arch=amd64 --enable-libshaderc --enable-libplacebo --enable-vulkan --enable-vaapi --enable-amf --enable-libvpl --enable-ffnvcodec --enable-cuda --enable-cuda-llvm --enable-cuvid --enable-nvdec --enable-nvenc
  libavutil      59. 39.100 / 59. 39.100
  libavcodec     61. 19.101 / 61. 19.101
  libavformat    61.  7.100 / 61.  7.100
  libavdevice    61.  3.100 / 61.  3.100
  libavfilter    10.  4.100 / 10.  4.100
  libswscale      8.  3.100 /  8.  3.100
  libswresample   5.  3.100 /  5.  3.100
  libpostproc    58.  3.100 / 58.  3.100
Input #0, matroska,webm, from 'file:/data/serie/Invasion.2021.S02E01.1080p.WEB-DL.DUAL.5.1/Invasion.S02E01.1080p.WEB-DL.DUAL.5.1.mkv':
  Metadata:
    title           : 2x01 - COMANDO.LA
    creation_time   : 2023-08-23T01:45:04.000000Z
    ENCODER         : Lavf59.27.100
  Duration: 00:58:01.98, start: 0.000000, bitrate: 3739 kb/s
  Stream #0:0: Video: h264 (High), yuv420p(tv, bt709, progressive), 1920x800 [SAR 1:1 DAR 12:5], 23.98 fps, 23.98 tbr, 1k tbn (default)
      Metadata:
        DURATION        : 00:58:01.979000000
  Stream #0:1(por): Audio: eac3 (Dolby Digital Plus + Dolby Atmos), 48000 Hz, 5.1(side), fltp, 768 kb/s (default)
      Metadata:
        title           : PT-BR 5.1
        DURATION        : 00:58:01.984000000
  Stream #0:2(eng): Audio: eac3 (Dolby Digital Plus + Dolby Atmos), 48000 Hz, 5.1(side), fltp, 768 kb/s
      Metadata:
        title           : INGLÊS 5.1
        DURATION        : 00:58:01.984000000
  Stream #0:3(por): Subtitle: ass (ssa)
      Metadata:
        title           : FORÇADA PT-BR
        DURATION        : 00:57:48.927000000
  Stream #0:4(por): Subtitle: ass (ssa)
      Metadata:
        title           : COMPLETA PT-BR
        DURATION        : 00:57:48.927000000
Stream mapping:
  Stream #0:0 -> #0:0 (copy)
  Stream #0:1 -> #0:1 (eac3 (native) -> aac (libfdk_aac))
Press [q] to stop, [?] for help
[hls @ 0x5d86b9982800] Opening '/config/cache/transcodes/a66b56c5c9b7925769174920f719b28a-1.mp4' for writing
Output #0, hls, to '/config/cache/transcodes/a66b56c5c9b7925769174920f719b28a.m3u8':
  Metadata:
    encoder         : Lavf61.7.100
  Stream #0:0: Video: h264 (High), yuv420p(tv, bt709, progressive), 1920x800 [SAR 1:1 DAR 12:5], q=2-31, 23.98 fps, 23.98 tbr, 16k tbn (default)
  Stream #0:1: Audio: aac, 48000 Hz, stereo, s16, 256 kb/s (default)
      Metadata:
        encoder         : Lavc61.19.101 libfdk_aac
      Side data:
        cpb: bitrate max/min/avg: 256000/256000/256000 buffer size: 0 vbv_delay: N/A
[hls @ 0x5d86b9982800] Opening '/config/cache/transcodes/a66b56c5c9b7925769174920f719b28a0.mp4' for writing
[hls @ 0x5d86b9982800] Opening '/config/cache/transcodes/a66b56c5c9b7925769174920f719b28a1.mp4' for writing
[hls @ 0x5d86b9982800] Opening '/config/cache/transcodes/a66b56c5c9b7925769174920f719b28a2.mp4' for writing
[hls @ 0x5d86b9982800] Opening '/config/cache/transcodes/a66b56c5c9b7925769174920f719b28a3.mp4' for writing
[hls @ 0x5d86b9982800] Opening '/config/cache/transcodes/a66b56c5c9b7925769174920f719b28a4.mp4' for writing
[hls @ 0x5d86b9982800] Opening '/config/cache/transcodes/a66b56c5c9b7925769174920f719b28a5.mp4' for writing
frame= 1094 fps=0.0 q=-1.0 size=N/A time=00:00:00.00 bitrate=N/A speed=   0x    
[hls @ 0x5d86b9982800] Opening '/config/cache/transcodes/a66b56c5c9b7925769174920f719b28a6.mp4' for writing
[hls @ 0x5d86b9982800] Opening '/config/cache/transcodes/a66b56c5c9b7925769174920f719b28a7.mp4' for writing
[hls @ 0x5d86b9982800] Opening '/config/cache/transcodes/a66b56c5c9b7925769174920f719b28a8.mp4' for writing
[hls @ 0x5d86b9982800] Opening '/config/cache/transcodes/a66b56c5c9b7925769174920f719b28a9.mp4' for writing
[hls @ 0x5d86b9982800] Opening '/config/cache/transcodes/a66b56c5c9b7925769174920f719b28a10.mp4' for writing
[hls @ 0x5d86b9982800] Opening '/config/cache/transcodes/a66b56c5c9b7925769174920f719b28a11.mp4' for writing
[hls @ 0x5d86b9982800] Opening '/config/cache/transcodes/a66b56c5c9b7925769174920f719b28a12.mp4' for writing
frame= 2014 fps=2014 q=-1.0 size=N/A time=00:00:38.35 bitrate=N/A speed=38.4x    
[hls @ 0x5d86b9982800] Opening '/config/cache/transcodes/a66b56c5c9b7925769174920f719b28a13.mp4' for writing
[hls @ 0x5d86b9982800] Opening '/config/cache/transcodes/a66b56c5c9b7925769174920f719b28a14.mp4' for writing
[hls @ 0x5d86b9982800] Opening '/config/cache/transcodes/a66b56c5c9b7925769174920f719b28a15.mp4' for writing
[hls @ 0x5d86b9982800] Opening '/config/cache/transcodes/a66b56c5c9b7925769174920f719b28a16.mp4' for writing
[hls @ 0x5d86b9982800] Opening '/config/cache/transcodes/a66b56c5c9b7925769174920f719b28a17.mp4' for writing
[hls @ 0x5d86b9982800] Opening '/config/cache/transcodes/a66b56c5c9b7925769174920f719b28a18.mp4' for writing
[hls @ 0x5d86b9982800] Opening '/config/cache/transcodes/a66b56c5c9b7925769174920f719b28a19.mp4' for writing
frame= 3046 fps=2030 q=-1.0 size=N/A time=00:01:21.40 bitrate=N/A speed=54.3x    
[hls @ 0x5d86b9982800] Opening '/config/cache/transcodes/a66b56c5c9b7925769174920f719b28a20.mp4' for writing
[hls @ 0x5d86b9982800] Opening '/config/cache/transcodes/a66b56c5c9b7925769174920f719b28a21.mp4' for writing
[hls @ 0x5d86b9982800] Opening '/config/cache/transcodes/a66b56c5c9b7925769174920f719b28a22.mp4' for writing
[hls @ 0x5d86b9982800] Opening '/config/cache/transcodes/a66b56c5c9b7925769174920f719b28a23.mp4' for writing
[hls @ 0x5d86b9982800] Opening '/config/cache/transcodes/a66b56c5c9b7925769174920f719b28a24.mp4' for writing
[hls @ 0x5d86b9982800] Opening '/config/cache/transcodes/a66b56c5c9b7925769174920f719b28a25.mp4' for writing
[hls @ 0x5d86b9982800] Opening '/config/cache/transcodes/a66b56c5c9b7925769174920f719b28a26.mp4' for writing
frame= 4000 fps=2000 q=-1.0 size=N/A time=00:02:01.19 bitrate=N/A speed=60.6x    
[hls @ 0x5d86b9982800] Opening '/config/cache/transcodes/a66b56c5c9b7925769174920f719b28a27.mp4' for writing
[hls @ 0x5d86b9982800] Opening '/config/cache/transcodes/a66b56c5c9b7925769174920f719b28a28.mp4' for writing
[hls @ 0x5d86b9982800] Opening '/config/cache/transcodes/a66b56c5c9b7925769174920f719b28a29.mp4' for writing
[hls @ 0x5d86b9982800] Opening '/config/cache/transcodes/a66b56c5c9b7925769174920f719b28a30.mp4' for writing
[hls @ 0x5d86b9982800] Opening '/config/cache/transcodes/a66b56c5c9b7925769174920f719b28a31.mp4' for writing
[hls @ 0x5d86b9982800] Opening '/config/cache/transcodes/a66b56c5c9b7925769174920f719b28a32.mp4' for writing
[hls @ 0x5d86b9982800] Opening '/config/cache/transcodes/a66b56c5c9b7925769174920f719b28a33.mp4' for writing
frame= 5009 fps=2003 q=-1.0 size=N/A time=00:02:43.32 bitrate=N/A speed=65.3x    
[hls @ 0x5d86b9982800] Opening '/config/cache/transcodes/a66b56c5c9b7925769174920f719b28a34.mp4' for writing
[hls @ 0x5d86b9982800] Opening '/config/cache/transcodes/a66b56c5c9b7925769174920f719b28a35.mp4' for writing
[hls @ 0x5d86b9982800] Opening '/config/cache/transcodes/a66b56c5c9b7925769174920f719b28a36.mp4' for writing
[hls @ 0x5d86b9982800] Opening '/config/cache/transcodes/a66b56c5c9b7925769174920f719b28a37.mp4' for writing
[hls @ 0x5d86b9982800] Opening '/config/cache/transcodes/a66b56c5c9b7925769174920f719b28a38.mp4' for writing
[hls @ 0x5d86b9982800] Opening '/config/cache/transcodes/a66b56c5c9b7925769174920f719b28a39.mp4' for writing
[hls @ 0x5d86b9982800] Opening '/config/cache/transcodes/a66b56c5c9b7925769174920f719b28a40.mp4' for writing
frame= 6017 fps=2005 q=-1.0 size=N/A time=00:03:25.31 bitrate=N/A speed=68.4x    
[hls @ 0x5d86b9982800] Opening '/config/cache/transcodes/a66b56c5c9b7925769174920f719b28a41.mp4' for writing
[hls @ 0x5d86b9982800] Opening '/config/cache/transcodes/a66b56c5c9b7925769174920f719b28a42.mp4' for writing
[hls @ 0x5d86b9982800] Opening '/config/cache/transcodes/a66b56c5c9b7925769174920f719b28a43.mp4' for writing
[hls @ 0x5d86b9982800] Opening '/config/cache/transcodes/a66b56c5c9b7925769174920f719b28a44.mp4' for writing
[hls @ 0x5d86b9982800] Opening '/config/cache/transcodes/a66b56c5c9b7925769174920f719b28a45.mp4' for writing
[hls @ 0x5d86b9982800] Opening '/config/cache/transcodes/a66b56c5c9b7925769174920f719b28a46.mp4' for writing
[hls @ 0x5d86b9982800] Opening '/config/cache/transcodes/a66b56c5c9b7925769174920f719b28a47.mp4' for writing
frame= 7020 fps=2005 q=-1.0 size=N/A time=00:04:07.16 bitrate=N/A speed=70.6x    
[hls @ 0x5d86b9982800] Opening '/config/cache/transcodes/a66b56c5c9b7925769174920f719b28a48.mp4' for writing
[hls @ 0x5d86b9982800] Opening '/config/cache/transcodes/a66b56c5c9b7925769174920f719b28a49.mp4' for writing
[hls @ 0x5d86b9982800] Opening '/config/cache/transcodes/a66b56c5c9b7925769174920f719b28a50.mp4' for writing
[hls @ 0x5d86b9982800] Opening '/config/cache/transcodes/a66b56c5c9b7925769174920f719b28a51.mp4' for writing
[hls @ 0x5d86b9982800] Opening '/config/cache/transcodes/a66b56c5c9b7925769174920f719b28a52.mp4' for writing
[hls @ 0x5d86b9982800] Opening '/config/cache/transcodes/a66b56c5c9b7925769174920f719b28a53.mp4' for writing
[hls @ 0x5d86b9982800] Opening '/config/cache/transcodes/a66b56c5c9b7925769174920f719b28a54.mp4' for writing
frame= 8007 fps=2001 q=-1.0 size=N/A time=00:04:48.32 bitrate=N/A speed=72.1x    
[hls @ 0x5d86b9982800] Opening '/config/cache/transcodes/a66b56c5c9b7925769174920f719b28a55.mp4' for writing
[hls @ 0x5d86b9982800] Opening '/config/cache/transcodes/a66b56c5c9b7925769174920f719b28a56.mp4' for writing
[hls @ 0x5d86b9982800] Opening '/config/cache/transcodes/a66b56c5c9b7925769174920f719b28a57.mp4' for writing
[hls @ 0x5d86b9982800] Opening '/config/cache/transcodes/a66b56c5c9b7925769174920f719b28a58.mp4' for writing
[hls @ 0x5d86b9982800] Opening '/config/cache/transcodes/a66b56c5c9b7925769174920f719b28a59.mp4' for writing
[hls @ 0x5d86b9982800] Opening '/config/cache/transcodes/a66b56c5c9b7925769174920f719b28a60.mp4' for writing
frame= 8961 fps=1991 q=-1.0 size=N/A time=00:05:28.12 bitrate=N/A speed=72.9x    
[hls @ 0x5d86b9982800] Opening '/config/cache/transcodes/a66b56c5c9b7925769174920f719b28a61.mp4' for writing
[hls @ 0x5d86b9982800] Opening '/config/cache/transcodes/a66b56c5c9b7925769174920f719b28a62.mp4' for writing
[hls @ 0x5d86b9982800] Opening '/config/cache/transcodes/a66b56c5c9b7925769174920f719b28a63.mp4' for writing
[hls @ 0x5d86b9982800] Opening '/config/cache/transcodes/a66b56c5c9b7925769174920f719b28a64.mp4' for writing
[hls @ 0x5d86b9982800] Opening '/config/cache/transcodes/a66b56c5c9b7925769174920f719b28a65.mp4' for writing
frame= 9760 fps=1952 q=-1.0 size=N/A time=00:06:01.42 bitrate=N/A speed=72.3x    
[hls @ 0x5d86b9982800] Opening '/config/cache/transcodes/a66b56c5c9b7925769174920f719b28a66.mp4' for writing
[hls @ 0x5d86b9982800] Opening '/config/cache/transcodes/a66b56c5c9b7925769174920f719b28a67.mp4' for writing
[hls @ 0x5d86b9982800] Opening '/config/cache/transcodes/a66b56c5c9b7925769174920f719b28a68.mp4' for writing
[hls @ 0x5d86b9982800] Opening '/config/cache/transcodes/a66b56c5c9b7925769174920f719b28a69.mp4' for writing
[hls @ 0x5d86b9982800] Opening '/config/cache/transcodes/a66b56c5c9b7925769174920f719b28a70.mp4' for writing
[hls @ 0x5d86b9982800] Opening '/config/cache/transcodes/a66b56c5c9b7925769174920f719b28a71.mp4' for writing
[hls @ 0x5d86b9982800] Opening '/config/cache/transcodes/a66b56c5c9b7925769174920f719b28a72.mp4' for writing
[hls @ 0x5d86b9982800] Opening '/config/cache/transcodes/a66b56c5c9b7925769174920f719b28a73.mp4' for writing
frame=10755 fps=1955 q=-1.0 size=N/A time=00:06:42.90 bitrate=N/A speed=73.2x    
[hls @ 0x5d86b9982800] Opening '/config/cache/transcodes/a66b56c5c9b7925769174920f719b28a74.mp4' for writing
[hls @ 0x5d86b9982800] Opening '/config/cache/transcodes/a66b56c5c9b7925769174920f719b28a75.mp4' for writing
[hls @ 0x5d86b9982800] Opening '/config/cache/transcodes/a66b56c5c9b7925769174920f719b28a76.mp4' for writing
[hls @ 0x5d86b9982800] Opening '/config/cache/transcodes/a66b56c5c9b7925769174920f719b28a77.mp4' for writing
[hls @ 0x5d86b9982800] Opening '/config/cache/transcodes/a66b56c5c9b7925769174920f719b28a78.mp4' for writing
[hls @ 0x5d86b9982800] Opening '/config/cache/transcodes/a66b56c5c9b7925769174920f719b28a79.mp4' for writing
frame=11754 fps=1959 q=-1.0 size=N/A time=00:07:24.60 bitrate=N/A speed=74.1x    
[hls @ 0x5d86b9982800] Opening '/config/cache/transcodes/a66b56c5c9b7925769174920f719b28a80.mp4' for writing
[hls @ 0x5d86b9982800] Opening '/config/cache/transcodes/a66b56c5c9b7925769174920f719b28a81.mp4' for writing
[hls @ 0x5d86b9982800] Opening '/config/cache/transcodes/a66b56c5c9b7925769174920f719b28a82.mp4' for writing
[hls @ 0x5d86b9982800] Opening '/config/cache/transcodes/a66b56c5c9b7925769174920f719b28a83.mp4' for writing
[hls @ 0x5d86b9982800] Opening '/config/cache/transcodes/a66b56c5c9b7925769174920f719b28a84.mp4' for writing
[hls @ 0x5d86b9982800] Opening '/config/cache/transcodes/a66b56c5c9b7925769174920f719b28a85.mp4' for writing
[hls @ 0x5d86b9982800] Opening '/config/cache/transcodes/a66b56c5c9b7925769174920f719b28a86.mp4' for writing
[hls @ 0x5d86b9982800] Opening '/config/cache/transcodes/a66b56c5c9b7925769174920f719b28a87.mp4' for writing
frame=12731 fps=1958 q=-1.0 size=N/A time=00:08:05.33 bitrate=N/A speed=74.7x    
[hls @ 0x5d86b9982800] Opening '/config/cache/transcodes/a66b56c5c9b7925769174920f719b28a88.mp4' for writing
[hls @ 0x5d86b9982800] Opening '/config/cache/transcodes/a66b56c5c9b7925769174920f719b28a89.mp4' for writing
[hls @ 0x5d86b9982800] Opening '/config/cache/transcodes/a66b56c5c9b7925769174920f719b28a90.mp4' for writing
[hls @ 0x5d86b9982800] Opening '/config/cache/transcodes/a66b56c5c9b7925769174920f719b28a91.mp4' for writing
[hls @ 0x5d86b9982800] Opening '/config/cache/transcodes/a66b56c5c9b7925769174920f719b28a92.mp4' for writing
[hls @ 0x5d86b9982800] Opening '/config/cache/transcodes/a66b56c5c9b7925769174920f719b28a93.mp4' for writing
frame=13690 fps=1955 q=-1.0 size=N/A time=00:08:45.33 bitrate=N/A speed=  75x    
[hls @ 0x5d86b9982800] Opening '/config/cache/transcodes/a66b56c5c9b7925769174920f719b28a94.mp4' for writing
[hls @ 0x5d86b9982800] Opening '/config/cache/transcodes/a66b56c5c9b7925769174920f719b28a95.mp4' for writing
[hls @ 0x5d86b9982800] Opening '/config/cache/transcodes/a66b56c5c9b7925769174920f719b28a96.mp4' for writing
[hls @ 0x5d86b9982800] Opening '/config/cache/transcodes/a66b56c5c9b7925769174920f719b28a97.mp4' for writing
[hls @ 0x5d86b9982800] Opening '/config/cache/transcodes/a66b56c5c9b7925769174920f719b28a98.mp4' for writing
[hls @ 0x5d86b9982800] Opening '/config/cache/transcodes/a66b56c5c9b7925769174920f719b28a99.mp4' for writing
frame=14566 fps=1942 q=-1.0 size=N/A time=00:09:22.26 bitrate=N/A speed=  75x    
[hls @ 0x5d86b9982800] Opening '/config/cache/transcodes/a66b56c5c9b7925769174920f719b28a100.mp4' for writing
[hls @ 0x5d86b9982800] Opening '/config/cache/transcodes/a66b56c5c9b7925769174920f719b28a101.mp4' for writing
[hls @ 0x5d86b9982800] Opening '/config/cache/transcodes/a66b56c5c9b7925769174920f719b28a102.mp4' for writing
[hls @ 0x5d86b9982800] Opening '/config/cache/transcodes/a66b56c5c9b7925769174920f719b28a103.mp4' for writing
[hls @ 0x5d86b9982800] Opening '/config/cache/transcodes/a66b56c5c9b7925769174920f719b28a104.mp4' for writing
[hls @ 0x5d86b9982800] Opening '/config/cache/transcodes/a66b56c5c9b7925769174920f719b28a105.mp4' for writing
frame=15387 fps=1923 q=-1.0 size=N/A time=00:09:56.52 bitrate=N/A speed=74.6x    
[hls @ 0x5d86b9982800] Opening '/config/cache/transcodes/a66b56c5c9b7925769174920f719b28a106.mp4' for writing
[hls @ 0x5d86b9982800] Opening '/config/cache/transcodes/a66b56c5c9b7925769174920f719b28a107.mp4' for writing
[hls @ 0x5d86b9982800] Opening '/config/cache/transcodes/a66b56c5c9b7925769174920f719b28a108.mp4' for writing
[hls @ 0x5d86b9982800] Opening '/config/cache/transcodes/a66b56c5c9b7925769174920f719b28a109.mp4' for writing
[hls @ 0x5d86b9982800] Opening '/config/cache/transcodes/a66b56c5c9b7925769174920f719b28a110.mp4' for writing
[hls @ 0x5d86b9982800] Opening '/config/cache/transcodes/a66b56c5c9b7925769174920f719b28a111.mp4' for writing
frame=16294 fps=1917 q=-1.0 size=N/A time=00:10:33.94 bitrate=N/A speed=74.6x    
[hls @ 0x5d86b9982800] Opening '/config/cache/transcodes/a66b56c5c9b7925769174920f719b28a112.mp4' for writing
[hls @ 0x5d86b9982800] Opening '/config/cache/transcodes/a66b56c5c9b7925769174920f719b28a113.mp4' for writing
[hls @ 0x5d86b9982800] Opening '/config/cache/transcodes/a66b56c5c9b7925769174920f719b28a114.mp4' for writing
[hls @ 0x5d86b9982800] Opening '/config/cache/transcodes/a66b56c5c9b7925769174920f719b28a115.mp4' for writing
[hls @ 0x5d86b9982800] Opening '/config/cache/transcodes/a66b56c5c9b7925769174920f719b28a116.mp4' for writing
[hls @ 0x5d86b9982800] Opening '/config/cache/transcodes/a66b56c5c9b7925769174920f719b28a117.mp4' for writing
[hls @ 0x5d86b9982800] Opening '/config/cache/transcodes/a66b56c5c9b7925769174920f719b28a118.mp4' for writing
frame=17261 fps=1918 q=-1.0 size=N/A time=00:11:14.28 bitrate=N/A speed=74.9x    
[hls @ 0x5d86b9982800] Opening '/config/cache/transcodes/a66b56c5c9b7925769174920f719b28a119.mp4' for writing
[hls @ 0x5d86b9982800] Opening '/config/cache/transcodes/a66b56c5c9b7925769174920f719b28a120.mp4' for writing
[hls @ 0x5d86b9982800] Opening '/config/cache/transcodes/a66b56c5c9b7925769174920f719b28a121.mp4' for writing
[hls @ 0x5d86b9982800] Opening '/config/cache/transcodes/a66b56c5c9b7925769174920f719b28a122.mp4' for writing
[hls @ 0x5d86b9982800] Opening '/config/cache/transcodes/a66b56c5c9b7925769174920f719b28a123.mp4' for writing
frame=18220 fps=1918 q=-1.0 size=N/A time=00:11:54.28 bitrate=N/A speed=75.2x    
[hls @ 0x5d86b9982800] Opening '/config/cache/transcodes/a66b56c5c9b7925769174920f719b28a124.mp4' for writing
[hls @ 0x5d86b9982800] Opening '/config/cache/transcodes/a66b56c5c9b7925769174920f719b28a125.mp4' for writing
[hls @ 0x5d86b9982800] Opening '/config/cache/transcodes/a66b56c5c9b7925769174920f719b28a126.mp4' for writing
[hls @ 0x5d86b9982800] Opening '/config/cache/transcodes/a66b56c5c9b7925769174920f719b28a127.mp4' for writing
[hls @ 0x5d86b9982800] Opening '/config/cache/transcodes/a66b56c5c9b7925769174920f719b28a128.mp4' for writing
[hls @ 0x5d86b9982800] Opening '/config/cache/transcodes/a66b56c5c9b7925769174920f719b28a129.mp4' for writing
frame=19065 fps=1906 q=-1.0 size=N/A time=00:12:29.50 bitrate=N/A speed=74.9x    
[hls @ 0x5d86b9982800] Opening '/config/cache/transcodes/a66b56c5c9b7925769174920f719b28a130.mp4' for writing
[hls @ 0x5d86b9982800] Opening '/config/cache/transcodes/a66b56c5c9b7925769174920f719b28a131.mp4' for writing
[hls @ 0x5d86b9982800] Opening '/config/cache/transcodes/a66b56c5c9b7925769174920f719b28a132.mp4' for writing
[hls @ 0x5d86b9982800] Opening '/config/cache/transcodes/a66b56c5c9b7925769174920f719b28a133.mp4' for writing
[hls @ 0x5d86b9982800] Opening '/config/cache/transcodes/a66b56c5c9b7925769174920f719b28a134.mp4' for writing
[hls @ 0x5d86b9982800] Opening '/config/cache/transcodes/a66b56c5c9b7925769174920f719b28a135.mp4' for writing
frame=20037 fps=1908 q=-1.0 size=N/A time=00:13:10.14 bitrate=N/A speed=75.2x    
[hls @ 0x5d86b9982800] Opening '/config/cache/transcodes/a66b56c5c9b7925769174920f719b28a136.mp4' for writing
[hls @ 0x5d86b9982800] Opening '/config/cache/transcodes/a66b56c5c9b7925769174920f719b28a137.mp4' for writing
[hls @ 0x5d86b9982800] Opening '/config/cache/transcodes/a66b56c5c9b7925769174920f719b28a138.mp4' for writing
[hls @ 0x5d86b9982800] Opening '/config/cache/transcodes/a66b56c5c9b7925769174920f719b28a139.mp4' for writing
frame=21011 fps=1910 q=-1.0 size=N/A time=00:13:50.67 bitrate=N/A speed=75.5x    
[hls @ 0x5d86b9982800] Opening '/config/cache/transcodes/a66b56c5c9b7925769174920f719b28a140.mp4' for writing
[hls @ 0x5d86b9982800] Opening '/config/cache/transcodes/a66b56c5c9b7925769174920f719b28a141.mp4' for writing
[hls @ 0x5d86b9982800] Opening '/config/cache/transcodes/a66b56c5c9b7925769174920f719b28a142.mp4' for writing
[hls @ 0x5d86b9982800] Opening '/config/cache/transcodes/a66b56c5c9b7925769174920f719b28a143.mp4' for writing
[hls @ 0x5d86b9982800] Opening '/config/cache/transcodes/a66b56c5c9b7925769174920f719b28a144.mp4' for writing
[hls @ 0x5d86b9982800] Opening '/config/cache/transcodes/a66b56c5c9b7925769174920f719b28a145.mp4' for writing
[hls @ 0x5d86b9982800] Opening '/config/cache/transcodes/a66b56c5c9b7925769174920f719b28a146.mp4' for writing
[hls @ 0x5d86b9982800] Opening '/config/cache/transcodes/a66b56c5c9b7925769174920f719b28a147.mp4' for writing
frame=21987 fps=1912 q=-1.0 size=N/A time=00:14:31.40 bitrate=N/A speed=75.8x    
[hls @ 0x5d86b9982800] Opening '/config/cache/transcodes/a66b56c5c9b7925769174920f719b28a148.mp4' for writing
[hls @ 0x5d86b9982800] Opening '/config/cache/transcodes/a66b56c5c9b7925769174920f719b28a149.mp4' for writing
[hls @ 0x5d86b9982800] Opening '/config/cache/transcodes/a66b56c5c9b7925769174920f719b28a150.mp4' for writing
[hls @ 0x5d86b9982800] Opening '/config/cache/transcodes/a66b56c5c9b7925769174920f719b28a151.mp4' for writing
[hls @ 0x5d86b9982800] Opening '/config/cache/transcodes/a66b56c5c9b7925769174920f719b28a152.mp4' for writing
[hls @ 0x5d86b9982800] Opening '/config/cache/transcodes/a66b56c5c9b7925769174920f719b28a153.mp4' for writing
[hls @ 0x5d86b9982800] Opening '/config/cache/transcodes/a66b56c5c9b7925769174920f719b28a154.mp4' for writing
[hls @ 0x5d86b9982800] Opening '/config/cache/transcodes/a66b56c5c9b7925769174920f719b28a155.mp4' for writing
[hls @ 0x5d86b9982800] Opening '/config/cache/transcodes/a66b56c5c9b7925769174920f719b28a156.mp4' for writing
[hls @ 0x5d86b9982800] Opening '/config/cache/transcodes/a66b56c5c9b7925769174920f719b28a157.mp4' for writing
frame=22966 fps=1913 q=-1.0 size=N/A time=00:15:12.19 bitrate=N/A speed=  76x    
[hls @ 0x5d86b9982800] Opening '/config/cache/transcodes/a66b56c5c9b7925769174920f719b28a158.mp4' for writing
[hls @ 0x5d86b9982800] Opening '/config/cache/transcodes/a66b56c5c9b7925769174920f719b28a159.mp4' for writing
[hls @ 0x5d86b9982800] Opening '/config/cache/transcodes/a66b56c5c9b7925769174920f719b28a160.mp4' for writing
[hls @ 0x5d86b9982800] Opening '/config/cache/transcodes/a66b56c5c9b7925769174920f719b28a161.mp4' for writing
[hls @ 0x5d86b9982800] Opening '/config/cache/transcodes/a66b56c5c9b7925769174920f719b28a162.mp4' for writing
[hls @ 0x5d86b9982800] Opening '/config/cache/transcodes/a66b56c5c9b7925769174920f719b28a163.mp4' for writing
[hls @ 0x5d86b9982800] Opening '/config/cache/transcodes/a66b56c5c9b7925769174920f719b28a164.mp4' for writing
frame=23960 fps=1916 q=-1.0 size=N/A time=00:15:53.68 bitrate=N/A speed=76.3x    
[hls @ 0x5d86b9982800] Opening '/config/cache/transcodes/a66b56c5c9b7925769174920f719b28a165.mp4' for writing
[hls @ 0x5d86b9982800] Opening '/config/cache/transcodes/a66b56c5c9b7925769174920f719b28a166.mp4' for writing
[hls @ 0x5d86b9982800] Opening '/config/cache/transcodes/a66b56c5c9b7925769174920f719b28a167.mp4' for writing
[hls @ 0x5d86b9982800] Opening '/config/cache/transcodes/a66b56c5c9b7925769174920f719b28a168.mp4' for writing
[hls @ 0x5d86b9982800] Opening '/config/cache/transcodes/a66b56c5c9b7925769174920f719b28a169.mp4' for writing
[hls @ 0x5d86b9982800] Opening '/config/cache/transcodes/a66b56c5c9b7925769174920f719b28a170.mp4' for writing
[hls @ 0x5d86b9982800] Opening '/config/cache/transcodes/a66b56c5c9b7925769174920f719b28a171.mp4' for writing
[hls @ 0x5d86b9982800] Opening '/config/cache/transcodes/a66b56c5c9b7925769174920f719b28a172.mp4' for writing
frame=24973 fps=1921 q=-1.0 size=N/A time=00:16:35.92 bitrate=N/A speed=76.6x    
[hls @ 0x5d86b9982800] Opening '/config/cache/transcodes/a66b56c5c9b7925769174920f719b28a173.mp4' for writing
[hls @ 0x5d86b9982800] Opening '/config/cache/transcodes/a66b56c5c9b7925769174920f719b28a174.mp4' for writing
[hls @ 0x5d86b9982800] Opening '/config/cache/transcodes/a66b56c5c9b7925769174920f719b28a175.mp4' for writing
[hls @ 0x5d86b9982800] Opening '/config/cache/transcodes/a66b56c5c9b7925769174920f719b28a176.mp4' for writing
[hls @ 0x5d86b9982800] Opening '/config/cache/transcodes/a66b56c5c9b7925769174920f719b28a177.mp4' for writing
[hls @ 0x5d86b9982800] Opening '/config/cache/transcodes/a66b56c5c9b7925769174920f719b28a178.mp4' for writing
[hls @ 0x5d86b9982800] Opening '/config/cache/transcodes/a66b56c5c9b7925769174920f719b28a179.mp4' for writing
frame=25964 fps=1923 q=-1.0 size=N/A time=00:17:17.29 bitrate=N/A speed=76.8x    
[hls @ 0x5d86b9982800] Opening '/config/cache/transcodes/a66b56c5c9b7925769174920f719b28a180.mp4' for writing
[hls @ 0x5d86b9982800] Opening '/config/cache/transcodes/a66b56c5c9b7925769174920f719b28a181.mp4' for writing
[hls @ 0x5d86b9982800] Opening '/config/cache/transcodes/a66b56c5c9b7925769174920f719b28a182.mp4' for writing
[hls @ 0x5d86b9982800] Opening '/config/cache/transcodes/a66b56c5c9b7925769174920f719b28a183.mp4' for writing
[hls @ 0x5d86b9982800] Opening '/config/cache/transcodes/a66b56c5c9b7925769174920f719b28a184.mp4' for writing
[hls @ 0x5d86b9982800] Opening '/config/cache/transcodes/a66b56c5c9b7925769174920f719b28a185.mp4' for writing
frame=26896 fps=1921 q=-1.0 size=N/A time=00:17:56.13 bitrate=N/A speed=76.9x    
[hls @ 0x5d86b9982800] Opening '/config/cache/transcodes/a66b56c5c9b7925769174920f719b28a186.mp4' for writing
[hls @ 0x5d86b9982800] Opening '/config/cache/transcodes/a66b56c5c9b7925769174920f719b28a187.mp4' for writing
[hls @ 0x5d86b9982800] Opening '/config/cache/transcodes/a66b56c5c9b7925769174920f719b28a188.mp4' for writing
[hls @ 0x5d86b9982800] Opening '/config/cache/transcodes/a66b56c5c9b7925769174920f719b28a189.mp4' for writing
[hls @ 0x5d86b9982800] Opening '/config/cache/transcodes/a66b56c5c9b7925769174920f719b28a190.mp4' for writing
[hls @ 0x5d86b9982800] Opening '/config/cache/transcodes/a66b56c5c9b7925769174920f719b28a191.mp4' for writing
[hls @ 0x5d86b9982800] Opening '/config/cache/transcodes/a66b56c5c9b7925769174920f719b28a192.mp4' for writing
frame=27870 fps=1922 q=-1.0 size=N/A time=00:18:36.77 bitrate=N/A speed=  77x    
[hls @ 0x5d86b9982800] Opening '/config/cache/transcodes/a66b56c5c9b7925769174920f719b28a193.mp4' for writing
[hls @ 0x5d86b9982800] Opening '/config/cache/transcodes/a66b56c5c9b7925769174920f719b28a194.mp4' for writing
[hls @ 0x5d86b9982800] Opening '/config/cache/transcodes/a66b56c5c9b7925769174920f719b28a195.mp4' for writing
[hls @ 0x5d86b9982800] Opening '/config/cache/transcodes/a66b56c5c9b7925769174920f719b28a196.mp4' for writing
[hls @ 0x5d86b9982800] Opening '/config/cache/transcodes/a66b56c5c9b7925769174920f719b28a197.mp4' for writing
[hls @ 0x5d86b9982800] Opening '/config/cache/transcodes/a66b56c5c9b7925769174920f719b28a198.mp4' for writing
[hls @ 0x5d86b9982800] Opening '/config/cache/transcodes/a66b56c5c9b7925769174920f719b28a199.mp4' for writing
frame=28884 fps=1925 q=-1.0 size=N/A time=00:19:19.06 bitrate=N/A speed=77.3x    
[hls @ 0x5d86b9982800] Opening '/config/cache/transcodes/a66b56c5c9b7925769174920f719b28a200.mp4' for writing
[hls @ 0x5d86b9982800] Opening '/config/cache/transcodes/a66b56c5c9b7925769174920f719b28a201.mp4' for writing
[hls @ 0x5d86b9982800] Opening '/config/cache/transcodes/a66b56c5c9b7925769174920f719b28a202.mp4' for writing
[hls @ 0x5d86b9982800] Opening '/config/cache/transcodes/a66b56c5c9b7925769174920f719b28a203.mp4' for writing
[hls @ 0x5d86b9982800] Opening '/config/cache/transcodes/a66b56c5c9b7925769174920f719b28a204.mp4' for writing
[hls @ 0x5d86b9982800] Opening '/config/cache/transcodes/a66b56c5c9b7925769174920f719b28a205.mp4' for writing
frame=29882 fps=1927 q=-1.0 size=N/A time=00:20:00.66 bitrate=N/A speed=77.4x    
[hls @ 0x5d86b9982800] Opening '/config/cache/transcodes/a66b56c5c9b7925769174920f719b28a206.mp4' for writing
[hls @ 0x5d86b9982800] Opening '/config/cache/transcodes/a66b56c5c9b7925769174920f719b28a207.mp4' for writing
[hls @ 0x5d86b9982800] Opening '/config/cache/transcodes/a66b56c5c9b7925769174920f719b28a208.mp4' for writing
[hls @ 0x5d86b9982800] Opening '/config/cache/transcodes/a66b56c5c9b7925769174920f719b28a209.mp4' for writing
[hls @ 0x5d86b9982800] Opening '/config/cache/transcodes/a66b56c5c9b7925769174920f719b28a210.mp4' for writing
[hls @ 0x5d86b9982800] Opening '/config/cache/transcodes/a66b56c5c9b7925769174920f719b28a211.mp4' for writing
[hls @ 0x5d86b9982800] Opening '/config/cache/transcodes/a66b56c5c9b7925769174920f719b28a212.mp4' for writing
[hls @ 0x5d86b9982800] Opening '/config/cache/transcodes/a66b56c5c9b7925769174920f719b28a213.mp4' for writing
frame=30857 fps=1928 q=-1.0 size=N/A time=00:20:41.34 bitrate=N/A speed=77.6x    
[hls @ 0x5d86b9982800] Opening '/config/cache/transcodes/a66b56c5c9b7925769174920f719b28a214.mp4' for writing
[hls @ 0x5d86b9982800] Opening '/config/cache/transcodes/a66b56c5c9b7925769174920f719b28a215.mp4' for writing
[hls @ 0x5d86b9982800] Opening '/config/cache/transcodes/a66b56c5c9b7925769174920f719b28a216.mp4' for writing
[hls @ 0x5d86b9982800] Opening '/config/cache/transcodes/a66b56c5c9b7925769174920f719b28a217.mp4' for writing
[hls @ 0x5d86b9982800] Opening '/config/cache/transcodes/a66b56c5c9b7925769174920f719b28a218.mp4' for writing
[hls @ 0x5d86b9982800] Opening '/config/cache/transcodes/a66b56c5c9b7925769174920f719b28a219.mp4' for writing
[hls @ 0x5d86b9982800] Opening '/config/cache/transcodes/a66b56c5c9b7925769174920f719b28a220.mp4' for writing
frame=31873 fps=1931 q=-1.0 size=N/A time=00:21:23.75 bitrate=N/A speed=77.8x    
[hls @ 0x5d86b9982800] Opening '/config/cache/transcodes/a66b56c5c9b7925769174920f719b28a221.mp4' for writing
[hls @ 0x5d86b9982800] Opening '/config/cache/transcodes/a66b56c5c9b7925769174920f719b28a222.mp4' for writing
[hls @ 0x5d86b9982800] Opening '/config/cache/transcodes/a66b56c5c9b7925769174920f719b28a223.mp4' for writing
[hls @ 0x5d86b9982800] Opening '/config/cache/transcodes/a66b56c5c9b7925769174920f719b28a224.mp4' for writing
[hls @ 0x5d86b9982800] Opening '/config/cache/transcodes/a66b56c5c9b7925769174920f719b28a225.mp4' for writing
[hls @ 0x5d86b9982800] Opening '/config/cache/transcodes/a66b56c5c9b7925769174920f719b28a226.mp4' for writing
frame=32855 fps=1932 q=-1.0 size=N/A time=00:22:04.65 bitrate=N/A speed=77.9x    
[hls @ 0x5d86b9982800] Opening '/config/cache/transcodes/a66b56c5c9b7925769174920f719b28a227.mp4' for writing
[hls @ 0x5d86b9982800] Opening '/config/cache/transcodes/a66b56c5c9b7925769174920f719b28a228.mp4' for writing
[hls @ 0x5d86b9982800] Opening '/config/cache/transcodes/a66b56c5c9b7925769174920f719b28a229.mp4' for writing
[hls @ 0x5d86b9982800] Opening '/config/cache/transcodes/a66b56c5c9b7925769174920f719b28a230.mp4' for writing
[hls @ 0x5d86b9982800] Opening '/config/cache/transcodes/a66b56c5c9b7925769174920f719b28a231.mp4' for writing
[hls @ 0x5d86b9982800] Opening '/config/cache/transcodes/a66b56c5c9b7925769174920f719b28a232.mp4' for writing
[hls @ 0x5d86b9982800] Opening '/config/cache/transcodes/a66b56c5c9b7925769174920f719b28a233.mp4' for writing
[hls @ 0x5d86b9982800] Opening '/config/cache/transcodes/a66b56c5c9b7925769174920f719b28a234.mp4' for writing
frame=33843 fps=1934 q=-1.0 size=N/A time=00:22:46.29 bitrate=N/A speed=78.1x    
[hls @ 0x5d86b9982800] Opening '/config/cache/transcodes/a66b56c5c9b7925769174920f719b28a235.mp4' for writing
[hls @ 0x5d86b9982800] Opening '/config/cache/transcodes/a66b56c5c9b7925769174920f719b28a236.mp4' for writing
[hls @ 0x5d86b9982800] Opening '/config/cache/transcodes/a66b56c5c9b7925769174920f719b28a237.mp4' for writing
[hls @ 0x5d86b9982800] Opening '/config/cache/transcodes/a66b56c5c9b7925769174920f719b28a238.mp4' for writing
[hls @ 0x5d86b9982800] Opening '/config/cache/transcodes/a66b56c5c9b7925769174920f719b28a239.mp4' for writing
[hls @ 0x5d86b9982800] Opening '/config/cache/transcodes/a66b56c5c9b7925769174920f719b28a240.mp4' for writing
[hls @ 0x5d86b9982800] Opening '/config/cache/transcodes/a66b56c5c9b7925769174920f719b28a241.mp4' for writing
frame=34866 fps=1937 q=-1.0 size=N/A time=00:23:28.59 bitrate=N/A speed=78.2x    
[hls @ 0x5d86b9982800] Opening '/config/cache/transcodes/a66b56c5c9b7925769174920f719b28a242.mp4' for writing
[hls @ 0x5d86b9982800] Opening '/config/cache/transcodes/a66b56c5c9b7925769174920f719b28a243.mp4' for writing
[hls @ 0x5d86b9982800] Opening '/config/cache/transcodes/a66b56c5c9b7925769174920f719b28a244.mp4' for writing
[hls @ 0x5d86b9982800] Opening '/config/cache/transcodes/a66b56c5c9b7925769174920f719b28a245.mp4' for writing
[hls @ 0x5d86b9982800] Opening '/config/cache/transcodes/a66b56c5c9b7925769174920f719b28a246.mp4' for writing
[hls @ 0x5d86b9982800] Opening '/config/cache/transcodes/a66b56c5c9b7925769174920f719b28a247.mp4' for writing
[hls @ 0x5d86b9982800] Opening '/config/cache/transcodes/a66b56c5c9b7925769174920f719b28a248.mp4' for writing
frame=35875 fps=1939 q=-1.0 size=N/A time=00:24:10.66 bitrate=N/A speed=78.4x    
[hls @ 0x5d86b9982800] Opening '/config/cache/transcodes/a66b56c5c9b7925769174920f719b28a249.mp4' for writing
[hls @ 0x5d86b9982800] Opening '/config/cache/transcodes/a66b56c5c9b7925769174920f719b28a250.mp4' for writing
[hls @ 0x5d86b9982800] Opening '/config/cache/transcodes/a66b56c5c9b7925769174920f719b28a251.mp4' for writing
[hls @ 0x5d86b9982800] Opening '/config/cache/transcodes/a66b56c5c9b7925769174920f719b28a252.mp4' for writing
[hls @ 0x5d86b9982800] Opening '/config/cache/transcodes/a66b56c5c9b7925769174920f719b28a253.mp4' for writing
[hls @ 0x5d86b9982800] Opening '/config/cache/transcodes/a66b56c5c9b7925769174920f719b28a254.mp4' for writing
frame=36854 fps=1939 q=-1.0 size=N/A time=00:24:51.49 bitrate=N/A speed=78.5x    
[hls @ 0x5d86b9982800] Opening '/config/cache/transcodes/a66b56c5c9b7925769174920f719b28a255.mp4' for writing
[hls @ 0x5d86b9982800] Opening '/config/cache/transcodes/a66b56c5c9b7925769174920f719b28a256.mp4' for writing
[hls @ 0x5d86b9982800] Opening '/config/cache/transcodes/a66b56c5c9b7925769174920f719b28a257.mp4' for writing
[hls @ 0x5d86b9982800] Opening '/config/cache/transcodes/a66b56c5c9b7925769174920f719b28a258.mp4' for writing
[hls @ 0x5d86b9982800] Opening '/config/cache/transcodes/a66b56c5c9b7925769174920f719b28a259.mp4' for writing
[hls @ 0x5d86b9982800] Opening '/config/cache/transcodes/a66b56c5c9b7925769174920f719b28a260.mp4' for writing
[hls @ 0x5d86b9982800] Opening '/config/cache/transcodes/a66b56c5c9b7925769174920f719b28a261.mp4' for writing
frame=37756 fps=1936 q=-1.0 size=N/A time=00:25:29.06 bitrate=N/A speed=78.4x    
[hls @ 0x5d86b9982800] Opening '/config/cache/transcodes/a66b56c5c9b7925769174920f719b28a262.mp4' for writing
[hls @ 0x5d86b9982800] Opening '/config/cache/transcodes/a66b56c5c9b7925769174920f719b28a263.mp4' for writing
[hls @ 0x5d86b9982800] Opening '/config/cache/transcodes/a66b56c5c9b7925769174920f719b28a264.mp4' for writing
[hls @ 0x5d86b9982800] Opening '/config/cache/transcodes/a66b56c5c9b7925769174920f719b28a265.mp4' for writing
[hls @ 0x5d86b9982800] Opening '/config/cache/transcodes/a66b56c5c9b7925769174920f719b28a266.mp4' for writing
[hls @ 0x5d86b9982800] Opening '/config/cache/transcodes/a66b56c5c9b7925769174920f719b28a267.mp4' for writing
frame=38739 fps=1937 q=-1.0 size=N/A time=00:26:10.06 bitrate=N/A speed=78.5x    
[hls @ 0x5d86b9982800] Opening '/config/cache/transcodes/a66b56c5c9b7925769174920f719b28a268.mp4' for writing
[hls @ 0x5d86b9982800] Opening '/config/cache/transcodes/a66b56c5c9b7925769174920f719b28a269.mp4' for writing
[hls @ 0x5d86b9982800] Opening '/config/cache/transcodes/a66b56c5c9b7925769174920f719b28a270.mp4' for writing
[hls @ 0x5d86b9982800] Opening '/config/cache/transcodes/a66b56c5c9b7925769174920f719b28a271.mp4' for writing
[hls @ 0x5d86b9982800] Opening '/config/cache/transcodes/a66b56c5c9b7925769174920f719b28a272.mp4' for writing
[hls @ 0x5d86b9982800] Opening '/config/cache/transcodes/a66b56c5c9b7925769174920f719b28a273.mp4' for writing
[hls @ 0x5d86b9982800] Opening '/config/cache/transcodes/a66b56c5c9b7925769174920f719b28a274.mp4' for writing
frame=39674 fps=1935 q=-1.0 size=N/A time=00:26:49.08 bitrate=N/A speed=78.5x    
[hls @ 0x5d86b9982800] Opening '/config/cache/transcodes/a66b56c5c9b7925769174920f719b28a275.mp4' for writing
[hls @ 0x5d86b9982800] Opening '/config/cache/transcodes/a66b56c5c9b7925769174920f719b28a276.mp4' for writing
[hls @ 0x5d86b9982800] Opening '/config/cache/transcodes/a66b56c5c9b7925769174920f719b28a277.mp4' for writing
[hls @ 0x5d86b9982800] Opening '/config/cache/transcodes/a66b56c5c9b7925769174920f719b28a278.mp4' for writing
[hls @ 0x5d86b9982800] Opening '/config/cache/transcodes/a66b56c5c9b7925769174920f719b28a279.mp4' for writing
[hls @ 0x5d86b9982800] Opening '/config/cache/transcodes/a66b56c5c9b7925769174920f719b28a280.mp4' for writing
frame=40631 fps=1934 q=-1.0 size=N/A time=00:27:29.00 bitrate=N/A speed=78.5x    
[hls @ 0x5d86b9982800] Opening '/config/cache/transcodes/a66b56c5c9b7925769174920f719b28a281.mp4' for writing
[hls @ 0x5d86b9982800] Opening '/config/cache/transcodes/a66b56c5c9b7925769174920f719b28a282.mp4' for writing
[hls @ 0x5d86b9982800] Opening '/config/cache/transcodes/a66b56c5c9b7925769174920f719b28a283.mp4' for writing
[hls @ 0x5d86b9982800] Opening '/config/cache/transcodes/a66b56c5c9b7925769174920f719b28a284.mp4' for writing
[hls @ 0x5d86b9982800] Opening '/config/cache/transcodes/a66b56c5c9b7925769174920f719b28a285.mp4' for writing
[hls @ 0x5d86b9982800] Opening '/config/cache/transcodes/a66b56c5c9b7925769174920f719b28a286.mp4' for writing
[hls @ 0x5d86b9982800] Opening '/config/cache/transcodes/a66b56c5c9b7925769174920f719b28a287.mp4' for writing
[hls @ 0x5d86b9982800] Opening '/config/cache/transcodes/a66b56c5c9b7925769174920f719b28a288.mp4' for writing
frame=41641 fps=1936 q=-1.0 size=N/A time=00:28:11.13 bitrate=N/A speed=78.6x    
[hls @ 0x5d86b9982800] Opening '/config/cache/transcodes/a66b56c5c9b7925769174920f719b28a289.mp4' for writing
[hls @ 0x5d86b9982800] Opening '/config/cache/transcodes/a66b56c5c9b7925769174920f719b28a290.mp4' for writing
[hls @ 0x5d86b9982800] Opening '/config/cache/transcodes/a66b56c5c9b7925769174920f719b28a291.mp4' for writing
[hls @ 0x5d86b9982800] Opening '/config/cache/transcodes/a66b56c5c9b7925769174920f719b28a292.mp4' for writing
[hls @ 0x5d86b9982800] Opening '/config/cache/transcodes/a66b56c5c9b7925769174920f719b28a293.mp4' for writing
[hls @ 0x5d86b9982800] Opening '/config/cache/transcodes/a66b56c5c9b7925769174920f719b28a294.mp4' for writing
frame=42619 fps=1937 q=-1.0 size=N/A time=00:28:51.92 bitrate=N/A speed=78.7x    
[hls @ 0x5d86b9982800] Opening '/config/cache/transcodes/a66b56c5c9b7925769174920f719b28a295.mp4' for writing
[hls @ 0x5d86b9982800] Opening '/config/cache/transcodes/a66b56c5c9b7925769174920f719b28a296.mp4' for writing
[hls @ 0x5d86b9982800] Opening '/config/cache/transcodes/a66b56c5c9b7925769174920f719b28a297.mp4' for writing
[hls @ 0x5d86b9982800] Opening '/config/cache/transcodes/a66b56c5c9b7925769174920f719b28a298.mp4' for writing
[hls @ 0x5d86b9982800] Opening '/config/cache/transcodes/a66b56c5c9b7925769174920f719b28a299.mp4' for writing
[hls @ 0x5d86b9982800] Opening '/config/cache/transcodes/a66b56c5c9b7925769174920f719b28a300.mp4' for writing
frame=43497 fps=1933 q=-1.0 size=N/A time=00:29:28.51 bitrate=N/A speed=78.6x    
[hls @ 0x5d86b9982800] Opening '/config/cache/transcodes/a66b56c5c9b7925769174920f719b28a301.mp4' for writing
[hls @ 0x5d86b9982800] Opening '/config/cache/transcodes/a66b56c5c9b7925769174920f719b28a302.mp4' for writing
[hls @ 0x5d86b9982800] Opening '/config/cache/transcodes/a66b56c5c9b7925769174920f719b28a303.mp4' for writing
[hls @ 0x5d86b9982800] Opening '/config/cache/transcodes/a66b56c5c9b7925769174920f719b28a304.mp4' for writing
[hls @ 0x5d86b9982800] Opening '/config/cache/transcodes/a66b56c5c9b7925769174920f719b28a305.mp4' for writing
[hls @ 0x5d86b9982800] Opening '/config/cache/transcodes/a66b56c5c9b7925769174920f719b28a306.mp4' for writing
[hls @ 0x5d86b9982800] Opening '/config/cache/transcodes/a66b56c5c9b7925769174920f719b28a307.mp4' for writing
frame=44448 fps=1932 q=-1.0 size=N/A time=00:30:08.19 bitrate=N/A speed=78.6x    
[hls @ 0x5d86b9982800] Opening '/config/cache/transcodes/a66b56c5c9b7925769174920f719b28a308.mp4' for writing
[hls @ 0x5d86b9982800] Opening '/config/cache/transcodes/a66b56c5c9b7925769174920f719b28a309.mp4' for writing
[hls @ 0x5d86b9982800] Opening '/config/cache/transcodes/a66b56c5c9b7925769174920f719b28a310.mp4' for writing
[hls @ 0x5d86b9982800] Opening '/config/cache/transcodes/a66b56c5c9b7925769174920f719b28a311.mp4' for writing
[hls @ 0x5d86b9982800] Opening '/config/cache/transcodes/a66b56c5c9b7925769174920f719b28a312.mp4' for writing
[hls @ 0x5d86b9982800] Opening '/config/cache/transcodes/a66b56c5c9b7925769174920f719b28a313.mp4' for writing
frame=45424 fps=1933 q=-1.0 size=N/A time=00:30:48.89 bitrate=N/A speed=78.7x    
[hls @ 0x5d86b9982800] Opening '/config/cache/transcodes/a66b56c5c9b7925769174920f719b28a314.mp4' for writing
[hls @ 0x5d86b9982800] Opening '/config/cache/transcodes/a66b56c5c9b7925769174920f719b28a315.mp4' for writing
[hls @ 0x5d86b9982800] Opening '/config/cache/transcodes/a66b56c5c9b7925769174920f719b28a316.mp4' for writing
[hls @ 0x5d86b9982800] Opening '/config/cache/transcodes/a66b56c5c9b7925769174920f719b28a317.mp4' for writing
[hls @ 0x5d86b9982800] Opening '/config/cache/transcodes/a66b56c5c9b7925769174920f719b28a318.mp4' for writing
[hls @ 0x5d86b9982800] Opening '/config/cache/transcodes/a66b56c5c9b7925769174920f719b28a319.mp4' for writing
frame=46359 fps=1931 q=-1.0 size=N/A time=00:31:27.91 bitrate=N/A speed=78.6x    
[hls @ 0x5d86b9982800] Opening '/config/cache/transcodes/a66b56c5c9b7925769174920f719b28a320.mp4' for writing
[hls @ 0x5d86b9982800] Opening '/config/cache/transcodes/a66b56c5c9b7925769174920f719b28a321.mp4' for writing
[hls @ 0x5d86b9982800] Opening '/config/cache/transcodes/a66b56c5c9b7925769174920f719b28a322.mp4' for writing
[hls @ 0x5d86b9982800] Opening '/config/cache/transcodes/a66b56c5c9b7925769174920f719b28a323.mp4' for writing
[hls @ 0x5d86b9982800] Opening '/config/cache/transcodes/a66b56c5c9b7925769174920f719b28a324.mp4' for writing
[hls @ 0x5d86b9982800] Opening '/config/cache/transcodes/a66b56c5c9b7925769174920f719b28a325.mp4' for writing
[hls @ 0x5d86b9982800] Opening '/config/cache/transcodes/a66b56c5c9b7925769174920f719b28a326.mp4' for writing
[hls @ 0x5d86b9982800] Opening '/config/cache/transcodes/a66b56c5c9b7925769174920f719b28a327.mp4' for writing
frame=47276 fps=1929 q=-1.0 size=N/A time=00:32:06.14 bitrate=N/A speed=78.6x    
[hls @ 0x5d86b9982800] Opening '/config/cache/transcodes/a66b56c5c9b7925769174920f719b28a328.mp4' for writing
[hls @ 0x5d86b9982800] Opening '/config/cache/transcodes/a66b56c5c9b7925769174920f719b28a329.mp4' for writing
[hls @ 0x5d86b9982800] Opening '/config/cache/transcodes/a66b56c5c9b7925769174920f719b28a330.mp4' for writing
[hls @ 0x5d86b9982800] Opening '/config/cache/transcodes/a66b56c5c9b7925769174920f719b28a331.mp4' for writing
[hls @ 0x5d86b9982800] Opening '/config/cache/transcodes/a66b56c5c9b7925769174920f719b28a332.mp4' for writing
[hls @ 0x5d86b9982800] Opening '/config/cache/transcodes/a66b56c5c9b7925769174920f719b28a333.mp4' for writing
[hls @ 0x5d86b9982800] Opening '/config/cache/transcodes/a66b56c5c9b7925769174920f719b28a334.mp4' for writing
frame=48254 fps=1930 q=-1.0 size=N/A time=00:32:46.93 bitrate=N/A speed=78.7x    
[hls @ 0x5d86b9982800] Opening '/config/cache/transcodes/a66b56c5c9b7925769174920f719b28a335.mp4' for writing
[hls @ 0x5d86b9982800] Opening '/config/cache/transcodes/a66b56c5c9b7925769174920f719b28a336.mp4' for writing
[hls @ 0x5d86b9982800] Opening '/config/cache/transcodes/a66b56c5c9b7925769174920f719b28a337.mp4' for writing
[hls @ 0x5d86b9982800] Opening '/config/cache/transcodes/a66b56c5c9b7925769174920f719b28a338.mp4' for writing
[hls @ 0x5d86b9982800] Opening '/config/cache/transcodes/a66b56c5c9b7925769174920f719b28a339.mp4' for writing
[hls @ 0x5d86b9982800] Opening '/config/cache/transcodes/a66b56c5c9b7925769174920f719b28a340.mp4' for writing
frame=49282 fps=1932 q=-1.0 size=N/A time=00:33:29.83 bitrate=N/A speed=78.8x    
[hls @ 0x5d86b9982800] Opening '/config/cache/transcodes/a66b56c5c9b7925769174920f719b28a341.mp4' for writing
[hls @ 0x5d86b9982800] Opening '/config/cache/transcodes/a66b56c5c9b7925769174920f719b28a342.mp4' for writing
[hls @ 0x5d86b9982800] Opening '/config/cache/transcodes/a66b56c5c9b7925769174920f719b28a343.mp4' for writing
[hls @ 0x5d86b9982800] Opening '/config/cache/transcodes/a66b56c5c9b7925769174920f719b28a344.mp4' for writing
[hls @ 0x5d86b9982800] Opening '/config/cache/transcodes/a66b56c5c9b7925769174920f719b28a345.mp4' for writing
[hls @ 0x5d86b9982800] Opening '/config/cache/transcodes/a66b56c5c9b7925769174920f719b28a346.mp4' for writing
[hls @ 0x5d86b9982800] Opening '/config/cache/transcodes/a66b56c5c9b7925769174920f719b28a347.mp4' for writing
[hls @ 0x5d86b9982800] Opening '/config/cache/transcodes/a66b56c5c9b7925769174920f719b28a348.mp4' for writing
frame=50293 fps=1934 q=-1.0 size=N/A time=00:34:11.98 bitrate=N/A speed=78.9x    
[hls @ 0x5d86b9982800] Opening '/config/cache/transcodes/a66b56c5c9b7925769174920f719b28a349.mp4' for writing
[hls @ 0x5d86b9982800] Opening '/config/cache/transcodes/a66b56c5c9b7925769174920f719b28a350.mp4' for writing
[hls @ 0x5d86b9982800] Opening '/config/cache/transcodes/a66b56c5c9b7925769174920f719b28a351.mp4' for writing
[hls @ 0x5d86b9982800] Opening '/config/cache/transcodes/a66b56c5c9b7925769174920f719b28a352.mp4' for writing
[hls @ 0x5d86b9982800] Opening '/config/cache/transcodes/a66b56c5c9b7925769174920f719b28a353.mp4' for writing
[hls @ 0x5d86b9982800] Opening '/config/cache/transcodes/a66b56c5c9b7925769174920f719b28a354.mp4' for writing
frame=51255 fps=1934 q=-1.0 size=N/A time=00:34:52.09 bitrate=N/A speed=78.9x    
[hls @ 0x5d86b9982800] Opening '/config/cache/transcodes/a66b56c5c9b7925769174920f719b28a355.mp4' for writing
[hls @ 0x5d86b9982800] Opening '/config/cache/transcodes/a66b56c5c9b7925769174920f719b28a356.mp4' for writing
[hls @ 0x5d86b9982800] Opening '/config/cache/transcodes/a66b56c5c9b7925769174920f719b28a357.mp4' for writing
[hls @ 0x5d86b9982800] Opening '/config/cache/transcodes/a66b56c5c9b7925769174920f719b28a358.mp4' for writing
[hls @ 0x5d86b9982800] Opening '/config/cache/transcodes/a66b56c5c9b7925769174920f719b28a359.mp4' for writing
[hls @ 0x5d86b9982800] Opening '/config/cache/transcodes/a66b56c5c9b7925769174920f719b28a360.mp4' for writing
[hls @ 0x5d86b9982800] Opening '/config/cache/transcodes/a66b56c5c9b7925769174920f719b28a361.mp4' for writing
frame=52242 fps=1935 q=-1.0 size=N/A time=00:35:33.29 bitrate=N/A speed=  79x    
[hls @ 0x5d86b9982800] Opening '/config/cache/transcodes/a66b56c5c9b7925769174920f719b28a362.mp4' for writing
[hls @ 0x5d86b9982800] Opening '/config/cache/transcodes/a66b56c5c9b7925769174920f719b28a363.mp4' for writing
[hls @ 0x5d86b9982800] Opening '/config/cache/transcodes/a66b56c5c9b7925769174920f719b28a364.mp4' for writing
[hls @ 0x5d86b9982800] Opening '/config/cache/transcodes/a66b56c5c9b7925769174920f719b28a365.mp4' for writing
[hls @ 0x5d86b9982800] Opening '/config/cache/transcodes/a66b56c5c9b7925769174920f719b28a366.mp4' for writing
[hls @ 0x5d86b9982800] Opening '/config/cache/transcodes/a66b56c5c9b7925769174920f719b28a367.mp4' for writing
frame=53189 fps=1934 q=-1.0 size=N/A time=00:36:12.77 bitrate=N/A speed=  79x    
[hls @ 0x5d86b9982800] Opening '/config/cache/transcodes/a66b56c5c9b7925769174920f719b28a368.mp4' for writing
[hls @ 0x5d86b9982800] Opening '/config/cache/transcodes/a66b56c5c9b7925769174920f719b28a369.mp4' for writing
[hls @ 0x5d86b9982800] Opening '/config/cache/transcodes/a66b56c5c9b7925769174920f719b28a370.mp4' for writing
[hls @ 0x5d86b9982800] Opening '/config/cache/transcodes/a66b56c5c9b7925769174920f719b28a371.mp4' for writing
[hls @ 0x5d86b9982800] Opening '/config/cache/transcodes/a66b56c5c9b7925769174920f719b28a372.mp4' for writing
frame=54129 fps=1933 q=-1.0 size=N/A time=00:36:51.98 bitrate=N/A speed=  79x    
[hls @ 0x5d86b9982800] Opening '/config/cache/transcodes/a66b56c5c9b7925769174920f719b28a373.mp4' for writing
[hls @ 0x5d86b9982800] Opening '/config/cache/transcodes/a66b56c5c9b7925769174920f719b28a374.mp4' for writing
[hls @ 0x5d86b9982800] Opening '/config/cache/transcodes/a66b56c5c9b7925769174920f719b28a375.mp4' for writing
[hls @ 0x5d86b9982800] Opening '/config/cache/transcodes/a66b56c5c9b7925769174920f719b28a376.mp4' for writing
[hls @ 0x5d86b9982800] Opening '/config/cache/transcodes/a66b56c5c9b7925769174920f719b28a377.mp4' for writing
[hls @ 0x5d86b9982800] Opening '/config/cache/transcodes/a66b56c5c9b7925769174920f719b28a378.mp4' for writing
[hls @ 0x5d86b9982800] Opening '/config/cache/transcodes/a66b56c5c9b7925769174920f719b28a379.mp4' for writing
[hls @ 0x5d86b9982800] Opening '/config/cache/transcodes/a66b56c5c9b7925769174920f719b28a380.mp4' for writing
[hls @ 0x5d86b9982800] Opening '/config/cache/transcodes/a66b56c5c9b7925769174920f719b28a381.mp4' for writing
frame=55028 fps=1930 q=-1.0 size=N/A time=00:37:29.45 bitrate=N/A speed=78.9x    
[hls @ 0x5d86b9982800] Opening '/config/cache/transcodes/a66b56c5c9b7925769174920f719b28a382.mp4' for writing
[hls @ 0x5d86b9982800] Opening '/config/cache/transcodes/a66b56c5c9b7925769174920f719b28a383.mp4' for writing
[hls @ 0x5d86b9982800] Opening '/config/cache/transcodes/a66b56c5c9b7925769174920f719b28a384.mp4' for writing
[hls @ 0x5d86b9982800] Opening '/config/cache/transcodes/a66b56c5c9b7925769174920f719b28a385.mp4' for writing
[hls @ 0x5d86b9982800] Opening '/config/cache/transcodes/a66b56c5c9b7925769174920f719b28a386.mp4' for writing
[hls @ 0x5d86b9982800] Opening '/config/cache/transcodes/a66b56c5c9b7925769174920f719b28a387.mp4' for writing
frame=55971 fps=1930 q=-1.0 size=N/A time=00:38:08.81 bitrate=N/A speed=78.9x    
[hls @ 0x5d86b9982800] Opening '/config/cache/transcodes/a66b56c5c9b7925769174920f719b28a388.mp4' for writing
[hls @ 0x5d86b9982800] Opening '/config/cache/transcodes/a66b56c5c9b7925769174920f719b28a389.mp4' for writing
[hls @ 0x5d86b9982800] Opening '/config/cache/transcodes/a66b56c5c9b7925769174920f719b28a390.mp4' for writing
[hls @ 0x5d86b9982800] Opening '/config/cache/transcodes/a66b56c5c9b7925769174920f719b28a391.mp4' for writing
[hls @ 0x5d86b9982800] Opening '/config/cache/transcodes/a66b56c5c9b7925769174920f719b28a392.mp4' for writing
[hls @ 0x5d86b9982800] Opening '/config/cache/transcodes/a66b56c5c9b7925769174920f719b28a393.mp4' for writing
[hls @ 0x5d86b9982800] Opening '/config/cache/transcodes/a66b56c5c9b7925769174920f719b28a394.mp4' for writing
frame=56914 fps=1929 q=-1.0 size=N/A time=00:38:48.14 bitrate=N/A speed=78.9x    
[hls @ 0x5d86b9982800] Opening '/config/cache/transcodes/a66b56c5c9b7925769174920f719b28a395.mp4' for writing
[hls @ 0x5d86b9982800] Opening '/config/cache/transcodes/a66b56c5c9b7925769174920f719b28a396.mp4' for writing
[hls @ 0x5d86b9982800] Opening '/config/cache/transcodes/a66b56c5c9b7925769174920f719b28a397.mp4' for writing
[hls @ 0x5d86b9982800] Opening '/config/cache/transcodes/a66b56c5c9b7925769174920f719b28a398.mp4' for writing
[hls @ 0x5d86b9982800] Opening '/config/cache/transcodes/a66b56c5c9b7925769174920f719b28a399.mp4' for writing
[hls @ 0x5d86b9982800] Opening '/config/cache/transcodes/a66b56c5c9b7925769174920f719b28a400.mp4' for writing
[hls @ 0x5d86b9982800] Opening '/config/cache/transcodes/a66b56c5c9b7925769174920f719b28a401.mp4' for writing
frame=57883 fps=1929 q=-1.0 size=N/A time=00:39:28.51 bitrate=N/A speed=78.9x    
[hls @ 0x5d86b9982800] Opening '/config/cache/transcodes/a66b56c5c9b7925769174920f719b28a402.mp4' for writing
[hls @ 0x5d86b9982800] Opening '/config/cache/transcodes/a66b56c5c9b7925769174920f719b28a403.mp4' for writing
[hls @ 0x5d86b9982800] Opening '/config/cache/transcodes/a66b56c5c9b7925769174920f719b28a404.mp4' for writing
[hls @ 0x5d86b9982800] Opening '/config/cache/transcodes/a66b56c5c9b7925769174920f719b28a405.mp4' for writing
[hls @ 0x5d86b9982800] Opening '/config/cache/transcodes/a66b56c5c9b7925769174920f719b28a406.mp4' for writing
[hls @ 0x5d86b9982800] Opening '/config/cache/transcodes/a66b56c5c9b7925769174920f719b28a407.mp4' for writing
frame=58776 fps=1927 q=-1.0 size=N/A time=00:40:05.80 bitrate=N/A speed=78.9x    
[hls @ 0x5d86b9982800] Opening '/config/cache/transcodes/a66b56c5c9b7925769174920f719b28a408.mp4' for writing
[hls @ 0x5d86b9982800] Opening '/config/cache/transcodes/a66b56c5c9b7925769174920f719b28a409.mp4' for writing
[hls @ 0x5d86b9982800] Opening '/config/cache/transcodes/a66b56c5c9b7925769174920f719b28a410.mp4' for writing
[hls @ 0x5d86b9982800] Opening '/config/cache/transcodes/a66b56c5c9b7925769174920f719b28a411.mp4' for writing
[hls @ 0x5d86b9982800] Opening '/config/cache/transcodes/a66b56c5c9b7925769174920f719b28a412.mp4' for writing
frame=59656 fps=1924 q=-1.0 size=N/A time=00:40:42.49 bitrate=N/A speed=78.8x    
[hls @ 0x5d86b9982800] Opening '/config/cache/transcodes/a66b56c5c9b7925769174920f719b28a413.mp4' for writing
[hls @ 0x5d86b9982800] Opening '/config/cache/transcodes/a66b56c5c9b7925769174920f719b28a414.mp4' for writing
[hls @ 0x5d86b9982800] Opening '/config/cache/transcodes/a66b56c5c9b7925769174920f719b28a415.mp4' for writing
[hls @ 0x5d86b9982800] Opening '/config/cache/transcodes/a66b56c5c9b7925769174920f719b28a416.mp4' for writing
[hls @ 0x5d86b9982800] Opening '/config/cache/transcodes/a66b56c5c9b7925769174920f719b28a417.mp4' for writing
[hls @ 0x5d86b9982800] Opening '/config/cache/transcodes/a66b56c5c9b7925769174920f719b28a418.mp4' for writing
[hls @ 0x5d86b9982800] Opening '/config/cache/transcodes/a66b56c5c9b7925769174920f719b28a419.mp4' for writing
frame=60579 fps=1923 q=-1.0 size=N/A time=00:41:20.98 bitrate=N/A speed=78.7x    
[hls @ 0x5d86b9982800] Opening '/config/cache/transcodes/a66b56c5c9b7925769174920f719b28a420.mp4' for writing
[hls @ 0x5d86b9982800] Opening '/config/cache/transcodes/a66b56c5c9b7925769174920f719b28a421.mp4' for writing
[hls @ 0x5d86b9982800] Opening '/config/cache/transcodes/a66b56c5c9b7925769174920f719b28a422.mp4' for writing
[hls @ 0x5d86b9982800] Opening '/config/cache/transcodes/a66b56c5c9b7925769174920f719b28a423.mp4' for writing
[hls @ 0x5d86b9982800] Opening '/config/cache/transcodes/a66b56c5c9b7925769174920f719b28a424.mp4' for writing
[hls @ 0x5d86b9982800] Opening '/config/cache/transcodes/a66b56c5c9b7925769174920f719b28a425.mp4' for writing
frame=61525 fps=1922 q=-1.0 size=N/A time=00:42:00.44 bitrate=N/A speed=78.7x    
[hls @ 0x5d86b9982800] Opening '/config/cache/transcodes/a66b56c5c9b7925769174920f719b28a426.mp4' for writing
[hls @ 0x5d86b9982800] Opening '/config/cache/transcodes/a66b56c5c9b7925769174920f719b28a427.mp4' for writing
[hls @ 0x5d86b9982800] Opening '/config/cache/transcodes/a66b56c5c9b7925769174920f719b28a428.mp4' for writing
[hls @ 0x5d86b9982800] Opening '/config/cache/transcodes/a66b56c5c9b7925769174920f719b28a429.mp4' for writing
[hls @ 0x5d86b9982800] Opening '/config/cache/transcodes/a66b56c5c9b7925769174920f719b28a430.mp4' for writing
[hls @ 0x5d86b9982800] Opening '/config/cache/transcodes/a66b56c5c9b7925769174920f719b28a431.mp4' for writing
[hls @ 0x5d86b9982800] Opening '/config/cache/transcodes/a66b56c5c9b7925769174920f719b28a432.mp4' for writing
[hls @ 0x5d86b9982800] Opening '/config/cache/transcodes/a66b56c5c9b7925769174920f719b28a433.mp4' for writing
frame=62480 fps=1922 q=-1.0 size=N/A time=00:42:40.27 bitrate=N/A speed=78.8x    
[hls @ 0x5d86b9982800] Opening '/config/cache/transcodes/a66b56c5c9b7925769174920f719b28a434.mp4' for writing
[hls @ 0x5d86b9982800] Opening '/config/cache/transcodes/a66b56c5c9b7925769174920f719b28a435.mp4' for writing
[hls @ 0x5d86b9982800] Opening '/config/cache/transcodes/a66b56c5c9b7925769174920f719b28a436.mp4' for writing
[hls @ 0x5d86b9982800] Opening '/config/cache/transcodes/a66b56c5c9b7925769174920f719b28a437.mp4' for writing
[hls @ 0x5d86b9982800] Opening '/config/cache/transcodes/a66b56c5c9b7925769174920f719b28a438.mp4' for writing
[hls @ 0x5d86b9982800] Opening '/config/cache/transcodes/a66b56c5c9b7925769174920f719b28a439.mp4' for writing
frame=63415 fps=1921 q=-1.0 size=N/A time=00:43:19.29 bitrate=N/A speed=78.8x    
[hls @ 0x5d86b9982800] Opening '/config/cache/transcodes/a66b56c5c9b7925769174920f719b28a440.mp4' for writing
[hls @ 0x5d86b9982800] Opening '/config/cache/transcodes/a66b56c5c9b7925769174920f719b28a441.mp4' for writing
[hls @ 0x5d86b9982800] Opening '/config/cache/transcodes/a66b56c5c9b7925769174920f719b28a442.mp4' for writing
[hls @ 0x5d86b9982800] Opening '/config/cache/transcodes/a66b56c5c9b7925769174920f719b28a443.mp4' for writing
[hls @ 0x5d86b9982800] Opening '/config/cache/transcodes/a66b56c5c9b7925769174920f719b28a444.mp4' for writing
frame=64287 fps=1919 q=-1.0 size=N/A time=00:43:55.66 bitrate=N/A speed=78.7x    
[hls @ 0x5d86b9982800] Opening '/config/cache/transcodes/a66b56c5c9b7925769174920f719b28a445.mp4' for writing
[hls @ 0x5d86b9982800] Opening '/config/cache/transcodes/a66b56c5c9b7925769174920f719b28a446.mp4' for writing
[hls @ 0x5d86b9982800] Opening '/config/cache/transcodes/a66b56c5c9b7925769174920f719b28a447.mp4' for writing
[hls @ 0x5d86b9982800] Opening '/config/cache/transcodes/a66b56c5c9b7925769174920f719b28a448.mp4' for writing
[hls @ 0x5d86b9982800] Opening '/config/cache/transcodes/a66b56c5c9b7925769174920f719b28a449.mp4' for writing
[hls @ 0x5d86b9982800] Opening '/config/cache/transcodes/a66b56c5c9b7925769174920f719b28a450.mp4' for writing
frame=65203 fps=1917 q=-1.0 size=N/A time=00:44:33.87 bitrate=N/A speed=78.6x    
[hls @ 0x5d86b9982800] Opening '/config/cache/transcodes/a66b56c5c9b7925769174920f719b28a451.mp4' for writing
[hls @ 0x5d86b9982800] Opening '/config/cache/transcodes/a66b56c5c9b7925769174920f719b28a452.mp4' for writing
[hls @ 0x5d86b9982800] Opening '/config/cache/transcodes/a66b56c5c9b7925769174920f719b28a453.mp4' for writing
[hls @ 0x5d86b9982800] Opening '/config/cache/transcodes/a66b56c5c9b7925769174920f719b28a454.mp4' for writing
[hls @ 0x5d86b9982800] Opening '/config/cache/transcodes/a66b56c5c9b7925769174920f719b28a455.mp4' for writing
[hls @ 0x5d86b9982800] Opening '/config/cache/transcodes/a66b56c5c9b7925769174920f719b28a456.mp4' for writing
[hls @ 0x5d86b9982800] Opening '/config/cache/transcodes/a66b56c5c9b7925769174920f719b28a457.mp4' for writing
frame=66137 fps=1917 q=-1.0 size=N/A time=00:45:12.81 bitrate=N/A speed=78.6x    
[hls @ 0x5d86b9982800] Opening '/config/cache/transcodes/a66b56c5c9b7925769174920f719b28a458.mp4' for writing
[hls @ 0x5d86b9982800] Opening '/config/cache/transcodes/a66b56c5c9b7925769174920f719b28a459.mp4' for writing
[hls @ 0x5d86b9982800] Opening '/config/cache/transcodes/a66b56c5c9b7925769174920f719b28a460.mp4' for writing
[hls @ 0x5d86b9982800] Opening '/config/cache/transcodes/a66b56c5c9b7925769174920f719b28a461.mp4' for writing
[hls @ 0x5d86b9982800] Opening '/config/cache/transcodes/a66b56c5c9b7925769174920f719b28a462.mp4' for writing
frame=66814 fps=1909 q=-1.0 size=N/A time=00:45:41.41 bitrate=N/A speed=78.3x    
[hls @ 0x5d86b9982800] Opening '/config/cache/transcodes/a66b56c5c9b7925769174920f719b28a463.mp4' for writing
[hls @ 0x5d86b9982800] Opening '/config/cache/transcodes/a66b56c5c9b7925769174920f719b28a464.mp4' for writing
[hls @ 0x5d86b9982800] Opening '/config/cache/transcodes/a66b56c5c9b7925769174920f719b28a465.mp4' for writing
[hls @ 0x5d86b9982800] Opening '/config/cache/transcodes/a66b56c5c9b7925769174920f719b28a466.mp4' for writing
[hls @ 0x5d86b9982800] Opening '/config/cache/transcodes/a66b56c5c9b7925769174920f719b28a467.mp4' for writing
frame=67460 fps=1900 q=-1.0 size=N/A time=00:46:08.40 bitrate=N/A speed=  78x    
[hls @ 0x5d86b9982800] Opening '/config/cache/transcodes/a66b56c5c9b7925769174920f719b28a468.mp4' for writing
[hls @ 0x5d86b9982800] Opening '/config/cache/transcodes/a66b56c5c9b7925769174920f719b28a469.mp4' for writing
[hls @ 0x5d86b9982800] Opening '/config/cache/transcodes/a66b56c5c9b7925769174920f719b28a470.mp4' for writing
[hls @ 0x5d86b9982800] Opening '/config/cache/transcodes/a66b56c5c9b7925769174920f719b28a471.mp4' for writing
[hls @ 0x5d86b9982800] Opening '/config/cache/transcodes/a66b56c5c9b7925769174920f719b28a472.mp4' for writing
frame=68227 fps=1895 q=-1.0 size=N/A time=00:46:40.06 bitrate=N/A speed=77.8x    
[hls @ 0x5d86b9982800] Opening '/config/cache/transcodes/a66b56c5c9b7925769174920f719b28a473.mp4' for writing
[hls @ 0x5d86b9982800] Opening '/config/cache/transcodes/a66b56c5c9b7925769174920f719b28a474.mp4' for writing
frame=68578 fps=1878 q=-1.0 size=N/A time=00:46:55.01 bitrate=N/A speed=77.1x    
[hls @ 0x5d86b9982800] Opening '/config/cache/transcodes/a66b56c5c9b7925769174920f719b28a475.mp4' for writing
[hls @ 0x5d86b9982800] Opening '/config/cache/transcodes/a66b56c5c9b7925769174920f719b28a476.mp4' for writing
frame=68886 fps=1861 q=-1.0 size=N/A time=00:47:07.88 bitrate=N/A speed=76.4x    
[hls @ 0x5d86b9982800] Opening '/config/cache/transcodes/a66b56c5c9b7925769174920f719b28a477.mp4' for writing
[hls @ 0x5d86b9982800] Opening '/config/cache/transcodes/a66b56c5c9b7925769174920f719b28a478.mp4' for writing
frame=69143 fps=1843 q=-1.0 size=N/A time=00:47:18.20 bitrate=N/A speed=75.7x    
[hls @ 0x5d86b9982800] Opening '/config/cache/transcodes/a66b56c5c9b7925769174920f719b28a479.mp4' for writing
[hls @ 0x5d86b9982800] Opening '/config/cache/transcodes/a66b56c5c9b7925769174920f719b28a480.mp4' for writing
[hls @ 0x5d86b9982800] Opening '/config/cache/transcodes/a66b56c5c9b7925769174920f719b28a481.mp4' for writing
[hls @ 0x5d86b9982800] Opening '/config/cache/transcodes/a66b56c5c9b7925769174920f719b28a482.mp4' for writing
[hls @ 0x5d86b9982800] Opening '/config/cache/transcodes/a66b56c5c9b7925769174920f719b28a483.mp4' for writing
frame=69752 fps=1835 q=-1.0 size=N/A time=00:47:43.55 bitrate=N/A speed=75.3x    
[hls @ 0x5d86b9982800] Opening '/config/cache/transcodes/a66b56c5c9b7925769174920f719b28a484.mp4' for writing
[hls @ 0x5d86b9982800] Opening '/config/cache/transcodes/a66b56c5c9b7925769174920f719b28a485.mp4' for writing
[hls @ 0x5d86b9982800] Opening '/config/cache/transcodes/a66b56c5c9b7925769174920f719b28a486.mp4' for writing
[hls @ 0x5d86b9982800] Opening '/config/cache/transcodes/a66b56c5c9b7925769174920f719b28a487.mp4' for writing
frame=70358 fps=1827 q=-1.0 size=N/A time=00:48:09.19 bitrate=N/A speed=  75x    
[hls @ 0x5d86b9982800] Opening '/config/cache/transcodes/a66b56c5c9b7925769174920f719b28a488.mp4' for writing
[hls @ 0x5d86b9982800] Opening '/config/cache/transcodes/a66b56c5c9b7925769174920f719b28a489.mp4' for writing
[hls @ 0x5d86b9982800] Opening '/config/cache/transcodes/a66b56c5c9b7925769174920f719b28a490.mp4' for writing
[hls @ 0x5d86b9982800] Opening '/config/cache/transcodes/a66b56c5c9b7925769174920f719b28a491.mp4' for writing
[hls @ 0x5d86b9982800] Opening '/config/cache/transcodes/a66b56c5c9b7925769174920f719b28a492.mp4' for writing
[hls @ 0x5d86b9982800] Opening '/config/cache/transcodes/a66b56c5c9b7925769174920f719b28a493.mp4' for writing
frame=71160 fps=1824 q=-1.0 size=N/A time=00:48:42.73 bitrate=N/A speed=74.9x    
[hls @ 0x5d86b9982800] Opening '/config/cache/transcodes/a66b56c5c9b7925769174920f719b28a494.mp4' for writing
[hls @ 0x5d86b9982800] Opening '/config/cache/transcodes/a66b56c5c9b7925769174920f719b28a495.mp4' for writing
[hls @ 0x5d86b9982800] Opening '/config/cache/transcodes/a66b56c5c9b7925769174920f719b28a496.mp4' for writing
frame=71626 fps=1813 q=-1.0 size=N/A time=00:49:02.16 bitrate=N/A speed=74.5x    
[hls @ 0x5d86b9982800] Opening '/config/cache/transcodes/a66b56c5c9b7925769174920f719b28a497.mp4' for writing
[hls @ 0x5d86b9982800] Opening '/config/cache/transcodes/a66b56c5c9b7925769174920f719b28a498.mp4' for writing
frame=71984 fps=1799 q=-1.0 size=N/A time=00:49:16.69 bitrate=N/A speed=73.9x    
[hls @ 0x5d86b9982800] Opening '/config/cache/transcodes/a66b56c5c9b7925769174920f719b28a499.mp4' for writing
[hls @ 0x5d86b9982800] Opening '/config/cache/transcodes/a66b56c5c9b7925769174920f719b28a500.mp4' for writing
frame=72382 fps=1787 q=-1.0 size=N/A time=00:49:33.37 bitrate=N/A speed=73.4x    
[hls @ 0x5d86b9982800] Opening '/config/cache/transcodes/a66b56c5c9b7925769174920f719b28a501.mp4' for writing
[hls @ 0x5d86b9982800] Opening '/config/cache/transcodes/a66b56c5c9b7925769174920f719b28a502.mp4' for writing
[hls @ 0x5d86b9982800] Opening '/config/cache/transcodes/a66b56c5c9b7925769174920f719b28a503.mp4' for writing
[hls @ 0x5d86b9982800] Opening '/config/cache/transcodes/a66b56c5c9b7925769174920f719b28a504.mp4' for writing
frame=72918 fps=1778 q=-1.0 size=N/A time=00:49:56.05 bitrate=N/A speed=73.1x    
[hls @ 0x5d86b9982800] Opening '/config/cache/transcodes/a66b56c5c9b7925769174920f719b28a505.mp4' for writing
[hls @ 0x5d86b9982800] Opening '/config/cache/transcodes/a66b56c5c9b7925769174920f719b28a506.mp4' for writing
[hls @ 0x5d86b9982800] Opening '/config/cache/transcodes/a66b56c5c9b7925769174920f719b28a507.mp4' for writing
[hls @ 0x5d86b9982800] Opening '/config/cache/transcodes/a66b56c5c9b7925769174920f719b28a508.mp4' for writing
[hls @ 0x5d86b9982800] Opening '/config/cache/transcodes/a66b56c5c9b7925769174920f719b28a509.mp4' for writing
frame=73621 fps=1774 q=-1.0 size=N/A time=00:50:25.17 bitrate=N/A speed=72.9x    
[hls @ 0x5d86b9982800] Opening '/config/cache/transcodes/a66b56c5c9b7925769174920f719b28a510.mp4' for writing
[hls @ 0x5d86b9982800] Opening '/config/cache/transcodes/a66b56c5c9b7925769174920f719b28a511.mp4' for writing
[hls @ 0x5d86b9982800] Opening '/config/cache/transcodes/a66b56c5c9b7925769174920f719b28a512.mp4' for writing
[hls @ 0x5d86b9982800] Opening '/config/cache/transcodes/a66b56c5c9b7925769174920f719b28a513.mp4' for writing
frame=74106 fps=1764 q=-1.0 size=N/A time=00:50:45.48 bitrate=N/A speed=72.5x    
[hls @ 0x5d86b9982800] Opening '/config/cache/transcodes/a66b56c5c9b7925769174920f719b28a514.mp4' for writing
[hls @ 0x5d86b9982800] Opening '/config/cache/transcodes/a66b56c5c9b7925769174920f719b28a515.mp4' for writing
frame=74288 fps=1748 q=-1.0 size=N/A time=00:50:53.20 bitrate=N/A speed=71.8x    
[hls @ 0x5d86b9982800] Opening '/config/cache/transcodes/a66b56c5c9b7925769174920f719b28a516.mp4' for writing
[hls @ 0x5d86b9982800] Opening '/config/cache/transcodes/a66b56c5c9b7925769174920f719b28a517.mp4' for writing
frame=74613 fps=1735 q=-1.0 size=N/A time=00:51:06.32 bitrate=N/A speed=71.3x    
[hls @ 0x5d86b9982800] Opening '/config/cache/transcodes/a66b56c5c9b7925769174920f719b28a518.mp4' for writing
[hls @ 0x5d86b9982800] Opening '/config/cache/transcodes/a66b56c5c9b7925769174920f719b28a519.mp4' for writing
[hls @ 0x5d86b9982800] Opening '/config/cache/transcodes/a66b56c5c9b7925769174920f719b28a520.mp4' for writing
frame=75038 fps=1725 q=-1.0 size=N/A time=00:51:24.07 bitrate=N/A speed=70.9x    
[hls @ 0x5d86b9982800] Opening '/config/cache/transcodes/a66b56c5c9b7925769174920f719b28a521.mp4' for writing
frame=75265 fps=1710 q=-1.0 size=N/A time=00:51:33.90 bitrate=N/A speed=70.3x    
[hls @ 0x5d86b9982800] Opening '/config/cache/transcodes/a66b56c5c9b7925769174920f719b28a522.mp4' for writing
[hls @ 0x5d86b9982800] Opening '/config/cache/transcodes/a66b56c5c9b7925769174920f719b28a523.mp4' for writing
frame=75603 fps=1699 q=-1.0 size=N/A time=00:51:48.05 bitrate=N/A speed=69.8x    
[hls @ 0x5d86b9982800] Opening '/config/cache/transcodes/a66b56c5c9b7925769174920f719b28a524.mp4' for writing
[hls @ 0x5d86b9982800] Opening '/config/cache/transcodes/a66b56c5c9b7925769174920f719b28a525.mp4' for writing
[hls @ 0x5d86b9982800] Opening '/config/cache/transcodes/a66b56c5c9b7925769174920f719b28a526.mp4' for writing
[hls @ 0x5d86b9982800] Opening '/config/cache/transcodes/a66b56c5c9b7925769174920f719b28a527.mp4' for writing
frame=76132 fps=1691 q=-1.0 size=N/A time=00:52:10.09 bitrate=N/A speed=69.5x    
[hls @ 0x5d86b9982800] Opening '/config/cache/transcodes/a66b56c5c9b7925769174920f719b28a528.mp4' for writing
[hls @ 0x5d86b9982800] Opening '/config/cache/transcodes/a66b56c5c9b7925769174920f719b28a529.mp4' for writing
frame=76546 fps=1682 q=-1.0 size=N/A time=00:52:26.96 bitrate=N/A speed=69.1x    
[hls @ 0x5d86b9982800] Opening '/config/cache/transcodes/a66b56c5c9b7925769174920f719b28a530.mp4' for writing
[hls @ 0x5d86b9982800] Opening '/config/cache/transcodes/a66b56c5c9b7925769174920f719b28a531.mp4' for writing
frame=76991 fps=1673 q=-1.0 size=N/A time=00:52:45.86 bitrate=N/A speed=68.8x    
[hls @ 0x5d86b9982800] Opening '/config/cache/transcodes/a66b56c5c9b7925769174920f719b28a532.mp4' for writing
[hls @ 0x5d86b9982800] Opening '/config/cache/transcodes/a66b56c5c9b7925769174920f719b28a533.mp4' for writing
[hls @ 0x5d86b9982800] Opening '/config/cache/transcodes/a66b56c5c9b7925769174920f719b28a534.mp4' for writing
frame=77221 fps=1660 q=-1.0 size=N/A time=00:52:55.10 bitrate=N/A speed=68.3x    
[hls @ 0x5d86b9982800] Opening '/config/cache/transcodes/a66b56c5c9b7925769174920f719b28a535.mp4' for writing
frame=77474 fps=1648 q=-1.0 size=N/A time=00:53:06.02 bitrate=N/A speed=67.8x    
[hls @ 0x5d86b9982800] Opening '/config/cache/transcodes/a66b56c5c9b7925769174920f719b28a536.mp4' for writing
[hls @ 0x5d86b9982800] Opening '/config/cache/transcodes/a66b56c5c9b7925769174920f719b28a537.mp4' for writing
[hls @ 0x5d86b9982800] Opening '/config/cache/transcodes/a66b56c5c9b7925769174920f719b28a538.mp4' for writing
[hls @ 0x5d86b9982800] Opening '/config/cache/transcodes/a66b56c5c9b7925769174920f719b28a539.mp4' for writing
frame=78008 fps=1642 q=-1.0 size=N/A time=00:53:28.29 bitrate=N/A speed=67.5x    
[hls @ 0x5d86b9982800] Opening '/config/cache/transcodes/a66b56c5c9b7925769174920f719b28a540.mp4' for writing
[hls @ 0x5d86b9982800] Opening '/config/cache/transcodes/a66b56c5c9b7925769174920f719b28a541.mp4' for writing
frame=78395 fps=1633 q=-1.0 size=N/A time=00:53:44.08 bitrate=N/A speed=67.2x    
[hls @ 0x5d86b9982800] Opening '/config/cache/transcodes/a66b56c5c9b7925769174920f719b28a542.mp4' for writing
[hls @ 0x5d86b9982800] Opening '/config/cache/transcodes/a66b56c5c9b7925769174920f719b28a543.mp4' for writing
[hls @ 0x5d86b9982800] Opening '/config/cache/transcodes/a66b56c5c9b7925769174920f719b28a544.mp4' for writing
frame=78926 fps=1627 q=-1.0 size=N/A time=00:54:06.22 bitrate=N/A speed=66.9x    
[hls @ 0x5d86b9982800] Opening '/config/cache/transcodes/a66b56c5c9b7925769174920f719b28a545.mp4' for writing
[hls @ 0x5d86b9982800] Opening '/config/cache/transcodes/a66b56c5c9b7925769174920f719b28a546.mp4' for writing
[hls @ 0x5d86b9982800] Opening '/config/cache/transcodes/a66b56c5c9b7925769174920f719b28a547.mp4' for writing
frame=79521 fps=1622 q=-1.0 size=N/A time=00:54:31.40 bitrate=N/A speed=66.7x    
[hls @ 0x5d86b9982800] Opening '/config/cache/transcodes/a66b56c5c9b7925769174920f719b28a548.mp4' for writing
[hls @ 0x5d86b9982800] Opening '/config/cache/transcodes/a66b56c5c9b7925769174920f719b28a549.mp4' for writing
[hls @ 0x5d86b9982800] Opening '/config/cache/transcodes/a66b56c5c9b7925769174920f719b28a550.mp4' for writing
frame=80076 fps=1617 q=-1.0 size=N/A time=00:54:54.18 bitrate=N/A speed=66.5x    
[hls @ 0x5d86b9982800] Opening '/config/cache/transcodes/a66b56c5c9b7925769174920f719b28a551.mp4' for writing
[hls @ 0x5d86b9982800] Opening '/config/cache/transcodes/a66b56c5c9b7925769174920f719b28a552.mp4' for writing
[hls @ 0x5d86b9982800] Opening '/config/cache/transcodes/a66b56c5c9b7925769174920f719b28a553.mp4' for writing
[hls @ 0x5d86b9982800] Opening '/config/cache/transcodes/a66b56c5c9b7925769174920f719b28a554.mp4' for writing
frame=80672 fps=1613 q=-1.0 size=N/A time=00:55:19.04 bitrate=N/A speed=66.4x    
[hls @ 0x5d86b9982800] Opening '/config/cache/transcodes/a66b56c5c9b7925769174920f719b28a555.mp4' for writing
[hls @ 0x5d86b9982800] Opening '/config/cache/transcodes/a66b56c5c9b7925769174920f719b28a556.mp4' for writing
[hls @ 0x5d86b9982800] Opening '/config/cache/transcodes/a66b56c5c9b7925769174920f719b28a557.mp4' for writing
[hls @ 0x5d86b9982800] Opening '/config/cache/transcodes/a66b56c5c9b7925769174920f719b28a558.mp4' for writing
[hls @ 0x5d86b9982800] Opening '/config/cache/transcodes/a66b56c5c9b7925769174920f719b28a559.mp4' for writing
[hls @ 0x5d86b9982800] Opening '/config/cache/transcodes/a66b56c5c9b7925769174920f719b28a560.mp4' for writing
frame=81571 fps=1615 q=-1.0 size=N/A time=00:55:56.54 bitrate=N/A speed=66.5x    
[hls @ 0x5d86b9982800] Opening '/config/cache/transcodes/a66b56c5c9b7925769174920f719b28a561.mp4' for writing
[hls @ 0x5d86b9982800] Opening '/config/cache/transcodes/a66b56c5c9b7925769174920f719b28a562.mp4' for writing
[hls @ 0x5d86b9982800] Opening '/config/cache/transcodes/a66b56c5c9b7925769174920f719b28a563.mp4' for writing
[hls @ 0x5d86b9982800] Opening '/config/cache/transcodes/a66b56c5c9b7925769174920f719b28a564.mp4' for writing
[hls @ 0x5d86b9982800] Opening '/config/cache/transcodes/a66b56c5c9b7925769174920f719b28a565.mp4' for writing
[hls @ 0x5d86b9982800] Opening '/config/cache/transcodes/a66b56c5c9b7925769174920f719b28a566.mp4' for writing
[hls @ 0x5d86b9982800] Opening '/config/cache/transcodes/a66b56c5c9b7925769174920f719b28a567.mp4' for writing
[hls @ 0x5d86b9982800] Opening '/config/cache/transcodes/a66b56c5c9b7925769174920f719b28a568.mp4' for writing
[hls @ 0x5d86b9982800] Opening '/config/cache/transcodes/a66b56c5c9b7925769174920f719b28a569.mp4' for writing
[hls @ 0x5d86b9982800] Opening '/config/cache/transcodes/a66b56c5c9b7925769174920f719b28a570.mp4' for writing
[hls @ 0x5d86b9982800] Opening '/config/cache/transcodes/a66b56c5c9b7925769174920f719b28a571.mp4' for writing
[hls @ 0x5d86b9982800] Opening '/config/cache/transcodes/a66b56c5c9b7925769174920f719b28a572.mp4' for writing
frame=82501 fps=1617 q=-1.0 size=N/A time=00:56:35.73 bitrate=N/A speed=66.6x    
[hls @ 0x5d86b9982800] Opening '/config/cache/transcodes/a66b56c5c9b7925769174920f719b28a573.mp4' for writing
[hls @ 0x5d86b9982800] Opening '/config/cache/transcodes/a66b56c5c9b7925769174920f719b28a574.mp4' for writing
[hls @ 0x5d86b9982800] Opening '/config/cache/transcodes/a66b56c5c9b7925769174920f719b28a575.mp4' for writing
[hls @ 0x5d86b9982800] Opening '/config/cache/transcodes/a66b56c5c9b7925769174920f719b28a576.mp4' for writing
frame=83138 fps=1614 q=-1.0 size=N/A time=00:57:02.29 bitrate=N/A speed=66.4x    
[hls @ 0x5d86b9982800] Opening '/config/cache/transcodes/a66b56c5c9b7925769174920f719b28a577.mp4' for writing
[hls @ 0x5d86b9982800] Opening '/config/cache/transcodes/a66b56c5c9b7925769174920f719b28a578.mp4' for writing
[hls @ 0x5d86b9982800] Opening '/config/cache/transcodes/a66b56c5c9b7925769174920f719b28a579.mp4' for writing
[out#0/hls @ 0x5d86b997ddc0] video:934282KiB audio:108813KiB subtitle:0KiB other streams:0KiB global headers:0KiB muxing overhead: unknown
frame=83484 fps=1611 q=-1.0 Lsize=N/A time=00:57:16.77 bitrate=N/A speed=66.3x    