{"Protocol":0,"Id":"abcf33a535bedf4a9295119b50358a62","Path":"/data/serie/Invasion.2021.S02E01.1080p.WEB-DL.DUAL.5.1/Invasion.S02E01.1080p.WEB-DL.DUAL.5.1.mkv","EncoderPath":null,"EncoderProtocol":null,"Type":0,"Container":"mkv","Size":1627488461,"Name":"Invasion.S02E01.1080p.WEB-DL.DUAL.5.1","IsRemote":false,"ETag":"ebb4e5d7f447763fb114e6118935f35e","RunTimeTicks":34819840000,"ReadAtNativeFramerate":false,"IgnoreDts":false,"IgnoreIndex":false,"GenPtsInput":false,"SupportsTranscoding":true,"SupportsDirectStream":true,"SupportsDirectPlay":true,"IsInfiniteStream":false,"UseMostCompatibleTranscodingProfile":false,"RequiresOpening":false,"OpenToken":null,"RequiresClosing":false,"LiveStreamId":null,"BufferMs":null,"RequiresLooping":false,"SupportsProbing":true,"VideoType":0,"IsoType":null,"Video3DFormat":null,"MediaStreams":[{"Codec":"h264","CodecTag":null,"Language":null,"ColorRange":null,"ColorSpace":"bt709","ColorTransfer":"bt709","ColorPrimaries":"bt709","DvVersionMajor":null,"DvVersionMinor":null,"DvProfile":null,"DvLevel":null,"RpuPresentFlag":null,"ElPresentFlag":null,"BlPresentFlag":null,"DvBlSignalCompatibilityId":null,"Rotation":null,"Comment":null,"TimeBase":"1/1000","CodecTimeBase":null,"Title":null,"VideoRange":1,"VideoRangeType":1,"VideoDoViTitle":null,"AudioSpatialFormat":0,"LocalizedUndefined":null,"LocalizedDefault":null,"LocalizedForced":null,"LocalizedExternal":null,"LocalizedHearingImpaired":null,"DisplayTitle":"1080p H264 SDR","NalLengthSize":"4","IsInterlaced":false,"IsAVC":true,"ChannelLayout":null,"BitRate":3739220,"BitDepth":8,"RefFrames":1,"PacketLength":null,"Channels":null,"SampleRate":null,"IsDefault":true,"IsForced":false,"IsHearingImpaired":false,"Height":800,"Width":1920,"AverageFrameRate":23.976025,"RealFrameRate":23.976025,"ReferenceFrameRate":23.976025,"Profile":"High","Type":1,"AspectRatio":"2.40:1","Index":0,"Score":null,"IsExternal":false,"DeliveryMethod":null,"DeliveryUrl":null,"IsExternalUrl":null,"IsTextSubtitleStream":false,"SupportsExternalStream":false,"Path":null,"PixelFormat":"yuv420p","Level":41,"IsAnamorphic":false},{"Codec":"eac3","CodecTag":null,"Language":"por","ColorRange":null,"ColorSpace":null,"ColorTransfer":null,"ColorPrimaries":null,"DvVersionMajor":null,"DvVersionMinor":null,"DvProfile":null,"DvLevel":null,"RpuPresentFlag":null,"ElPresentFlag":null,"BlPresentFlag":null,"DvBlSignalCompatibilityId":null,"Rotation":null,"Comment":null,"TimeBase":"1/1000","CodecTimeBase":null,"Title":"PT-BR 5.1","VideoRange":0,"VideoRangeType":0,"VideoDoViTitle":null,"AudioSpatialFormat":1,"LocalizedUndefined":null,"LocalizedDefault":"Padr\u00E3o","LocalizedForced":null,"LocalizedExternal":"Externo","LocalizedHearingImpaired":null,"DisplayTitle":"PT-BR 5.1 - Portuguese - Dolby Digital Plus \u002B Dolby Atmos - Padr\u00E3o","NalLengthSize":null,"IsInterlaced":false,"IsAVC":false,"ChannelLayout":"5.1","BitRate":768000,"BitDepth":null,"RefFrames":null,"PacketLength":null,"Channels":6,"SampleRate":48000,"IsDefault":true,"IsForced":false,"IsHearingImpaired":false,"Height":null,"Width":null,"AverageFrameRate":null,"RealFrameRate":null,"ReferenceFrameRate":null,"Profile":"Dolby Digital Plus \u002B Dolby Atmos","Type":0,"AspectRatio":null,"Index":1,"Score":null,"IsExternal":false,"DeliveryMethod":null,"DeliveryUrl":null,"IsExternalUrl":null,"IsTextSubtitleStream":false,"SupportsExternalStream":false,"Path":null,"PixelFormat":null,"Level":0,"IsAnamorphic":null},{"Codec":"eac3","CodecTag":null,"Language":"eng","ColorRange":null,"ColorSpace":null,"ColorTransfer":null,"ColorPrimaries":null,"DvVersionMajor":null,"DvVersionMinor":null,"DvProfile":null,"DvLevel":null,"RpuPresentFlag":null,"ElPresentFlag":null,"BlPresentFlag":null,"DvBlSignalCompatibilityId":null,"Rotation":null,"Comment":null,"TimeBase":"1/1000","CodecTimeBase":null,"Title":"INGL\u00CAS 5.1","VideoRange":0,"VideoRangeType":0,"VideoDoViTitle":null,"AudioSpatialFormat":1,"LocalizedUndefined":null,"LocalizedDefault":"Padr\u00E3o","LocalizedForced":null,"LocalizedExternal":"Externo","LocalizedHearingImpaired":null,"DisplayTitle":"INGL\u00CAS 5.1 - English - Dolby Digital Plus \u002B Dolby Atmos","NalLengthSize":null,"IsInterlaced":false,"IsAVC":false,"ChannelLayout":"5.1","BitRate":768000,"BitDepth":null,"RefFrames":null,"PacketLength":null,"Channels":6,"SampleRate":48000,"IsDefault":false,"IsForced":false,"IsHearingImpaired":false,"Height":null,"Width":null,"AverageFrameRate":null,"RealFrameRate":null,"ReferenceFrameRate":null,"Profile":"Dolby Digital Plus \u002B Dolby Atmos","Type":0,"AspectRatio":null,"Index":2,"Score":null,"IsExternal":false,"DeliveryMethod":null,"DeliveryUrl":null,"IsExternalUrl":null,"IsTextSubtitleStream":false,"SupportsExternalStream":false,"Path":null,"PixelFormat":null,"Level":0,"IsAnamorphic":null},{"Codec":"ass","CodecTag":null,"Language":"por","ColorRange":null,"ColorSpace":null,"ColorTransfer":null,"ColorPrimaries":null,"DvVersionMajor":null,"DvVersionMinor":null,"DvProfile":null,"DvLevel":null,"RpuPresentFlag":null,"ElPresentFlag":null,"BlPresentFlag":null,"DvBlSignalCompatibilityId":null,"Rotation":null,"Comment":null,"TimeBase":"1/1000","CodecTimeBase":null,"Title":"FOR\u00C7ADA PT-BR","VideoRange":0,"VideoRangeType":0,"VideoDoViTitle":null,"AudioSpatialFormat":0,"LocalizedUndefined":"Indefinido","LocalizedDefault":"Padr\u00E3o","LocalizedForced":"For\u00E7ado","LocalizedExternal":"Externo","LocalizedHearingImpaired":"Defici\u00EAncia Auditiva","DisplayTitle":"FOR\u00C7ADA PT-BR - Portuguese - ASS","NalLengthSize":null,"IsInterlaced":false,"IsAVC":false,"ChannelLayout":null,"BitRate":null,"BitDepth":null,"RefFrames":null,"PacketLength":null,"Channels":null,"SampleRate":null,"IsDefault":false,"IsForced":false,"IsHearingImpaired":false,"Height":0,"Width":0,"AverageFrameRate":null,"RealFrameRate":null,"ReferenceFrameRate":null,"Profile":null,"Type":2,"AspectRatio":null,"Index":3,"Score":null,"IsExternal":false,"DeliveryMethod":null,"DeliveryUrl":null,"IsExternalUrl":null,"IsTextSubtitleStream":true,"SupportsExternalStream":true,"Path":null,"PixelFormat":null,"Level":0,"IsAnamorphic":null},{"Codec":"ass","CodecTag":null,"Language":"por","ColorRange":null,"ColorSpace":null,"ColorTransfer":null,"ColorPrimaries":null,"DvVersionMajor":null,"DvVersionMinor":null,"DvProfile":null,"DvLevel":null,"RpuPresentFlag":null,"ElPresentFlag":null,"BlPresentFlag":null,"DvBlSignalCompatibilityId":null,"Rotation":null,"Comment":null,"TimeBase":"1/1000","CodecTimeBase":null,"Title":"COMPLETA PT-BR","VideoRange":0,"VideoRangeType":0,"VideoDoViTitle":null,"AudioSpatialFormat":0,"LocalizedUndefined":"Indefinido","LocalizedDefault":"Padr\u00E3o","LocalizedForced":"For\u00E7ado","LocalizedExternal":"Externo","LocalizedHearingImpaired":"Defici\u00EAncia Auditiva","DisplayTitle":"COMPLETA PT-BR - Portuguese - ASS","NalLengthSize":null,"IsInterlaced":false,"IsAVC":false,"ChannelLayout":null,"BitRate":null,"BitDepth":null,"RefFrames":null,"PacketLength":null,"Channels":null,"SampleRate":null,"IsDefault":false,"IsForced":false,"IsHearingImpaired":false,"Height":0,"Width":0,"AverageFrameRate":null,"RealFrameRate":null,"ReferenceFrameRate":null,"Profile":null,"Type":2,"AspectRatio":null,"Index":4,"Score":null,"IsExternal":false,"DeliveryMethod":null,"DeliveryUrl":null,"IsExternalUrl":null,"IsTextSubtitleStream":true,"SupportsExternalStream":true,"Path":null,"PixelFormat":null,"Level":0,"IsAnamorphic":null}],"MediaAttachments":[],"Formats":[],"Bitrate":5275220,"FallbackMaxStreamingBitrate":null,"Timestamp":null,"RequiredHttpHeaders":{},"TranscodingUrl":null,"TranscodingSubProtocol":0,"TranscodingContainer":null,"AnalyzeDurationMs":null,"DefaultAudioStreamIndex":null,"DefaultSubtitleStreamIndex":null,"HasSegments":true}

/usr/lib/jellyfin-ffmpeg/ffmpeg -analyzeduration 200M -probesize 1G -fflags +genpts  -i file:"/data/serie/Invasion.2021.S02E01.1080p.WEB-DL.DUAL.5.1/Invasion.S02E01.1080p.WEB-DL.DUAL.5.1.mkv" -map_metadata -1 -map_chapters -1 -threads 6 -map 0:0 -map 0:1 -map -0:s -codec:v:0 copy -bsf:v h264_mp4toannexb -start_at_zero -codec:a:0 libfdk_aac -ac 2 -ab 256000 -af "volume=2" -copyts -avoid_negative_ts disabled -max_muxing_queue_size 2048 -f hls -max_delay 5000000 -hls_time 6 -hls_segment_type fmp4 -hls_fmp4_init_filename "73c592ad403beb8be15b2d73209ea77d-1.mp4" -start_number 0 -hls_segment_filename "/config/cache/transcodes/73c592ad403beb8be15b2d73209ea77d%d.mp4" -hls_playlist_type vod -hls_list_size 0 -y "/config/cache/transcodes/73c592ad403beb8be15b2d73209ea77d.m3u8"


ffmpeg version 7.1.1-Jellyfin Copyright (c) 2000-2025 the FFmpeg developers
  built with gcc 13 (Ubuntu 13.3.0-6ubuntu2~24.04)
  configuration: --prefix=/usr/lib/jellyfin-ffmpeg --target-os=linux --extra-version=Jellyfin --disable-doc --disable-ffplay --disable-static --disable-libxcb --disable-sdl2 --disable-xlib --enable-lto=auto --enable-gpl --enable-version3 --enable-shared --enable-gmp --enable-gnutls --enable-chromaprint --enable-opencl --enable-libdrm --enable-libxml2 --enable-libass --enable-libfreetype --enable-libfribidi --enable-libfontconfig --enable-libharfbuzz --enable-libbluray --enable-libmp3lame --enable-libopus --enable-libtheora --enable-libvorbis --enable-libopenmpt --enable-libdav1d --enable-libsvtav1 --enable-libwebp --enable-libvpx --enable-libx264 --enable-libx265 --enable-libzvbi --enable-libzimg --enable-libfdk-aac --arch=amd64 --enable-libshaderc --enable-libplacebo --enable-vulkan --enable-vaapi --enable-amf --enable-libvpl --enable-ffnvcodec --enable-cuda --enable-cuda-llvm --enable-cuvid --enable-nvdec --enable-nvenc
  libavutil      59. 39.100 / 59. 39.100
  libavcodec     61. 19.101 / 61. 19.101
  libavformat    61.  7.100 / 61.  7.100
  libavdevice    61.  3.100 / 61.  3.100
  libavfilter    10.  4.100 / 10.  4.100
  libswscale      8.  3.100 /  8.  3.100
  libswresample   5.  3.100 /  5.  3.100
  libpostproc    58.  3.100 / 58.  3.100
Input #0, matroska,webm, from 'file:/data/serie/Invasion.2021.S02E01.1080p.WEB-DL.DUAL.5.1/Invasion.S02E01.1080p.WEB-DL.DUAL.5.1.mkv':
  Metadata:
    title           : 2x01 - COMANDO.LA
    creation_time   : 2023-08-23T01:45:04.000000Z
    ENCODER         : Lavf59.27.100
  Duration: 00:58:01.98, start: 0.000000, bitrate: 3739 kb/s
  Stream #0:0: Video: h264 (High), yuv420p(tv, bt709, progressive), 1920x800 [SAR 1:1 DAR 12:5], 23.98 fps, 23.98 tbr, 1k tbn (default)
      Metadata:
        DURATION        : 00:58:01.979000000
  Stream #0:1(por): Audio: eac3 (Dolby Digital Plus + Dolby Atmos), 48000 Hz, 5.1(side), fltp, 768 kb/s (default)
      Metadata:
        title           : PT-BR 5.1
        DURATION        : 00:58:01.984000000
  Stream #0:2(eng): Audio: eac3 (Dolby Digital Plus + Dolby Atmos), 48000 Hz, 5.1(side), fltp, 768 kb/s
      Metadata:
        title           : INGLÊS 5.1
        DURATION        : 00:58:01.984000000
  Stream #0:3(por): Subtitle: ass (ssa)
      Metadata:
        title           : FORÇADA PT-BR
        DURATION        : 00:57:48.927000000
  Stream #0:4(por): Subtitle: ass (ssa)
      Metadata:
        title           : COMPLETA PT-BR
        DURATION        : 00:57:48.927000000
Stream mapping:
  Stream #0:0 -> #0:0 (copy)
  Stream #0:1 -> #0:1 (eac3 (native) -> aac (libfdk_aac))
Press [q] to stop, [?] for help
[hls @ 0x62224e1e5800] Opening '/config/cache/transcodes/73c592ad403beb8be15b2d73209ea77d-1.mp4' for writing
Output #0, hls, to '/config/cache/transcodes/73c592ad403beb8be15b2d73209ea77d.m3u8':
  Metadata:
    encoder         : Lavf61.7.100
  Stream #0:0: Video: h264 (High), yuv420p(tv, bt709, progressive), 1920x800 [SAR 1:1 DAR 12:5], q=2-31, 23.98 fps, 23.98 tbr, 16k tbn (default)
  Stream #0:1: Audio: aac, 48000 Hz, stereo, s16, 256 kb/s (default)
      Metadata:
        encoder         : Lavc61.19.101 libfdk_aac
      Side data:
        cpb: bitrate max/min/avg: 256000/256000/256000 buffer size: 0 vbv_delay: N/A
[hls @ 0x62224e1e5800] Opening '/config/cache/transcodes/73c592ad403beb8be15b2d73209ea77d0.mp4' for writing
[hls @ 0x62224e1e5800] Opening '/config/cache/transcodes/73c592ad403beb8be15b2d73209ea77d1.mp4' for writing
[hls @ 0x62224e1e5800] Opening '/config/cache/transcodes/73c592ad403beb8be15b2d73209ea77d2.mp4' for writing
[hls @ 0x62224e1e5800] Opening '/config/cache/transcodes/73c592ad403beb8be15b2d73209ea77d3.mp4' for writing
[hls @ 0x62224e1e5800] Opening '/config/cache/transcodes/73c592ad403beb8be15b2d73209ea77d4.mp4' for writing
[hls @ 0x62224e1e5800] Opening '/config/cache/transcodes/73c592ad403beb8be15b2d73209ea77d5.mp4' for writing
frame= 1069 fps=0.0 q=-1.0 size=N/A time=00:00:00.00 bitrate=N/A speed=   0x    
[hls @ 0x62224e1e5800] Opening '/config/cache/transcodes/73c592ad403beb8be15b2d73209ea77d6.mp4' for writing
[hls @ 0x62224e1e5800] Opening '/config/cache/transcodes/73c592ad403beb8be15b2d73209ea77d7.mp4' for writing
[hls @ 0x62224e1e5800] Opening '/config/cache/transcodes/73c592ad403beb8be15b2d73209ea77d8.mp4' for writing
[hls @ 0x62224e1e5800] Opening '/config/cache/transcodes/73c592ad403beb8be15b2d73209ea77d9.mp4' for writing
[hls @ 0x62224e1e5800] Opening '/config/cache/transcodes/73c592ad403beb8be15b2d73209ea77d10.mp4' for writing
[hls @ 0x62224e1e5800] Opening '/config/cache/transcodes/73c592ad403beb8be15b2d73209ea77d11.mp4' for writing
frame= 1957 fps=1957 q=-1.0 size=N/A time=00:00:37.07 bitrate=N/A speed=37.1x    
[hls @ 0x62224e1e5800] Opening '/config/cache/transcodes/73c592ad403beb8be15b2d73209ea77d12.mp4' for writing
[hls @ 0x62224e1e5800] Opening '/config/cache/transcodes/73c592ad403beb8be15b2d73209ea77d13.mp4' for writing
[hls @ 0x62224e1e5800] Opening '/config/cache/transcodes/73c592ad403beb8be15b2d73209ea77d14.mp4' for writing
[hls @ 0x62224e1e5800] Opening '/config/cache/transcodes/73c592ad403beb8be15b2d73209ea77d15.mp4' for writing
[hls @ 0x62224e1e5800] Opening '/config/cache/transcodes/73c592ad403beb8be15b2d73209ea77d16.mp4' for writing
[hls @ 0x62224e1e5800] Opening '/config/cache/transcodes/73c592ad403beb8be15b2d73209ea77d17.mp4' for writing
[hls @ 0x62224e1e5800] Opening '/config/cache/transcodes/73c592ad403beb8be15b2d73209ea77d18.mp4' for writing
[hls @ 0x62224e1e5800] Opening '/config/cache/transcodes/73c592ad403beb8be15b2d73209ea77d19.mp4' for writing
frame= 2976 fps=1984 q=-1.0 size=N/A time=00:01:19.55 bitrate=N/A speed=  53x    
[hls @ 0x62224e1e5800] Opening '/config/cache/transcodes/73c592ad403beb8be15b2d73209ea77d20.mp4' for writing
[hls @ 0x62224e1e5800] Opening '/config/cache/transcodes/73c592ad403beb8be15b2d73209ea77d21.mp4' for writing
[hls @ 0x62224e1e5800] Opening '/config/cache/transcodes/73c592ad403beb8be15b2d73209ea77d22.mp4' for writing
[hls @ 0x62224e1e5800] Opening '/config/cache/transcodes/73c592ad403beb8be15b2d73209ea77d23.mp4' for writing
[hls @ 0x62224e1e5800] Opening '/config/cache/transcodes/73c592ad403beb8be15b2d73209ea77d24.mp4' for writing
[hls @ 0x62224e1e5800] Opening '/config/cache/transcodes/73c592ad403beb8be15b2d73209ea77d25.mp4' for writing
[hls @ 0x62224e1e5800] Opening '/config/cache/transcodes/73c592ad403beb8be15b2d73209ea77d26.mp4' for writing
frame= 4001 fps=2000 q=-1.0 size=N/A time=00:02:02.32 bitrate=N/A speed=61.2x    
[hls @ 0x62224e1e5800] Opening '/config/cache/transcodes/73c592ad403beb8be15b2d73209ea77d27.mp4' for writing
[hls @ 0x62224e1e5800] Opening '/config/cache/transcodes/73c592ad403beb8be15b2d73209ea77d28.mp4' for writing
[hls @ 0x62224e1e5800] Opening '/config/cache/transcodes/73c592ad403beb8be15b2d73209ea77d29.mp4' for writing
[hls @ 0x62224e1e5800] Opening '/config/cache/transcodes/73c592ad403beb8be15b2d73209ea77d30.mp4' for writing
[hls @ 0x62224e1e5800] Opening '/config/cache/transcodes/73c592ad403beb8be15b2d73209ea77d31.mp4' for writing
[hls @ 0x62224e1e5800] Opening '/config/cache/transcodes/73c592ad403beb8be15b2d73209ea77d32.mp4' for writing
[hls @ 0x62224e1e5800] Opening '/config/cache/transcodes/73c592ad403beb8be15b2d73209ea77d33.mp4' for writing
frame= 5049 fps=2019 q=-1.0 size=N/A time=00:02:46.03 bitrate=N/A speed=66.4x    
[hls @ 0x62224e1e5800] Opening '/config/cache/transcodes/73c592ad403beb8be15b2d73209ea77d34.mp4' for writing
[hls @ 0x62224e1e5800] Opening '/config/cache/transcodes/73c592ad403beb8be15b2d73209ea77d35.mp4' for writing
[hls @ 0x62224e1e5800] Opening '/config/cache/transcodes/73c592ad403beb8be15b2d73209ea77d36.mp4' for writing
[hls @ 0x62224e1e5800] Opening '/config/cache/transcodes/73c592ad403beb8be15b2d73209ea77d37.mp4' for writing
[hls @ 0x62224e1e5800] Opening '/config/cache/transcodes/73c592ad403beb8be15b2d73209ea77d38.mp4' for writing
[hls @ 0x62224e1e5800] Opening '/config/cache/transcodes/73c592ad403beb8be15b2d73209ea77d39.mp4' for writing
[hls @ 0x62224e1e5800] Opening '/config/cache/transcodes/73c592ad403beb8be15b2d73209ea77d40.mp4' for writing
frame= 6052 fps=2017 q=-1.0 size=N/A time=00:03:27.87 bitrate=N/A speed=69.3x    
[hls @ 0x62224e1e5800] Opening '/config/cache/transcodes/73c592ad403beb8be15b2d73209ea77d41.mp4' for writing
[hls @ 0x62224e1e5800] Opening '/config/cache/transcodes/73c592ad403beb8be15b2d73209ea77d42.mp4' for writing
[hls @ 0x62224e1e5800] Opening '/config/cache/transcodes/73c592ad403beb8be15b2d73209ea77d43.mp4' for writing
[hls @ 0x62224e1e5800] Opening '/config/cache/transcodes/73c592ad403beb8be15b2d73209ea77d44.mp4' for writing
[hls @ 0x62224e1e5800] Opening '/config/cache/transcodes/73c592ad403beb8be15b2d73209ea77d45.mp4' for writing
[hls @ 0x62224e1e5800] Opening '/config/cache/transcodes/73c592ad403beb8be15b2d73209ea77d46.mp4' for writing
[hls @ 0x62224e1e5800] Opening '/config/cache/transcodes/73c592ad403beb8be15b2d73209ea77d47.mp4' for writing
frame= 7060 fps=2017 q=-1.0 size=N/A time=00:04:09.89 bitrate=N/A speed=71.4x    
[hls @ 0x62224e1e5800] Opening '/config/cache/transcodes/73c592ad403beb8be15b2d73209ea77d48.mp4' for writing
[hls @ 0x62224e1e5800] Opening '/config/cache/transcodes/73c592ad403beb8be15b2d73209ea77d49.mp4' for writing
[hls @ 0x62224e1e5800] Opening '/config/cache/transcodes/73c592ad403beb8be15b2d73209ea77d50.mp4' for writing
[hls @ 0x62224e1e5800] Opening '/config/cache/transcodes/73c592ad403beb8be15b2d73209ea77d51.mp4' for writing
[hls @ 0x62224e1e5800] Opening '/config/cache/transcodes/73c592ad403beb8be15b2d73209ea77d52.mp4' for writing
[hls @ 0x62224e1e5800] Opening '/config/cache/transcodes/73c592ad403beb8be15b2d73209ea77d53.mp4' for writing
[hls @ 0x62224e1e5800] Opening '/config/cache/transcodes/73c592ad403beb8be15b2d73209ea77d54.mp4' for writing
frame= 8054 fps=2013 q=-1.0 size=N/A time=00:04:51.37 bitrate=N/A speed=72.8x    
[hls @ 0x62224e1e5800] Opening '/config/cache/transcodes/73c592ad403beb8be15b2d73209ea77d55.mp4' for writing
[hls @ 0x62224e1e5800] Opening '/config/cache/transcodes/73c592ad403beb8be15b2d73209ea77d56.mp4' for writing
[hls @ 0x62224e1e5800] Opening '/config/cache/transcodes/73c592ad403beb8be15b2d73209ea77d57.mp4' for writing
[hls @ 0x62224e1e5800] Opening '/config/cache/transcodes/73c592ad403beb8be15b2d73209ea77d58.mp4' for writing
[hls @ 0x62224e1e5800] Opening '/config/cache/transcodes/73c592ad403beb8be15b2d73209ea77d59.mp4' for writing
[hls @ 0x62224e1e5800] Opening '/config/cache/transcodes/73c592ad403beb8be15b2d73209ea77d60.mp4' for writing
frame= 9011 fps=2002 q=-1.0 size=N/A time=00:05:31.24 bitrate=N/A speed=73.6x    
[hls @ 0x62224e1e5800] Opening '/config/cache/transcodes/73c592ad403beb8be15b2d73209ea77d61.mp4' for writing
[hls @ 0x62224e1e5800] Opening '/config/cache/transcodes/73c592ad403beb8be15b2d73209ea77d62.mp4' for writing
[hls @ 0x62224e1e5800] Opening '/config/cache/transcodes/73c592ad403beb8be15b2d73209ea77d63.mp4' for writing
[hls @ 0x62224e1e5800] Opening '/config/cache/transcodes/73c592ad403beb8be15b2d73209ea77d64.mp4' for writing
[hls @ 0x62224e1e5800] Opening '/config/cache/transcodes/73c592ad403beb8be15b2d73209ea77d65.mp4' for writing
[hls @ 0x62224e1e5800] Opening '/config/cache/transcodes/73c592ad403beb8be15b2d73209ea77d66.mp4' for writing
[hls @ 0x62224e1e5800] Opening '/config/cache/transcodes/73c592ad403beb8be15b2d73209ea77d67.mp4' for writing
frame= 9948 fps=1989 q=-1.0 size=N/A time=00:06:10.36 bitrate=N/A speed=74.1x    
[hls @ 0x62224e1e5800] Opening '/config/cache/transcodes/73c592ad403beb8be15b2d73209ea77d68.mp4' for writing
[hls @ 0x62224e1e5800] Opening '/config/cache/transcodes/73c592ad403beb8be15b2d73209ea77d69.mp4' for writing
[hls @ 0x62224e1e5800] Opening '/config/cache/transcodes/73c592ad403beb8be15b2d73209ea77d70.mp4' for writing
[hls @ 0x62224e1e5800] Opening '/config/cache/transcodes/73c592ad403beb8be15b2d73209ea77d71.mp4' for writing
[hls @ 0x62224e1e5800] Opening '/config/cache/transcodes/73c592ad403beb8be15b2d73209ea77d72.mp4' for writing
[hls @ 0x62224e1e5800] Opening '/config/cache/transcodes/73c592ad403beb8be15b2d73209ea77d73.mp4' for writing
frame=10956 fps=1992 q=-1.0 size=N/A time=00:06:52.37 bitrate=N/A speed=  75x    
[hls @ 0x62224e1e5800] Opening '/config/cache/transcodes/73c592ad403beb8be15b2d73209ea77d74.mp4' for writing
[hls @ 0x62224e1e5800] Opening '/config/cache/transcodes/73c592ad403beb8be15b2d73209ea77d75.mp4' for writing
[hls @ 0x62224e1e5800] Opening '/config/cache/transcodes/73c592ad403beb8be15b2d73209ea77d76.mp4' for writing
[hls @ 0x62224e1e5800] Opening '/config/cache/transcodes/73c592ad403beb8be15b2d73209ea77d77.mp4' for writing
[hls @ 0x62224e1e5800] Opening '/config/cache/transcodes/73c592ad403beb8be15b2d73209ea77d78.mp4' for writing
[hls @ 0x62224e1e5800] Opening '/config/cache/transcodes/73c592ad403beb8be15b2d73209ea77d79.mp4' for writing
[hls @ 0x62224e1e5800] Opening '/config/cache/transcodes/73c592ad403beb8be15b2d73209ea77d80.mp4' for writing
[hls @ 0x62224e1e5800] Opening '/config/cache/transcodes/73c592ad403beb8be15b2d73209ea77d81.mp4' for writing
frame=11935 fps=1989 q=-1.0 size=N/A time=00:07:33.22 bitrate=N/A speed=75.5x    
[hls @ 0x62224e1e5800] Opening '/config/cache/transcodes/73c592ad403beb8be15b2d73209ea77d82.mp4' for writing
[hls @ 0x62224e1e5800] Opening '/config/cache/transcodes/73c592ad403beb8be15b2d73209ea77d83.mp4' for writing
[hls @ 0x62224e1e5800] Opening '/config/cache/transcodes/73c592ad403beb8be15b2d73209ea77d84.mp4' for writing
[hls @ 0x62224e1e5800] Opening '/config/cache/transcodes/73c592ad403beb8be15b2d73209ea77d85.mp4' for writing
[hls @ 0x62224e1e5800] Opening '/config/cache/transcodes/73c592ad403beb8be15b2d73209ea77d86.mp4' for writing
[hls @ 0x62224e1e5800] Opening '/config/cache/transcodes/73c592ad403beb8be15b2d73209ea77d87.mp4' for writing
[hls @ 0x62224e1e5800] Opening '/config/cache/transcodes/73c592ad403beb8be15b2d73209ea77d88.mp4' for writing
frame=12904 fps=1985 q=-1.0 size=N/A time=00:08:13.63 bitrate=N/A speed=75.9x    
[hls @ 0x62224e1e5800] Opening '/config/cache/transcodes/73c592ad403beb8be15b2d73209ea77d89.mp4' for writing
[hls @ 0x62224e1e5800] Opening '/config/cache/transcodes/73c592ad403beb8be15b2d73209ea77d90.mp4' for writing
[hls @ 0x62224e1e5800] Opening '/config/cache/transcodes/73c592ad403beb8be15b2d73209ea77d91.mp4' for writing
[hls @ 0x62224e1e5800] Opening '/config/cache/transcodes/73c592ad403beb8be15b2d73209ea77d92.mp4' for writing
[hls @ 0x62224e1e5800] Opening '/config/cache/transcodes/73c592ad403beb8be15b2d73209ea77d93.mp4' for writing
[hls @ 0x62224e1e5800] Opening '/config/cache/transcodes/73c592ad403beb8be15b2d73209ea77d94.mp4' for writing
[hls @ 0x62224e1e5800] Opening '/config/cache/transcodes/73c592ad403beb8be15b2d73209ea77d95.mp4' for writing
frame=13882 fps=1983 q=-1.0 size=N/A time=00:08:54.44 bitrate=N/A speed=76.3x    
[hls @ 0x62224e1e5800] Opening '/config/cache/transcodes/73c592ad403beb8be15b2d73209ea77d96.mp4' for writing
[hls @ 0x62224e1e5800] Opening '/config/cache/transcodes/73c592ad403beb8be15b2d73209ea77d97.mp4' for writing
[hls @ 0x62224e1e5800] Opening '/config/cache/transcodes/73c592ad403beb8be15b2d73209ea77d98.mp4' for writing
[hls @ 0x62224e1e5800] Opening '/config/cache/transcodes/73c592ad403beb8be15b2d73209ea77d99.mp4' for writing
[hls @ 0x62224e1e5800] Opening '/config/cache/transcodes/73c592ad403beb8be15b2d73209ea77d100.mp4' for writing
[hls @ 0x62224e1e5800] Opening '/config/cache/transcodes/73c592ad403beb8be15b2d73209ea77d101.mp4' for writing
frame=14880 fps=1984 q=-1.0 size=N/A time=00:09:36.04 bitrate=N/A speed=76.8x    
[hls @ 0x62224e1e5800] Opening '/config/cache/transcodes/73c592ad403beb8be15b2d73209ea77d102.mp4' for writing
[hls @ 0x62224e1e5800] Opening '/config/cache/transcodes/73c592ad403beb8be15b2d73209ea77d103.mp4' for writing
[hls @ 0x62224e1e5800] Opening '/config/cache/transcodes/73c592ad403beb8be15b2d73209ea77d104.mp4' for writing
[hls @ 0x62224e1e5800] Opening '/config/cache/transcodes/73c592ad403beb8be15b2d73209ea77d105.mp4' for writing
[hls @ 0x62224e1e5800] Opening '/config/cache/transcodes/73c592ad403beb8be15b2d73209ea77d106.mp4' for writing
[hls @ 0x62224e1e5800] Opening '/config/cache/transcodes/73c592ad403beb8be15b2d73209ea77d107.mp4' for writing
[hls @ 0x62224e1e5800] Opening '/config/cache/transcodes/73c592ad403beb8be15b2d73209ea77d108.mp4' for writing
frame=15864 fps=1983 q=-1.0 size=N/A time=00:10:17.10 bitrate=N/A speed=77.1x    
[hls @ 0x62224e1e5800] Opening '/config/cache/transcodes/73c592ad403beb8be15b2d73209ea77d109.mp4' for writing
[hls @ 0x62224e1e5800] Opening '/config/cache/transcodes/73c592ad403beb8be15b2d73209ea77d110.mp4' for writing
[hls @ 0x62224e1e5800] Opening '/config/cache/transcodes/73c592ad403beb8be15b2d73209ea77d111.mp4' for writing
[hls @ 0x62224e1e5800] Opening '/config/cache/transcodes/73c592ad403beb8be15b2d73209ea77d112.mp4' for writing
[hls @ 0x62224e1e5800] Opening '/config/cache/transcodes/73c592ad403beb8be15b2d73209ea77d113.mp4' for writing
[hls @ 0x62224e1e5800] Opening '/config/cache/transcodes/73c592ad403beb8be15b2d73209ea77d114.mp4' for writing
[hls @ 0x62224e1e5800] Opening '/config/cache/transcodes/73c592ad403beb8be15b2d73209ea77d115.mp4' for writing
[hls @ 0x62224e1e5800] Opening '/config/cache/transcodes/73c592ad403beb8be15b2d73209ea77d116.mp4' for writing
frame=16881 fps=1986 q=-1.0 size=N/A time=00:10:59.52 bitrate=N/A speed=77.6x    
[hls @ 0x62224e1e5800] Opening '/config/cache/transcodes/73c592ad403beb8be15b2d73209ea77d117.mp4' for writing
[hls @ 0x62224e1e5800] Opening '/config/cache/transcodes/73c592ad403beb8be15b2d73209ea77d118.mp4' for writing
[hls @ 0x62224e1e5800] Opening '/config/cache/transcodes/73c592ad403beb8be15b2d73209ea77d119.mp4' for writing
[hls @ 0x62224e1e5800] Opening '/config/cache/transcodes/73c592ad403beb8be15b2d73209ea77d120.mp4' for writing
[hls @ 0x62224e1e5800] Opening '/config/cache/transcodes/73c592ad403beb8be15b2d73209ea77d121.mp4' for writing
frame=17827 fps=1980 q=-1.0 size=N/A time=00:11:38.98 bitrate=N/A speed=77.7x    
[hls @ 0x62224e1e5800] Opening '/config/cache/transcodes/73c592ad403beb8be15b2d73209ea77d122.mp4' for writing
[hls @ 0x62224e1e5800] Opening '/config/cache/transcodes/73c592ad403beb8be15b2d73209ea77d123.mp4' for writing
[hls @ 0x62224e1e5800] Opening '/config/cache/transcodes/73c592ad403beb8be15b2d73209ea77d124.mp4' for writing
[hls @ 0x62224e1e5800] Opening '/config/cache/transcodes/73c592ad403beb8be15b2d73209ea77d125.mp4' for writing
[hls @ 0x62224e1e5800] Opening '/config/cache/transcodes/73c592ad403beb8be15b2d73209ea77d126.mp4' for writing
[hls @ 0x62224e1e5800] Opening '/config/cache/transcodes/73c592ad403beb8be15b2d73209ea77d127.mp4' for writing
frame=18807 fps=1979 q=-1.0 size=N/A time=00:12:19.84 bitrate=N/A speed=77.9x    
[hls @ 0x62224e1e5800] Opening '/config/cache/transcodes/73c592ad403beb8be15b2d73209ea77d128.mp4' for writing
[hls @ 0x62224e1e5800] Opening '/config/cache/transcodes/73c592ad403beb8be15b2d73209ea77d129.mp4' for writing
[hls @ 0x62224e1e5800] Opening '/config/cache/transcodes/73c592ad403beb8be15b2d73209ea77d130.mp4' for writing
[hls @ 0x62224e1e5800] Opening '/config/cache/transcodes/73c592ad403beb8be15b2d73209ea77d131.mp4' for writing
[hls @ 0x62224e1e5800] Opening '/config/cache/transcodes/73c592ad403beb8be15b2d73209ea77d132.mp4' for writing
[hls @ 0x62224e1e5800] Opening '/config/cache/transcodes/73c592ad403beb8be15b2d73209ea77d133.mp4' for writing
frame=19774 fps=1977 q=-1.0 size=N/A time=00:13:00.16 bitrate=N/A speed=  78x    
[hls @ 0x62224e1e5800] Opening '/config/cache/transcodes/73c592ad403beb8be15b2d73209ea77d134.mp4' for writing
[hls @ 0x62224e1e5800] Opening '/config/cache/transcodes/73c592ad403beb8be15b2d73209ea77d135.mp4' for writing
[hls @ 0x62224e1e5800] Opening '/config/cache/transcodes/73c592ad403beb8be15b2d73209ea77d136.mp4' for writing
[hls @ 0x62224e1e5800] Opening '/config/cache/transcodes/73c592ad403beb8be15b2d73209ea77d137.mp4' for writing
[hls @ 0x62224e1e5800] Opening '/config/cache/transcodes/73c592ad403beb8be15b2d73209ea77d138.mp4' for writing
frame=20767 fps=1977 q=-1.0 size=N/A time=00:13:41.61 bitrate=N/A speed=78.2x    
[hls @ 0x62224e1e5800] Opening '/config/cache/transcodes/73c592ad403beb8be15b2d73209ea77d139.mp4' for writing
[hls @ 0x62224e1e5800] Opening '/config/cache/transcodes/73c592ad403beb8be15b2d73209ea77d140.mp4' for writing
[hls @ 0x62224e1e5800] Opening '/config/cache/transcodes/73c592ad403beb8be15b2d73209ea77d141.mp4' for writing
[hls @ 0x62224e1e5800] Opening '/config/cache/transcodes/73c592ad403beb8be15b2d73209ea77d142.mp4' for writing
[hls @ 0x62224e1e5800] Opening '/config/cache/transcodes/73c592ad403beb8be15b2d73209ea77d143.mp4' for writing
[hls @ 0x62224e1e5800] Opening '/config/cache/transcodes/73c592ad403beb8be15b2d73209ea77d144.mp4' for writing
[hls @ 0x62224e1e5800] Opening '/config/cache/transcodes/73c592ad403beb8be15b2d73209ea77d145.mp4' for writing
frame=21724 fps=1975 q=-1.0 size=N/A time=00:14:21.52 bitrate=N/A speed=78.3x    
[hls @ 0x62224e1e5800] Opening '/config/cache/transcodes/73c592ad403beb8be15b2d73209ea77d146.mp4' for writing
[hls @ 0x62224e1e5800] Opening '/config/cache/transcodes/73c592ad403beb8be15b2d73209ea77d147.mp4' for writing
[hls @ 0x62224e1e5800] Opening '/config/cache/transcodes/73c592ad403beb8be15b2d73209ea77d148.mp4' for writing
[hls @ 0x62224e1e5800] Opening '/config/cache/transcodes/73c592ad403beb8be15b2d73209ea77d149.mp4' for writing
[hls @ 0x62224e1e5800] Opening '/config/cache/transcodes/73c592ad403beb8be15b2d73209ea77d150.mp4' for writing
[hls @ 0x62224e1e5800] Opening '/config/cache/transcodes/73c592ad403beb8be15b2d73209ea77d151.mp4' for writing
[hls @ 0x62224e1e5800] Opening '/config/cache/transcodes/73c592ad403beb8be15b2d73209ea77d152.mp4' for writing
[hls @ 0x62224e1e5800] Opening '/config/cache/transcodes/73c592ad403beb8be15b2d73209ea77d153.mp4' for writing
[hls @ 0x62224e1e5800] Opening '/config/cache/transcodes/73c592ad403beb8be15b2d73209ea77d154.mp4' for writing
[hls @ 0x62224e1e5800] Opening '/config/cache/transcodes/73c592ad403beb8be15b2d73209ea77d155.mp4' for writing
frame=22674 fps=1971 q=-1.0 size=N/A time=00:15:01.14 bitrate=N/A speed=78.3x    
[hls @ 0x62224e1e5800] Opening '/config/cache/transcodes/73c592ad403beb8be15b2d73209ea77d156.mp4' for writing
[hls @ 0x62224e1e5800] Opening '/config/cache/transcodes/73c592ad403beb8be15b2d73209ea77d157.mp4' for writing
[hls @ 0x62224e1e5800] Opening '/config/cache/transcodes/73c592ad403beb8be15b2d73209ea77d158.mp4' for writing
[hls @ 0x62224e1e5800] Opening '/config/cache/transcodes/73c592ad403beb8be15b2d73209ea77d159.mp4' for writing
[hls @ 0x62224e1e5800] Opening '/config/cache/transcodes/73c592ad403beb8be15b2d73209ea77d160.mp4' for writing
[hls @ 0x62224e1e5800] Opening '/config/cache/transcodes/73c592ad403beb8be15b2d73209ea77d161.mp4' for writing
[hls @ 0x62224e1e5800] Opening '/config/cache/transcodes/73c592ad403beb8be15b2d73209ea77d162.mp4' for writing
[hls @ 0x62224e1e5800] Opening '/config/cache/transcodes/73c592ad403beb8be15b2d73209ea77d163.mp4' for writing
frame=23649 fps=1970 q=-1.0 size=N/A time=00:15:41.76 bitrate=N/A speed=78.5x    
[hls @ 0x62224e1e5800] Opening '/config/cache/transcodes/73c592ad403beb8be15b2d73209ea77d164.mp4' for writing
[hls @ 0x62224e1e5800] Opening '/config/cache/transcodes/73c592ad403beb8be15b2d73209ea77d165.mp4' for writing
[hls @ 0x62224e1e5800] Opening '/config/cache/transcodes/73c592ad403beb8be15b2d73209ea77d166.mp4' for writing
[hls @ 0x62224e1e5800] Opening '/config/cache/transcodes/73c592ad403beb8be15b2d73209ea77d167.mp4' for writing
[hls @ 0x62224e1e5800] Opening '/config/cache/transcodes/73c592ad403beb8be15b2d73209ea77d168.mp4' for writing
[hls @ 0x62224e1e5800] Opening '/config/cache/transcodes/73c592ad403beb8be15b2d73209ea77d169.mp4' for writing
frame=24694 fps=1975 q=-1.0 size=N/A time=00:16:25.40 bitrate=N/A speed=78.8x    
[hls @ 0x62224e1e5800] Opening '/config/cache/transcodes/73c592ad403beb8be15b2d73209ea77d170.mp4' for writing
[hls @ 0x62224e1e5800] Opening '/config/cache/transcodes/73c592ad403beb8be15b2d73209ea77d171.mp4' for writing
[hls @ 0x62224e1e5800] Opening '/config/cache/transcodes/73c592ad403beb8be15b2d73209ea77d172.mp4' for writing
[hls @ 0x62224e1e5800] Opening '/config/cache/transcodes/73c592ad403beb8be15b2d73209ea77d173.mp4' for writing
[hls @ 0x62224e1e5800] Opening '/config/cache/transcodes/73c592ad403beb8be15b2d73209ea77d174.mp4' for writing
[hls @ 0x62224e1e5800] Opening '/config/cache/transcodes/73c592ad403beb8be15b2d73209ea77d175.mp4' for writing
[hls @ 0x62224e1e5800] Opening '/config/cache/transcodes/73c592ad403beb8be15b2d73209ea77d176.mp4' for writing
[hls @ 0x62224e1e5800] Opening '/config/cache/transcodes/73c592ad403beb8be15b2d73209ea77d177.mp4' for writing
frame=25703 fps=1977 q=-1.0 size=N/A time=00:17:07.47 bitrate=N/A speed=  79x    
[hls @ 0x62224e1e5800] Opening '/config/cache/transcodes/73c592ad403beb8be15b2d73209ea77d178.mp4' for writing
[hls @ 0x62224e1e5800] Opening '/config/cache/transcodes/73c592ad403beb8be15b2d73209ea77d179.mp4' for writing
[hls @ 0x62224e1e5800] Opening '/config/cache/transcodes/73c592ad403beb8be15b2d73209ea77d180.mp4' for writing
[hls @ 0x62224e1e5800] Opening '/config/cache/transcodes/73c592ad403beb8be15b2d73209ea77d181.mp4' for writing
[hls @ 0x62224e1e5800] Opening '/config/cache/transcodes/73c592ad403beb8be15b2d73209ea77d182.mp4' for writing
[hls @ 0x62224e1e5800] Opening '/config/cache/transcodes/73c592ad403beb8be15b2d73209ea77d183.mp4' for writing
[hls @ 0x62224e1e5800] Opening '/config/cache/transcodes/73c592ad403beb8be15b2d73209ea77d184.mp4' for writing
frame=26650 fps=1974 q=-1.0 size=N/A time=00:17:46.96 bitrate=N/A speed=  79x    
[hls @ 0x62224e1e5800] Opening '/config/cache/transcodes/73c592ad403beb8be15b2d73209ea77d185.mp4' for writing
[hls @ 0x62224e1e5800] Opening '/config/cache/transcodes/73c592ad403beb8be15b2d73209ea77d186.mp4' for writing
[hls @ 0x62224e1e5800] Opening '/config/cache/transcodes/73c592ad403beb8be15b2d73209ea77d187.mp4' for writing
[hls @ 0x62224e1e5800] Opening '/config/cache/transcodes/73c592ad403beb8be15b2d73209ea77d188.mp4' for writing
[hls @ 0x62224e1e5800] Opening '/config/cache/transcodes/73c592ad403beb8be15b2d73209ea77d189.mp4' for writing
frame=27624 fps=1973 q=-1.0 size=N/A time=00:18:27.58 bitrate=N/A speed=79.1x    
[hls @ 0x62224e1e5800] Opening '/config/cache/transcodes/73c592ad403beb8be15b2d73209ea77d190.mp4' for writing
[hls @ 0x62224e1e5800] Opening '/config/cache/transcodes/73c592ad403beb8be15b2d73209ea77d191.mp4' for writing
[hls @ 0x62224e1e5800] Opening '/config/cache/transcodes/73c592ad403beb8be15b2d73209ea77d192.mp4' for writing
[hls @ 0x62224e1e5800] Opening '/config/cache/transcodes/73c592ad403beb8be15b2d73209ea77d193.mp4' for writing
[hls @ 0x62224e1e5800] Opening '/config/cache/transcodes/73c592ad403beb8be15b2d73209ea77d194.mp4' for writing
[hls @ 0x62224e1e5800] Opening '/config/cache/transcodes/73c592ad403beb8be15b2d73209ea77d195.mp4' for writing
[hls @ 0x62224e1e5800] Opening '/config/cache/transcodes/73c592ad403beb8be15b2d73209ea77d196.mp4' for writing
[hls @ 0x62224e1e5800] Opening '/config/cache/transcodes/73c592ad403beb8be15b2d73209ea77d197.mp4' for writing
frame=28608 fps=1973 q=-1.0 size=N/A time=00:19:08.60 bitrate=N/A speed=79.2x    
[hls @ 0x62224e1e5800] Opening '/config/cache/transcodes/73c592ad403beb8be15b2d73209ea77d198.mp4' for writing
[hls @ 0x62224e1e5800] Opening '/config/cache/transcodes/73c592ad403beb8be15b2d73209ea77d199.mp4' for writing
[hls @ 0x62224e1e5800] Opening '/config/cache/transcodes/73c592ad403beb8be15b2d73209ea77d200.mp4' for writing
[hls @ 0x62224e1e5800] Opening '/config/cache/transcodes/73c592ad403beb8be15b2d73209ea77d201.mp4' for writing
[hls @ 0x62224e1e5800] Opening '/config/cache/transcodes/73c592ad403beb8be15b2d73209ea77d202.mp4' for writing
[hls @ 0x62224e1e5800] Opening '/config/cache/transcodes/73c592ad403beb8be15b2d73209ea77d203.mp4' for writing
[hls @ 0x62224e1e5800] Opening '/config/cache/transcodes/73c592ad403beb8be15b2d73209ea77d204.mp4' for writing
frame=29625 fps=1975 q=-1.0 size=N/A time=00:19:51.08 bitrate=N/A speed=79.4x    
[hls @ 0x62224e1e5800] Opening '/config/cache/transcodes/73c592ad403beb8be15b2d73209ea77d205.mp4' for writing
[hls @ 0x62224e1e5800] Opening '/config/cache/transcodes/73c592ad403beb8be15b2d73209ea77d206.mp4' for writing
[hls @ 0x62224e1e5800] Opening '/config/cache/transcodes/73c592ad403beb8be15b2d73209ea77d207.mp4' for writing
[hls @ 0x62224e1e5800] Opening '/config/cache/transcodes/73c592ad403beb8be15b2d73209ea77d208.mp4' for writing
[hls @ 0x62224e1e5800] Opening '/config/cache/transcodes/73c592ad403beb8be15b2d73209ea77d209.mp4' for writing
[hls @ 0x62224e1e5800] Opening '/config/cache/transcodes/73c592ad403beb8be15b2d73209ea77d210.mp4' for writing
[hls @ 0x62224e1e5800] Opening '/config/cache/transcodes/73c592ad403beb8be15b2d73209ea77d211.mp4' for writing
frame=30604 fps=1974 q=-1.0 size=N/A time=00:20:31.89 bitrate=N/A speed=79.5x    
[hls @ 0x62224e1e5800] Opening '/config/cache/transcodes/73c592ad403beb8be15b2d73209ea77d212.mp4' for writing
[hls @ 0x62224e1e5800] Opening '/config/cache/transcodes/73c592ad403beb8be15b2d73209ea77d213.mp4' for writing
[hls @ 0x62224e1e5800] Opening '/config/cache/transcodes/73c592ad403beb8be15b2d73209ea77d214.mp4' for writing
[hls @ 0x62224e1e5800] Opening '/config/cache/transcodes/73c592ad403beb8be15b2d73209ea77d215.mp4' for writing
[hls @ 0x62224e1e5800] Opening '/config/cache/transcodes/73c592ad403beb8be15b2d73209ea77d216.mp4' for writing
[hls @ 0x62224e1e5800] Opening '/config/cache/transcodes/73c592ad403beb8be15b2d73209ea77d217.mp4' for writing
[hls @ 0x62224e1e5800] Opening '/config/cache/transcodes/73c592ad403beb8be15b2d73209ea77d218.mp4' for writing
frame=31547 fps=1971 q=-1.0 size=N/A time=00:21:11.16 bitrate=N/A speed=79.4x    
[hls @ 0x62224e1e5800] Opening '/config/cache/transcodes/73c592ad403beb8be15b2d73209ea77d219.mp4' for writing
[hls @ 0x62224e1e5800] Opening '/config/cache/transcodes/73c592ad403beb8be15b2d73209ea77d220.mp4' for writing
[hls @ 0x62224e1e5800] Opening '/config/cache/transcodes/73c592ad403beb8be15b2d73209ea77d221.mp4' for writing
[hls @ 0x62224e1e5800] Opening '/config/cache/transcodes/73c592ad403beb8be15b2d73209ea77d222.mp4' for writing
[hls @ 0x62224e1e5800] Opening '/config/cache/transcodes/73c592ad403beb8be15b2d73209ea77d223.mp4' for writing
[hls @ 0x62224e1e5800] Opening '/config/cache/transcodes/73c592ad403beb8be15b2d73209ea77d224.mp4' for writing
frame=32507 fps=1970 q=-1.0 size=N/A time=00:21:51.27 bitrate=N/A speed=79.5x    
[hls @ 0x62224e1e5800] Opening '/config/cache/transcodes/73c592ad403beb8be15b2d73209ea77d225.mp4' for writing
[hls @ 0x62224e1e5800] Opening '/config/cache/transcodes/73c592ad403beb8be15b2d73209ea77d226.mp4' for writing
[hls @ 0x62224e1e5800] Opening '/config/cache/transcodes/73c592ad403beb8be15b2d73209ea77d227.mp4' for writing
[hls @ 0x62224e1e5800] Opening '/config/cache/transcodes/73c592ad403beb8be15b2d73209ea77d228.mp4' for writing
[hls @ 0x62224e1e5800] Opening '/config/cache/transcodes/73c592ad403beb8be15b2d73209ea77d229.mp4' for writing
[hls @ 0x62224e1e5800] Opening '/config/cache/transcodes/73c592ad403beb8be15b2d73209ea77d230.mp4' for writing
[hls @ 0x62224e1e5800] Opening '/config/cache/transcodes/73c592ad403beb8be15b2d73209ea77d231.mp4' for writing
frame=33488 fps=1970 q=-1.0 size=N/A time=00:22:32.19 bitrate=N/A speed=79.5x    
[hls @ 0x62224e1e5800] Opening '/config/cache/transcodes/73c592ad403beb8be15b2d73209ea77d232.mp4' for writing
[hls @ 0x62224e1e5800] Opening '/config/cache/transcodes/73c592ad403beb8be15b2d73209ea77d233.mp4' for writing
[hls @ 0x62224e1e5800] Opening '/config/cache/transcodes/73c592ad403beb8be15b2d73209ea77d234.mp4' for writing
[hls @ 0x62224e1e5800] Opening '/config/cache/transcodes/73c592ad403beb8be15b2d73209ea77d235.mp4' for writing
[hls @ 0x62224e1e5800] Opening '/config/cache/transcodes/73c592ad403beb8be15b2d73209ea77d236.mp4' for writing
[hls @ 0x62224e1e5800] Opening '/config/cache/transcodes/73c592ad403beb8be15b2d73209ea77d237.mp4' for writing
[hls @ 0x62224e1e5800] Opening '/config/cache/transcodes/73c592ad403beb8be15b2d73209ea77d238.mp4' for writing
frame=34529 fps=1973 q=-1.0 size=N/A time=00:23:15.56 bitrate=N/A speed=79.7x    
[hls @ 0x62224e1e5800] Opening '/config/cache/transcodes/73c592ad403beb8be15b2d73209ea77d239.mp4' for writing
[hls @ 0x62224e1e5800] Opening '/config/cache/transcodes/73c592ad403beb8be15b2d73209ea77d240.mp4' for writing
[hls @ 0x62224e1e5800] Opening '/config/cache/transcodes/73c592ad403beb8be15b2d73209ea77d241.mp4' for writing
[hls @ 0x62224e1e5800] Opening '/config/cache/transcodes/73c592ad403beb8be15b2d73209ea77d242.mp4' for writing
[hls @ 0x62224e1e5800] Opening '/config/cache/transcodes/73c592ad403beb8be15b2d73209ea77d243.mp4' for writing
[hls @ 0x62224e1e5800] Opening '/config/cache/transcodes/73c592ad403beb8be15b2d73209ea77d244.mp4' for writing
[hls @ 0x62224e1e5800] Opening '/config/cache/transcodes/73c592ad403beb8be15b2d73209ea77d245.mp4' for writing
frame=35559 fps=1975 q=-1.0 size=N/A time=00:23:58.54 bitrate=N/A speed=79.9x    
[hls @ 0x62224e1e5800] Opening '/config/cache/transcodes/73c592ad403beb8be15b2d73209ea77d246.mp4' for writing
[hls @ 0x62224e1e5800] Opening '/config/cache/transcodes/73c592ad403beb8be15b2d73209ea77d247.mp4' for writing
[hls @ 0x62224e1e5800] Opening '/config/cache/transcodes/73c592ad403beb8be15b2d73209ea77d248.mp4' for writing
[hls @ 0x62224e1e5800] Opening '/config/cache/transcodes/73c592ad403beb8be15b2d73209ea77d249.mp4' for writing
[hls @ 0x62224e1e5800] Opening '/config/cache/transcodes/73c592ad403beb8be15b2d73209ea77d250.mp4' for writing
[hls @ 0x62224e1e5800] Opening '/config/cache/transcodes/73c592ad403beb8be15b2d73209ea77d251.mp4' for writing
[hls @ 0x62224e1e5800] Opening '/config/cache/transcodes/73c592ad403beb8be15b2d73209ea77d252.mp4' for writing
frame=36549 fps=1975 q=-1.0 size=N/A time=00:24:39.80 bitrate=N/A speed=  80x    
[hls @ 0x62224e1e5800] Opening '/config/cache/transcodes/73c592ad403beb8be15b2d73209ea77d253.mp4' for writing
[hls @ 0x62224e1e5800] Opening '/config/cache/transcodes/73c592ad403beb8be15b2d73209ea77d254.mp4' for writing
[hls @ 0x62224e1e5800] Opening '/config/cache/transcodes/73c592ad403beb8be15b2d73209ea77d255.mp4' for writing
[hls @ 0x62224e1e5800] Opening '/config/cache/transcodes/73c592ad403beb8be15b2d73209ea77d256.mp4' for writing
[hls @ 0x62224e1e5800] Opening '/config/cache/transcodes/73c592ad403beb8be15b2d73209ea77d257.mp4' for writing
[hls @ 0x62224e1e5800] Opening '/config/cache/transcodes/73c592ad403beb8be15b2d73209ea77d258.mp4' for writing
[hls @ 0x62224e1e5800] Opening '/config/cache/transcodes/73c592ad403beb8be15b2d73209ea77d259.mp4' for writing
frame=37519 fps=1974 q=-1.0 size=N/A time=00:25:20.27 bitrate=N/A speed=  80x    
[hls @ 0x62224e1e5800] Opening '/config/cache/transcodes/73c592ad403beb8be15b2d73209ea77d260.mp4' for writing
[hls @ 0x62224e1e5800] Opening '/config/cache/transcodes/73c592ad403beb8be15b2d73209ea77d261.mp4' for writing
[hls @ 0x62224e1e5800] Opening '/config/cache/transcodes/73c592ad403beb8be15b2d73209ea77d262.mp4' for writing
[hls @ 0x62224e1e5800] Opening '/config/cache/transcodes/73c592ad403beb8be15b2d73209ea77d263.mp4' for writing
[hls @ 0x62224e1e5800] Opening '/config/cache/transcodes/73c592ad403beb8be15b2d73209ea77d264.mp4' for writing
[hls @ 0x62224e1e5800] Opening '/config/cache/transcodes/73c592ad403beb8be15b2d73209ea77d265.mp4' for writing
[hls @ 0x62224e1e5800] Opening '/config/cache/transcodes/73c592ad403beb8be15b2d73209ea77d266.mp4' for writing
frame=38511 fps=1975 q=-1.0 size=N/A time=00:26:01.70 bitrate=N/A speed=80.1x    
[hls @ 0x62224e1e5800] Opening '/config/cache/transcodes/73c592ad403beb8be15b2d73209ea77d267.mp4' for writing
[hls @ 0x62224e1e5800] Opening '/config/cache/transcodes/73c592ad403beb8be15b2d73209ea77d268.mp4' for writing
[hls @ 0x62224e1e5800] Opening '/config/cache/transcodes/73c592ad403beb8be15b2d73209ea77d269.mp4' for writing
[hls @ 0x62224e1e5800] Opening '/config/cache/transcodes/73c592ad403beb8be15b2d73209ea77d270.mp4' for writing
[hls @ 0x62224e1e5800] Opening '/config/cache/transcodes/73c592ad403beb8be15b2d73209ea77d271.mp4' for writing
[hls @ 0x62224e1e5800] Opening '/config/cache/transcodes/73c592ad403beb8be15b2d73209ea77d272.mp4' for writing
[hls @ 0x62224e1e5800] Opening '/config/cache/transcodes/73c592ad403beb8be15b2d73209ea77d273.mp4' for writing
frame=39490 fps=1974 q=-1.0 size=N/A time=00:26:42.47 bitrate=N/A speed=80.1x    
[hls @ 0x62224e1e5800] Opening '/config/cache/transcodes/73c592ad403beb8be15b2d73209ea77d274.mp4' for writing
[hls @ 0x62224e1e5800] Opening '/config/cache/transcodes/73c592ad403beb8be15b2d73209ea77d275.mp4' for writing
[hls @ 0x62224e1e5800] Opening '/config/cache/transcodes/73c592ad403beb8be15b2d73209ea77d276.mp4' for writing
[hls @ 0x62224e1e5800] Opening '/config/cache/transcodes/73c592ad403beb8be15b2d73209ea77d277.mp4' for writing
[hls @ 0x62224e1e5800] Opening '/config/cache/transcodes/73c592ad403beb8be15b2d73209ea77d278.mp4' for writing
[hls @ 0x62224e1e5800] Opening '/config/cache/transcodes/73c592ad403beb8be15b2d73209ea77d279.mp4' for writing
frame=40459 fps=1973 q=-1.0 size=N/A time=00:27:22.92 bitrate=N/A speed=80.1x    
[hls @ 0x62224e1e5800] Opening '/config/cache/transcodes/73c592ad403beb8be15b2d73209ea77d280.mp4' for writing
[hls @ 0x62224e1e5800] Opening '/config/cache/transcodes/73c592ad403beb8be15b2d73209ea77d281.mp4' for writing
[hls @ 0x62224e1e5800] Opening '/config/cache/transcodes/73c592ad403beb8be15b2d73209ea77d282.mp4' for writing
[hls @ 0x62224e1e5800] Opening '/config/cache/transcodes/73c592ad403beb8be15b2d73209ea77d283.mp4' for writing
[hls @ 0x62224e1e5800] Opening '/config/cache/transcodes/73c592ad403beb8be15b2d73209ea77d284.mp4' for writing
[hls @ 0x62224e1e5800] Opening '/config/cache/transcodes/73c592ad403beb8be15b2d73209ea77d285.mp4' for writing
[hls @ 0x62224e1e5800] Opening '/config/cache/transcodes/73c592ad403beb8be15b2d73209ea77d286.mp4' for writing
frame=41428 fps=1972 q=-1.0 size=N/A time=00:28:03.32 bitrate=N/A speed=80.1x    
[hls @ 0x62224e1e5800] Opening '/config/cache/transcodes/73c592ad403beb8be15b2d73209ea77d287.mp4' for writing
[hls @ 0x62224e1e5800] Opening '/config/cache/transcodes/73c592ad403beb8be15b2d73209ea77d288.mp4' for writing
[hls @ 0x62224e1e5800] Opening '/config/cache/transcodes/73c592ad403beb8be15b2d73209ea77d289.mp4' for writing
[hls @ 0x62224e1e5800] Opening '/config/cache/transcodes/73c592ad403beb8be15b2d73209ea77d290.mp4' for writing
[hls @ 0x62224e1e5800] Opening '/config/cache/transcodes/73c592ad403beb8be15b2d73209ea77d291.mp4' for writing
[hls @ 0x62224e1e5800] Opening '/config/cache/transcodes/73c592ad403beb8be15b2d73209ea77d292.mp4' for writing
[hls @ 0x62224e1e5800] Opening '/config/cache/transcodes/73c592ad403beb8be15b2d73209ea77d293.mp4' for writing
frame=42409 fps=1972 q=-1.0 size=N/A time=00:28:44.26 bitrate=N/A speed=80.2x    
[hls @ 0x62224e1e5800] Opening '/config/cache/transcodes/73c592ad403beb8be15b2d73209ea77d294.mp4' for writing
[hls @ 0x62224e1e5800] Opening '/config/cache/transcodes/73c592ad403beb8be15b2d73209ea77d295.mp4' for writing
[hls @ 0x62224e1e5800] Opening '/config/cache/transcodes/73c592ad403beb8be15b2d73209ea77d296.mp4' for writing
[hls @ 0x62224e1e5800] Opening '/config/cache/transcodes/73c592ad403beb8be15b2d73209ea77d297.mp4' for writing
[hls @ 0x62224e1e5800] Opening '/config/cache/transcodes/73c592ad403beb8be15b2d73209ea77d298.mp4' for writing
[hls @ 0x62224e1e5800] Opening '/config/cache/transcodes/73c592ad403beb8be15b2d73209ea77d299.mp4' for writing
[hls @ 0x62224e1e5800] Opening '/config/cache/transcodes/73c592ad403beb8be15b2d73209ea77d300.mp4' for writing
frame=43368 fps=1971 q=-1.0 size=N/A time=00:29:24.22 bitrate=N/A speed=80.2x    
[hls @ 0x62224e1e5800] Opening '/config/cache/transcodes/73c592ad403beb8be15b2d73209ea77d301.mp4' for writing
[hls @ 0x62224e1e5800] Opening '/config/cache/transcodes/73c592ad403beb8be15b2d73209ea77d302.mp4' for writing
[hls @ 0x62224e1e5800] Opening '/config/cache/transcodes/73c592ad403beb8be15b2d73209ea77d303.mp4' for writing
[hls @ 0x62224e1e5800] Opening '/config/cache/transcodes/73c592ad403beb8be15b2d73209ea77d304.mp4' for writing
[hls @ 0x62224e1e5800] Opening '/config/cache/transcodes/73c592ad403beb8be15b2d73209ea77d305.mp4' for writing
[hls @ 0x62224e1e5800] Opening '/config/cache/transcodes/73c592ad403beb8be15b2d73209ea77d306.mp4' for writing
frame=44284 fps=1968 q=-1.0 size=N/A time=00:30:02.45 bitrate=N/A speed=80.1x    
[hls @ 0x62224e1e5800] Opening '/config/cache/transcodes/73c592ad403beb8be15b2d73209ea77d307.mp4' for writing
[hls @ 0x62224e1e5800] Opening '/config/cache/transcodes/73c592ad403beb8be15b2d73209ea77d308.mp4' for writing
[hls @ 0x62224e1e5800] Opening '/config/cache/transcodes/73c592ad403beb8be15b2d73209ea77d309.mp4' for writing
[hls @ 0x62224e1e5800] Opening '/config/cache/transcodes/73c592ad403beb8be15b2d73209ea77d310.mp4' for writing
[hls @ 0x62224e1e5800] Opening '/config/cache/transcodes/73c592ad403beb8be15b2d73209ea77d311.mp4' for writing
[hls @ 0x62224e1e5800] Opening '/config/cache/transcodes/73c592ad403beb8be15b2d73209ea77d312.mp4' for writing
[hls @ 0x62224e1e5800] Opening '/config/cache/transcodes/73c592ad403beb8be15b2d73209ea77d313.mp4' for writing
frame=45289 fps=1969 q=-1.0 size=N/A time=00:30:44.37 bitrate=N/A speed=80.2x    
[hls @ 0x62224e1e5800] Opening '/config/cache/transcodes/73c592ad403beb8be15b2d73209ea77d314.mp4' for writing
[hls @ 0x62224e1e5800] Opening '/config/cache/transcodes/73c592ad403beb8be15b2d73209ea77d315.mp4' for writing
[hls @ 0x62224e1e5800] Opening '/config/cache/transcodes/73c592ad403beb8be15b2d73209ea77d316.mp4' for writing
[hls @ 0x62224e1e5800] Opening '/config/cache/transcodes/73c592ad403beb8be15b2d73209ea77d317.mp4' for writing
[hls @ 0x62224e1e5800] Opening '/config/cache/transcodes/73c592ad403beb8be15b2d73209ea77d318.mp4' for writing
[hls @ 0x62224e1e5800] Opening '/config/cache/transcodes/73c592ad403beb8be15b2d73209ea77d319.mp4' for writing
frame=46299 fps=1970 q=-1.0 size=N/A time=00:31:26.46 bitrate=N/A speed=80.3x    
[hls @ 0x62224e1e5800] Opening '/config/cache/transcodes/73c592ad403beb8be15b2d73209ea77d320.mp4' for writing
[hls @ 0x62224e1e5800] Opening '/config/cache/transcodes/73c592ad403beb8be15b2d73209ea77d321.mp4' for writing
[hls @ 0x62224e1e5800] Opening '/config/cache/transcodes/73c592ad403beb8be15b2d73209ea77d322.mp4' for writing
[hls @ 0x62224e1e5800] Opening '/config/cache/transcodes/73c592ad403beb8be15b2d73209ea77d323.mp4' for writing
[hls @ 0x62224e1e5800] Opening '/config/cache/transcodes/73c592ad403beb8be15b2d73209ea77d324.mp4' for writing
[hls @ 0x62224e1e5800] Opening '/config/cache/transcodes/73c592ad403beb8be15b2d73209ea77d325.mp4' for writing
[hls @ 0x62224e1e5800] Opening '/config/cache/transcodes/73c592ad403beb8be15b2d73209ea77d326.mp4' for writing
[hls @ 0x62224e1e5800] Opening '/config/cache/transcodes/73c592ad403beb8be15b2d73209ea77d327.mp4' for writing
frame=47315 fps=1971 q=-1.0 size=N/A time=00:32:08.87 bitrate=N/A speed=80.4x    
[hls @ 0x62224e1e5800] Opening '/config/cache/transcodes/73c592ad403beb8be15b2d73209ea77d328.mp4' for writing
[hls @ 0x62224e1e5800] Opening '/config/cache/transcodes/73c592ad403beb8be15b2d73209ea77d329.mp4' for writing
[hls @ 0x62224e1e5800] Opening '/config/cache/transcodes/73c592ad403beb8be15b2d73209ea77d330.mp4' for writing
[hls @ 0x62224e1e5800] Opening '/config/cache/transcodes/73c592ad403beb8be15b2d73209ea77d331.mp4' for writing
[hls @ 0x62224e1e5800] Opening '/config/cache/transcodes/73c592ad403beb8be15b2d73209ea77d332.mp4' for writing
[hls @ 0x62224e1e5800] Opening '/config/cache/transcodes/73c592ad403beb8be15b2d73209ea77d333.mp4' for writing
[hls @ 0x62224e1e5800] Opening '/config/cache/transcodes/73c592ad403beb8be15b2d73209ea77d334.mp4' for writing
frame=48307 fps=1971 q=-1.0 size=N/A time=00:32:50.26 bitrate=N/A speed=80.4x    
[hls @ 0x62224e1e5800] Opening '/config/cache/transcodes/73c592ad403beb8be15b2d73209ea77d335.mp4' for writing
[hls @ 0x62224e1e5800] Opening '/config/cache/transcodes/73c592ad403beb8be15b2d73209ea77d336.mp4' for writing
[hls @ 0x62224e1e5800] Opening '/config/cache/transcodes/73c592ad403beb8be15b2d73209ea77d337.mp4' for writing
[hls @ 0x62224e1e5800] Opening '/config/cache/transcodes/73c592ad403beb8be15b2d73209ea77d338.mp4' for writing
[hls @ 0x62224e1e5800] Opening '/config/cache/transcodes/73c592ad403beb8be15b2d73209ea77d339.mp4' for writing
[hls @ 0x62224e1e5800] Opening '/config/cache/transcodes/73c592ad403beb8be15b2d73209ea77d340.mp4' for writing
frame=49312 fps=1972 q=-1.0 size=N/A time=00:33:32.16 bitrate=N/A speed=80.5x    
[hls @ 0x62224e1e5800] Opening '/config/cache/transcodes/73c592ad403beb8be15b2d73209ea77d341.mp4' for writing
[hls @ 0x62224e1e5800] Opening '/config/cache/transcodes/73c592ad403beb8be15b2d73209ea77d342.mp4' for writing
[hls @ 0x62224e1e5800] Opening '/config/cache/transcodes/73c592ad403beb8be15b2d73209ea77d343.mp4' for writing
[hls @ 0x62224e1e5800] Opening '/config/cache/transcodes/73c592ad403beb8be15b2d73209ea77d344.mp4' for writing
[hls @ 0x62224e1e5800] Opening '/config/cache/transcodes/73c592ad403beb8be15b2d73209ea77d345.mp4' for writing
[hls @ 0x62224e1e5800] Opening '/config/cache/transcodes/73c592ad403beb8be15b2d73209ea77d346.mp4' for writing
[hls @ 0x62224e1e5800] Opening '/config/cache/transcodes/73c592ad403beb8be15b2d73209ea77d347.mp4' for writing
[hls @ 0x62224e1e5800] Opening '/config/cache/transcodes/73c592ad403beb8be15b2d73209ea77d348.mp4' for writing
frame=50305 fps=1972 q=-1.0 size=N/A time=00:34:13.61 bitrate=N/A speed=80.5x    
[hls @ 0x62224e1e5800] Opening '/config/cache/transcodes/73c592ad403beb8be15b2d73209ea77d349.mp4' for writing
[hls @ 0x62224e1e5800] Opening '/config/cache/transcodes/73c592ad403beb8be15b2d73209ea77d350.mp4' for writing
[hls @ 0x62224e1e5800] Opening '/config/cache/transcodes/73c592ad403beb8be15b2d73209ea77d351.mp4' for writing
[hls @ 0x62224e1e5800] Opening '/config/cache/transcodes/73c592ad403beb8be15b2d73209ea77d352.mp4' for writing
[hls @ 0x62224e1e5800] Opening '/config/cache/transcodes/73c592ad403beb8be15b2d73209ea77d353.mp4' for writing
frame=51175 fps=1968 q=-1.0 size=N/A time=00:34:49.87 bitrate=N/A speed=80.4x    
[hls @ 0x62224e1e5800] Opening '/config/cache/transcodes/73c592ad403beb8be15b2d73209ea77d354.mp4' for writing
[hls @ 0x62224e1e5800] Opening '/config/cache/transcodes/73c592ad403beb8be15b2d73209ea77d355.mp4' for writing
[hls @ 0x62224e1e5800] Opening '/config/cache/transcodes/73c592ad403beb8be15b2d73209ea77d356.mp4' for writing
[hls @ 0x62224e1e5800] Opening '/config/cache/transcodes/73c592ad403beb8be15b2d73209ea77d357.mp4' for writing
frame=51692 fps=1950 q=-1.0 size=N/A time=00:35:11.82 bitrate=N/A speed=79.7x    
[hls @ 0x62224e1e5800] Opening '/config/cache/transcodes/73c592ad403beb8be15b2d73209ea77d358.mp4' for writing
[hls @ 0x62224e1e5800] Opening '/config/cache/transcodes/73c592ad403beb8be15b2d73209ea77d359.mp4' for writing
[hls @ 0x62224e1e5800] Opening '/config/cache/transcodes/73c592ad403beb8be15b2d73209ea77d360.mp4' for writing
[hls @ 0x62224e1e5800] Opening '/config/cache/transcodes/73c592ad403beb8be15b2d73209ea77d361.mp4' for writing
[hls @ 0x62224e1e5800] Opening '/config/cache/transcodes/73c592ad403beb8be15b2d73209ea77d362.mp4' for writing
[hls @ 0x62224e1e5800] Opening '/config/cache/transcodes/73c592ad403beb8be15b2d73209ea77d363.mp4' for writing
frame=52572 fps=1947 q=-1.0 size=N/A time=00:35:48.11 bitrate=N/A speed=79.5x    
[hls @ 0x62224e1e5800] Opening '/config/cache/transcodes/73c592ad403beb8be15b2d73209ea77d364.mp4' for writing
[hls @ 0x62224e1e5800] Opening '/config/cache/transcodes/73c592ad403beb8be15b2d73209ea77d365.mp4' for writing
[hls @ 0x62224e1e5800] Opening '/config/cache/transcodes/73c592ad403beb8be15b2d73209ea77d366.mp4' for writing
[hls @ 0x62224e1e5800] Opening '/config/cache/transcodes/73c592ad403beb8be15b2d73209ea77d367.mp4' for writing
[hls @ 0x62224e1e5800] Opening '/config/cache/transcodes/73c592ad403beb8be15b2d73209ea77d368.mp4' for writing
frame=53509 fps=1945 q=-1.0 size=N/A time=00:36:27.20 bitrate=N/A speed=79.5x    
[hls @ 0x62224e1e5800] Opening '/config/cache/transcodes/73c592ad403beb8be15b2d73209ea77d369.mp4' for writing
[hls @ 0x62224e1e5800] Opening '/config/cache/transcodes/73c592ad403beb8be15b2d73209ea77d370.mp4' for writing
[hls @ 0x62224e1e5800] Opening '/config/cache/transcodes/73c592ad403beb8be15b2d73209ea77d371.mp4' for writing
[hls @ 0x62224e1e5800] Opening '/config/cache/transcodes/73c592ad403beb8be15b2d73209ea77d372.mp4' for writing
[hls @ 0x62224e1e5800] Opening '/config/cache/transcodes/73c592ad403beb8be15b2d73209ea77d373.mp4' for writing
[hls @ 0x62224e1e5800] Opening '/config/cache/transcodes/73c592ad403beb8be15b2d73209ea77d374.mp4' for writing
[hls @ 0x62224e1e5800] Opening '/config/cache/transcodes/73c592ad403beb8be15b2d73209ea77d375.mp4' for writing
[hls @ 0x62224e1e5800] Opening '/config/cache/transcodes/73c592ad403beb8be15b2d73209ea77d376.mp4' for writing
[hls @ 0x62224e1e5800] Opening '/config/cache/transcodes/73c592ad403beb8be15b2d73209ea77d377.mp4' for writing
frame=54459 fps=1945 q=-1.0 size=N/A time=00:37:06.81 bitrate=N/A speed=79.5x    
[hls @ 0x62224e1e5800] Opening '/config/cache/transcodes/73c592ad403beb8be15b2d73209ea77d378.mp4' for writing
[hls @ 0x62224e1e5800] Opening '/config/cache/transcodes/73c592ad403beb8be15b2d73209ea77d379.mp4' for writing
[hls @ 0x62224e1e5800] Opening '/config/cache/transcodes/73c592ad403beb8be15b2d73209ea77d380.mp4' for writing
[hls @ 0x62224e1e5800] Opening '/config/cache/transcodes/73c592ad403beb8be15b2d73209ea77d381.mp4' for writing
[hls @ 0x62224e1e5800] Opening '/config/cache/transcodes/73c592ad403beb8be15b2d73209ea77d382.mp4' for writing
[hls @ 0x62224e1e5800] Opening '/config/cache/transcodes/73c592ad403beb8be15b2d73209ea77d383.mp4' for writing
frame=55370 fps=1942 q=-1.0 size=N/A time=00:37:44.81 bitrate=N/A speed=79.5x    
[hls @ 0x62224e1e5800] Opening '/config/cache/transcodes/73c592ad403beb8be15b2d73209ea77d384.mp4' for writing
[hls @ 0x62224e1e5800] Opening '/config/cache/transcodes/73c592ad403beb8be15b2d73209ea77d385.mp4' for writing
[hls @ 0x62224e1e5800] Opening '/config/cache/transcodes/73c592ad403beb8be15b2d73209ea77d386.mp4' for writing
[hls @ 0x62224e1e5800] Opening '/config/cache/transcodes/73c592ad403beb8be15b2d73209ea77d387.mp4' for writing
[hls @ 0x62224e1e5800] Opening '/config/cache/transcodes/73c592ad403beb8be15b2d73209ea77d388.mp4' for writing
[hls @ 0x62224e1e5800] Opening '/config/cache/transcodes/73c592ad403beb8be15b2d73209ea77d389.mp4' for writing
frame=56326 fps=1942 q=-1.0 size=N/A time=00:38:24.68 bitrate=N/A speed=79.5x    
[hls @ 0x62224e1e5800] Opening '/config/cache/transcodes/73c592ad403beb8be15b2d73209ea77d390.mp4' for writing
[hls @ 0x62224e1e5800] Opening '/config/cache/transcodes/73c592ad403beb8be15b2d73209ea77d391.mp4' for writing
[hls @ 0x62224e1e5800] Opening '/config/cache/transcodes/73c592ad403beb8be15b2d73209ea77d392.mp4' for writing
[hls @ 0x62224e1e5800] Opening '/config/cache/transcodes/73c592ad403beb8be15b2d73209ea77d393.mp4' for writing
[hls @ 0x62224e1e5800] Opening '/config/cache/transcodes/73c592ad403beb8be15b2d73209ea77d394.mp4' for writing
[hls @ 0x62224e1e5800] Opening '/config/cache/transcodes/73c592ad403beb8be15b2d73209ea77d395.mp4' for writing
[hls @ 0x62224e1e5800] Opening '/config/cache/transcodes/73c592ad403beb8be15b2d73209ea77d396.mp4' for writing
frame=57220 fps=1939 q=-1.0 size=N/A time=00:39:01.95 bitrate=N/A speed=79.4x    
[hls @ 0x62224e1e5800] Opening '/config/cache/transcodes/73c592ad403beb8be15b2d73209ea77d397.mp4' for writing
[hls @ 0x62224e1e5800] Opening '/config/cache/transcodes/73c592ad403beb8be15b2d73209ea77d398.mp4' for writing
[hls @ 0x62224e1e5800] Opening '/config/cache/transcodes/73c592ad403beb8be15b2d73209ea77d399.mp4' for writing
[hls @ 0x62224e1e5800] Opening '/config/cache/transcodes/73c592ad403beb8be15b2d73209ea77d400.mp4' for writing
[hls @ 0x62224e1e5800] Opening '/config/cache/transcodes/73c592ad403beb8be15b2d73209ea77d401.mp4' for writing
[hls @ 0x62224e1e5800] Opening '/config/cache/transcodes/73c592ad403beb8be15b2d73209ea77d402.mp4' for writing
frame=58192 fps=1939 q=-1.0 size=N/A time=00:39:42.52 bitrate=N/A speed=79.4x    
[hls @ 0x62224e1e5800] Opening '/config/cache/transcodes/73c592ad403beb8be15b2d73209ea77d403.mp4' for writing
[hls @ 0x62224e1e5800] Opening '/config/cache/transcodes/73c592ad403beb8be15b2d73209ea77d404.mp4' for writing
[hls @ 0x62224e1e5800] Opening '/config/cache/transcodes/73c592ad403beb8be15b2d73209ea77d405.mp4' for writing
[hls @ 0x62224e1e5800] Opening '/config/cache/transcodes/73c592ad403beb8be15b2d73209ea77d406.mp4' for writing
[hls @ 0x62224e1e5800] Opening '/config/cache/transcodes/73c592ad403beb8be15b2d73209ea77d407.mp4' for writing
[hls @ 0x62224e1e5800] Opening '/config/cache/transcodes/73c592ad403beb8be15b2d73209ea77d408.mp4' for writing
[hls @ 0x62224e1e5800] Opening '/config/cache/transcodes/73c592ad403beb8be15b2d73209ea77d409.mp4' for writing
frame=59132 fps=1938 q=-1.0 size=N/A time=00:40:21.71 bitrate=N/A speed=79.4x    
[hls @ 0x62224e1e5800] Opening '/config/cache/transcodes/73c592ad403beb8be15b2d73209ea77d410.mp4' for writing
[hls @ 0x62224e1e5800] Opening '/config/cache/transcodes/73c592ad403beb8be15b2d73209ea77d411.mp4' for writing
[hls @ 0x62224e1e5800] Opening '/config/cache/transcodes/73c592ad403beb8be15b2d73209ea77d412.mp4' for writing
[hls @ 0x62224e1e5800] Opening '/config/cache/transcodes/73c592ad403beb8be15b2d73209ea77d413.mp4' for writing
[hls @ 0x62224e1e5800] Opening '/config/cache/transcodes/73c592ad403beb8be15b2d73209ea77d414.mp4' for writing
[hls @ 0x62224e1e5800] Opening '/config/cache/transcodes/73c592ad403beb8be15b2d73209ea77d415.mp4' for writing
[hls @ 0x62224e1e5800] Opening '/config/cache/transcodes/73c592ad403beb8be15b2d73209ea77d416.mp4' for writing
frame=60117 fps=1939 q=-1.0 size=N/A time=00:41:02.80 bitrate=N/A speed=79.4x    
[hls @ 0x62224e1e5800] Opening '/config/cache/transcodes/73c592ad403beb8be15b2d73209ea77d417.mp4' for writing
[hls @ 0x62224e1e5800] Opening '/config/cache/transcodes/73c592ad403beb8be15b2d73209ea77d418.mp4' for writing
[hls @ 0x62224e1e5800] Opening '/config/cache/transcodes/73c592ad403beb8be15b2d73209ea77d419.mp4' for writing
[hls @ 0x62224e1e5800] Opening '/config/cache/transcodes/73c592ad403beb8be15b2d73209ea77d420.mp4' for writing
[hls @ 0x62224e1e5800] Opening '/config/cache/transcodes/73c592ad403beb8be15b2d73209ea77d421.mp4' for writing
[hls @ 0x62224e1e5800] Opening '/config/cache/transcodes/73c592ad403beb8be15b2d73209ea77d422.mp4' for writing
[hls @ 0x62224e1e5800] Opening '/config/cache/transcodes/73c592ad403beb8be15b2d73209ea77d423.mp4' for writing
frame=61101 fps=1939 q=-1.0 size=N/A time=00:41:43.87 bitrate=N/A speed=79.5x    
[hls @ 0x62224e1e5800] Opening '/config/cache/transcodes/73c592ad403beb8be15b2d73209ea77d424.mp4' for writing
[hls @ 0x62224e1e5800] Opening '/config/cache/transcodes/73c592ad403beb8be15b2d73209ea77d425.mp4' for writing
[hls @ 0x62224e1e5800] Opening '/config/cache/transcodes/73c592ad403beb8be15b2d73209ea77d426.mp4' for writing
[hls @ 0x62224e1e5800] Opening '/config/cache/transcodes/73c592ad403beb8be15b2d73209ea77d427.mp4' for writing
[hls @ 0x62224e1e5800] Opening '/config/cache/transcodes/73c592ad403beb8be15b2d73209ea77d428.mp4' for writing
frame=62087 fps=1940 q=-1.0 size=N/A time=00:42:24.98 bitrate=N/A speed=79.5x    
[hls @ 0x62224e1e5800] Opening '/config/cache/transcodes/73c592ad403beb8be15b2d73209ea77d429.mp4' for writing
[hls @ 0x62224e1e5800] Opening '/config/cache/transcodes/73c592ad403beb8be15b2d73209ea77d430.mp4' for writing
[hls @ 0x62224e1e5800] Opening '/config/cache/transcodes/73c592ad403beb8be15b2d73209ea77d431.mp4' for writing
[hls @ 0x62224e1e5800] Opening '/config/cache/transcodes/73c592ad403beb8be15b2d73209ea77d432.mp4' for writing
[hls @ 0x62224e1e5800] Opening '/config/cache/transcodes/73c592ad403beb8be15b2d73209ea77d433.mp4' for writing
[hls @ 0x62224e1e5800] Opening '/config/cache/transcodes/73c592ad403beb8be15b2d73209ea77d434.mp4' for writing
[hls @ 0x62224e1e5800] Opening '/config/cache/transcodes/73c592ad403beb8be15b2d73209ea77d435.mp4' for writing
[hls @ 0x62224e1e5800] Opening '/config/cache/transcodes/73c592ad403beb8be15b2d73209ea77d436.mp4' for writing
frame=63012 fps=1939 q=-1.0 size=N/A time=00:43:03.57 bitrate=N/A speed=79.5x    
[hls @ 0x62224e1e5800] Opening '/config/cache/transcodes/73c592ad403beb8be15b2d73209ea77d437.mp4' for writing
[hls @ 0x62224e1e5800] Opening '/config/cache/transcodes/73c592ad403beb8be15b2d73209ea77d438.mp4' for writing
[hls @ 0x62224e1e5800] Opening '/config/cache/transcodes/73c592ad403beb8be15b2d73209ea77d439.mp4' for writing
[hls @ 0x62224e1e5800] Opening '/config/cache/transcodes/73c592ad403beb8be15b2d73209ea77d440.mp4' for writing
[hls @ 0x62224e1e5800] Opening '/config/cache/transcodes/73c592ad403beb8be15b2d73209ea77d441.mp4' for writing
[hls @ 0x62224e1e5800] Opening '/config/cache/transcodes/73c592ad403beb8be15b2d73209ea77d442.mp4' for writing
frame=63860 fps=1935 q=-1.0 size=N/A time=00:43:39.05 bitrate=N/A speed=79.4x    
[hls @ 0x62224e1e5800] Opening '/config/cache/transcodes/73c592ad403beb8be15b2d73209ea77d443.mp4' for writing
[hls @ 0x62224e1e5800] Opening '/config/cache/transcodes/73c592ad403beb8be15b2d73209ea77d444.mp4' for writing
[hls @ 0x62224e1e5800] Opening '/config/cache/transcodes/73c592ad403beb8be15b2d73209ea77d445.mp4' for writing
[hls @ 0x62224e1e5800] Opening '/config/cache/transcodes/73c592ad403beb8be15b2d73209ea77d446.mp4' for writing
[hls @ 0x62224e1e5800] Opening '/config/cache/transcodes/73c592ad403beb8be15b2d73209ea77d447.mp4' for writing
frame=64765 fps=1933 q=-1.0 size=N/A time=00:44:16.66 bitrate=N/A speed=79.3x    
[hls @ 0x62224e1e5800] Opening '/config/cache/transcodes/73c592ad403beb8be15b2d73209ea77d448.mp4' for writing
[hls @ 0x62224e1e5800] Opening '/config/cache/transcodes/73c592ad403beb8be15b2d73209ea77d449.mp4' for writing
[hls @ 0x62224e1e5800] Opening '/config/cache/transcodes/73c592ad403beb8be15b2d73209ea77d450.mp4' for writing
[hls @ 0x62224e1e5800] Opening '/config/cache/transcodes/73c592ad403beb8be15b2d73209ea77d451.mp4' for writing
[hls @ 0x62224e1e5800] Opening '/config/cache/transcodes/73c592ad403beb8be15b2d73209ea77d452.mp4' for writing
[hls @ 0x62224e1e5800] Opening '/config/cache/transcodes/73c592ad403beb8be15b2d73209ea77d453.mp4' for writing
[hls @ 0x62224e1e5800] Opening '/config/cache/transcodes/73c592ad403beb8be15b2d73209ea77d454.mp4' for writing
frame=65665 fps=1931 q=-1.0 size=N/A time=00:44:54.22 bitrate=N/A speed=79.2x    
[hls @ 0x62224e1e5800] Opening '/config/cache/transcodes/73c592ad403beb8be15b2d73209ea77d455.mp4' for writing
[hls @ 0x62224e1e5800] Opening '/config/cache/transcodes/73c592ad403beb8be15b2d73209ea77d456.mp4' for writing
[hls @ 0x62224e1e5800] Opening '/config/cache/transcodes/73c592ad403beb8be15b2d73209ea77d457.mp4' for writing
[hls @ 0x62224e1e5800] Opening '/config/cache/transcodes/73c592ad403beb8be15b2d73209ea77d458.mp4' for writing
[hls @ 0x62224e1e5800] Opening '/config/cache/transcodes/73c592ad403beb8be15b2d73209ea77d459.mp4' for writing
[hls @ 0x62224e1e5800] Opening '/config/cache/transcodes/73c592ad403beb8be15b2d73209ea77d460.mp4' for writing
[hls @ 0x62224e1e5800] Opening '/config/cache/transcodes/73c592ad403beb8be15b2d73209ea77d461.mp4' for writing
frame=66576 fps=1929 q=-1.0 size=N/A time=00:45:32.22 bitrate=N/A speed=79.2x    
[hls @ 0x62224e1e5800] Opening '/config/cache/transcodes/73c592ad403beb8be15b2d73209ea77d462.mp4' for writing
[hls @ 0x62224e1e5800] Opening '/config/cache/transcodes/73c592ad403beb8be15b2d73209ea77d463.mp4' for writing
[hls @ 0x62224e1e5800] Opening '/config/cache/transcodes/73c592ad403beb8be15b2d73209ea77d464.mp4' for writing
[hls @ 0x62224e1e5800] Opening '/config/cache/transcodes/73c592ad403beb8be15b2d73209ea77d465.mp4' for writing
[hls @ 0x62224e1e5800] Opening '/config/cache/transcodes/73c592ad403beb8be15b2d73209ea77d466.mp4' for writing
[hls @ 0x62224e1e5800] Opening '/config/cache/transcodes/73c592ad403beb8be15b2d73209ea77d467.mp4' for writing
[hls @ 0x62224e1e5800] Opening '/config/cache/transcodes/73c592ad403beb8be15b2d73209ea77d468.mp4' for writing
frame=67528 fps=1929 q=-1.0 size=N/A time=00:46:11.90 bitrate=N/A speed=79.2x    
[hls @ 0x62224e1e5800] Opening '/config/cache/transcodes/73c592ad403beb8be15b2d73209ea77d469.mp4' for writing
[hls @ 0x62224e1e5800] Opening '/config/cache/transcodes/73c592ad403beb8be15b2d73209ea77d470.mp4' for writing
[hls @ 0x62224e1e5800] Opening '/config/cache/transcodes/73c592ad403beb8be15b2d73209ea77d471.mp4' for writing
[hls @ 0x62224e1e5800] Opening '/config/cache/transcodes/73c592ad403beb8be15b2d73209ea77d472.mp4' for writing
[hls @ 0x62224e1e5800] Opening '/config/cache/transcodes/73c592ad403beb8be15b2d73209ea77d473.mp4' for writing
[hls @ 0x62224e1e5800] Opening '/config/cache/transcodes/73c592ad403beb8be15b2d73209ea77d474.mp4' for writing
frame=68490 fps=1929 q=-1.0 size=N/A time=00:46:52.05 bitrate=N/A speed=79.2x    
[hls @ 0x62224e1e5800] Opening '/config/cache/transcodes/73c592ad403beb8be15b2d73209ea77d475.mp4' for writing
[hls @ 0x62224e1e5800] Opening '/config/cache/transcodes/73c592ad403beb8be15b2d73209ea77d476.mp4' for writing
[hls @ 0x62224e1e5800] Opening '/config/cache/transcodes/73c592ad403beb8be15b2d73209ea77d477.mp4' for writing
[hls @ 0x62224e1e5800] Opening '/config/cache/transcodes/73c592ad403beb8be15b2d73209ea77d478.mp4' for writing
[hls @ 0x62224e1e5800] Opening '/config/cache/transcodes/73c592ad403beb8be15b2d73209ea77d479.mp4' for writing
[hls @ 0x62224e1e5800] Opening '/config/cache/transcodes/73c592ad403beb8be15b2d73209ea77d480.mp4' for writing
[hls @ 0x62224e1e5800] Opening '/config/cache/transcodes/73c592ad403beb8be15b2d73209ea77d481.mp4' for writing
frame=69465 fps=1929 q=-1.0 size=N/A time=00:47:32.73 bitrate=N/A speed=79.2x    
[hls @ 0x62224e1e5800] Opening '/config/cache/transcodes/73c592ad403beb8be15b2d73209ea77d482.mp4' for writing
[hls @ 0x62224e1e5800] Opening '/config/cache/transcodes/73c592ad403beb8be15b2d73209ea77d483.mp4' for writing
[hls @ 0x62224e1e5800] Opening '/config/cache/transcodes/73c592ad403beb8be15b2d73209ea77d484.mp4' for writing
[hls @ 0x62224e1e5800] Opening '/config/cache/transcodes/73c592ad403beb8be15b2d73209ea77d485.mp4' for writing
[hls @ 0x62224e1e5800] Opening '/config/cache/transcodes/73c592ad403beb8be15b2d73209ea77d486.mp4' for writing
[hls @ 0x62224e1e5800] Opening '/config/cache/transcodes/73c592ad403beb8be15b2d73209ea77d487.mp4' for writing
frame=70375 fps=1928 q=-1.0 size=N/A time=00:48:10.66 bitrate=N/A speed=79.2x    
[hls @ 0x62224e1e5800] Opening '/config/cache/transcodes/73c592ad403beb8be15b2d73209ea77d488.mp4' for writing
[hls @ 0x62224e1e5800] Opening '/config/cache/transcodes/73c592ad403beb8be15b2d73209ea77d489.mp4' for writing
[hls @ 0x62224e1e5800] Opening '/config/cache/transcodes/73c592ad403beb8be15b2d73209ea77d490.mp4' for writing
[hls @ 0x62224e1e5800] Opening '/config/cache/transcodes/73c592ad403beb8be15b2d73209ea77d491.mp4' for writing
[hls @ 0x62224e1e5800] Opening '/config/cache/transcodes/73c592ad403beb8be15b2d73209ea77d492.mp4' for writing
[hls @ 0x62224e1e5800] Opening '/config/cache/transcodes/73c592ad403beb8be15b2d73209ea77d493.mp4' for writing
frame=71320 fps=1927 q=-1.0 size=N/A time=00:48:50.09 bitrate=N/A speed=79.2x    
[hls @ 0x62224e1e5800] Opening '/config/cache/transcodes/73c592ad403beb8be15b2d73209ea77d494.mp4' for writing
[hls @ 0x62224e1e5800] Opening '/config/cache/transcodes/73c592ad403beb8be15b2d73209ea77d495.mp4' for writing
[hls @ 0x62224e1e5800] Opening '/config/cache/transcodes/73c592ad403beb8be15b2d73209ea77d496.mp4' for writing
[hls @ 0x62224e1e5800] Opening '/config/cache/transcodes/73c592ad403beb8be15b2d73209ea77d497.mp4' for writing
[hls @ 0x62224e1e5800] Opening '/config/cache/transcodes/73c592ad403beb8be15b2d73209ea77d498.mp4' for writing
[hls @ 0x62224e1e5800] Opening '/config/cache/transcodes/73c592ad403beb8be15b2d73209ea77d499.mp4' for writing
frame=72094 fps=1922 q=-1.0 size=N/A time=00:49:22.43 bitrate=N/A speed=  79x    
[hls @ 0x62224e1e5800] Opening '/config/cache/transcodes/73c592ad403beb8be15b2d73209ea77d500.mp4' for writing
[hls @ 0x62224e1e5800] Opening '/config/cache/transcodes/73c592ad403beb8be15b2d73209ea77d501.mp4' for writing
[hls @ 0x62224e1e5800] Opening '/config/cache/transcodes/73c592ad403beb8be15b2d73209ea77d502.mp4' for writing
[hls @ 0x62224e1e5800] Opening '/config/cache/transcodes/73c592ad403beb8be15b2d73209ea77d503.mp4' for writing
[hls @ 0x62224e1e5800] Opening '/config/cache/transcodes/73c592ad403beb8be15b2d73209ea77d504.mp4' for writing
[hls @ 0x62224e1e5800] Opening '/config/cache/transcodes/73c592ad403beb8be15b2d73209ea77d505.mp4' for writing
[hls @ 0x62224e1e5800] Opening '/config/cache/transcodes/73c592ad403beb8be15b2d73209ea77d506.mp4' for writing
frame=73038 fps=1922 q=-1.0 size=N/A time=00:50:01.72 bitrate=N/A speed=  79x    
[hls @ 0x62224e1e5800] Opening '/config/cache/transcodes/73c592ad403beb8be15b2d73209ea77d507.mp4' for writing
[hls @ 0x62224e1e5800] Opening '/config/cache/transcodes/73c592ad403beb8be15b2d73209ea77d508.mp4' for writing
[hls @ 0x62224e1e5800] Opening '/config/cache/transcodes/73c592ad403beb8be15b2d73209ea77d509.mp4' for writing
[hls @ 0x62224e1e5800] Opening '/config/cache/transcodes/73c592ad403beb8be15b2d73209ea77d510.mp4' for writing
[hls @ 0x62224e1e5800] Opening '/config/cache/transcodes/73c592ad403beb8be15b2d73209ea77d511.mp4' for writing
frame=73870 fps=1918 q=-1.0 size=N/A time=00:50:36.45 bitrate=N/A speed=78.9x    
[hls @ 0x62224e1e5800] Opening '/config/cache/transcodes/73c592ad403beb8be15b2d73209ea77d512.mp4' for writing
[hls @ 0x62224e1e5800] Opening '/config/cache/transcodes/73c592ad403beb8be15b2d73209ea77d513.mp4' for writing
[hls @ 0x62224e1e5800] Opening '/config/cache/transcodes/73c592ad403beb8be15b2d73209ea77d514.mp4' for writing
[hls @ 0x62224e1e5800] Opening '/config/cache/transcodes/73c592ad403beb8be15b2d73209ea77d515.mp4' for writing
[hls @ 0x62224e1e5800] Opening '/config/cache/transcodes/73c592ad403beb8be15b2d73209ea77d516.mp4' for writing
[hls @ 0x62224e1e5800] Opening '/config/cache/transcodes/73c592ad403beb8be15b2d73209ea77d517.mp4' for writing
frame=74739 fps=1916 q=-1.0 size=N/A time=00:51:12.64 bitrate=N/A speed=78.8x    
[hls @ 0x62224e1e5800] Opening '/config/cache/transcodes/73c592ad403beb8be15b2d73209ea77d518.mp4' for writing
[hls @ 0x62224e1e5800] Opening '/config/cache/transcodes/73c592ad403beb8be15b2d73209ea77d519.mp4' for writing
[hls @ 0x62224e1e5800] Opening '/config/cache/transcodes/73c592ad403beb8be15b2d73209ea77d520.mp4' for writing
[hls @ 0x62224e1e5800] Opening '/config/cache/transcodes/73c592ad403beb8be15b2d73209ea77d521.mp4' for writing
[hls @ 0x62224e1e5800] Opening '/config/cache/transcodes/73c592ad403beb8be15b2d73209ea77d522.mp4' for writing
[hls @ 0x62224e1e5800] Opening '/config/cache/transcodes/73c592ad403beb8be15b2d73209ea77d523.mp4' for writing
[hls @ 0x62224e1e5800] Opening '/config/cache/transcodes/73c592ad403beb8be15b2d73209ea77d524.mp4' for writing
frame=75721 fps=1917 q=-1.0 size=N/A time=00:51:53.66 bitrate=N/A speed=78.8x    
[hls @ 0x62224e1e5800] Opening '/config/cache/transcodes/73c592ad403beb8be15b2d73209ea77d525.mp4' for writing
[hls @ 0x62224e1e5800] Opening '/config/cache/transcodes/73c592ad403beb8be15b2d73209ea77d526.mp4' for writing
[hls @ 0x62224e1e5800] Opening '/config/cache/transcodes/73c592ad403beb8be15b2d73209ea77d527.mp4' for writing
[hls @ 0x62224e1e5800] Opening '/config/cache/transcodes/73c592ad403beb8be15b2d73209ea77d528.mp4' for writing
[hls @ 0x62224e1e5800] Opening '/config/cache/transcodes/73c592ad403beb8be15b2d73209ea77d529.mp4' for writing
frame=76597 fps=1915 q=-1.0 size=N/A time=00:52:30.16 bitrate=N/A speed=78.7x    
[hls @ 0x62224e1e5800] Opening '/config/cache/transcodes/73c592ad403beb8be15b2d73209ea77d530.mp4' for writing
[hls @ 0x62224e1e5800] Opening '/config/cache/transcodes/73c592ad403beb8be15b2d73209ea77d531.mp4' for writing
[hls @ 0x62224e1e5800] Opening '/config/cache/transcodes/73c592ad403beb8be15b2d73209ea77d532.mp4' for writing
[hls @ 0x62224e1e5800] Opening '/config/cache/transcodes/73c592ad403beb8be15b2d73209ea77d533.mp4' for writing
[hls @ 0x62224e1e5800] Opening '/config/cache/transcodes/73c592ad403beb8be15b2d73209ea77d534.mp4' for writing
[hls @ 0x62224e1e5800] Opening '/config/cache/transcodes/73c592ad403beb8be15b2d73209ea77d535.mp4' for writing
frame=77523 fps=1914 q=-1.0 size=N/A time=00:53:08.80 bitrate=N/A speed=78.7x    
[hls @ 0x62224e1e5800] Opening '/config/cache/transcodes/73c592ad403beb8be15b2d73209ea77d536.mp4' for writing
[hls @ 0x62224e1e5800] Opening '/config/cache/transcodes/73c592ad403beb8be15b2d73209ea77d537.mp4' for writing
[hls @ 0x62224e1e5800] Opening '/config/cache/transcodes/73c592ad403beb8be15b2d73209ea77d538.mp4' for writing
[hls @ 0x62224e1e5800] Opening '/config/cache/transcodes/73c592ad403beb8be15b2d73209ea77d539.mp4' for writing
[hls @ 0x62224e1e5800] Opening '/config/cache/transcodes/73c592ad403beb8be15b2d73209ea77d540.mp4' for writing
[hls @ 0x62224e1e5800] Opening '/config/cache/transcodes/73c592ad403beb8be15b2d73209ea77d541.mp4' for writing
frame=78509 fps=1915 q=-1.0 size=N/A time=00:53:49.90 bitrate=N/A speed=78.8x    
[hls @ 0x62224e1e5800] Opening '/config/cache/transcodes/73c592ad403beb8be15b2d73209ea77d542.mp4' for writing
[hls @ 0x62224e1e5800] Opening '/config/cache/transcodes/73c592ad403beb8be15b2d73209ea77d543.mp4' for writing
[hls @ 0x62224e1e5800] Opening '/config/cache/transcodes/73c592ad403beb8be15b2d73209ea77d544.mp4' for writing
[hls @ 0x62224e1e5800] Opening '/config/cache/transcodes/73c592ad403beb8be15b2d73209ea77d545.mp4' for writing
[hls @ 0x62224e1e5800] Opening '/config/cache/transcodes/73c592ad403beb8be15b2d73209ea77d546.mp4' for writing
frame=79430 fps=1914 q=-1.0 size=N/A time=00:54:28.30 bitrate=N/A speed=78.7x    
[hls @ 0x62224e1e5800] Opening '/config/cache/transcodes/73c592ad403beb8be15b2d73209ea77d547.mp4' for writing
[hls @ 0x62224e1e5800] Opening '/config/cache/transcodes/73c592ad403beb8be15b2d73209ea77d548.mp4' for writing
[hls @ 0x62224e1e5800] Opening '/config/cache/transcodes/73c592ad403beb8be15b2d73209ea77d549.mp4' for writing
[hls @ 0x62224e1e5800] Opening '/config/cache/transcodes/73c592ad403beb8be15b2d73209ea77d550.mp4' for writing
frame=80066 fps=1906 q=-1.0 size=N/A time=00:54:55.27 bitrate=N/A speed=78.4x    
[hls @ 0x62224e1e5800] Opening '/config/cache/transcodes/73c592ad403beb8be15b2d73209ea77d551.mp4' for writing
[hls @ 0x62224e1e5800] Opening '/config/cache/transcodes/73c592ad403beb8be15b2d73209ea77d552.mp4' for writing
[hls @ 0x62224e1e5800] Opening '/config/cache/transcodes/73c592ad403beb8be15b2d73209ea77d553.mp4' for writing
[hls @ 0x62224e1e5800] Opening '/config/cache/transcodes/73c592ad403beb8be15b2d73209ea77d554.mp4' for writing
[hls @ 0x62224e1e5800] Opening '/config/cache/transcodes/73c592ad403beb8be15b2d73209ea77d555.mp4' for writing
frame=80999 fps=1906 q=-1.0 size=N/A time=00:55:33.78 bitrate=N/A speed=78.4x    
[hls @ 0x62224e1e5800] Opening '/config/cache/transcodes/73c592ad403beb8be15b2d73209ea77d556.mp4' for writing
[hls @ 0x62224e1e5800] Opening '/config/cache/transcodes/73c592ad403beb8be15b2d73209ea77d557.mp4' for writing
[hls @ 0x62224e1e5800] Opening '/config/cache/transcodes/73c592ad403beb8be15b2d73209ea77d558.mp4' for writing
[hls @ 0x62224e1e5800] Opening '/config/cache/transcodes/73c592ad403beb8be15b2d73209ea77d559.mp4' for writing
[hls @ 0x62224e1e5800] Opening '/config/cache/transcodes/73c592ad403beb8be15b2d73209ea77d560.mp4' for writing
[hls @ 0x62224e1e5800] Opening '/config/cache/transcodes/73c592ad403beb8be15b2d73209ea77d561.mp4' for writing
[hls @ 0x62224e1e5800] Opening '/config/cache/transcodes/73c592ad403beb8be15b2d73209ea77d562.mp4' for writing
[hls @ 0x62224e1e5800] Opening '/config/cache/transcodes/73c592ad403beb8be15b2d73209ea77d563.mp4' for writing
[hls @ 0x62224e1e5800] Opening '/config/cache/transcodes/73c592ad403beb8be15b2d73209ea77d564.mp4' for writing
frame=81961 fps=1906 q=-1.0 size=N/A time=00:56:14.31 bitrate=N/A speed=78.5x    
[hls @ 0x62224e1e5800] Opening '/config/cache/transcodes/73c592ad403beb8be15b2d73209ea77d565.mp4' for writing
[hls @ 0x62224e1e5800] Opening '/config/cache/transcodes/73c592ad403beb8be15b2d73209ea77d566.mp4' for writing
[hls @ 0x62224e1e5800] Opening '/config/cache/transcodes/73c592ad403beb8be15b2d73209ea77d567.mp4' for writing
[hls @ 0x62224e1e5800] Opening '/config/cache/transcodes/73c592ad403beb8be15b2d73209ea77d568.mp4' for writing
[hls @ 0x62224e1e5800] Opening '/config/cache/transcodes/73c592ad403beb8be15b2d73209ea77d569.mp4' for writing
[hls @ 0x62224e1e5800] Opening '/config/cache/transcodes/73c592ad403beb8be15b2d73209ea77d570.mp4' for writing
[hls @ 0x62224e1e5800] Opening '/config/cache/transcodes/73c592ad403beb8be15b2d73209ea77d571.mp4' for writing
[hls @ 0x62224e1e5800] Opening '/config/cache/transcodes/73c592ad403beb8be15b2d73209ea77d572.mp4' for writing
[hls @ 0x62224e1e5800] Opening '/config/cache/transcodes/73c592ad403beb8be15b2d73209ea77d573.mp4' for writing
[hls @ 0x62224e1e5800] Opening '/config/cache/transcodes/73c592ad403beb8be15b2d73209ea77d574.mp4' for writing
[hls @ 0x62224e1e5800] Opening '/config/cache/transcodes/73c592ad403beb8be15b2d73209ea77d575.mp4' for writing
frame=82927 fps=1906 q=-1.0 size=N/A time=00:56:54.18 bitrate=N/A speed=78.5x    
[hls @ 0x62224e1e5800] Opening '/config/cache/transcodes/73c592ad403beb8be15b2d73209ea77d576.mp4' for writing
[hls @ 0x62224e1e5800] Opening '/config/cache/transcodes/73c592ad403beb8be15b2d73209ea77d577.mp4' for writing
[hls @ 0x62224e1e5800] Opening '/config/cache/transcodes/73c592ad403beb8be15b2d73209ea77d578.mp4' for writing
[hls @ 0x62224e1e5800] Opening '/config/cache/transcodes/73c592ad403beb8be15b2d73209ea77d579.mp4' for writing
[out#0/hls @ 0x62224e1e0dc0] video:934282KiB audio:108813KiB subtitle:0KiB other streams:0KiB global headers:0KiB muxing overhead: unknown
frame=83484 fps=1907 q=-1.0 Lsize=N/A time=00:57:17.86 bitrate=N/A speed=78.5x    