{"Protocol":0,"Id":"2c00cd62f5521a25dfe24a4634a5ebd8","Path":"/data/serie/Invasion.S01e10.1080p.WEB-DL.DUAL/Invasion.S01e10.1080p.WEB-DL.DUAL.mkv","EncoderPath":null,"EncoderProtocol":null,"Type":0,"Container":"mkv","Size":1621745782,"Name":"Invasion.S01e10.1080p.WEB-DL.DUAL","IsRemote":false,"ETag":"dacaaab9343c27b8a9d65061e1445eb1","RunTimeTicks":34762880000,"ReadAtNativeFramerate":false,"IgnoreDts":false,"IgnoreIndex":false,"GenPtsInput":false,"SupportsTranscoding":true,"SupportsDirectStream":true,"SupportsDirectPlay":true,"IsInfiniteStream":false,"UseMostCompatibleTranscodingProfile":false,"RequiresOpening":false,"OpenToken":null,"RequiresClosing":false,"LiveStreamId":null,"BufferMs":null,"RequiresLooping":false,"SupportsProbing":true,"VideoType":0,"IsoType":null,"Video3DFormat":null,"MediaStreams":[{"Codec":"subrip","CodecTag":null,"Language":"pob","ColorRange":null,"ColorSpace":null,"ColorTransfer":null,"ColorPrimaries":null,"DvVersionMajor":null,"DvVersionMinor":null,"DvProfile":null,"DvLevel":null,"RpuPresentFlag":null,"ElPresentFlag":null,"BlPresentFlag":null,"DvBlSignalCompatibilityId":null,"Rotation":null,"Comment":null,"TimeBase":"1/1000","CodecTimeBase":null,"Title":null,"VideoRange":0,"VideoRangeType":0,"VideoDoViTitle":null,"AudioSpatialFormat":0,"LocalizedUndefined":"Indefinido","LocalizedDefault":"Padr\u00E3o","LocalizedForced":"For\u00E7ado","LocalizedExternal":"Externo","LocalizedHearingImpaired":"Defici\u00EAncia Auditiva","DisplayTitle":"Pob - For\u00E7ado - SUBRIP - Externo","NalLengthSize":null,"IsInterlaced":false,"IsAVC":false,"ChannelLayout":null,"BitRate":null,"BitDepth":null,"RefFrames":null,"PacketLength":null,"Channels":null,"SampleRate":null,"IsDefault":false,"IsForced":true,"IsHearingImpaired":false,"Height":0,"Width":0,"AverageFrameRate":null,"RealFrameRate":null,"ReferenceFrameRate":null,"Profile":null,"Type":2,"AspectRatio":null,"Index":0,"Score":null,"IsExternal":true,"DeliveryMethod":null,"DeliveryUrl":null,"IsExternalUrl":null,"IsTextSubtitleStream":true,"SupportsExternalStream":true,"Path":"/data/serie/Invasion.S01e10.1080p.WEB-DL.DUAL/Invasion.S01e10.1080p.WEB-DL.DUAL.pob.forced.srt","PixelFormat":null,"Level":0,"IsAnamorphic":null},{"Codec":"h264","CodecTag":null,"Language":null,"ColorRange":null,"ColorSpace":"bt709","ColorTransfer":"bt709","ColorPrimaries":"bt709","DvVersionMajor":null,"DvVersionMinor":null,"DvProfile":null,"DvLevel":null,"RpuPresentFlag":null,"ElPresentFlag":null,"BlPresentFlag":null,"DvBlSignalCompatibilityId":null,"Rotation":null,"Comment":null,"TimeBase":"1/1000","CodecTimeBase":null,"Title":null,"VideoRange":1,"VideoRangeType":1,"VideoDoViTitle":null,"AudioSpatialFormat":0,"LocalizedUndefined":null,"LocalizedDefault":null,"LocalizedForced":null,"LocalizedExternal":null,"LocalizedHearingImpaired":null,"DisplayTitle":"1080p H264 SDR","NalLengthSize":"4","IsInterlaced":false,"IsAVC":true,"ChannelLayout":null,"BitRate":3732132,"BitDepth":8,"RefFrames":1,"PacketLength":null,"Channels":null,"SampleRate":null,"IsDefault":true,"IsForced":false,"IsHearingImpaired":false,"Height":960,"Width":1920,"AverageFrameRate":23.976025,"RealFrameRate":23.976025,"ReferenceFrameRate":23.976025,"Profile":"High","Type":1,"AspectRatio":"2:1","Index":1,"Score":null,"IsExternal":false,"DeliveryMethod":null,"DeliveryUrl":null,"IsExternalUrl":null,"IsTextSubtitleStream":false,"SupportsExternalStream":false,"Path":null,"PixelFormat":"yuv420p","Level":41,"IsAnamorphic":false},{"Codec":"ac3","CodecTag":null,"Language":"por","ColorRange":null,"ColorSpace":null,"ColorTransfer":null,"ColorPrimaries":null,"DvVersionMajor":null,"DvVersionMinor":null,"DvProfile":null,"DvLevel":null,"RpuPresentFlag":null,"ElPresentFlag":null,"BlPresentFlag":null,"DvBlSignalCompatibilityId":null,"Rotation":null,"Comment":null,"TimeBase":"1/1000","CodecTimeBase":null,"Title":"Brazilian","VideoRange":0,"VideoRangeType":0,"VideoDoViTitle":null,"AudioSpatialFormat":0,"LocalizedUndefined":null,"LocalizedDefault":"Padr\u00E3o","LocalizedForced":null,"LocalizedExternal":"Externo","LocalizedHearingImpaired":null,"DisplayTitle":"Brazilian - Portuguese - Dolby Digital - 5.1 - Padr\u00E3o","NalLengthSize":null,"IsInterlaced":false,"IsAVC":false,"ChannelLayout":"5.1","BitRate":640000,"BitDepth":null,"RefFrames":null,"PacketLength":null,"Channels":6,"SampleRate":48000,"IsDefault":true,"IsForced":false,"IsHearingImpaired":false,"Height":null,"Width":null,"AverageFrameRate":null,"RealFrameRate":null,"ReferenceFrameRate":null,"Profile":null,"Type":0,"AspectRatio":null,"Index":2,"Score":null,"IsExternal":false,"DeliveryMethod":null,"DeliveryUrl":null,"IsExternalUrl":null,"IsTextSubtitleStream":false,"SupportsExternalStream":false,"Path":null,"PixelFormat":null,"Level":0,"IsAnamorphic":null},{"Codec":"ac3","CodecTag":null,"Language":"eng","ColorRange":null,"ColorSpace":null,"ColorTransfer":null,"ColorPrimaries":null,"DvVersionMajor":null,"DvVersionMinor":null,"DvProfile":null,"DvLevel":null,"RpuPresentFlag":null,"ElPresentFlag":null,"BlPresentFlag":null,"DvBlSignalCompatibilityId":null,"Rotation":null,"Comment":null,"TimeBase":"1/1000","CodecTimeBase":null,"Title":"English","VideoRange":0,"VideoRangeType":0,"VideoDoViTitle":null,"AudioSpatialFormat":0,"LocalizedUndefined":null,"LocalizedDefault":"Padr\u00E3o","LocalizedForced":null,"LocalizedExternal":"Externo","LocalizedHearingImpaired":null,"DisplayTitle":"English - Dolby Digital - 5.1","NalLengthSize":null,"IsInterlaced":false,"IsAVC":false,"ChannelLayout":"5.1","BitRate":640000,"BitDepth":null,"RefFrames":null,"PacketLength":null,"Channels":6,"SampleRate":48000,"IsDefault":false,"IsForced":false,"IsHearingImpaired":false,"Height":null,"Width":null,"AverageFrameRate":null,"RealFrameRate":null,"ReferenceFrameRate":null,"Profile":null,"Type":0,"AspectRatio":null,"Index":3,"Score":null,"IsExternal":false,"DeliveryMethod":null,"DeliveryUrl":null,"IsExternalUrl":null,"IsTextSubtitleStream":false,"SupportsExternalStream":false,"Path":null,"PixelFormat":null,"Level":0,"IsAnamorphic":null},{"Codec":"ass","CodecTag":null,"Language":"por","ColorRange":null,"ColorSpace":null,"ColorTransfer":null,"ColorPrimaries":null,"DvVersionMajor":null,"DvVersionMinor":null,"DvProfile":null,"DvLevel":null,"RpuPresentFlag":null,"ElPresentFlag":null,"BlPresentFlag":null,"DvBlSignalCompatibilityId":null,"Rotation":null,"Comment":null,"TimeBase":"1/1000","CodecTimeBase":null,"Title":"Brazilian (Forced)","VideoRange":0,"VideoRangeType":0,"VideoDoViTitle":null,"AudioSpatialFormat":0,"LocalizedUndefined":"Indefinido","LocalizedDefault":"Padr\u00E3o","LocalizedForced":"For\u00E7ado","LocalizedExternal":"Externo","LocalizedHearingImpaired":"Defici\u00EAncia Auditiva","DisplayTitle":"Brazilian (Forced) - Portuguese - ASS","NalLengthSize":null,"IsInterlaced":false,"IsAVC":false,"ChannelLayout":null,"BitRate":null,"BitDepth":null,"RefFrames":null,"PacketLength":null,"Channels":null,"SampleRate":null,"IsDefault":false,"IsForced":false,"IsHearingImpaired":false,"Height":0,"Width":0,"AverageFrameRate":null,"RealFrameRate":null,"ReferenceFrameRate":null,"Profile":null,"Type":2,"AspectRatio":null,"Index":4,"Score":null,"IsExternal":false,"DeliveryMethod":null,"DeliveryUrl":null,"IsExternalUrl":null,"IsTextSubtitleStream":true,"SupportsExternalStream":true,"Path":null,"PixelFormat":null,"Level":0,"IsAnamorphic":null}],"MediaAttachments":[],"Formats":[],"Bitrate":5012132,"FallbackMaxStreamingBitrate":null,"Timestamp":null,"RequiredHttpHeaders":{},"TranscodingUrl":null,"TranscodingSubProtocol":0,"TranscodingContainer":null,"AnalyzeDurationMs":null,"DefaultAudioStreamIndex":null,"DefaultSubtitleStreamIndex":null,"HasSegments":true}

/usr/lib/jellyfin-ffmpeg/ffmpeg -analyzeduration 200M -probesize 1G -ss 00:26:36.850 -noaccurate_seek -fflags +genpts  -i file:"/data/serie/Invasion.S01e10.1080p.WEB-DL.DUAL/Invasion.S01e10.1080p.WEB-DL.DUAL.mkv" -map_metadata -1 -map_chapters -1 -threads 6 -map 0:0 -map 0:1 -map -0:s -codec:v:0 copy -bsf:v h264_mp4toannexb -start_at_zero -codec:a:0 libfdk_aac -ac 2 -ab 256000 -af "volume=2" -copyts -avoid_negative_ts disabled -max_muxing_queue_size 2048 -f hls -max_delay 5000000 -hls_time 6 -hls_segment_type fmp4 -hls_fmp4_init_filename "5c0cf9c382d828d23fddb7b0f7740122-1.mp4" -start_number 266 -hls_segment_filename "/config/cache/transcodes/5c0cf9c382d828d23fddb7b0f7740122%d.mp4" -hls_playlist_type vod -hls_list_size 0 -y "/config/cache/transcodes/5c0cf9c382d828d23fddb7b0f7740122.m3u8"


ffmpeg version 7.1.1-Jellyfin Copyright (c) 2000-2025 the FFmpeg developers
  built with gcc 13 (Ubuntu 13.3.0-6ubuntu2~24.04)
  configuration: --prefix=/usr/lib/jellyfin-ffmpeg --target-os=linux --extra-version=Jellyfin --disable-doc --disable-ffplay --disable-static --disable-libxcb --disable-sdl2 --disable-xlib --enable-lto=auto --enable-gpl --enable-version3 --enable-shared --enable-gmp --enable-gnutls --enable-chromaprint --enable-opencl --enable-libdrm --enable-libxml2 --enable-libass --enable-libfreetype --enable-libfribidi --enable-libfontconfig --enable-libharfbuzz --enable-libbluray --enable-libmp3lame --enable-libopus --enable-libtheora --enable-libvorbis --enable-libopenmpt --enable-libdav1d --enable-libsvtav1 --enable-libwebp --enable-libvpx --enable-libx264 --enable-libx265 --enable-libzvbi --enable-libzimg --enable-libfdk-aac --arch=amd64 --enable-libshaderc --enable-libplacebo --enable-vulkan --enable-vaapi --enable-amf --enable-libvpl --enable-ffnvcodec --enable-cuda --enable-cuda-llvm --enable-cuvid --enable-nvdec --enable-nvenc
  libavutil      59. 39.100 / 59. 39.100
  libavcodec     61. 19.101 / 61. 19.101
  libavformat    61.  7.100 / 61.  7.100
  libavdevice    61.  3.100 / 61.  3.100
  libavfilter    10.  4.100 / 10.  4.100
  libswscale      8.  3.100 /  8.  3.100
  libswresample   5.  3.100 /  5.  3.100
  libpostproc    58.  3.100 / 58.  3.100
Input #0, matroska,webm, from 'file:/data/serie/Invasion.S01e10.1080p.WEB-DL.DUAL/Invasion.S01e10.1080p.WEB-DL.DUAL.mkv':
  Metadata:
    title           : Invasion.S01E10.First.Day.1080p.ATVP.WEB-DL.DDP5.1.Atmos.H.264-SiGLA
    creation_time   : 2021-12-10T05:35:23.000000Z
    ENCODER         : Lavf58.29.100
  Duration: 00:57:56.29, start: 0.000000, bitrate: 3732 kb/s
  Stream #0:0: Video: h264 (High), yuv420p(tv, bt709, progressive), 1920x960 [SAR 1:1 DAR 2:1], 23.98 fps, 23.98 tbr, 1k tbn (default)
      Metadata:
        DURATION        : 00:57:56.270000000
  Stream #0:1(por): Audio: ac3, 48000 Hz, 5.1(side), fltp, 640 kb/s (default)
      Metadata:
        title           : Brazilian
        DURATION        : 00:57:56.288000000
  Stream #0:2(eng): Audio: ac3, 48000 Hz, 5.1(side), fltp, 640 kb/s
      Metadata:
        title           : English
        DURATION        : 00:57:56.288000000
  Stream #0:3(por): Subtitle: ass (ssa)
      Metadata:
        title           : Brazilian (Forced)
        DURATION        : 00:00:00.000000000
Stream mapping:
  Stream #0:0 -> #0:0 (copy)
  Stream #0:1 -> #0:1 (ac3 (native) -> aac (libfdk_aac))
Press [q] to stop, [?] for help
[hls @ 0x6364e4376700] Opening '/config/cache/transcodes/5c0cf9c382d828d23fddb7b0f7740122-1.mp4' for writing
Output #0, hls, to '/config/cache/transcodes/5c0cf9c382d828d23fddb7b0f7740122.m3u8':
  Metadata:
    encoder         : Lavf61.7.100
  Stream #0:0: Video: h264 (High), yuv420p(tv, bt709, progressive), 1920x960 [SAR 1:1 DAR 2:1], q=2-31, 23.98 fps, 23.98 tbr, 16k tbn (default)
  Stream #0:1: Audio: aac, 48000 Hz, stereo, s16, 256 kb/s (default)
      Metadata:
        encoder         : Lavc61.19.101 libfdk_aac
      Side data:
        cpb: bitrate max/min/avg: 256000/256000/256000 buffer size: 0 vbv_delay: N/A
[hls @ 0x6364e4376700] Opening '/config/cache/transcodes/5c0cf9c382d828d23fddb7b0f7740122266.mp4' for writing
frame=  501 fps=0.0 q=-1.0 size=N/A time=00:00:00.00 bitrate=N/A speed=   0x    
[hls @ 0x6364e4376700] Opening '/config/cache/transcodes/5c0cf9c382d828d23fddb7b0f7740122267.mp4' for writing
[hls @ 0x6364e4376700] Opening '/config/cache/transcodes/5c0cf9c382d828d23fddb7b0f7740122268.mp4' for writing
[hls @ 0x6364e4376700] Opening '/config/cache/transcodes/5c0cf9c382d828d23fddb7b0f7740122269.mp4' for writing
frame= 1131 fps=1130 q=-1.0 size=N/A time=00:00:26.24 bitrate=N/A speed=26.2x    
[hls @ 0x6364e4376700] Opening '/config/cache/transcodes/5c0cf9c382d828d23fddb7b0f7740122270.mp4' for writing
[hls @ 0x6364e4376700] Opening '/config/cache/transcodes/5c0cf9c382d828d23fddb7b0f7740122271.mp4' for writing
[hls @ 0x6364e4376700] Opening '/config/cache/transcodes/5c0cf9c382d828d23fddb7b0f7740122272.mp4' for writing
[hls @ 0x6364e4376700] Opening '/config/cache/transcodes/5c0cf9c382d828d23fddb7b0f7740122273.mp4' for writing
[hls @ 0x6364e4376700] Opening '/config/cache/transcodes/5c0cf9c382d828d23fddb7b0f7740122274.mp4' for writing
frame= 1601 fps=1067 q=-1.0 size=N/A time=00:00:45.46 bitrate=N/A speed=30.3x    
[hls @ 0x6364e4376700] Opening '/config/cache/transcodes/5c0cf9c382d828d23fddb7b0f7740122275.mp4' for writing
[hls @ 0x6364e4376700] Opening '/config/cache/transcodes/5c0cf9c382d828d23fddb7b0f7740122276.mp4' for writing
[hls @ 0x6364e4376700] Opening '/config/cache/transcodes/5c0cf9c382d828d23fddb7b0f7740122277.mp4' for writing
[hls @ 0x6364e4376700] Opening '/config/cache/transcodes/5c0cf9c382d828d23fddb7b0f7740122278.mp4' for writing
[hls @ 0x6364e4376700] Opening '/config/cache/transcodes/5c0cf9c382d828d23fddb7b0f7740122279.mp4' for writing
frame= 2123 fps=1061 q=-1.0 size=N/A time=00:01:07.64 bitrate=N/A speed=33.8x    
[hls @ 0x6364e4376700] Opening '/config/cache/transcodes/5c0cf9c382d828d23fddb7b0f7740122280.mp4' for writing
[hls @ 0x6364e4376700] Opening '/config/cache/transcodes/5c0cf9c382d828d23fddb7b0f7740122281.mp4' for writing
[hls @ 0x6364e4376700] Opening '/config/cache/transcodes/5c0cf9c382d828d23fddb7b0f7740122282.mp4' for writing
[hls @ 0x6364e4376700] Opening '/config/cache/transcodes/5c0cf9c382d828d23fddb7b0f7740122283.mp4' for writing
frame= 2771 fps=1108 q=-1.0 size=N/A time=00:01:34.22 bitrate=N/A speed=37.7x    
[hls @ 0x6364e4376700] Opening '/config/cache/transcodes/5c0cf9c382d828d23fddb7b0f7740122284.mp4' for writing
[hls @ 0x6364e4376700] Opening '/config/cache/transcodes/5c0cf9c382d828d23fddb7b0f7740122285.mp4' for writing
[hls @ 0x6364e4376700] Opening '/config/cache/transcodes/5c0cf9c382d828d23fddb7b0f7740122286.mp4' for writing
frame= 3325 fps=1108 q=-1.0 size=N/A time=00:01:57.35 bitrate=N/A speed=39.1x    
[hls @ 0x6364e4376700] Opening '/config/cache/transcodes/5c0cf9c382d828d23fddb7b0f7740122287.mp4' for writing
[hls @ 0x6364e4376700] Opening '/config/cache/transcodes/5c0cf9c382d828d23fddb7b0f7740122288.mp4' for writing
[hls @ 0x6364e4376700] Opening '/config/cache/transcodes/5c0cf9c382d828d23fddb7b0f7740122289.mp4' for writing
[hls @ 0x6364e4376700] Opening '/config/cache/transcodes/5c0cf9c382d828d23fddb7b0f7740122290.mp4' for writing
[hls @ 0x6364e4376700] Opening '/config/cache/transcodes/5c0cf9c382d828d23fddb7b0f7740122291.mp4' for writing
[hls @ 0x6364e4376700] Opening '/config/cache/transcodes/5c0cf9c382d828d23fddb7b0f7740122292.mp4' for writing
[hls @ 0x6364e4376700] Opening '/config/cache/transcodes/5c0cf9c382d828d23fddb7b0f7740122293.mp4' for writing
frame= 4175 fps=1193 q=-1.0 size=N/A time=00:02:32.96 bitrate=N/A speed=43.7x    
[hls @ 0x6364e4376700] Opening '/config/cache/transcodes/5c0cf9c382d828d23fddb7b0f7740122294.mp4' for writing
[hls @ 0x6364e4376700] Opening '/config/cache/transcodes/5c0cf9c382d828d23fddb7b0f7740122295.mp4' for writing
[hls @ 0x6364e4376700] Opening '/config/cache/transcodes/5c0cf9c382d828d23fddb7b0f7740122296.mp4' for writing
[hls @ 0x6364e4376700] Opening '/config/cache/transcodes/5c0cf9c382d828d23fddb7b0f7740122297.mp4' for writing
[hls @ 0x6364e4376700] Opening '/config/cache/transcodes/5c0cf9c382d828d23fddb7b0f7740122298.mp4' for writing
frame= 4820 fps=1205 q=-1.0 size=N/A time=00:02:59.73 bitrate=N/A speed=44.9x    
[hls @ 0x6364e4376700] Opening '/config/cache/transcodes/5c0cf9c382d828d23fddb7b0f7740122299.mp4' for writing
frame= 5145 fps=1143 q=-1.0 size=N/A time=00:03:13.25 bitrate=N/A speed=42.9x    
[hls @ 0x6364e4376700] Opening '/config/cache/transcodes/5c0cf9c382d828d23fddb7b0f7740122300.mp4' for writing
[hls @ 0x6364e4376700] Opening '/config/cache/transcodes/5c0cf9c382d828d23fddb7b0f7740122301.mp4' for writing
[hls @ 0x6364e4376700] Opening '/config/cache/transcodes/5c0cf9c382d828d23fddb7b0f7740122302.mp4' for writing
frame= 5418 fps=1083 q=-1.0 size=N/A time=00:03:25.09 bitrate=N/A speed=  41x    
[hls @ 0x6364e4376700] Opening '/config/cache/transcodes/5c0cf9c382d828d23fddb7b0f7740122303.mp4' for writing
[hls @ 0x6364e4376700] Opening '/config/cache/transcodes/5c0cf9c382d828d23fddb7b0f7740122304.mp4' for writing
frame= 5686 fps=1034 q=-1.0 size=N/A time=00:03:36.25 bitrate=N/A speed=39.3x    
[hls @ 0x6364e4376700] Opening '/config/cache/transcodes/5c0cf9c382d828d23fddb7b0f7740122305.mp4' for writing
[hls @ 0x6364e4376700] Opening '/config/cache/transcodes/5c0cf9c382d828d23fddb7b0f7740122306.mp4' for writing
frame= 6080 fps=1013 q=-1.0 size=N/A time=00:03:52.55 bitrate=N/A speed=38.7x    
[hls @ 0x6364e4376700] Opening '/config/cache/transcodes/5c0cf9c382d828d23fddb7b0f7740122307.mp4' for writing
[hls @ 0x6364e4376700] Opening '/config/cache/transcodes/5c0cf9c382d828d23fddb7b0f7740122308.mp4' for writing
[hls @ 0x6364e4376700] Opening '/config/cache/transcodes/5c0cf9c382d828d23fddb7b0f7740122309.mp4' for writing
frame= 6503 fps=1000 q=-1.0 size=N/A time=00:04:10.34 bitrate=N/A speed=38.5x    
[hls @ 0x6364e4376700] Opening '/config/cache/transcodes/5c0cf9c382d828d23fddb7b0f7740122310.mp4' for writing
[hls @ 0x6364e4376700] Opening '/config/cache/transcodes/5c0cf9c382d828d23fddb7b0f7740122311.mp4' for writing
frame= 6771 fps=967 q=-1.0 size=N/A time=00:04:21.09 bitrate=N/A speed=37.3x    
[hls @ 0x6364e4376700] Opening '/config/cache/transcodes/5c0cf9c382d828d23fddb7b0f7740122312.mp4' for writing
[hls @ 0x6364e4376700] Opening '/config/cache/transcodes/5c0cf9c382d828d23fddb7b0f7740122313.mp4' for writing
[hls @ 0x6364e4376700] Opening '/config/cache/transcodes/5c0cf9c382d828d23fddb7b0f7740122314.mp4' for writing
[hls @ 0x6364e4376700] Opening '/config/cache/transcodes/5c0cf9c382d828d23fddb7b0f7740122315.mp4' for writing
frame= 7271 fps=969 q=-1.0 size=N/A time=00:04:42.34 bitrate=N/A speed=37.6x    
[hls @ 0x6364e4376700] Opening '/config/cache/transcodes/5c0cf9c382d828d23fddb7b0f7740122316.mp4' for writing
[hls @ 0x6364e4376700] Opening '/config/cache/transcodes/5c0cf9c382d828d23fddb7b0f7740122317.mp4' for writing
frame= 7647 fps=956 q=-1.0 size=N/A time=00:04:58.04 bitrate=N/A speed=37.2x    
[hls @ 0x6364e4376700] Opening '/config/cache/transcodes/5c0cf9c382d828d23fddb7b0f7740122318.mp4' for writing
[hls @ 0x6364e4376700] Opening '/config/cache/transcodes/5c0cf9c382d828d23fddb7b0f7740122319.mp4' for writing
[hls @ 0x6364e4376700] Opening '/config/cache/transcodes/5c0cf9c382d828d23fddb7b0f7740122320.mp4' for writing
[hls @ 0x6364e4376700] Opening '/config/cache/transcodes/5c0cf9c382d828d23fddb7b0f7740122321.mp4' for writing
frame= 8182 fps=962 q=-1.0 size=N/A time=00:05:20.32 bitrate=N/A speed=37.7x    
[hls @ 0x6364e4376700] Opening '/config/cache/transcodes/5c0cf9c382d828d23fddb7b0f7740122322.mp4' for writing
[hls @ 0x6364e4376700] Opening '/config/cache/transcodes/5c0cf9c382d828d23fddb7b0f7740122323.mp4' for writing
frame= 8517 fps=946 q=-1.0 size=N/A time=00:05:34.31 bitrate=N/A speed=37.1x    
[hls @ 0x6364e4376700] Opening '/config/cache/transcodes/5c0cf9c382d828d23fddb7b0f7740122324.mp4' for writing
[hls @ 0x6364e4376700] Opening '/config/cache/transcodes/5c0cf9c382d828d23fddb7b0f7740122325.mp4' for writing
[hls @ 0x6364e4376700] Opening '/config/cache/transcodes/5c0cf9c382d828d23fddb7b0f7740122326.mp4' for writing
[hls @ 0x6364e4376700] Opening '/config/cache/transcodes/5c0cf9c382d828d23fddb7b0f7740122327.mp4' for writing
frame= 9041 fps=951 q=-1.0 size=N/A time=00:05:55.81 bitrate=N/A speed=37.4x    
[hls @ 0x6364e4376700] Opening '/config/cache/transcodes/5c0cf9c382d828d23fddb7b0f7740122328.mp4' for writing
[hls @ 0x6364e4376700] Opening '/config/cache/transcodes/5c0cf9c382d828d23fddb7b0f7740122329.mp4' for writing
frame= 9354 fps=935 q=-1.0 size=N/A time=00:06:09.21 bitrate=N/A speed=36.9x    
[hls @ 0x6364e4376700] Opening '/config/cache/transcodes/5c0cf9c382d828d23fddb7b0f7740122330.mp4' for writing
[hls @ 0x6364e4376700] Opening '/config/cache/transcodes/5c0cf9c382d828d23fddb7b0f7740122331.mp4' for writing
[hls @ 0x6364e4376700] Opening '/config/cache/transcodes/5c0cf9c382d828d23fddb7b0f7740122332.mp4' for writing
[hls @ 0x6364e4376700] Opening '/config/cache/transcodes/5c0cf9c382d828d23fddb7b0f7740122333.mp4' for writing
frame= 9941 fps=946 q=-1.0 size=N/A time=00:06:33.68 bitrate=N/A speed=37.5x    
[hls @ 0x6364e4376700] Opening '/config/cache/transcodes/5c0cf9c382d828d23fddb7b0f7740122334.mp4' for writing
[hls @ 0x6364e4376700] Opening '/config/cache/transcodes/5c0cf9c382d828d23fddb7b0f7740122335.mp4' for writing
[hls @ 0x6364e4376700] Opening '/config/cache/transcodes/5c0cf9c382d828d23fddb7b0f7740122336.mp4' for writing
[hls @ 0x6364e4376700] Opening '/config/cache/transcodes/5c0cf9c382d828d23fddb7b0f7740122337.mp4' for writing
frame=10514 fps=955 q=-1.0 size=N/A time=00:06:57.36 bitrate=N/A speed=37.9x    
[hls @ 0x6364e4376700] Opening '/config/cache/transcodes/5c0cf9c382d828d23fddb7b0f7740122338.mp4' for writing
[hls @ 0x6364e4376700] Opening '/config/cache/transcodes/5c0cf9c382d828d23fddb7b0f7740122339.mp4' for writing
[hls @ 0x6364e4376700] Opening '/config/cache/transcodes/5c0cf9c382d828d23fddb7b0f7740122340.mp4' for writing
[hls @ 0x6364e4376700] Opening '/config/cache/transcodes/5c0cf9c382d828d23fddb7b0f7740122341.mp4' for writing
[hls @ 0x6364e4376700] Opening '/config/cache/transcodes/5c0cf9c382d828d23fddb7b0f7740122342.mp4' for writing
frame=11264 fps=979 q=-1.0 size=N/A time=00:07:29.02 bitrate=N/A speed=  39x    
[hls @ 0x6364e4376700] Opening '/config/cache/transcodes/5c0cf9c382d828d23fddb7b0f7740122343.mp4' for writing
frame=11606 fps=967 q=-1.0 size=N/A time=00:07:43.21 bitrate=N/A speed=38.6x    
[hls @ 0x6364e4376700] Opening '/config/cache/transcodes/5c0cf9c382d828d23fddb7b0f7740122344.mp4' for writing
[hls @ 0x6364e4376700] Opening '/config/cache/transcodes/5c0cf9c382d828d23fddb7b0f7740122345.mp4' for writing
[hls @ 0x6364e4376700] Opening '/config/cache/transcodes/5c0cf9c382d828d23fddb7b0f7740122346.mp4' for writing
[hls @ 0x6364e4376700] Opening '/config/cache/transcodes/5c0cf9c382d828d23fddb7b0f7740122347.mp4' for writing
frame=12151 fps=972 q=-1.0 size=N/A time=00:08:05.71 bitrate=N/A speed=38.8x    
[hls @ 0x6364e4376700] Opening '/config/cache/transcodes/5c0cf9c382d828d23fddb7b0f7740122348.mp4' for writing
[hls @ 0x6364e4376700] Opening '/config/cache/transcodes/5c0cf9c382d828d23fddb7b0f7740122349.mp4' for writing
frame=12427 fps=956 q=-1.0 size=N/A time=00:08:17.13 bitrate=N/A speed=38.2x    
[hls @ 0x6364e4376700] Opening '/config/cache/transcodes/5c0cf9c382d828d23fddb7b0f7740122350.mp4' for writing
[hls @ 0x6364e4376700] Opening '/config/cache/transcodes/5c0cf9c382d828d23fddb7b0f7740122351.mp4' for writing
[hls @ 0x6364e4376700] Opening '/config/cache/transcodes/5c0cf9c382d828d23fddb7b0f7740122352.mp4' for writing
frame=12823 fps=950 q=-1.0 size=N/A time=00:08:33.64 bitrate=N/A speed=  38x    
[hls @ 0x6364e4376700] Opening '/config/cache/transcodes/5c0cf9c382d828d23fddb7b0f7740122353.mp4' for writing
[hls @ 0x6364e4376700] Opening '/config/cache/transcodes/5c0cf9c382d828d23fddb7b0f7740122354.mp4' for writing
[hls @ 0x6364e4376700] Opening '/config/cache/transcodes/5c0cf9c382d828d23fddb7b0f7740122355.mp4' for writing
[hls @ 0x6364e4376700] Opening '/config/cache/transcodes/5c0cf9c382d828d23fddb7b0f7740122356.mp4' for writing
frame=13348 fps=953 q=-1.0 size=N/A time=00:08:55.61 bitrate=N/A speed=38.2x    
[hls @ 0x6364e4376700] Opening '/config/cache/transcodes/5c0cf9c382d828d23fddb7b0f7740122357.mp4' for writing
[hls @ 0x6364e4376700] Opening '/config/cache/transcodes/5c0cf9c382d828d23fddb7b0f7740122358.mp4' for writing
[hls @ 0x6364e4376700] Opening '/config/cache/transcodes/5c0cf9c382d828d23fddb7b0f7740122359.mp4' for writing
[hls @ 0x6364e4376700] Opening '/config/cache/transcodes/5c0cf9c382d828d23fddb7b0f7740122360.mp4' for writing
frame=14028 fps=967 q=-1.0 size=N/A time=00:09:23.90 bitrate=N/A speed=38.9x    
[hls @ 0x6364e4376700] Opening '/config/cache/transcodes/5c0cf9c382d828d23fddb7b0f7740122361.mp4' for writing
[hls @ 0x6364e4376700] Opening '/config/cache/transcodes/5c0cf9c382d828d23fddb7b0f7740122362.mp4' for writing
[hls @ 0x6364e4376700] Opening '/config/cache/transcodes/5c0cf9c382d828d23fddb7b0f7740122363.mp4' for writing
[hls @ 0x6364e4376700] Opening '/config/cache/transcodes/5c0cf9c382d828d23fddb7b0f7740122364.mp4' for writing
[hls @ 0x6364e4376700] Opening '/config/cache/transcodes/5c0cf9c382d828d23fddb7b0f7740122365.mp4' for writing
[hls @ 0x6364e4376700] Opening '/config/cache/transcodes/5c0cf9c382d828d23fddb7b0f7740122366.mp4' for writing
[hls @ 0x6364e4376700] Opening '/config/cache/transcodes/5c0cf9c382d828d23fddb7b0f7740122367.mp4' for writing
frame=14840 fps=989 q=-1.0 size=N/A time=00:09:57.78 bitrate=N/A speed=39.8x    
[hls @ 0x6364e4376700] Opening '/config/cache/transcodes/5c0cf9c382d828d23fddb7b0f7740122368.mp4' for writing
[hls @ 0x6364e4376700] Opening '/config/cache/transcodes/5c0cf9c382d828d23fddb7b0f7740122369.mp4' for writing
[hls @ 0x6364e4376700] Opening '/config/cache/transcodes/5c0cf9c382d828d23fddb7b0f7740122370.mp4' for writing
[hls @ 0x6364e4376700] Opening '/config/cache/transcodes/5c0cf9c382d828d23fddb7b0f7740122371.mp4' for writing
[hls @ 0x6364e4376700] Opening '/config/cache/transcodes/5c0cf9c382d828d23fddb7b0f7740122372.mp4' for writing
frame=15548 fps=1003 q=-1.0 size=N/A time=00:10:27.26 bitrate=N/A speed=40.5x    
[hls @ 0x6364e4376700] Opening '/config/cache/transcodes/5c0cf9c382d828d23fddb7b0f7740122373.mp4' for writing
[hls @ 0x6364e4376700] Opening '/config/cache/transcodes/5c0cf9c382d828d23fddb7b0f7740122374.mp4' for writing
[hls @ 0x6364e4376700] Opening '/config/cache/transcodes/5c0cf9c382d828d23fddb7b0f7740122375.mp4' for writing
frame=15933 fps=995 q=-1.0 size=N/A time=00:10:43.77 bitrate=N/A speed=40.2x    
[hls @ 0x6364e4376700] Opening '/config/cache/transcodes/5c0cf9c382d828d23fddb7b0f7740122376.mp4' for writing
[hls @ 0x6364e4376700] Opening '/config/cache/transcodes/5c0cf9c382d828d23fddb7b0f7740122377.mp4' for writing
[hls @ 0x6364e4376700] Opening '/config/cache/transcodes/5c0cf9c382d828d23fddb7b0f7740122378.mp4' for writing
[hls @ 0x6364e4376700] Opening '/config/cache/transcodes/5c0cf9c382d828d23fddb7b0f7740122379.mp4' for writing
frame=16538 fps=1002 q=-1.0 size=N/A time=00:11:08.58 bitrate=N/A speed=40.5x    
[hls @ 0x6364e4376700] Opening '/config/cache/transcodes/5c0cf9c382d828d23fddb7b0f7740122380.mp4' for writing
[hls @ 0x6364e4376700] Opening '/config/cache/transcodes/5c0cf9c382d828d23fddb7b0f7740122381.mp4' for writing
[hls @ 0x6364e4376700] Opening '/config/cache/transcodes/5c0cf9c382d828d23fddb7b0f7740122382.mp4' for writing
frame=16992 fps=999 q=-1.0 size=N/A time=00:11:27.93 bitrate=N/A speed=40.5x    
frame=17195 fps=982 q=-1.0 size=N/A time=00:11:36.36 bitrate=N/A speed=39.8x    
[hls @ 0x6364e4376700] Opening '/config/cache/transcodes/5c0cf9c382d828d23fddb7b0f7740122383.mp4' for writing
[hls @ 0x6364e4376700] Opening '/config/cache/transcodes/5c0cf9c382d828d23fddb7b0f7740122384.mp4' for writing
[hls @ 0x6364e4376700] Opening '/config/cache/transcodes/5c0cf9c382d828d23fddb7b0f7740122385.mp4' for writing
frame=17618 fps=978 q=-1.0 size=N/A time=00:11:53.66 bitrate=N/A speed=39.6x    
[hls @ 0x6364e4376700] Opening '/config/cache/transcodes/5c0cf9c382d828d23fddb7b0f7740122386.mp4' for writing
[hls @ 0x6364e4376700] Opening '/config/cache/transcodes/5c0cf9c382d828d23fddb7b0f7740122387.mp4' for writing
frame=17936 fps=969 q=-1.0 size=N/A time=00:12:07.29 bitrate=N/A speed=39.3x    
[hls @ 0x6364e4376700] Opening '/config/cache/transcodes/5c0cf9c382d828d23fddb7b0f7740122388.mp4' for writing
[hls @ 0x6364e4376700] Opening '/config/cache/transcodes/5c0cf9c382d828d23fddb7b0f7740122389.mp4' for writing
[hls @ 0x6364e4376700] Opening '/config/cache/transcodes/5c0cf9c382d828d23fddb7b0f7740122390.mp4' for writing
frame=18290 fps=962 q=-1.0 size=N/A time=00:12:21.69 bitrate=N/A speed=  39x    
[hls @ 0x6364e4376700] Opening '/config/cache/transcodes/5c0cf9c382d828d23fddb7b0f7740122391.mp4' for writing
[hls @ 0x6364e4376700] Opening '/config/cache/transcodes/5c0cf9c382d828d23fddb7b0f7740122392.mp4' for writing
[hls @ 0x6364e4376700] Opening '/config/cache/transcodes/5c0cf9c382d828d23fddb7b0f7740122393.mp4' for writing
[hls @ 0x6364e4376700] Opening '/config/cache/transcodes/5c0cf9c382d828d23fddb7b0f7740122394.mp4' for writing
frame=18714 fps=959 q=-1.0 size=N/A time=00:12:39.72 bitrate=N/A speed=38.9x    
[hls @ 0x6364e4376700] Opening '/config/cache/transcodes/5c0cf9c382d828d23fddb7b0f7740122395.mp4' for writing
[hls @ 0x6364e4376700] Opening '/config/cache/transcodes/5c0cf9c382d828d23fddb7b0f7740122396.mp4' for writing
[hls @ 0x6364e4376700] Opening '/config/cache/transcodes/5c0cf9c382d828d23fddb7b0f7740122397.mp4' for writing
frame=19154 fps=957 q=-1.0 size=N/A time=00:12:57.83 bitrate=N/A speed=38.9x    
[hls @ 0x6364e4376700] Opening '/config/cache/transcodes/5c0cf9c382d828d23fddb7b0f7740122398.mp4' for writing
[hls @ 0x6364e4376700] Opening '/config/cache/transcodes/5c0cf9c382d828d23fddb7b0f7740122399.mp4' for writing
[hls @ 0x6364e4376700] Opening '/config/cache/transcodes/5c0cf9c382d828d23fddb7b0f7740122400.mp4' for writing
frame=19579 fps=955 q=-1.0 size=N/A time=00:13:15.64 bitrate=N/A speed=38.8x    
[hls @ 0x6364e4376700] Opening '/config/cache/transcodes/5c0cf9c382d828d23fddb7b0f7740122401.mp4' for writing
[hls @ 0x6364e4376700] Opening '/config/cache/transcodes/5c0cf9c382d828d23fddb7b0f7740122402.mp4' for writing
[hls @ 0x6364e4376700] Opening '/config/cache/transcodes/5c0cf9c382d828d23fddb7b0f7740122403.mp4' for writing
[hls @ 0x6364e4376700] Opening '/config/cache/transcodes/5c0cf9c382d828d23fddb7b0f7740122404.mp4' for writing
frame=20146 fps=959 q=-1.0 size=N/A time=00:13:39.05 bitrate=N/A speed=  39x    
[hls @ 0x6364e4376700] Opening '/config/cache/transcodes/5c0cf9c382d828d23fddb7b0f7740122405.mp4' for writing
[hls @ 0x6364e4376700] Opening '/config/cache/transcodes/5c0cf9c382d828d23fddb7b0f7740122406.mp4' for writing
[hls @ 0x6364e4376700] Opening '/config/cache/transcodes/5c0cf9c382d828d23fddb7b0f7740122407.mp4' for writing
[hls @ 0x6364e4376700] Opening '/config/cache/transcodes/5c0cf9c382d828d23fddb7b0f7740122408.mp4' for writing
[hls @ 0x6364e4376700] Opening '/config/cache/transcodes/5c0cf9c382d828d23fddb7b0f7740122409.mp4' for writing
[hls @ 0x6364e4376700] Opening '/config/cache/transcodes/5c0cf9c382d828d23fddb7b0f7740122410.mp4' for writing
frame=21037 fps=978 q=-1.0 size=N/A time=00:14:16.21 bitrate=N/A speed=39.8x    
[hls @ 0x6364e4376700] Opening '/config/cache/transcodes/5c0cf9c382d828d23fddb7b0f7740122411.mp4' for writing
[hls @ 0x6364e4376700] Opening '/config/cache/transcodes/5c0cf9c382d828d23fddb7b0f7740122412.mp4' for writing
[hls @ 0x6364e4376700] Opening '/config/cache/transcodes/5c0cf9c382d828d23fddb7b0f7740122413.mp4' for writing
[hls @ 0x6364e4376700] Opening '/config/cache/transcodes/5c0cf9c382d828d23fddb7b0f7740122414.mp4' for writing
frame=21667 fps=985 q=-1.0 size=N/A time=00:14:42.88 bitrate=N/A speed=40.1x    
[hls @ 0x6364e4376700] Opening '/config/cache/transcodes/5c0cf9c382d828d23fddb7b0f7740122415.mp4' for writing
[hls @ 0x6364e4376700] Opening '/config/cache/transcodes/5c0cf9c382d828d23fddb7b0f7740122416.mp4' for writing
frame=21955 fps=975 q=-1.0 size=N/A time=00:14:54.65 bitrate=N/A speed=39.8x    
[hls @ 0x6364e4376700] Opening '/config/cache/transcodes/5c0cf9c382d828d23fddb7b0f7740122417.mp4' for writing
[hls @ 0x6364e4376700] Opening '/config/cache/transcodes/5c0cf9c382d828d23fddb7b0f7740122418.mp4' for writing
frame=22332 fps=971 q=-1.0 size=N/A time=00:15:10.22 bitrate=N/A speed=39.6x    
[hls @ 0x6364e4376700] Opening '/config/cache/transcodes/5c0cf9c382d828d23fddb7b0f7740122419.mp4' for writing
[hls @ 0x6364e4376700] Opening '/config/cache/transcodes/5c0cf9c382d828d23fddb7b0f7740122420.mp4' for writing
[hls @ 0x6364e4376700] Opening '/config/cache/transcodes/5c0cf9c382d828d23fddb7b0f7740122421.mp4' for writing
[hls @ 0x6364e4376700] Opening '/config/cache/transcodes/5c0cf9c382d828d23fddb7b0f7740122422.mp4' for writing
[hls @ 0x6364e4376700] Opening '/config/cache/transcodes/5c0cf9c382d828d23fddb7b0f7740122423.mp4' for writing
[hls @ 0x6364e4376700] Opening '/config/cache/transcodes/5c0cf9c382d828d23fddb7b0f7740122424.mp4' for writing
frame=23007 fps=979 q=-1.0 size=N/A time=00:15:38.62 bitrate=N/A speed=39.9x    
[hls @ 0x6364e4376700] Opening '/config/cache/transcodes/5c0cf9c382d828d23fddb7b0f7740122425.mp4' for writing
[hls @ 0x6364e4376700] Opening '/config/cache/transcodes/5c0cf9c382d828d23fddb7b0f7740122426.mp4' for writing
frame=23313 fps=971 q=-1.0 size=N/A time=00:15:51.59 bitrate=N/A speed=39.6x    
[hls @ 0x6364e4376700] Opening '/config/cache/transcodes/5c0cf9c382d828d23fddb7b0f7740122427.mp4' for writing
[hls @ 0x6364e4376700] Opening '/config/cache/transcodes/5c0cf9c382d828d23fddb7b0f7740122428.mp4' for writing
[hls @ 0x6364e4376700] Opening '/config/cache/transcodes/5c0cf9c382d828d23fddb7b0f7740122429.mp4' for writing
[hls @ 0x6364e4376700] Opening '/config/cache/transcodes/5c0cf9c382d828d23fddb7b0f7740122430.mp4' for writing
[hls @ 0x6364e4376700] Opening '/config/cache/transcodes/5c0cf9c382d828d23fddb7b0f7740122431.mp4' for writing
frame=24095 fps=983 q=-1.0 size=N/A time=00:16:23.74 bitrate=N/A speed=40.1x    
[hls @ 0x6364e4376700] Opening '/config/cache/transcodes/5c0cf9c382d828d23fddb7b0f7740122432.mp4' for writing
[hls @ 0x6364e4376700] Opening '/config/cache/transcodes/5c0cf9c382d828d23fddb7b0f7740122433.mp4' for writing
[hls @ 0x6364e4376700] Opening '/config/cache/transcodes/5c0cf9c382d828d23fddb7b0f7740122434.mp4' for writing
frame=24472 fps=979 q=-1.0 size=N/A time=00:16:39.61 bitrate=N/A speed=  40x    
[hls @ 0x6364e4376700] Opening '/config/cache/transcodes/5c0cf9c382d828d23fddb7b0f7740122435.mp4' for writing
[hls @ 0x6364e4376700] Opening '/config/cache/transcodes/5c0cf9c382d828d23fddb7b0f7740122436.mp4' for writing
[hls @ 0x6364e4376700] Opening '/config/cache/transcodes/5c0cf9c382d828d23fddb7b0f7740122437.mp4' for writing
frame=24859 fps=975 q=-1.0 size=N/A time=00:16:56.00 bitrate=N/A speed=39.8x    
[hls @ 0x6364e4376700] Opening '/config/cache/transcodes/5c0cf9c382d828d23fddb7b0f7740122438.mp4' for writing
[hls @ 0x6364e4376700] Opening '/config/cache/transcodes/5c0cf9c382d828d23fddb7b0f7740122439.mp4' for writing
[hls @ 0x6364e4376700] Opening '/config/cache/transcodes/5c0cf9c382d828d23fddb7b0f7740122440.mp4' for writing
[hls @ 0x6364e4376700] Opening '/config/cache/transcodes/5c0cf9c382d828d23fddb7b0f7740122441.mp4' for writing
frame=25571 fps=983 q=-1.0 size=N/A time=00:17:25.33 bitrate=N/A speed=40.2x    
[hls @ 0x6364e4376700] Opening '/config/cache/transcodes/5c0cf9c382d828d23fddb7b0f7740122442.mp4' for writing
[hls @ 0x6364e4376700] Opening '/config/cache/transcodes/5c0cf9c382d828d23fddb7b0f7740122443.mp4' for writing
[hls @ 0x6364e4376700] Opening '/config/cache/transcodes/5c0cf9c382d828d23fddb7b0f7740122444.mp4' for writing
[hls @ 0x6364e4376700] Opening '/config/cache/transcodes/5c0cf9c382d828d23fddb7b0f7740122445.mp4' for writing
[hls @ 0x6364e4376700] Opening '/config/cache/transcodes/5c0cf9c382d828d23fddb7b0f7740122446.mp4' for writing
[hls @ 0x6364e4376700] Opening '/config/cache/transcodes/5c0cf9c382d828d23fddb7b0f7740122447.mp4' for writing
frame=26214 fps=989 q=-1.0 size=N/A time=00:17:52.51 bitrate=N/A speed=40.5x    
[hls @ 0x6364e4376700] Opening '/config/cache/transcodes/5c0cf9c382d828d23fddb7b0f7740122448.mp4' for writing
[hls @ 0x6364e4376700] Opening '/config/cache/transcodes/5c0cf9c382d828d23fddb7b0f7740122449.mp4' for writing
frame=26610 fps=985 q=-1.0 size=N/A time=00:18:09.08 bitrate=N/A speed=40.3x    
[hls @ 0x6364e4376700] Opening '/config/cache/transcodes/5c0cf9c382d828d23fddb7b0f7740122450.mp4' for writing
frame=26831 fps=975 q=-1.0 size=N/A time=00:18:18.30 bitrate=N/A speed=39.9x    
[hls @ 0x6364e4376700] Opening '/config/cache/transcodes/5c0cf9c382d828d23fddb7b0f7740122451.mp4' for writing
[hls @ 0x6364e4376700] Opening '/config/cache/transcodes/5c0cf9c382d828d23fddb7b0f7740122452.mp4' for writing
[hls @ 0x6364e4376700] Opening '/config/cache/transcodes/5c0cf9c382d828d23fddb7b0f7740122453.mp4' for writing
[hls @ 0x6364e4376700] Opening '/config/cache/transcodes/5c0cf9c382d828d23fddb7b0f7740122454.mp4' for writing
frame=27401 fps=978 q=-1.0 size=N/A time=00:18:41.64 bitrate=N/A speed=  40x    
[hls @ 0x6364e4376700] Opening '/config/cache/transcodes/5c0cf9c382d828d23fddb7b0f7740122455.mp4' for writing
[hls @ 0x6364e4376700] Opening '/config/cache/transcodes/5c0cf9c382d828d23fddb7b0f7740122456.mp4' for writing
[hls @ 0x6364e4376700] Opening '/config/cache/transcodes/5c0cf9c382d828d23fddb7b0f7740122457.mp4' for writing
[hls @ 0x6364e4376700] Opening '/config/cache/transcodes/5c0cf9c382d828d23fddb7b0f7740122458.mp4' for writing
frame=27992 fps=982 q=-1.0 size=N/A time=00:19:06.32 bitrate=N/A speed=40.2x    
[hls @ 0x6364e4376700] Opening '/config/cache/transcodes/5c0cf9c382d828d23fddb7b0f7740122459.mp4' for writing
[hls @ 0x6364e4376700] Opening '/config/cache/transcodes/5c0cf9c382d828d23fddb7b0f7740122460.mp4' for writing
[hls @ 0x6364e4376700] Opening '/config/cache/transcodes/5c0cf9c382d828d23fddb7b0f7740122461.mp4' for writing
frame=28407 fps=979 q=-1.0 size=N/A time=00:19:24.03 bitrate=N/A speed=40.1x    
[hls @ 0x6364e4376700] Opening '/config/cache/transcodes/5c0cf9c382d828d23fddb7b0f7740122462.mp4' for writing
[hls @ 0x6364e4376700] Opening '/config/cache/transcodes/5c0cf9c382d828d23fddb7b0f7740122463.mp4' for writing
[hls @ 0x6364e4376700] Opening '/config/cache/transcodes/5c0cf9c382d828d23fddb7b0f7740122464.mp4' for writing
frame=28872 fps=978 q=-1.0 size=N/A time=00:19:42.99 bitrate=N/A speed=40.1x    
[hls @ 0x6364e4376700] Opening '/config/cache/transcodes/5c0cf9c382d828d23fddb7b0f7740122465.mp4' for writing
[hls @ 0x6364e4376700] Opening '/config/cache/transcodes/5c0cf9c382d828d23fddb7b0f7740122466.mp4' for writing
[hls @ 0x6364e4376700] Opening '/config/cache/transcodes/5c0cf9c382d828d23fddb7b0f7740122467.mp4' for writing
[hls @ 0x6364e4376700] Opening '/config/cache/transcodes/5c0cf9c382d828d23fddb7b0f7740122468.mp4' for writing
[hls @ 0x6364e4376700] Opening '/config/cache/transcodes/5c0cf9c382d828d23fddb7b0f7740122469.mp4' for writing
[hls @ 0x6364e4376700] Opening '/config/cache/transcodes/5c0cf9c382d828d23fddb7b0f7740122470.mp4' for writing
frame=29694 fps=990 q=-1.0 size=N/A time=00:20:17.28 bitrate=N/A speed=40.6x    
[hls @ 0x6364e4376700] Opening '/config/cache/transcodes/5c0cf9c382d828d23fddb7b0f7740122471.mp4' for writing
[hls @ 0x6364e4376700] Opening '/config/cache/transcodes/5c0cf9c382d828d23fddb7b0f7740122472.mp4' for writing
[hls @ 0x6364e4376700] Opening '/config/cache/transcodes/5c0cf9c382d828d23fddb7b0f7740122473.mp4' for writing
frame=30197 fps=990 q=-1.0 size=N/A time=00:20:38.65 bitrate=N/A speed=40.6x    
[hls @ 0x6364e4376700] Opening '/config/cache/transcodes/5c0cf9c382d828d23fddb7b0f7740122474.mp4' for writing
[hls @ 0x6364e4376700] Opening '/config/cache/transcodes/5c0cf9c382d828d23fddb7b0f7740122475.mp4' for writing
[hls @ 0x6364e4376700] Opening '/config/cache/transcodes/5c0cf9c382d828d23fddb7b0f7740122476.mp4' for writing
[hls @ 0x6364e4376700] Opening '/config/cache/transcodes/5c0cf9c382d828d23fddb7b0f7740122477.mp4' for writing
frame=30614 fps=987 q=-1.0 size=N/A time=00:20:55.70 bitrate=N/A speed=40.5x    
[hls @ 0x6364e4376700] Opening '/config/cache/transcodes/5c0cf9c382d828d23fddb7b0f7740122478.mp4' for writing
[hls @ 0x6364e4376700] Opening '/config/cache/transcodes/5c0cf9c382d828d23fddb7b0f7740122479.mp4' for writing
[hls @ 0x6364e4376700] Opening '/config/cache/transcodes/5c0cf9c382d828d23fddb7b0f7740122480.mp4' for writing
[hls @ 0x6364e4376700] Opening '/config/cache/transcodes/5c0cf9c382d828d23fddb7b0f7740122481.mp4' for writing
[hls @ 0x6364e4376700] Opening '/config/cache/transcodes/5c0cf9c382d828d23fddb7b0f7740122482.mp4' for writing
frame=31300 fps=993 q=-1.0 size=N/A time=00:21:24.71 bitrate=N/A speed=40.8x    
[hls @ 0x6364e4376700] Opening '/config/cache/transcodes/5c0cf9c382d828d23fddb7b0f7740122483.mp4' for writing
[hls @ 0x6364e4376700] Opening '/config/cache/transcodes/5c0cf9c382d828d23fddb7b0f7740122484.mp4' for writing
[hls @ 0x6364e4376700] Opening '/config/cache/transcodes/5c0cf9c382d828d23fddb7b0f7740122485.mp4' for writing
frame=31802 fps=994 q=-1.0 size=N/A time=00:21:45.47 bitrate=N/A speed=40.8x    
[hls @ 0x6364e4376700] Opening '/config/cache/transcodes/5c0cf9c382d828d23fddb7b0f7740122486.mp4' for writing
[hls @ 0x6364e4376700] Opening '/config/cache/transcodes/5c0cf9c382d828d23fddb7b0f7740122487.mp4' for writing
[hls @ 0x6364e4376700] Opening '/config/cache/transcodes/5c0cf9c382d828d23fddb7b0f7740122488.mp4' for writing
[hls @ 0x6364e4376700] Opening '/config/cache/transcodes/5c0cf9c382d828d23fddb7b0f7740122489.mp4' for writing
[hls @ 0x6364e4376700] Opening '/config/cache/transcodes/5c0cf9c382d828d23fddb7b0f7740122490.mp4' for writing
frame=32594 fps=1003 q=-1.0 size=N/A time=00:22:18.43 bitrate=N/A speed=41.2x    
[hls @ 0x6364e4376700] Opening '/config/cache/transcodes/5c0cf9c382d828d23fddb7b0f7740122491.mp4' for writing
[hls @ 0x6364e4376700] Opening '/config/cache/transcodes/5c0cf9c382d828d23fddb7b0f7740122492.mp4' for writing
[hls @ 0x6364e4376700] Opening '/config/cache/transcodes/5c0cf9c382d828d23fddb7b0f7740122493.mp4' for writing
[hls @ 0x6364e4376700] Opening '/config/cache/transcodes/5c0cf9c382d828d23fddb7b0f7740122494.mp4' for writing
[hls @ 0x6364e4376700] Opening '/config/cache/transcodes/5c0cf9c382d828d23fddb7b0f7740122495.mp4' for writing
[hls @ 0x6364e4376700] Opening '/config/cache/transcodes/5c0cf9c382d828d23fddb7b0f7740122496.mp4' for writing
frame=33307 fps=1009 q=-1.0 size=N/A time=00:22:48.38 bitrate=N/A speed=41.5x    
[hls @ 0x6364e4376700] Opening '/config/cache/transcodes/5c0cf9c382d828d23fddb7b0f7740122497.mp4' for writing
frame=33750 fps=1007 q=-1.0 size=N/A time=00:23:06.66 bitrate=N/A speed=41.4x    
[hls @ 0x6364e4376700] Opening '/config/cache/transcodes/5c0cf9c382d828d23fddb7b0f7740122498.mp4' for writing
[hls @ 0x6364e4376700] Opening '/config/cache/transcodes/5c0cf9c382d828d23fddb7b0f7740122499.mp4' for writing
[hls @ 0x6364e4376700] Opening '/config/cache/transcodes/5c0cf9c382d828d23fddb7b0f7740122500.mp4' for writing
[hls @ 0x6364e4376700] Opening '/config/cache/transcodes/5c0cf9c382d828d23fddb7b0f7740122501.mp4' for writing
[hls @ 0x6364e4376700] Opening '/config/cache/transcodes/5c0cf9c382d828d23fddb7b0f7740122502.mp4' for writing
frame=34322 fps=1009 q=-1.0 size=N/A time=00:23:30.32 bitrate=N/A speed=41.5x    
[hls @ 0x6364e4376700] Opening '/config/cache/transcodes/5c0cf9c382d828d23fddb7b0f7740122503.mp4' for writing
[hls @ 0x6364e4376700] Opening '/config/cache/transcodes/5c0cf9c382d828d23fddb7b0f7740122504.mp4' for writing
[hls @ 0x6364e4376700] Opening '/config/cache/transcodes/5c0cf9c382d828d23fddb7b0f7740122505.mp4' for writing
[hls @ 0x6364e4376700] Opening '/config/cache/transcodes/5c0cf9c382d828d23fddb7b0f7740122506.mp4' for writing
frame=34907 fps=1011 q=-1.0 size=N/A time=00:23:55.09 bitrate=N/A speed=41.6x    
[hls @ 0x6364e4376700] Opening '/config/cache/transcodes/5c0cf9c382d828d23fddb7b0f7740122507.mp4' for writing
[hls @ 0x6364e4376700] Opening '/config/cache/transcodes/5c0cf9c382d828d23fddb7b0f7740122508.mp4' for writing
frame=35414 fps=1012 q=-1.0 size=N/A time=00:24:15.89 bitrate=N/A speed=41.6x    
[hls @ 0x6364e4376700] Opening '/config/cache/transcodes/5c0cf9c382d828d23fddb7b0f7740122509.mp4' for writing
[hls @ 0x6364e4376700] Opening '/config/cache/transcodes/5c0cf9c382d828d23fddb7b0f7740122510.mp4' for writing
[hls @ 0x6364e4376700] Opening '/config/cache/transcodes/5c0cf9c382d828d23fddb7b0f7740122511.mp4' for writing
[hls @ 0x6364e4376700] Opening '/config/cache/transcodes/5c0cf9c382d828d23fddb7b0f7740122512.mp4' for writing
frame=36063 fps=1016 q=-1.0 size=N/A time=00:24:42.92 bitrate=N/A speed=41.8x    
[hls @ 0x6364e4376700] Opening '/config/cache/transcodes/5c0cf9c382d828d23fddb7b0f7740122513.mp4' for writing
[hls @ 0x6364e4376700] Opening '/config/cache/transcodes/5c0cf9c382d828d23fddb7b0f7740122514.mp4' for writing
[hls @ 0x6364e4376700] Opening '/config/cache/transcodes/5c0cf9c382d828d23fddb7b0f7740122515.mp4' for writing
[hls @ 0x6364e4376700] Opening '/config/cache/transcodes/5c0cf9c382d828d23fddb7b0f7740122516.mp4' for writing
[hls @ 0x6364e4376700] Opening '/config/cache/transcodes/5c0cf9c382d828d23fddb7b0f7740122517.mp4' for writing
frame=36613 fps=1017 q=-1.0 size=N/A time=00:25:06.06 bitrate=N/A speed=41.8x    
[hls @ 0x6364e4376700] Opening '/config/cache/transcodes/5c0cf9c382d828d23fddb7b0f7740122518.mp4' for writing
[hls @ 0x6364e4376700] Opening '/config/cache/transcodes/5c0cf9c382d828d23fddb7b0f7740122519.mp4' for writing
[hls @ 0x6364e4376700] Opening '/config/cache/transcodes/5c0cf9c382d828d23fddb7b0f7740122520.mp4' for writing
frame=36883 fps=1010 q=-1.0 size=N/A time=00:25:17.14 bitrate=N/A speed=41.6x    
[hls @ 0x6364e4376700] Opening '/config/cache/transcodes/5c0cf9c382d828d23fddb7b0f7740122521.mp4' for writing
[hls @ 0x6364e4376700] Opening '/config/cache/transcodes/5c0cf9c382d828d23fddb7b0f7740122522.mp4' for writing
frame=37163 fps=1004 q=-1.0 size=N/A time=00:25:29.21 bitrate=N/A speed=41.3x    
[hls @ 0x6364e4376700] Opening '/config/cache/transcodes/5c0cf9c382d828d23fddb7b0f7740122523.mp4' for writing
[hls @ 0x6364e4376700] Opening '/config/cache/transcodes/5c0cf9c382d828d23fddb7b0f7740122524.mp4' for writing
frame=37450 fps=998 q=-1.0 size=N/A time=00:25:41.16 bitrate=N/A speed=41.1x    
[hls @ 0x6364e4376700] Opening '/config/cache/transcodes/5c0cf9c382d828d23fddb7b0f7740122525.mp4' for writing
[hls @ 0x6364e4376700] Opening '/config/cache/transcodes/5c0cf9c382d828d23fddb7b0f7740122526.mp4' for writing
[hls @ 0x6364e4376700] Opening '/config/cache/transcodes/5c0cf9c382d828d23fddb7b0f7740122527.mp4' for writing
frame=37837 fps=995 q=-1.0 size=N/A time=00:25:57.35 bitrate=N/A speed=  41x    
[hls @ 0x6364e4376700] Opening '/config/cache/transcodes/5c0cf9c382d828d23fddb7b0f7740122528.mp4' for writing
[hls @ 0x6364e4376700] Opening '/config/cache/transcodes/5c0cf9c382d828d23fddb7b0f7740122529.mp4' for writing
[hls @ 0x6364e4376700] Opening '/config/cache/transcodes/5c0cf9c382d828d23fddb7b0f7740122530.mp4' for writing
frame=38225 fps=993 q=-1.0 size=N/A time=00:26:13.41 bitrate=N/A speed=40.9x    
[hls @ 0x6364e4376700] Opening '/config/cache/transcodes/5c0cf9c382d828d23fddb7b0f7740122531.mp4' for writing
[hls @ 0x6364e4376700] Opening '/config/cache/transcodes/5c0cf9c382d828d23fddb7b0f7740122532.mp4' for writing
[hls @ 0x6364e4376700] Opening '/config/cache/transcodes/5c0cf9c382d828d23fddb7b0f7740122533.mp4' for writing
[hls @ 0x6364e4376700] Opening '/config/cache/transcodes/5c0cf9c382d828d23fddb7b0f7740122534.mp4' for writing
[hls @ 0x6364e4376700] Opening '/config/cache/transcodes/5c0cf9c382d828d23fddb7b0f7740122535.mp4' for writing
frame=38893 fps=997 q=-1.0 size=N/A time=00:26:40.98 bitrate=N/A speed=  41x    
[hls @ 0x6364e4376700] Opening '/config/cache/transcodes/5c0cf9c382d828d23fddb7b0f7740122536.mp4' for writing
[hls @ 0x6364e4376700] Opening '/config/cache/transcodes/5c0cf9c382d828d23fddb7b0f7740122537.mp4' for writing
[hls @ 0x6364e4376700] Opening '/config/cache/transcodes/5c0cf9c382d828d23fddb7b0f7740122538.mp4' for writing
[hls @ 0x6364e4376700] Opening '/config/cache/transcodes/5c0cf9c382d828d23fddb7b0f7740122539.mp4' for writing
frame=39466 fps=999 q=-1.0 size=N/A time=00:27:04.89 bitrate=N/A speed=41.1x    
[hls @ 0x6364e4376700] Opening '/config/cache/transcodes/5c0cf9c382d828d23fddb7b0f7740122540.mp4' for writing
[hls @ 0x6364e4376700] Opening '/config/cache/transcodes/5c0cf9c382d828d23fddb7b0f7740122541.mp4' for writing
frame=39772 fps=994 q=-1.0 size=N/A time=00:27:18.08 bitrate=N/A speed=40.9x    
[hls @ 0x6364e4376700] Opening '/config/cache/transcodes/5c0cf9c382d828d23fddb7b0f7740122542.mp4' for writing
[hls @ 0x6364e4376700] Opening '/config/cache/transcodes/5c0cf9c382d828d23fddb7b0f7740122543.mp4' for writing
frame=40087 fps=989 q=-1.0 size=N/A time=00:27:31.07 bitrate=N/A speed=40.8x    
[hls @ 0x6364e4376700] Opening '/config/cache/transcodes/5c0cf9c382d828d23fddb7b0f7740122544.mp4' for writing
[hls @ 0x6364e4376700] Opening '/config/cache/transcodes/5c0cf9c382d828d23fddb7b0f7740122545.mp4' for writing
[hls @ 0x6364e4376700] Opening '/config/cache/transcodes/5c0cf9c382d828d23fddb7b0f7740122546.mp4' for writing
frame=40538 fps=988 q=-1.0 size=N/A time=00:27:49.82 bitrate=N/A speed=40.7x    
[hls @ 0x6364e4376700] Opening '/config/cache/transcodes/5c0cf9c382d828d23fddb7b0f7740122547.mp4' for writing
[hls @ 0x6364e4376700] Opening '/config/cache/transcodes/5c0cf9c382d828d23fddb7b0f7740122548.mp4' for writing
frame=40912 fps=986 q=-1.0 size=N/A time=00:28:05.63 bitrate=N/A speed=40.6x    
[hls @ 0x6364e4376700] Opening '/config/cache/transcodes/5c0cf9c382d828d23fddb7b0f7740122549.mp4' for writing
[hls @ 0x6364e4376700] Opening '/config/cache/transcodes/5c0cf9c382d828d23fddb7b0f7740122550.mp4' for writing
[hls @ 0x6364e4376700] Opening '/config/cache/transcodes/5c0cf9c382d828d23fddb7b0f7740122551.mp4' for writing
frame=41283 fps=983 q=-1.0 size=N/A time=00:28:21.12 bitrate=N/A speed=40.5x    
[hls @ 0x6364e4376700] Opening '/config/cache/transcodes/5c0cf9c382d828d23fddb7b0f7740122552.mp4' for writing
[hls @ 0x6364e4376700] Opening '/config/cache/transcodes/5c0cf9c382d828d23fddb7b0f7740122553.mp4' for writing
[hls @ 0x6364e4376700] Opening '/config/cache/transcodes/5c0cf9c382d828d23fddb7b0f7740122554.mp4' for writing
frame=41624 fps=979 q=-1.0 size=N/A time=00:28:35.13 bitrate=N/A speed=40.3x    
[hls @ 0x6364e4376700] Opening '/config/cache/transcodes/5c0cf9c382d828d23fddb7b0f7740122555.mp4' for writing
[hls @ 0x6364e4376700] Opening '/config/cache/transcodes/5c0cf9c382d828d23fddb7b0f7740122556.mp4' for writing
frame=42009 fps=977 q=-1.0 size=N/A time=00:28:51.39 bitrate=N/A speed=40.3x    
[hls @ 0x6364e4376700] Opening '/config/cache/transcodes/5c0cf9c382d828d23fddb7b0f7740122557.mp4' for writing
[hls @ 0x6364e4376700] Opening '/config/cache/transcodes/5c0cf9c382d828d23fddb7b0f7740122558.mp4' for writing
[hls @ 0x6364e4376700] Opening '/config/cache/transcodes/5c0cf9c382d828d23fddb7b0f7740122559.mp4' for writing
frame=42514 fps=977 q=-1.0 size=N/A time=00:29:12.04 bitrate=N/A speed=40.3x    
[hls @ 0x6364e4376700] Opening '/config/cache/transcodes/5c0cf9c382d828d23fddb7b0f7740122560.mp4' for writing
[hls @ 0x6364e4376700] Opening '/config/cache/transcodes/5c0cf9c382d828d23fddb7b0f7740122561.mp4' for writing
[hls @ 0x6364e4376700] Opening '/config/cache/transcodes/5c0cf9c382d828d23fddb7b0f7740122562.mp4' for writing
[hls @ 0x6364e4376700] Opening '/config/cache/transcodes/5c0cf9c382d828d23fddb7b0f7740122563.mp4' for writing
[hls @ 0x6364e4376700] Opening '/config/cache/transcodes/5c0cf9c382d828d23fddb7b0f7740122564.mp4' for writing
[hls @ 0x6364e4376700] Opening '/config/cache/transcodes/5c0cf9c382d828d23fddb7b0f7740122565.mp4' for writing
[hls @ 0x6364e4376700] Opening '/config/cache/transcodes/5c0cf9c382d828d23fddb7b0f7740122566.mp4' for writing
frame=43361 fps=985 q=-1.0 size=N/A time=00:29:47.37 bitrate=N/A speed=40.6x    
[hls @ 0x6364e4376700] Opening '/config/cache/transcodes/5c0cf9c382d828d23fddb7b0f7740122567.mp4' for writing
[hls @ 0x6364e4376700] Opening '/config/cache/transcodes/5c0cf9c382d828d23fddb7b0f7740122568.mp4' for writing
[hls @ 0x6364e4376700] Opening '/config/cache/transcodes/5c0cf9c382d828d23fddb7b0f7740122569.mp4' for writing
[hls @ 0x6364e4376700] Opening '/config/cache/transcodes/5c0cf9c382d828d23fddb7b0f7740122570.mp4' for writing
frame=43990 fps=988 q=-1.0 size=N/A time=00:30:13.63 bitrate=N/A speed=40.7x    
[hls @ 0x6364e4376700] Opening '/config/cache/transcodes/5c0cf9c382d828d23fddb7b0f7740122571.mp4' for writing
[hls @ 0x6364e4376700] Opening '/config/cache/transcodes/5c0cf9c382d828d23fddb7b0f7740122572.mp4' for writing
[hls @ 0x6364e4376700] Opening '/config/cache/transcodes/5c0cf9c382d828d23fddb7b0f7740122573.mp4' for writing
[hls @ 0x6364e4376700] Opening '/config/cache/transcodes/5c0cf9c382d828d23fddb7b0f7740122574.mp4' for writing
[hls @ 0x6364e4376700] Opening '/config/cache/transcodes/5c0cf9c382d828d23fddb7b0f7740122575.mp4' for writing
frame=44763 fps=994 q=-1.0 size=N/A time=00:30:46.25 bitrate=N/A speed=  41x    
[hls @ 0x6364e4376700] Opening '/config/cache/transcodes/5c0cf9c382d828d23fddb7b0f7740122576.mp4' for writing
[hls @ 0x6364e4376700] Opening '/config/cache/transcodes/5c0cf9c382d828d23fddb7b0f7740122577.mp4' for writing
[hls @ 0x6364e4376700] Opening '/config/cache/transcodes/5c0cf9c382d828d23fddb7b0f7740122578.mp4' for writing
[out#0/hls @ 0x6364e4395f00] video:526954KiB audio:58751KiB subtitle:0KiB other streams:0KiB global headers:0KiB muxing overhead: unknown
frame=45069 fps=997 q=-1.0 Lsize=N/A time=00:30:59.05 bitrate=N/A speed=41.1x    