{"Protocol":0,"Id":"2c00cd62f5521a25dfe24a4634a5ebd8","Path":"/data/serie/Invasion.S01e10.1080p.WEB-DL.DUAL/Invasion.S01e10.1080p.WEB-DL.DUAL.mkv","EncoderPath":null,"EncoderProtocol":null,"Type":0,"Container":"mkv","Size":1621745782,"Name":"Invasion.S01e10.1080p.WEB-DL.DUAL","IsRemote":false,"ETag":"dacaaab9343c27b8a9d65061e1445eb1","RunTimeTicks":34762880000,"ReadAtNativeFramerate":false,"IgnoreDts":false,"IgnoreIndex":false,"GenPtsInput":false,"SupportsTranscoding":true,"SupportsDirectStream":true,"SupportsDirectPlay":true,"IsInfiniteStream":false,"UseMostCompatibleTranscodingProfile":false,"RequiresOpening":false,"OpenToken":null,"RequiresClosing":false,"LiveStreamId":null,"BufferMs":null,"RequiresLooping":false,"SupportsProbing":true,"VideoType":0,"IsoType":null,"Video3DFormat":null,"MediaStreams":[{"Codec":"h264","CodecTag":null,"Language":null,"ColorRange":null,"ColorSpace":"bt709","ColorTransfer":"bt709","ColorPrimaries":"bt709","DvVersionMajor":null,"DvVersionMinor":null,"DvProfile":null,"DvLevel":null,"RpuPresentFlag":null,"ElPresentFlag":null,"BlPresentFlag":null,"DvBlSignalCompatibilityId":null,"Rotation":null,"Comment":null,"TimeBase":"1/1000","CodecTimeBase":null,"Title":null,"VideoRange":1,"VideoRangeType":1,"VideoDoViTitle":null,"AudioSpatialFormat":0,"LocalizedUndefined":null,"LocalizedDefault":null,"LocalizedForced":null,"LocalizedExternal":null,"LocalizedHearingImpaired":null,"DisplayTitle":"1080p H264 SDR","NalLengthSize":"4","IsInterlaced":false,"IsAVC":true,"ChannelLayout":null,"BitRate":3732132,"BitDepth":8,"RefFrames":1,"PacketLength":null,"Channels":null,"SampleRate":null,"IsDefault":true,"IsForced":false,"IsHearingImpaired":false,"Height":960,"Width":1920,"AverageFrameRate":23.976025,"RealFrameRate":23.976025,"ReferenceFrameRate":23.976025,"Profile":"High","Type":1,"AspectRatio":"2:1","Index":0,"Score":null,"IsExternal":false,"DeliveryMethod":null,"DeliveryUrl":null,"IsExternalUrl":null,"IsTextSubtitleStream":false,"SupportsExternalStream":false,"Path":null,"PixelFormat":"yuv420p","Level":41,"IsAnamorphic":false},{"Codec":"ac3","CodecTag":null,"Language":"por","ColorRange":null,"ColorSpace":null,"ColorTransfer":null,"ColorPrimaries":null,"DvVersionMajor":null,"DvVersionMinor":null,"DvProfile":null,"DvLevel":null,"RpuPresentFlag":null,"ElPresentFlag":null,"BlPresentFlag":null,"DvBlSignalCompatibilityId":null,"Rotation":null,"Comment":null,"TimeBase":"1/1000","CodecTimeBase":null,"Title":"Brazilian","VideoRange":0,"VideoRangeType":0,"VideoDoViTitle":null,"AudioSpatialFormat":0,"LocalizedUndefined":null,"LocalizedDefault":"Padr\u00E3o","LocalizedForced":null,"LocalizedExternal":"Externo","LocalizedHearingImpaired":null,"DisplayTitle":"Brazilian - Portuguese - Dolby Digital - 5.1 - Padr\u00E3o","NalLengthSize":null,"IsInterlaced":false,"IsAVC":false,"ChannelLayout":"5.1","BitRate":640000,"BitDepth":null,"RefFrames":null,"PacketLength":null,"Channels":6,"SampleRate":48000,"IsDefault":true,"IsForced":false,"IsHearingImpaired":false,"Height":null,"Width":null,"AverageFrameRate":null,"RealFrameRate":null,"ReferenceFrameRate":null,"Profile":null,"Type":0,"AspectRatio":null,"Index":1,"Score":null,"IsExternal":false,"DeliveryMethod":null,"DeliveryUrl":null,"IsExternalUrl":null,"IsTextSubtitleStream":false,"SupportsExternalStream":false,"Path":null,"PixelFormat":null,"Level":0,"IsAnamorphic":null},{"Codec":"ac3","CodecTag":null,"Language":"eng","ColorRange":null,"ColorSpace":null,"ColorTransfer":null,"ColorPrimaries":null,"DvVersionMajor":null,"DvVersionMinor":null,"DvProfile":null,"DvLevel":null,"RpuPresentFlag":null,"ElPresentFlag":null,"BlPresentFlag":null,"DvBlSignalCompatibilityId":null,"Rotation":null,"Comment":null,"TimeBase":"1/1000","CodecTimeBase":null,"Title":"English","VideoRange":0,"VideoRangeType":0,"VideoDoViTitle":null,"AudioSpatialFormat":0,"LocalizedUndefined":null,"LocalizedDefault":"Padr\u00E3o","LocalizedForced":null,"LocalizedExternal":"Externo","LocalizedHearingImpaired":null,"DisplayTitle":"English - Dolby Digital - 5.1","NalLengthSize":null,"IsInterlaced":false,"IsAVC":false,"ChannelLayout":"5.1","BitRate":640000,"BitDepth":null,"RefFrames":null,"PacketLength":null,"Channels":6,"SampleRate":48000,"IsDefault":false,"IsForced":false,"IsHearingImpaired":false,"Height":null,"Width":null,"AverageFrameRate":null,"RealFrameRate":null,"ReferenceFrameRate":null,"Profile":null,"Type":0,"AspectRatio":null,"Index":2,"Score":null,"IsExternal":false,"DeliveryMethod":null,"DeliveryUrl":null,"IsExternalUrl":null,"IsTextSubtitleStream":false,"SupportsExternalStream":false,"Path":null,"PixelFormat":null,"Level":0,"IsAnamorphic":null},{"Codec":"ass","CodecTag":null,"Language":"por","ColorRange":null,"ColorSpace":null,"ColorTransfer":null,"ColorPrimaries":null,"DvVersionMajor":null,"DvVersionMinor":null,"DvProfile":null,"DvLevel":null,"RpuPresentFlag":null,"ElPresentFlag":null,"BlPresentFlag":null,"DvBlSignalCompatibilityId":null,"Rotation":null,"Comment":null,"TimeBase":"1/1000","CodecTimeBase":null,"Title":"Brazilian (Forced)","VideoRange":0,"VideoRangeType":0,"VideoDoViTitle":null,"AudioSpatialFormat":0,"LocalizedUndefined":"Indefinido","LocalizedDefault":"Padr\u00E3o","LocalizedForced":"For\u00E7ado","LocalizedExternal":"Externo","LocalizedHearingImpaired":"Defici\u00EAncia Auditiva","DisplayTitle":"Brazilian (Forced) - Portuguese - ASS","NalLengthSize":null,"IsInterlaced":false,"IsAVC":false,"ChannelLayout":null,"BitRate":null,"BitDepth":null,"RefFrames":null,"PacketLength":null,"Channels":null,"SampleRate":null,"IsDefault":false,"IsForced":false,"IsHearingImpaired":false,"Height":0,"Width":0,"AverageFrameRate":null,"RealFrameRate":null,"ReferenceFrameRate":null,"Profile":null,"Type":2,"AspectRatio":null,"Index":3,"Score":null,"IsExternal":false,"DeliveryMethod":null,"DeliveryUrl":null,"IsExternalUrl":null,"IsTextSubtitleStream":true,"SupportsExternalStream":true,"Path":null,"PixelFormat":null,"Level":0,"IsAnamorphic":null}],"MediaAttachments":[],"Formats":[],"Bitrate":5012132,"FallbackMaxStreamingBitrate":null,"Timestamp":null,"RequiredHttpHeaders":{},"TranscodingUrl":null,"TranscodingSubProtocol":0,"TranscodingContainer":null,"AnalyzeDurationMs":null,"DefaultAudioStreamIndex":null,"DefaultSubtitleStreamIndex":null,"HasSegments":true}

/usr/lib/jellyfin-ffmpeg/ffmpeg -analyzeduration 200M -probesize 1G  -i file:"/data/serie/Invasion.S01e10.1080p.WEB-DL.DUAL/Invasion.S01e10.1080p.WEB-DL.DUAL.mkv" -map_metadata -1 -map_chapters -1 -threads 0 -map 0:0 -map 0:1 -codec:v:0 libx264 -preset veryfast -crf 23 -maxrate 3732132 -bufsize 7464264 -profile:v:0 high -level 41 -x264opts:0 subme=0:me_range=16:rc_lookahead=10:me=hex:open_gop=0 -force_key_frames:0 "expr:gte(t,n_forced*3)" -sc_threshold:v:0 0 -vf "setparams=color_primaries=bt709:color_trc=bt709:colorspace=bt709,scale=trunc(min(max(iw\,ih*a)\,min(3840\,2160*a))/2)*2:trunc(min(max(iw/a\,ih)\,min(3840/a\,2160))/2)*2,format=yuv420p,subtitles=f='/config/data/data/subtitles/1/1e5d581e-f5af-7abc-3e40-902c99c27f6d.ass':fontsdir='/config/cache/attachments/2c00cd62f5521a25dfe24a4634a5ebd8'" -start_at_zero -codec:a:0 copy -copyts -avoid_negative_ts disabled -max_muxing_queue_size 2048 -f hls -max_delay 5000000 -hls_time 3 -hls_segment_type mpegts -start_number 0 -hls_segment_filename "/config/cache/transcodes/3d480c0e65bcb36b3d46d44a41a4bad8%d.ts" -hls_playlist_type vod -hls_list_size 0 -y "/config/cache/transcodes/3d480c0e65bcb36b3d46d44a41a4bad8.m3u8"


ffmpeg version 7.1.1-Jellyfin Copyright (c) 2000-2025 the FFmpeg developers
  built with gcc 13 (Ubuntu 13.3.0-6ubuntu2~24.04)
  configuration: --prefix=/usr/lib/jellyfin-ffmpeg --target-os=linux --extra-version=Jellyfin --disable-doc --disable-ffplay --disable-static --disable-libxcb --disable-sdl2 --disable-xlib --enable-lto=auto --enable-gpl --enable-version3 --enable-shared --enable-gmp --enable-gnutls --enable-chromaprint --enable-opencl --enable-libdrm --enable-libxml2 --enable-libass --enable-libfreetype --enable-libfribidi --enable-libfontconfig --enable-libharfbuzz --enable-libbluray --enable-libmp3lame --enable-libopus --enable-libtheora --enable-libvorbis --enable-libopenmpt --enable-libdav1d --enable-libsvtav1 --enable-libwebp --enable-libvpx --enable-libx264 --enable-libx265 --enable-libzvbi --enable-libzimg --enable-libfdk-aac --arch=amd64 --enable-libshaderc --enable-libplacebo --enable-vulkan --enable-vaapi --enable-amf --enable-libvpl --enable-ffnvcodec --enable-cuda --enable-cuda-llvm --enable-cuvid --enable-nvdec --enable-nvenc
  libavutil      59. 39.100 / 59. 39.100
  libavcodec     61. 19.101 / 61. 19.101
  libavformat    61.  7.100 / 61.  7.100
  libavdevice    61.  3.100 / 61.  3.100
  libavfilter    10.  4.100 / 10.  4.100
  libswscale      8.  3.100 /  8.  3.100
  libswresample   5.  3.100 /  5.  3.100
  libpostproc    58.  3.100 / 58.  3.100
Input #0, matroska,webm, from 'file:/data/serie/Invasion.S01e10.1080p.WEB-DL.DUAL/Invasion.S01e10.1080p.WEB-DL.DUAL.mkv':
  Metadata:
    title           : Invasion.S01E10.First.Day.1080p.ATVP.WEB-DL.DDP5.1.Atmos.H.264-SiGLA
    creation_time   : 2021-12-10T05:35:23.000000Z
    ENCODER         : Lavf58.29.100
  Duration: 00:57:56.29, start: 0.000000, bitrate: 3732 kb/s
  Stream #0:0: Video: h264 (High), yuv420p(tv, bt709, progressive), 1920x960 [SAR 1:1 DAR 2:1], 23.98 fps, 23.98 tbr, 1k tbn (default)
      Metadata:
        DURATION        : 00:57:56.270000000
  Stream #0:1(por): Audio: ac3, 48000 Hz, 5.1(side), fltp, 640 kb/s (default)
      Metadata:
        title           : Brazilian
        DURATION        : 00:57:56.288000000
  Stream #0:2(eng): Audio: ac3, 48000 Hz, 5.1(side), fltp, 640 kb/s
      Metadata:
        title           : English
        DURATION        : 00:57:56.288000000
  Stream #0:3(por): Subtitle: ass (ssa)
      Metadata:
        title           : Brazilian (Forced)
        DURATION        : 00:00:00.000000000
[Parsed_subtitles_3 @ 0x55a24a62a7c0] libass API version: 0x1704000
[Parsed_subtitles_3 @ 0x55a24a62a7c0] libass source: commit: 0.17.4-0-gbbb3c7f1570a4a021e52683f3fbdf74fe492ae84
[Parsed_subtitles_3 @ 0x55a24a62a7c0] Shaper: FriBidi 1.0.16 (SIMPLE) HarfBuzz-ng 10.4.0 (COMPLEX)
[Parsed_subtitles_3 @ 0x55a24a62a7c0] Using font provider fontconfig
Stream mapping:
  Stream #0:0 -> #0:0 (h264 (native) -> h264 (libx264))
  Stream #0:1 -> #0:1 (copy)
Press [q] to stop, [?] for help
[Parsed_subtitles_3 @ 0x7cd048010dc0] libass API version: 0x1704000
[Parsed_subtitles_3 @ 0x7cd048010dc0] libass source: commit: 0.17.4-0-gbbb3c7f1570a4a021e52683f3fbdf74fe492ae84
[Parsed_subtitles_3 @ 0x7cd048010dc0] Shaper: FriBidi 1.0.16 (SIMPLE) HarfBuzz-ng 10.4.0 (COMPLEX)
[Parsed_subtitles_3 @ 0x7cd048010dc0] Using font provider fontconfig
[libx264 @ 0x55a24a601ec0] using SAR=1/1
[libx264 @ 0x55a24a601ec0] using cpu capabilities: MMX2 SSE2Fast SSSE3 SSE4.2 AVX FMA3 BMI2 AVX2
[libx264 @ 0x55a24a601ec0] profile High, level 4.1, 4:2:0, 8-bit
[libx264 @ 0x55a24a601ec0] 264 - core 164 r3108 31e19f9 - H.264/MPEG-4 AVC codec - Copyleft 2003-2023 - http://www.videolan.org/x264.html - options: cabac=1 ref=1 deblock=1:0:0 analyse=0x3:0x113 me=hex subme=0 psy=1 psy_rd=1.00:0.00 mixed_ref=0 me_range=16 chroma_me=1 trellis=0 8x8dct=1 cqm=0 deadzone=21,11 fast_pskip=1 chroma_qp_offset=0 threads=12 lookahead_threads=2 sliced_threads=0 nr=0 decimate=1 interlaced=0 bluray_compat=0 constrained_intra=0 bframes=3 b_pyramid=2 b_adapt=1 b_bias=0 direct=1 weightb=1 open_gop=0 weightp=1 keyint=250 keyint_min=23 scenecut=0 intra_refresh=0 rc_lookahead=10 rc=crf mbtree=1 crf=23.0 qcomp=0.60 qpmin=0 qpmax=69 qpstep=4 vbv_maxrate=3732 vbv_bufsize=7464 crf_max=0.0 nal_hrd=none filler=0 ip_ratio=1.40 aq=1:1.00
Output #0, hls, to '/config/cache/transcodes/3d480c0e65bcb36b3d46d44a41a4bad8.m3u8':
  Metadata:
    encoder         : Lavf61.7.100
  Stream #0:0: Video: h264, yuv420p(tv, bt709, progressive), 1920x960 [SAR 1:1 DAR 2:1], q=2-31, 23.98 fps, 90k tbn (default)
      Metadata:
        encoder         : Lavc61.19.101 libx264
      Side data:
        cpb: bitrate max/min/avg: 3732000/0/0 buffer size: 7464000 vbv_delay: N/A
  Stream #0:1: Audio: ac3, 48000 Hz, 5.1(side), fltp, 640 kb/s (default)
[hls @ 0x55a24a6240c0] Opening '/config/cache/transcodes/3d480c0e65bcb36b3d46d44a41a4bad80.ts' for writing
frame=   79 fps=0.0 q=28.0 size=N/A time=00:00:00.00 bitrate=N/A dup=1 drop=0 speed=   0x    
[hls @ 0x55a24a6240c0] Opening '/config/cache/transcodes/3d480c0e65bcb36b3d46d44a41a4bad81.ts' for writing
[hls @ 0x55a24a6240c0] Opening '/config/cache/transcodes/3d480c0e65bcb36b3d46d44a41a4bad82.ts' for writing
frame=  239 fps=239 q=28.0 size=N/A time=00:00:06.67 bitrate=N/A dup=1 drop=0 speed=6.67x    
[hls @ 0x55a24a6240c0] Opening '/config/cache/transcodes/3d480c0e65bcb36b3d46d44a41a4bad83.ts' for writing
[hls @ 0x55a24a6240c0] Opening '/config/cache/transcodes/3d480c0e65bcb36b3d46d44a41a4bad84.ts' for writing
frame=  408 fps=272 q=28.0 size=N/A time=00:00:13.72 bitrate=N/A dup=1 drop=0 speed=9.14x    
[hls @ 0x55a24a6240c0] Opening '/config/cache/transcodes/3d480c0e65bcb36b3d46d44a41a4bad85.ts' for writing
[hls @ 0x55a24a6240c0] Opening '/config/cache/transcodes/3d480c0e65bcb36b3d46d44a41a4bad86.ts' for writing
frame=  576 fps=288 q=28.0 size=N/A time=00:00:20.72 bitrate=N/A dup=1 drop=0 speed=10.4x    
[hls @ 0x55a24a6240c0] Opening '/config/cache/transcodes/3d480c0e65bcb36b3d46d44a41a4bad87.ts' for writing
[hls @ 0x55a24a6240c0] Opening '/config/cache/transcodes/3d480c0e65bcb36b3d46d44a41a4bad88.ts' for writing
frame=  690 fps=276 q=28.0 size=N/A time=00:00:25.48 bitrate=N/A dup=1 drop=0 speed=10.2x    
[hls @ 0x55a24a6240c0] Opening '/config/cache/transcodes/3d480c0e65bcb36b3d46d44a41a4bad89.ts' for writing
frame=  774 fps=258 q=28.0 size=N/A time=00:00:28.98 bitrate=N/A dup=1 drop=0 speed=9.65x    
[hls @ 0x55a24a6240c0] Opening '/config/cache/transcodes/3d480c0e65bcb36b3d46d44a41a4bad810.ts' for writing
frame=  858 fps=245 q=28.0 size=N/A time=00:00:32.49 bitrate=N/A dup=1 drop=0 speed=9.28x    
[hls @ 0x55a24a6240c0] Opening '/config/cache/transcodes/3d480c0e65bcb36b3d46d44a41a4bad811.ts' for writing
[hls @ 0x55a24a6240c0] Opening '/config/cache/transcodes/3d480c0e65bcb36b3d46d44a41a4bad812.ts' for writing
frame=  942 fps=235 q=28.0 size=N/A time=00:00:35.99 bitrate=N/A dup=1 drop=0 speed=8.99x    
[hls @ 0x55a24a6240c0] Opening '/config/cache/transcodes/3d480c0e65bcb36b3d46d44a41a4bad813.ts' for writing
frame= 1024 fps=227 q=28.0 size=N/A time=00:00:39.41 bitrate=N/A dup=1 drop=0 speed=8.74x    
[hls @ 0x55a24a6240c0] Opening '/config/cache/transcodes/3d480c0e65bcb36b3d46d44a41a4bad814.ts' for writing
frame= 1120 fps=224 q=28.0 size=N/A time=00:00:43.41 bitrate=N/A dup=1 drop=0 speed=8.67x    
[hls @ 0x55a24a6240c0] Opening '/config/cache/transcodes/3d480c0e65bcb36b3d46d44a41a4bad815.ts' for writing
[hls @ 0x55a24a6240c0] Opening '/config/cache/transcodes/3d480c0e65bcb36b3d46d44a41a4bad816.ts' for writing
frame= 1224 fps=222 q=28.0 size=N/A time=00:00:47.79 bitrate=N/A dup=1 drop=0 speed=8.68x    
[hls @ 0x55a24a6240c0] Opening '/config/cache/transcodes/3d480c0e65bcb36b3d46d44a41a4bad817.ts' for writing
frame= 1327 fps=221 q=28.0 size=N/A time=00:00:52.05 bitrate=N/A dup=1 drop=0 speed=8.66x    
[hls @ 0x55a24a6240c0] Opening '/config/cache/transcodes/3d480c0e65bcb36b3d46d44a41a4bad818.ts' for writing
frame= 1433 fps=220 q=28.0 size=N/A time=00:00:56.47 bitrate=N/A dup=1 drop=0 speed=8.68x    
[hls @ 0x55a24a6240c0] Opening '/config/cache/transcodes/3d480c0e65bcb36b3d46d44a41a4bad819.ts' for writing
[hls @ 0x55a24a6240c0] Opening '/config/cache/transcodes/3d480c0e65bcb36b3d46d44a41a4bad820.ts' for writing
frame= 1539 fps=220 q=28.0 size=N/A time=00:01:00.89 bitrate=N/A dup=1 drop=0 speed=8.69x    
[hls @ 0x55a24a6240c0] Opening '/config/cache/transcodes/3d480c0e65bcb36b3d46d44a41a4bad821.ts' for writing
frame= 1640 fps=218 q=28.0 size=N/A time=00:01:05.10 bitrate=N/A dup=1 drop=0 speed=8.67x    
[hls @ 0x55a24a6240c0] Opening '/config/cache/transcodes/3d480c0e65bcb36b3d46d44a41a4bad822.ts' for writing
[hls @ 0x55a24a6240c0] Opening '/config/cache/transcodes/3d480c0e65bcb36b3d46d44a41a4bad823.ts' for writing
frame= 1745 fps=218 q=28.0 size=N/A time=00:01:09.48 bitrate=N/A dup=1 drop=0 speed=8.67x    
[hls @ 0x55a24a6240c0] Opening '/config/cache/transcodes/3d480c0e65bcb36b3d46d44a41a4bad824.ts' for writing
frame= 1860 fps=218 q=28.0 size=N/A time=00:01:14.28 bitrate=N/A dup=1 drop=0 speed=8.72x    
[hls @ 0x55a24a6240c0] Opening '/config/cache/transcodes/3d480c0e65bcb36b3d46d44a41a4bad825.ts' for writing
[hls @ 0x55a24a6240c0] Opening '/config/cache/transcodes/3d480c0e65bcb36b3d46d44a41a4bad826.ts' for writing
frame= 1970 fps=219 q=28.0 size=N/A time=00:01:18.87 bitrate=N/A dup=1 drop=0 speed=8.75x    
[hls @ 0x55a24a6240c0] Opening '/config/cache/transcodes/3d480c0e65bcb36b3d46d44a41a4bad827.ts' for writing
frame= 2067 fps=217 q=28.0 size=N/A time=00:01:22.91 bitrate=N/A dup=1 drop=0 speed=8.71x    
[hls @ 0x55a24a6240c0] Opening '/config/cache/transcodes/3d480c0e65bcb36b3d46d44a41a4bad828.ts' for writing
[hls @ 0x55a24a6240c0] Opening '/config/cache/transcodes/3d480c0e65bcb36b3d46d44a41a4bad829.ts' for writing


[q] command received. Exiting.

[hls @ 0x55a24a6240c0] Opening '/config/cache/transcodes/3d480c0e65bcb36b3d46d44a41a4bad830.ts' for writing
[out#0/hls @ 0x55a24a603840] video:21960KiB audio:7212KiB subtitle:0KiB other streams:0KiB global headers:0KiB muxing overhead: unknown
frame= 2219 fps=218 q=-1.0 Lsize=N/A time=00:01:29.10 bitrate=N/A dup=4 drop=0 speed=8.76x    
[libx264 @ 0x55a24a601ec0] frame I:31    Avg QP:14.29  size: 39572
[libx264 @ 0x55a24a601ec0] frame P:577   Avg QP:18.16  size: 19702
[libx264 @ 0x55a24a601ec0] frame B:1611  Avg QP:20.06  size:  6140
[libx264 @ 0x55a24a601ec0] consecutive B-frames:  1.8%  2.8%  3.8% 91.6%
[libx264 @ 0x55a24a601ec0] mb I  I16..4: 42.6% 45.0% 12.4%
[libx264 @ 0x55a24a601ec0] mb P  I16..4:  9.6% 31.9%  1.5%  P16..4: 11.2%  5.3%  1.6%  0.0%  0.0%    skip:39.0%
[libx264 @ 0x55a24a601ec0] mb B  I16..4:  2.4%  6.0%  0.1%  B16..8: 11.3%  3.1%  0.2%  direct: 6.0%  skip:70.9%  L0:44.7% L1:48.4% BI: 6.9%
[libx264 @ 0x55a24a601ec0] 8x8 transform intra:70.9% inter:56.1%
[libx264 @ 0x55a24a601ec0] coded y,uvDC,uvAC intra: 34.6% 38.7% 1.3% inter: 1.4% 10.0% 0.0%
[libx264 @ 0x55a24a601ec0] i16 v,h,dc,p: 40% 20% 16% 24%
[libx264 @ 0x55a24a601ec0] i8 v,h,dc,ddl,ddr,vr,hd,vl,hu: 21% 16% 18%  9%  6%  8%  7%  9%  7%
[libx264 @ 0x55a24a601ec0] i4 v,h,dc,ddl,ddr,vr,hd,vl,hu: 38% 15% 12%  8%  4% 10%  3%  6%  4%
[libx264 @ 0x55a24a601ec0] i8c dc,h,v,p: 43% 23% 26%  8%
[libx264 @ 0x55a24a601ec0] Weighted P-Frames: Y:21.1% UV:5.0%
[libx264 @ 0x55a24a601ec0] kb/s:1943.69