{"Protocol":0,"Id":"c5b05048fd6b0ea99b7f6ed979ea40e4","Path":"/data/serie/Invasion.S01e09.720p.WEB-DL. DUAL/Invasion.S01e09.720p.WEB-DL. DUAL.mkv","EncoderPath":null,"EncoderProtocol":null,"Type":0,"Container":"mkv","Size":1161760295,"Name":"Invasion.S01e09.720p.WEB-DL. DUAL","IsRemote":false,"ETag":"90a7234f5df5d90d907425cead73518e","RunTimeTicks":34802560000,"ReadAtNativeFramerate":false,"IgnoreDts":false,"IgnoreIndex":false,"GenPtsInput":false,"SupportsTranscoding":true,"SupportsDirectStream":true,"SupportsDirectPlay":true,"IsInfiniteStream":false,"UseMostCompatibleTranscodingProfile":false,"RequiresOpening":false,"OpenToken":null,"RequiresClosing":false,"LiveStreamId":null,"BufferMs":null,"RequiresLooping":false,"SupportsProbing":true,"VideoType":0,"IsoType":null,"Video3DFormat":null,"MediaStreams":[{"Codec":"h264","CodecTag":null,"Language":null,"ColorRange":null,"ColorSpace":"bt709","ColorTransfer":"bt709","ColorPrimaries":"bt709","DvVersionMajor":null,"DvVersionMinor":null,"DvProfile":null,"DvLevel":null,"RpuPresentFlag":null,"ElPresentFlag":null,"BlPresentFlag":null,"DvBlSignalCompatibilityId":null,"Rotation":null,"Comment":null,"TimeBase":"1/1000","CodecTimeBase":null,"Title":null,"VideoRange":1,"VideoRangeType":1,"VideoDoViTitle":null,"AudioSpatialFormat":0,"LocalizedUndefined":null,"LocalizedDefault":null,"LocalizedForced":null,"LocalizedExternal":null,"LocalizedHearingImpaired":null,"DisplayTitle":"720p H264 SDR","NalLengthSize":"4","IsInterlaced":false,"IsAVC":true,"ChannelLayout":null,"BitRate":2670516,"BitDepth":8,"RefFrames":1,"PacketLength":null,"Channels":null,"SampleRate":null,"IsDefault":true,"IsForced":false,"IsHearingImpaired":false,"Height":640,"Width":1280,"AverageFrameRate":23.976025,"RealFrameRate":23.976025,"ReferenceFrameRate":23.976025,"Profile":"High","Type":1,"AspectRatio":"2:1","Index":0,"Score":null,"IsExternal":false,"DeliveryMethod":null,"DeliveryUrl":null,"IsExternalUrl":null,"IsTextSubtitleStream":false,"SupportsExternalStream":false,"Path":null,"PixelFormat":"yuv420p","Level":41,"IsAnamorphic":false},{"Codec":"ac3","CodecTag":null,"Language":"por","ColorRange":null,"ColorSpace":null,"ColorTransfer":null,"ColorPrimaries":null,"DvVersionMajor":null,"DvVersionMinor":null,"DvProfile":null,"DvLevel":null,"RpuPresentFlag":null,"ElPresentFlag":null,"BlPresentFlag":null,"DvBlSignalCompatibilityId":null,"Rotation":null,"Comment":null,"TimeBase":"1/1000","CodecTimeBase":null,"Title":"Brazilian","VideoRange":0,"VideoRangeType":0,"VideoDoViTitle":null,"AudioSpatialFormat":0,"LocalizedUndefined":null,"LocalizedDefault":"Padr\u00E3o","LocalizedForced":null,"LocalizedExternal":"Externo","LocalizedHearingImpaired":null,"DisplayTitle":"Brazilian - Portuguese - Dolby Digital - 5.1 - Padr\u00E3o","NalLengthSize":null,"IsInterlaced":false,"IsAVC":false,"ChannelLayout":"5.1","BitRate":384000,"BitDepth":null,"RefFrames":null,"PacketLength":null,"Channels":6,"SampleRate":48000,"IsDefault":true,"IsForced":false,"IsHearingImpaired":false,"Height":null,"Width":null,"AverageFrameRate":null,"RealFrameRate":null,"ReferenceFrameRate":null,"Profile":null,"Type":0,"AspectRatio":null,"Index":1,"Score":null,"IsExternal":false,"DeliveryMethod":null,"DeliveryUrl":null,"IsExternalUrl":null,"IsTextSubtitleStream":false,"SupportsExternalStream":false,"Path":null,"PixelFormat":null,"Level":0,"IsAnamorphic":null},{"Codec":"ac3","CodecTag":null,"Language":"eng","ColorRange":null,"ColorSpace":null,"ColorTransfer":null,"ColorPrimaries":null,"DvVersionMajor":null,"DvVersionMinor":null,"DvProfile":null,"DvLevel":null,"RpuPresentFlag":null,"ElPresentFlag":null,"BlPresentFlag":null,"DvBlSignalCompatibilityId":null,"Rotation":null,"Comment":null,"TimeBase":"1/1000","CodecTimeBase":null,"Title":"English","VideoRange":0,"VideoRangeType":0,"VideoDoViTitle":null,"AudioSpatialFormat":0,"LocalizedUndefined":null,"LocalizedDefault":"Padr\u00E3o","LocalizedForced":null,"LocalizedExternal":"Externo","LocalizedHearingImpaired":null,"DisplayTitle":"English - Dolby Digital - 5.1","NalLengthSize":null,"IsInterlaced":false,"IsAVC":false,"ChannelLayout":"5.1","BitRate":384000,"BitDepth":null,"RefFrames":null,"PacketLength":null,"Channels":6,"SampleRate":48000,"IsDefault":false,"IsForced":false,"IsHearingImpaired":false,"Height":null,"Width":null,"AverageFrameRate":null,"RealFrameRate":null,"ReferenceFrameRate":null,"Profile":null,"Type":0,"AspectRatio":null,"Index":2,"Score":null,"IsExternal":false,"DeliveryMethod":null,"DeliveryUrl":null,"IsExternalUrl":null,"IsTextSubtitleStream":false,"SupportsExternalStream":false,"Path":null,"PixelFormat":null,"Level":0,"IsAnamorphic":null},{"Codec":"ass","CodecTag":null,"Language":"por","ColorRange":null,"ColorSpace":null,"ColorTransfer":null,"ColorPrimaries":null,"DvVersionMajor":null,"DvVersionMinor":null,"DvProfile":null,"DvLevel":null,"RpuPresentFlag":null,"ElPresentFlag":null,"BlPresentFlag":null,"DvBlSignalCompatibilityId":null,"Rotation":null,"Comment":null,"TimeBase":"1/1000","CodecTimeBase":null,"Title":"Brazilian (Forced)","VideoRange":0,"VideoRangeType":0,"VideoDoViTitle":null,"AudioSpatialFormat":0,"LocalizedUndefined":"Indefinido","LocalizedDefault":"Padr\u00E3o","LocalizedForced":"For\u00E7ado","LocalizedExternal":"Externo","LocalizedHearingImpaired":"Defici\u00EAncia Auditiva","DisplayTitle":"Brazilian (Forced) - Portuguese - ASS","NalLengthSize":null,"IsInterlaced":false,"IsAVC":false,"ChannelLayout":null,"BitRate":null,"BitDepth":null,"RefFrames":null,"PacketLength":null,"Channels":null,"SampleRate":null,"IsDefault":false,"IsForced":false,"IsHearingImpaired":false,"Height":0,"Width":0,"AverageFrameRate":null,"RealFrameRate":null,"ReferenceFrameRate":null,"Profile":null,"Type":2,"AspectRatio":null,"Index":3,"Score":null,"IsExternal":false,"DeliveryMethod":null,"DeliveryUrl":null,"IsExternalUrl":null,"IsTextSubtitleStream":true,"SupportsExternalStream":true,"Path":null,"PixelFormat":null,"Level":0,"IsAnamorphic":null}],"MediaAttachments":[],"Formats":[],"Bitrate":3438516,"FallbackMaxStreamingBitrate":null,"Timestamp":null,"RequiredHttpHeaders":{},"TranscodingUrl":null,"TranscodingSubProtocol":0,"TranscodingContainer":null,"AnalyzeDurationMs":null,"DefaultAudioStreamIndex":null,"DefaultSubtitleStreamIndex":null,"HasSegments":true}

/usr/lib/jellyfin-ffmpeg/ffmpeg -analyzeduration 200M -probesize 1G -ss 00:05:03.182 -noaccurate_seek -fflags +genpts  -i file:"/data/serie/Invasion.S01e09.720p.WEB-DL. DUAL/Invasion.S01e09.720p.WEB-DL. DUAL.mkv" -map_metadata -1 -map_chapters -1 -threads 0 -map 0:0 -map 0:1 -map -0:s -codec:v:0 copy -bsf:v h264_mp4toannexb -start_at_zero -codec:a:0 libfdk_aac -ac 2 -ab 256000 -af "volume=2" -copyts -avoid_negative_ts disabled -max_muxing_queue_size 2048 -f hls -max_delay 5000000 -hls_time 6 -hls_segment_type fmp4 -hls_fmp4_init_filename "e3f1889303e92a83880d4778ac8c26ba-1.mp4" -start_number 46 -hls_segment_filename "/config/cache/transcodes/e3f1889303e92a83880d4778ac8c26ba%d.mp4" -hls_playlist_type vod -hls_list_size 0 -y "/config/cache/transcodes/e3f1889303e92a83880d4778ac8c26ba.m3u8"


ffmpeg version 7.1.1-Jellyfin Copyright (c) 2000-2025 the FFmpeg developers
  built with gcc 13 (Ubuntu 13.3.0-6ubuntu2~24.04)
  configuration: --prefix=/usr/lib/jellyfin-ffmpeg --target-os=linux --extra-version=Jellyfin --disable-doc --disable-ffplay --disable-static --disable-libxcb --disable-sdl2 --disable-xlib --enable-lto=auto --enable-gpl --enable-version3 --enable-shared --enable-gmp --enable-gnutls --enable-chromaprint --enable-opencl --enable-libdrm --enable-libxml2 --enable-libass --enable-libfreetype --enable-libfribidi --enable-libfontconfig --enable-libharfbuzz --enable-libbluray --enable-libmp3lame --enable-libopus --enable-libtheora --enable-libvorbis --enable-libopenmpt --enable-libdav1d --enable-libsvtav1 --enable-libwebp --enable-libvpx --enable-libx264 --enable-libx265 --enable-libzvbi --enable-libzimg --enable-libfdk-aac --arch=amd64 --enable-libshaderc --enable-libplacebo --enable-vulkan --enable-vaapi --enable-amf --enable-libvpl --enable-ffnvcodec --enable-cuda --enable-cuda-llvm --enable-cuvid --enable-nvdec --enable-nvenc
  libavutil      59. 39.100 / 59. 39.100
  libavcodec     61. 19.101 / 61. 19.101
  libavformat    61.  7.100 / 61.  7.100
  libavdevice    61.  3.100 / 61.  3.100
  libavfilter    10.  4.100 / 10.  4.100
  libswscale      8.  3.100 /  8.  3.100
  libswresample   5.  3.100 /  5.  3.100
  libpostproc    58.  3.100 / 58.  3.100
Input #0, matroska,webm, from 'file:/data/serie/Invasion.S01e09.720p.WEB-DL. DUAL/Invasion.S01e09.720p.WEB-DL. DUAL.mkv':
  Metadata:
    title           : Invasion.S01E09.Full.of.Stars.1080p.ATVP.WEB-DL.DDP5.1.Atmos.H.264-SiGLA
    creation_time   : 2021-12-03T05:44:41.000000Z
    ENCODER         : Lavf58.29.100
  Duration: 00:58:00.26, start: 0.000000, bitrate: 2670 kb/s
  Stream #0:0: Video: h264 (High), yuv420p(tv, bt709, progressive), 1280x640 [SAR 1:1 DAR 2:1], 23.98 fps, 23.98 tbr, 1k tbn (default)
      Metadata:
        DURATION        : 00:58:00.232000000
  Stream #0:1(por): Audio: ac3, 48000 Hz, 5.1(side), fltp, 384 kb/s (default)
      Metadata:
        title           : Brazilian
        DURATION        : 00:58:00.256000000
  Stream #0:2(eng): Audio: ac3, 48000 Hz, 5.1(side), fltp, 384 kb/s
      Metadata:
        title           : English
        DURATION        : 00:58:00.256000000
  Stream #0:3(por): Subtitle: ass (ssa)
      Metadata:
        title           : Brazilian (Forced)
        DURATION        : 00:49:45.616000000
Stream mapping:
  Stream #0:0 -> #0:0 (copy)
  Stream #0:1 -> #0:1 (ac3 (native) -> aac (libfdk_aac))
Press [q] to stop, [?] for help
[hls @ 0x650f63ec5580] Opening '/config/cache/transcodes/e3f1889303e92a83880d4778ac8c26ba-1.mp4' for writing
Output #0, hls, to '/config/cache/transcodes/e3f1889303e92a83880d4778ac8c26ba.m3u8':
  Metadata:
    encoder         : Lavf61.7.100
  Stream #0:0: Video: h264 (High), yuv420p(tv, bt709, progressive), 1280x640 [SAR 1:1 DAR 2:1], q=2-31, 23.98 fps, 23.98 tbr, 16k tbn (default)
  Stream #0:1: Audio: aac, 48000 Hz, stereo, s16, 256 kb/s (default)
      Metadata:
        encoder         : Lavc61.19.101 libfdk_aac
      Side data:
        cpb: bitrate max/min/avg: 256000/256000/256000 buffer size: 0 vbv_delay: N/A
[hls @ 0x650f63ec5580] Opening '/config/cache/transcodes/e3f1889303e92a83880d4778ac8c26ba46.mp4' for writing
[hls @ 0x650f63ec5580] Opening '/config/cache/transcodes/e3f1889303e92a83880d4778ac8c26ba47.mp4' for writing
frame=  734 fps=0.0 q=-1.0 size=N/A time=00:00:00.00 bitrate=N/A speed=   0x    
[hls @ 0x650f63ec5580] Opening '/config/cache/transcodes/e3f1889303e92a83880d4778ac8c26ba48.mp4' for writing
[hls @ 0x650f63ec5580] Opening '/config/cache/transcodes/e3f1889303e92a83880d4778ac8c26ba49.mp4' for writing
[hls @ 0x650f63ec5580] Opening '/config/cache/transcodes/e3f1889303e92a83880d4778ac8c26ba50.mp4' for writing
[hls @ 0x650f63ec5580] Opening '/config/cache/transcodes/e3f1889303e92a83880d4778ac8c26ba51.mp4' for writing
[hls @ 0x650f63ec5580] Opening '/config/cache/transcodes/e3f1889303e92a83880d4778ac8c26ba52.mp4' for writing
[hls @ 0x650f63ec5580] Opening '/config/cache/transcodes/e3f1889303e92a83880d4778ac8c26ba53.mp4' for writing
[hls @ 0x650f63ec5580] Opening '/config/cache/transcodes/e3f1889303e92a83880d4778ac8c26ba54.mp4' for writing
frame= 1495 fps=1495 q=-1.0 size=N/A time=00:00:31.74 bitrate=N/A speed=31.7x    
[hls @ 0x650f63ec5580] Opening '/config/cache/transcodes/e3f1889303e92a83880d4778ac8c26ba55.mp4' for writing
[hls @ 0x650f63ec5580] Opening '/config/cache/transcodes/e3f1889303e92a83880d4778ac8c26ba56.mp4' for writing
[hls @ 0x650f63ec5580] Opening '/config/cache/transcodes/e3f1889303e92a83880d4778ac8c26ba57.mp4' for writing
[hls @ 0x650f63ec5580] Opening '/config/cache/transcodes/e3f1889303e92a83880d4778ac8c26ba58.mp4' for writing
frame= 2037 fps=1358 q=-1.0 size=N/A time=00:00:54.61 bitrate=N/A speed=36.4x    
[hls @ 0x650f63ec5580] Opening '/config/cache/transcodes/e3f1889303e92a83880d4778ac8c26ba59.mp4' for writing
[hls @ 0x650f63ec5580] Opening '/config/cache/transcodes/e3f1889303e92a83880d4778ac8c26ba60.mp4' for writing
[hls @ 0x650f63ec5580] Opening '/config/cache/transcodes/e3f1889303e92a83880d4778ac8c26ba61.mp4' for writing
[hls @ 0x650f63ec5580] Opening '/config/cache/transcodes/e3f1889303e92a83880d4778ac8c26ba62.mp4' for writing
frame= 2844 fps=1422 q=-1.0 size=N/A time=00:01:28.00 bitrate=N/A speed=  44x    
[hls @ 0x650f63ec5580] Opening '/config/cache/transcodes/e3f1889303e92a83880d4778ac8c26ba63.mp4' for writing
[hls @ 0x650f63ec5580] Opening '/config/cache/transcodes/e3f1889303e92a83880d4778ac8c26ba64.mp4' for writing
[hls @ 0x650f63ec5580] Opening '/config/cache/transcodes/e3f1889303e92a83880d4778ac8c26ba65.mp4' for writing
[hls @ 0x650f63ec5580] Opening '/config/cache/transcodes/e3f1889303e92a83880d4778ac8c26ba66.mp4' for writing
[hls @ 0x650f63ec5580] Opening '/config/cache/transcodes/e3f1889303e92a83880d4778ac8c26ba67.mp4' for writing
[hls @ 0x650f63ec5580] Opening '/config/cache/transcodes/e3f1889303e92a83880d4778ac8c26ba68.mp4' for writing
frame= 3474 fps=1389 q=-1.0 size=N/A time=00:01:54.38 bitrate=N/A speed=45.7x    
[hls @ 0x650f63ec5580] Opening '/config/cache/transcodes/e3f1889303e92a83880d4778ac8c26ba69.mp4' for writing
[hls @ 0x650f63ec5580] Opening '/config/cache/transcodes/e3f1889303e92a83880d4778ac8c26ba70.mp4' for writing
[hls @ 0x650f63ec5580] Opening '/config/cache/transcodes/e3f1889303e92a83880d4778ac8c26ba71.mp4' for writing
frame= 3884 fps=1294 q=-1.0 size=N/A time=00:02:11.52 bitrate=N/A speed=43.8x    
[hls @ 0x650f63ec5580] Opening '/config/cache/transcodes/e3f1889303e92a83880d4778ac8c26ba72.mp4' for writing
[hls @ 0x650f63ec5580] Opening '/config/cache/transcodes/e3f1889303e92a83880d4778ac8c26ba73.mp4' for writing
[hls @ 0x650f63ec5580] Opening '/config/cache/transcodes/e3f1889303e92a83880d4778ac8c26ba74.mp4' for writing
[hls @ 0x650f63ec5580] Opening '/config/cache/transcodes/e3f1889303e92a83880d4778ac8c26ba75.mp4' for writing
[hls @ 0x650f63ec5580] Opening '/config/cache/transcodes/e3f1889303e92a83880d4778ac8c26ba76.mp4' for writing
[hls @ 0x650f63ec5580] Opening '/config/cache/transcodes/e3f1889303e92a83880d4778ac8c26ba77.mp4' for writing
frame= 4657 fps=1330 q=-1.0 size=N/A time=00:02:44.05 bitrate=N/A speed=46.9x    
[hls @ 0x650f63ec5580] Opening '/config/cache/transcodes/e3f1889303e92a83880d4778ac8c26ba78.mp4' for writing
[hls @ 0x650f63ec5580] Opening '/config/cache/transcodes/e3f1889303e92a83880d4778ac8c26ba79.mp4' for writing
[hls @ 0x650f63ec5580] Opening '/config/cache/transcodes/e3f1889303e92a83880d4778ac8c26ba80.mp4' for writing
frame= 5247 fps=1312 q=-1.0 size=N/A time=00:03:08.22 bitrate=N/A speed=  47x    
[hls @ 0x650f63ec5580] Opening '/config/cache/transcodes/e3f1889303e92a83880d4778ac8c26ba81.mp4' for writing
[hls @ 0x650f63ec5580] Opening '/config/cache/transcodes/e3f1889303e92a83880d4778ac8c26ba82.mp4' for writing
[hls @ 0x650f63ec5580] Opening '/config/cache/transcodes/e3f1889303e92a83880d4778ac8c26ba83.mp4' for writing
[hls @ 0x650f63ec5580] Opening '/config/cache/transcodes/e3f1889303e92a83880d4778ac8c26ba84.mp4' for writing
[hls @ 0x650f63ec5580] Opening '/config/cache/transcodes/e3f1889303e92a83880d4778ac8c26ba85.mp4' for writing
[hls @ 0x650f63ec5580] Opening '/config/cache/transcodes/e3f1889303e92a83880d4778ac8c26ba86.mp4' for writing
frame= 6062 fps=1347 q=-1.0 size=N/A time=00:03:42.25 bitrate=N/A speed=49.4x    
[hls @ 0x650f63ec5580] Opening '/config/cache/transcodes/e3f1889303e92a83880d4778ac8c26ba87.mp4' for writing
[hls @ 0x650f63ec5580] Opening '/config/cache/transcodes/e3f1889303e92a83880d4778ac8c26ba88.mp4' for writing
[hls @ 0x650f63ec5580] Opening '/config/cache/transcodes/e3f1889303e92a83880d4778ac8c26ba89.mp4' for writing
[hls @ 0x650f63ec5580] Opening '/config/cache/transcodes/e3f1889303e92a83880d4778ac8c26ba90.mp4' for writing
frame= 6561 fps=1312 q=-1.0 size=N/A time=00:04:03.43 bitrate=N/A speed=48.7x    
[hls @ 0x650f63ec5580] Opening '/config/cache/transcodes/e3f1889303e92a83880d4778ac8c26ba91.mp4' for writing
[hls @ 0x650f63ec5580] Opening '/config/cache/transcodes/e3f1889303e92a83880d4778ac8c26ba92.mp4' for writing
[hls @ 0x650f63ec5580] Opening '/config/cache/transcodes/e3f1889303e92a83880d4778ac8c26ba93.mp4' for writing
[hls @ 0x650f63ec5580] Opening '/config/cache/transcodes/e3f1889303e92a83880d4778ac8c26ba94.mp4' for writing
[hls @ 0x650f63ec5580] Opening '/config/cache/transcodes/e3f1889303e92a83880d4778ac8c26ba95.mp4' for writing
frame= 7258 fps=1319 q=-1.0 size=N/A time=00:04:32.10 bitrate=N/A speed=49.5x    
[hls @ 0x650f63ec5580] Opening '/config/cache/transcodes/e3f1889303e92a83880d4778ac8c26ba96.mp4' for writing
[hls @ 0x650f63ec5580] Opening '/config/cache/transcodes/e3f1889303e92a83880d4778ac8c26ba97.mp4' for writing
[hls @ 0x650f63ec5580] Opening '/config/cache/transcodes/e3f1889303e92a83880d4778ac8c26ba98.mp4' for writing
[hls @ 0x650f63ec5580] Opening '/config/cache/transcodes/e3f1889303e92a83880d4778ac8c26ba99.mp4' for writing
[hls @ 0x650f63ec5580] Opening '/config/cache/transcodes/e3f1889303e92a83880d4778ac8c26ba100.mp4' for writing
frame= 8069 fps=1345 q=-1.0 size=N/A time=00:05:05.92 bitrate=N/A speed=  51x    
[hls @ 0x650f63ec5580] Opening '/config/cache/transcodes/e3f1889303e92a83880d4778ac8c26ba101.mp4' for writing
[hls @ 0x650f63ec5580] Opening '/config/cache/transcodes/e3f1889303e92a83880d4778ac8c26ba102.mp4' for writing
[hls @ 0x650f63ec5580] Opening '/config/cache/transcodes/e3f1889303e92a83880d4778ac8c26ba103.mp4' for writing
[hls @ 0x650f63ec5580] Opening '/config/cache/transcodes/e3f1889303e92a83880d4778ac8c26ba104.mp4' for writing
frame= 8729 fps=1343 q=-1.0 size=N/A time=00:05:33.48 bitrate=N/A speed=51.3x    
[hls @ 0x650f63ec5580] Opening '/config/cache/transcodes/e3f1889303e92a83880d4778ac8c26ba105.mp4' for writing
[hls @ 0x650f63ec5580] Opening '/config/cache/transcodes/e3f1889303e92a83880d4778ac8c26ba106.mp4' for writing
[hls @ 0x650f63ec5580] Opening '/config/cache/transcodes/e3f1889303e92a83880d4778ac8c26ba107.mp4' for writing
[hls @ 0x650f63ec5580] Opening '/config/cache/transcodes/e3f1889303e92a83880d4778ac8c26ba108.mp4' for writing
[hls @ 0x650f63ec5580] Opening '/config/cache/transcodes/e3f1889303e92a83880d4778ac8c26ba109.mp4' for writing
frame= 9544 fps=1363 q=-1.0 size=N/A time=00:06:07.42 bitrate=N/A speed=52.5x    
[hls @ 0x650f63ec5580] Opening '/config/cache/transcodes/e3f1889303e92a83880d4778ac8c26ba110.mp4' for writing
[hls @ 0x650f63ec5580] Opening '/config/cache/transcodes/e3f1889303e92a83880d4778ac8c26ba111.mp4' for writing
[hls @ 0x650f63ec5580] Opening '/config/cache/transcodes/e3f1889303e92a83880d4778ac8c26ba112.mp4' for writing
[hls @ 0x650f63ec5580] Opening '/config/cache/transcodes/e3f1889303e92a83880d4778ac8c26ba113.mp4' for writing
[hls @ 0x650f63ec5580] Opening '/config/cache/transcodes/e3f1889303e92a83880d4778ac8c26ba114.mp4' for writing
[hls @ 0x650f63ec5580] Opening '/config/cache/transcodes/e3f1889303e92a83880d4778ac8c26ba115.mp4' for writing
frame=10274 fps=1370 q=-1.0 size=N/A time=00:06:37.90 bitrate=N/A speed=  53x    
[hls @ 0x650f63ec5580] Opening '/config/cache/transcodes/e3f1889303e92a83880d4778ac8c26ba116.mp4' for writing
[hls @ 0x650f63ec5580] Opening '/config/cache/transcodes/e3f1889303e92a83880d4778ac8c26ba117.mp4' for writing
[hls @ 0x650f63ec5580] Opening '/config/cache/transcodes/e3f1889303e92a83880d4778ac8c26ba118.mp4' for writing
[hls @ 0x650f63ec5580] Opening '/config/cache/transcodes/e3f1889303e92a83880d4778ac8c26ba119.mp4' for writing
frame=10788 fps=1348 q=-1.0 size=N/A time=00:06:59.75 bitrate=N/A speed=52.5x    
[hls @ 0x650f63ec5580] Opening '/config/cache/transcodes/e3f1889303e92a83880d4778ac8c26ba120.mp4' for writing
[hls @ 0x650f63ec5580] Opening '/config/cache/transcodes/e3f1889303e92a83880d4778ac8c26ba121.mp4' for writing
[hls @ 0x650f63ec5580] Opening '/config/cache/transcodes/e3f1889303e92a83880d4778ac8c26ba122.mp4' for writing
[hls @ 0x650f63ec5580] Opening '/config/cache/transcodes/e3f1889303e92a83880d4778ac8c26ba123.mp4' for writing
frame=11431 fps=1345 q=-1.0 size=N/A time=00:07:26.31 bitrate=N/A speed=52.5x    
[hls @ 0x650f63ec5580] Opening '/config/cache/transcodes/e3f1889303e92a83880d4778ac8c26ba124.mp4' for writing
[hls @ 0x650f63ec5580] Opening '/config/cache/transcodes/e3f1889303e92a83880d4778ac8c26ba125.mp4' for writing
[hls @ 0x650f63ec5580] Opening '/config/cache/transcodes/e3f1889303e92a83880d4778ac8c26ba126.mp4' for writing
[hls @ 0x650f63ec5580] Opening '/config/cache/transcodes/e3f1889303e92a83880d4778ac8c26ba127.mp4' for writing
frame=12110 fps=1345 q=-1.0 size=N/A time=00:07:54.47 bitrate=N/A speed=52.7x    
[hls @ 0x650f63ec5580] Opening '/config/cache/transcodes/e3f1889303e92a83880d4778ac8c26ba128.mp4' for writing
[hls @ 0x650f63ec5580] Opening '/config/cache/transcodes/e3f1889303e92a83880d4778ac8c26ba129.mp4' for writing
[hls @ 0x650f63ec5580] Opening '/config/cache/transcodes/e3f1889303e92a83880d4778ac8c26ba130.mp4' for writing
[hls @ 0x650f63ec5580] Opening '/config/cache/transcodes/e3f1889303e92a83880d4778ac8c26ba131.mp4' for writing
[hls @ 0x650f63ec5580] Opening '/config/cache/transcodes/e3f1889303e92a83880d4778ac8c26ba132.mp4' for writing
[hls @ 0x650f63ec5580] Opening '/config/cache/transcodes/e3f1889303e92a83880d4778ac8c26ba133.mp4' for writing
frame=12850 fps=1352 q=-1.0 size=N/A time=00:08:25.74 bitrate=N/A speed=53.2x    
[hls @ 0x650f63ec5580] Opening '/config/cache/transcodes/e3f1889303e92a83880d4778ac8c26ba134.mp4' for writing
[hls @ 0x650f63ec5580] Opening '/config/cache/transcodes/e3f1889303e92a83880d4778ac8c26ba135.mp4' for writing
[hls @ 0x650f63ec5580] Opening '/config/cache/transcodes/e3f1889303e92a83880d4778ac8c26ba136.mp4' for writing
[hls @ 0x650f63ec5580] Opening '/config/cache/transcodes/e3f1889303e92a83880d4778ac8c26ba137.mp4' for writing
[hls @ 0x650f63ec5580] Opening '/config/cache/transcodes/e3f1889303e92a83880d4778ac8c26ba138.mp4' for writing
[hls @ 0x650f63ec5580] Opening '/config/cache/transcodes/e3f1889303e92a83880d4778ac8c26ba139.mp4' for writing
frame=13695 fps=1369 q=-1.0 size=N/A time=00:09:00.58 bitrate=N/A speed=  54x    
[hls @ 0x650f63ec5580] Opening '/config/cache/transcodes/e3f1889303e92a83880d4778ac8c26ba140.mp4' for writing
[hls @ 0x650f63ec5580] Opening '/config/cache/transcodes/e3f1889303e92a83880d4778ac8c26ba141.mp4' for writing
[hls @ 0x650f63ec5580] Opening '/config/cache/transcodes/e3f1889303e92a83880d4778ac8c26ba142.mp4' for writing
[hls @ 0x650f63ec5580] Opening '/config/cache/transcodes/e3f1889303e92a83880d4778ac8c26ba143.mp4' for writing
[hls @ 0x650f63ec5580] Opening '/config/cache/transcodes/e3f1889303e92a83880d4778ac8c26ba144.mp4' for writing
frame=14402 fps=1371 q=-1.0 size=N/A time=00:09:30.06 bitrate=N/A speed=54.3x    
[hls @ 0x650f63ec5580] Opening '/config/cache/transcodes/e3f1889303e92a83880d4778ac8c26ba145.mp4' for writing
[hls @ 0x650f63ec5580] Opening '/config/cache/transcodes/e3f1889303e92a83880d4778ac8c26ba146.mp4' for writing
[hls @ 0x650f63ec5580] Opening '/config/cache/transcodes/e3f1889303e92a83880d4778ac8c26ba147.mp4' for writing
[hls @ 0x650f63ec5580] Opening '/config/cache/transcodes/e3f1889303e92a83880d4778ac8c26ba148.mp4' for writing
[hls @ 0x650f63ec5580] Opening '/config/cache/transcodes/e3f1889303e92a83880d4778ac8c26ba149.mp4' for writing
[hls @ 0x650f63ec5580] Opening '/config/cache/transcodes/e3f1889303e92a83880d4778ac8c26ba150.mp4' for writing
frame=15200 fps=1382 q=-1.0 size=N/A time=00:10:03.37 bitrate=N/A speed=54.8x    
[hls @ 0x650f63ec5580] Opening '/config/cache/transcodes/e3f1889303e92a83880d4778ac8c26ba151.mp4' for writing
[hls @ 0x650f63ec5580] Opening '/config/cache/transcodes/e3f1889303e92a83880d4778ac8c26ba152.mp4' for writing
[hls @ 0x650f63ec5580] Opening '/config/cache/transcodes/e3f1889303e92a83880d4778ac8c26ba153.mp4' for writing
[hls @ 0x650f63ec5580] Opening '/config/cache/transcodes/e3f1889303e92a83880d4778ac8c26ba154.mp4' for writing
[hls @ 0x650f63ec5580] Opening '/config/cache/transcodes/e3f1889303e92a83880d4778ac8c26ba155.mp4' for writing
frame=15858 fps=1379 q=-1.0 size=N/A time=00:10:30.80 bitrate=N/A speed=54.8x    
[hls @ 0x650f63ec5580] Opening '/config/cache/transcodes/e3f1889303e92a83880d4778ac8c26ba156.mp4' for writing
[hls @ 0x650f63ec5580] Opening '/config/cache/transcodes/e3f1889303e92a83880d4778ac8c26ba157.mp4' for writing
[hls @ 0x650f63ec5580] Opening '/config/cache/transcodes/e3f1889303e92a83880d4778ac8c26ba158.mp4' for writing
[hls @ 0x650f63ec5580] Opening '/config/cache/transcodes/e3f1889303e92a83880d4778ac8c26ba159.mp4' for writing
[hls @ 0x650f63ec5580] Opening '/config/cache/transcodes/e3f1889303e92a83880d4778ac8c26ba160.mp4' for writing
frame=16651 fps=1387 q=-1.0 size=N/A time=00:11:04.23 bitrate=N/A speed=55.3x    
[hls @ 0x650f63ec5580] Opening '/config/cache/transcodes/e3f1889303e92a83880d4778ac8c26ba161.mp4' for writing
[hls @ 0x650f63ec5580] Opening '/config/cache/transcodes/e3f1889303e92a83880d4778ac8c26ba162.mp4' for writing
[hls @ 0x650f63ec5580] Opening '/config/cache/transcodes/e3f1889303e92a83880d4778ac8c26ba163.mp4' for writing
[hls @ 0x650f63ec5580] Opening '/config/cache/transcodes/e3f1889303e92a83880d4778ac8c26ba164.mp4' for writing
[hls @ 0x650f63ec5580] Opening '/config/cache/transcodes/e3f1889303e92a83880d4778ac8c26ba165.mp4' for writing
frame=17374 fps=1390 q=-1.0 size=N/A time=00:11:34.05 bitrate=N/A speed=55.5x    
[hls @ 0x650f63ec5580] Opening '/config/cache/transcodes/e3f1889303e92a83880d4778ac8c26ba166.mp4' for writing
[hls @ 0x650f63ec5580] Opening '/config/cache/transcodes/e3f1889303e92a83880d4778ac8c26ba167.mp4' for writing
[hls @ 0x650f63ec5580] Opening '/config/cache/transcodes/e3f1889303e92a83880d4778ac8c26ba168.mp4' for writing
[hls @ 0x650f63ec5580] Opening '/config/cache/transcodes/e3f1889303e92a83880d4778ac8c26ba169.mp4' for writing
frame=18148 fps=1396 q=-1.0 size=N/A time=00:12:06.74 bitrate=N/A speed=55.9x    
[hls @ 0x650f63ec5580] Opening '/config/cache/transcodes/e3f1889303e92a83880d4778ac8c26ba170.mp4' for writing
[hls @ 0x650f63ec5580] Opening '/config/cache/transcodes/e3f1889303e92a83880d4778ac8c26ba171.mp4' for writing
[hls @ 0x650f63ec5580] Opening '/config/cache/transcodes/e3f1889303e92a83880d4778ac8c26ba172.mp4' for writing
[hls @ 0x650f63ec5580] Opening '/config/cache/transcodes/e3f1889303e92a83880d4778ac8c26ba173.mp4' for writing
[hls @ 0x650f63ec5580] Opening '/config/cache/transcodes/e3f1889303e92a83880d4778ac8c26ba174.mp4' for writing
frame=18812 fps=1393 q=-1.0 size=N/A time=00:12:34.09 bitrate=N/A speed=55.8x    
[hls @ 0x650f63ec5580] Opening '/config/cache/transcodes/e3f1889303e92a83880d4778ac8c26ba175.mp4' for writing
[hls @ 0x650f63ec5580] Opening '/config/cache/transcodes/e3f1889303e92a83880d4778ac8c26ba176.mp4' for writing
[hls @ 0x650f63ec5580] Opening '/config/cache/transcodes/e3f1889303e92a83880d4778ac8c26ba177.mp4' for writing
[hls @ 0x650f63ec5580] Opening '/config/cache/transcodes/e3f1889303e92a83880d4778ac8c26ba178.mp4' for writing
[hls @ 0x650f63ec5580] Opening '/config/cache/transcodes/e3f1889303e92a83880d4778ac8c26ba179.mp4' for writing
[hls @ 0x650f63ec5580] Opening '/config/cache/transcodes/e3f1889303e92a83880d4778ac8c26ba180.mp4' for writing
frame=19565 fps=1397 q=-1.0 size=N/A time=00:13:05.77 bitrate=N/A speed=56.1x    
[hls @ 0x650f63ec5580] Opening '/config/cache/transcodes/e3f1889303e92a83880d4778ac8c26ba181.mp4' for writing
[hls @ 0x650f63ec5580] Opening '/config/cache/transcodes/e3f1889303e92a83880d4778ac8c26ba182.mp4' for writing
[hls @ 0x650f63ec5580] Opening '/config/cache/transcodes/e3f1889303e92a83880d4778ac8c26ba183.mp4' for writing
[hls @ 0x650f63ec5580] Opening '/config/cache/transcodes/e3f1889303e92a83880d4778ac8c26ba184.mp4' for writing
frame=20241 fps=1396 q=-1.0 size=N/A time=00:13:33.61 bitrate=N/A speed=56.1x    
[hls @ 0x650f63ec5580] Opening '/config/cache/transcodes/e3f1889303e92a83880d4778ac8c26ba185.mp4' for writing
[hls @ 0x650f63ec5580] Opening '/config/cache/transcodes/e3f1889303e92a83880d4778ac8c26ba186.mp4' for writing
[hls @ 0x650f63ec5580] Opening '/config/cache/transcodes/e3f1889303e92a83880d4778ac8c26ba187.mp4' for writing
[hls @ 0x650f63ec5580] Opening '/config/cache/transcodes/e3f1889303e92a83880d4778ac8c26ba188.mp4' for writing
[hls @ 0x650f63ec5580] Opening '/config/cache/transcodes/e3f1889303e92a83880d4778ac8c26ba189.mp4' for writing
[hls @ 0x650f63ec5580] Opening '/config/cache/transcodes/e3f1889303e92a83880d4778ac8c26ba190.mp4' for writing
frame=21079 fps=1405 q=-1.0 size=N/A time=00:14:08.98 bitrate=N/A speed=56.6x    
[hls @ 0x650f63ec5580] Opening '/config/cache/transcodes/e3f1889303e92a83880d4778ac8c26ba191.mp4' for writing
[hls @ 0x650f63ec5580] Opening '/config/cache/transcodes/e3f1889303e92a83880d4778ac8c26ba192.mp4' for writing
[hls @ 0x650f63ec5580] Opening '/config/cache/transcodes/e3f1889303e92a83880d4778ac8c26ba193.mp4' for writing
frame=21691 fps=1399 q=-1.0 size=N/A time=00:14:34.04 bitrate=N/A speed=56.4x    
[hls @ 0x650f63ec5580] Opening '/config/cache/transcodes/e3f1889303e92a83880d4778ac8c26ba194.mp4' for writing
[hls @ 0x650f63ec5580] Opening '/config/cache/transcodes/e3f1889303e92a83880d4778ac8c26ba195.mp4' for writing
[hls @ 0x650f63ec5580] Opening '/config/cache/transcodes/e3f1889303e92a83880d4778ac8c26ba196.mp4' for writing
[hls @ 0x650f63ec5580] Opening '/config/cache/transcodes/e3f1889303e92a83880d4778ac8c26ba197.mp4' for writing
frame=22371 fps=1398 q=-1.0 size=N/A time=00:15:02.46 bitrate=N/A speed=56.4x    
[hls @ 0x650f63ec5580] Opening '/config/cache/transcodes/e3f1889303e92a83880d4778ac8c26ba198.mp4' for writing
[hls @ 0x650f63ec5580] Opening '/config/cache/transcodes/e3f1889303e92a83880d4778ac8c26ba199.mp4' for writing
[hls @ 0x650f63ec5580] Opening '/config/cache/transcodes/e3f1889303e92a83880d4778ac8c26ba200.mp4' for writing
[hls @ 0x650f63ec5580] Opening '/config/cache/transcodes/e3f1889303e92a83880d4778ac8c26ba201.mp4' for writing
[hls @ 0x650f63ec5580] Opening '/config/cache/transcodes/e3f1889303e92a83880d4778ac8c26ba202.mp4' for writing
[hls @ 0x650f63ec5580] Opening '/config/cache/transcodes/e3f1889303e92a83880d4778ac8c26ba203.mp4' for writing
[hls @ 0x650f63ec5580] Opening '/config/cache/transcodes/e3f1889303e92a83880d4778ac8c26ba204.mp4' for writing
frame=23122 fps=1401 q=-1.0 size=N/A time=00:15:33.76 bitrate=N/A speed=56.6x    
[hls @ 0x650f63ec5580] Opening '/config/cache/transcodes/e3f1889303e92a83880d4778ac8c26ba205.mp4' for writing
[hls @ 0x650f63ec5580] Opening '/config/cache/transcodes/e3f1889303e92a83880d4778ac8c26ba206.mp4' for writing
[hls @ 0x650f63ec5580] Opening '/config/cache/transcodes/e3f1889303e92a83880d4778ac8c26ba207.mp4' for writing
[hls @ 0x650f63ec5580] Opening '/config/cache/transcodes/e3f1889303e92a83880d4778ac8c26ba208.mp4' for writing
frame=23612 fps=1389 q=-1.0 size=N/A time=00:15:54.58 bitrate=N/A speed=56.1x    
[hls @ 0x650f63ec5580] Opening '/config/cache/transcodes/e3f1889303e92a83880d4778ac8c26ba209.mp4' for writing
[hls @ 0x650f63ec5580] Opening '/config/cache/transcodes/e3f1889303e92a83880d4778ac8c26ba210.mp4' for writing
[hls @ 0x650f63ec5580] Opening '/config/cache/transcodes/e3f1889303e92a83880d4778ac8c26ba211.mp4' for writing
frame=24101 fps=1377 q=-1.0 size=N/A time=00:16:15.01 bitrate=N/A speed=55.7x    
[hls @ 0x650f63ec5580] Opening '/config/cache/transcodes/e3f1889303e92a83880d4778ac8c26ba212.mp4' for writing
[hls @ 0x650f63ec5580] Opening '/config/cache/transcodes/e3f1889303e92a83880d4778ac8c26ba213.mp4' for writing
[hls @ 0x650f63ec5580] Opening '/config/cache/transcodes/e3f1889303e92a83880d4778ac8c26ba214.mp4' for writing
[hls @ 0x650f63ec5580] Opening '/config/cache/transcodes/e3f1889303e92a83880d4778ac8c26ba215.mp4' for writing
frame=24779 fps=1376 q=-1.0 size=N/A time=00:16:42.88 bitrate=N/A speed=55.7x    
[hls @ 0x650f63ec5580] Opening '/config/cache/transcodes/e3f1889303e92a83880d4778ac8c26ba216.mp4' for writing
[hls @ 0x650f63ec5580] Opening '/config/cache/transcodes/e3f1889303e92a83880d4778ac8c26ba217.mp4' for writing
[hls @ 0x650f63ec5580] Opening '/config/cache/transcodes/e3f1889303e92a83880d4778ac8c26ba218.mp4' for writing
[hls @ 0x650f63ec5580] Opening '/config/cache/transcodes/e3f1889303e92a83880d4778ac8c26ba219.mp4' for writing
[hls @ 0x650f63ec5580] Opening '/config/cache/transcodes/e3f1889303e92a83880d4778ac8c26ba220.mp4' for writing
[hls @ 0x650f63ec5580] Opening '/config/cache/transcodes/e3f1889303e92a83880d4778ac8c26ba221.mp4' for writing
frame=25489 fps=1377 q=-1.0 size=N/A time=00:17:12.51 bitrate=N/A speed=55.8x    
[hls @ 0x650f63ec5580] Opening '/config/cache/transcodes/e3f1889303e92a83880d4778ac8c26ba222.mp4' for writing
[hls @ 0x650f63ec5580] Opening '/config/cache/transcodes/e3f1889303e92a83880d4778ac8c26ba223.mp4' for writing
[hls @ 0x650f63ec5580] Opening '/config/cache/transcodes/e3f1889303e92a83880d4778ac8c26ba224.mp4' for writing
[hls @ 0x650f63ec5580] Opening '/config/cache/transcodes/e3f1889303e92a83880d4778ac8c26ba225.mp4' for writing
[hls @ 0x650f63ec5580] Opening '/config/cache/transcodes/e3f1889303e92a83880d4778ac8c26ba226.mp4' for writing
frame=26171 fps=1377 q=-1.0 size=N/A time=00:17:41.29 bitrate=N/A speed=55.8x    
[hls @ 0x650f63ec5580] Opening '/config/cache/transcodes/e3f1889303e92a83880d4778ac8c26ba227.mp4' for writing
[hls @ 0x650f63ec5580] Opening '/config/cache/transcodes/e3f1889303e92a83880d4778ac8c26ba228.mp4' for writing
frame=26621 fps=1365 q=-1.0 size=N/A time=00:17:59.70 bitrate=N/A speed=55.4x    
[hls @ 0x650f63ec5580] Opening '/config/cache/transcodes/e3f1889303e92a83880d4778ac8c26ba229.mp4' for writing
[hls @ 0x650f63ec5580] Opening '/config/cache/transcodes/e3f1889303e92a83880d4778ac8c26ba230.mp4' for writing
[hls @ 0x650f63ec5580] Opening '/config/cache/transcodes/e3f1889303e92a83880d4778ac8c26ba231.mp4' for writing
[hls @ 0x650f63ec5580] Opening '/config/cache/transcodes/e3f1889303e92a83880d4778ac8c26ba232.mp4' for writing
[hls @ 0x650f63ec5580] Opening '/config/cache/transcodes/e3f1889303e92a83880d4778ac8c26ba233.mp4' for writing
frame=27123 fps=1356 q=-1.0 size=N/A time=00:18:20.60 bitrate=N/A speed=  55x    
[hls @ 0x650f63ec5580] Opening '/config/cache/transcodes/e3f1889303e92a83880d4778ac8c26ba234.mp4' for writing
[hls @ 0x650f63ec5580] Opening '/config/cache/transcodes/e3f1889303e92a83880d4778ac8c26ba235.mp4' for writing
[hls @ 0x650f63ec5580] Opening '/config/cache/transcodes/e3f1889303e92a83880d4778ac8c26ba236.mp4' for writing
[hls @ 0x650f63ec5580] Opening '/config/cache/transcodes/e3f1889303e92a83880d4778ac8c26ba237.mp4' for writing
[hls @ 0x650f63ec5580] Opening '/config/cache/transcodes/e3f1889303e92a83880d4778ac8c26ba238.mp4' for writing
frame=27857 fps=1359 q=-1.0 size=N/A time=00:18:51.66 bitrate=N/A speed=55.2x    
[hls @ 0x650f63ec5580] Opening '/config/cache/transcodes/e3f1889303e92a83880d4778ac8c26ba239.mp4' for writing
frame=28183 fps=1342 q=-1.0 size=N/A time=00:19:05.10 bitrate=N/A speed=54.5x    
[hls @ 0x650f63ec5580] Opening '/config/cache/transcodes/e3f1889303e92a83880d4778ac8c26ba240.mp4' for writing
[hls @ 0x650f63ec5580] Opening '/config/cache/transcodes/e3f1889303e92a83880d4778ac8c26ba241.mp4' for writing
[hls @ 0x650f63ec5580] Opening '/config/cache/transcodes/e3f1889303e92a83880d4778ac8c26ba242.mp4' for writing
[hls @ 0x650f63ec5580] Opening '/config/cache/transcodes/e3f1889303e92a83880d4778ac8c26ba243.mp4' for writing
[hls @ 0x650f63ec5580] Opening '/config/cache/transcodes/e3f1889303e92a83880d4778ac8c26ba244.mp4' for writing
frame=28725 fps=1336 q=-1.0 size=N/A time=00:19:27.85 bitrate=N/A speed=54.3x    
[hls @ 0x650f63ec5580] Opening '/config/cache/transcodes/e3f1889303e92a83880d4778ac8c26ba245.mp4' for writing
[hls @ 0x650f63ec5580] Opening '/config/cache/transcodes/e3f1889303e92a83880d4778ac8c26ba246.mp4' for writing
[hls @ 0x650f63ec5580] Opening '/config/cache/transcodes/e3f1889303e92a83880d4778ac8c26ba247.mp4' for writing
frame=29086 fps=1322 q=-1.0 size=N/A time=00:19:42.89 bitrate=N/A speed=53.8x    
[hls @ 0x650f63ec5580] Opening '/config/cache/transcodes/e3f1889303e92a83880d4778ac8c26ba248.mp4' for writing
[hls @ 0x650f63ec5580] Opening '/config/cache/transcodes/e3f1889303e92a83880d4778ac8c26ba249.mp4' for writing
[hls @ 0x650f63ec5580] Opening '/config/cache/transcodes/e3f1889303e92a83880d4778ac8c26ba250.mp4' for writing
frame=29539 fps=1313 q=-1.0 size=N/A time=00:20:01.40 bitrate=N/A speed=53.4x    
[hls @ 0x650f63ec5580] Opening '/config/cache/transcodes/e3f1889303e92a83880d4778ac8c26ba251.mp4' for writing
[hls @ 0x650f63ec5580] Opening '/config/cache/transcodes/e3f1889303e92a83880d4778ac8c26ba252.mp4' for writing
[hls @ 0x650f63ec5580] Opening '/config/cache/transcodes/e3f1889303e92a83880d4778ac8c26ba253.mp4' for writing
[hls @ 0x650f63ec5580] Opening '/config/cache/transcodes/e3f1889303e92a83880d4778ac8c26ba254.mp4' for writing
frame=30212 fps=1313 q=-1.0 size=N/A time=00:20:29.44 bitrate=N/A speed=53.4x    
[hls @ 0x650f63ec5580] Opening '/config/cache/transcodes/e3f1889303e92a83880d4778ac8c26ba255.mp4' for writing
[hls @ 0x650f63ec5580] Opening '/config/cache/transcodes/e3f1889303e92a83880d4778ac8c26ba256.mp4' for writing
[hls @ 0x650f63ec5580] Opening '/config/cache/transcodes/e3f1889303e92a83880d4778ac8c26ba257.mp4' for writing
[hls @ 0x650f63ec5580] Opening '/config/cache/transcodes/e3f1889303e92a83880d4778ac8c26ba258.mp4' for writing
[hls @ 0x650f63ec5580] Opening '/config/cache/transcodes/e3f1889303e92a83880d4778ac8c26ba259.mp4' for writing
[hls @ 0x650f63ec5580] Opening '/config/cache/transcodes/e3f1889303e92a83880d4778ac8c26ba260.mp4' for writing
frame=30963 fps=1317 q=-1.0 size=N/A time=00:21:00.77 bitrate=N/A speed=53.6x    
[hls @ 0x650f63ec5580] Opening '/config/cache/transcodes/e3f1889303e92a83880d4778ac8c26ba261.mp4' for writing
[hls @ 0x650f63ec5580] Opening '/config/cache/transcodes/e3f1889303e92a83880d4778ac8c26ba262.mp4' for writing
[hls @ 0x650f63ec5580] Opening '/config/cache/transcodes/e3f1889303e92a83880d4778ac8c26ba263.mp4' for writing
[hls @ 0x650f63ec5580] Opening '/config/cache/transcodes/e3f1889303e92a83880d4778ac8c26ba264.mp4' for writing
frame=31623 fps=1317 q=-1.0 size=N/A time=00:21:28.36 bitrate=N/A speed=53.7x    
[hls @ 0x650f63ec5580] Opening '/config/cache/transcodes/e3f1889303e92a83880d4778ac8c26ba265.mp4' for writing
[hls @ 0x650f63ec5580] Opening '/config/cache/transcodes/e3f1889303e92a83880d4778ac8c26ba266.mp4' for writing
[hls @ 0x650f63ec5580] Opening '/config/cache/transcodes/e3f1889303e92a83880d4778ac8c26ba267.mp4' for writing
[hls @ 0x650f63ec5580] Opening '/config/cache/transcodes/e3f1889303e92a83880d4778ac8c26ba268.mp4' for writing
[hls @ 0x650f63ec5580] Opening '/config/cache/transcodes/e3f1889303e92a83880d4778ac8c26ba269.mp4' for writing
frame=32427 fps=1323 q=-1.0 size=N/A time=00:22:01.89 bitrate=N/A speed=53.9x    
[hls @ 0x650f63ec5580] Opening '/config/cache/transcodes/e3f1889303e92a83880d4778ac8c26ba270.mp4' for writing
[hls @ 0x650f63ec5580] Opening '/config/cache/transcodes/e3f1889303e92a83880d4778ac8c26ba271.mp4' for writing
[hls @ 0x650f63ec5580] Opening '/config/cache/transcodes/e3f1889303e92a83880d4778ac8c26ba272.mp4' for writing
[hls @ 0x650f63ec5580] Opening '/config/cache/transcodes/e3f1889303e92a83880d4778ac8c26ba273.mp4' for writing
[hls @ 0x650f63ec5580] Opening '/config/cache/transcodes/e3f1889303e92a83880d4778ac8c26ba274.mp4' for writing
[hls @ 0x650f63ec5580] Opening '/config/cache/transcodes/e3f1889303e92a83880d4778ac8c26ba275.mp4' for writing
frame=33156 fps=1326 q=-1.0 size=N/A time=00:22:32.29 bitrate=N/A speed=54.1x    
[hls @ 0x650f63ec5580] Opening '/config/cache/transcodes/e3f1889303e92a83880d4778ac8c26ba276.mp4' for writing
[hls @ 0x650f63ec5580] Opening '/config/cache/transcodes/e3f1889303e92a83880d4778ac8c26ba277.mp4' for writing
[hls @ 0x650f63ec5580] Opening '/config/cache/transcodes/e3f1889303e92a83880d4778ac8c26ba278.mp4' for writing
[hls @ 0x650f63ec5580] Opening '/config/cache/transcodes/e3f1889303e92a83880d4778ac8c26ba279.mp4' for writing
[hls @ 0x650f63ec5580] Opening '/config/cache/transcodes/e3f1889303e92a83880d4778ac8c26ba280.mp4' for writing
[hls @ 0x650f63ec5580] Opening '/config/cache/transcodes/e3f1889303e92a83880d4778ac8c26ba281.mp4' for writing
frame=34072 fps=1336 q=-1.0 size=N/A time=00:23:10.46 bitrate=N/A speed=54.5x    
[hls @ 0x650f63ec5580] Opening '/config/cache/transcodes/e3f1889303e92a83880d4778ac8c26ba282.mp4' for writing
[hls @ 0x650f63ec5580] Opening '/config/cache/transcodes/e3f1889303e92a83880d4778ac8c26ba283.mp4' for writing
[hls @ 0x650f63ec5580] Opening '/config/cache/transcodes/e3f1889303e92a83880d4778ac8c26ba284.mp4' for writing
[hls @ 0x650f63ec5580] Opening '/config/cache/transcodes/e3f1889303e92a83880d4778ac8c26ba285.mp4' for writing
[hls @ 0x650f63ec5580] Opening '/config/cache/transcodes/e3f1889303e92a83880d4778ac8c26ba286.mp4' for writing
frame=34875 fps=1341 q=-1.0 size=N/A time=00:23:44.12 bitrate=N/A speed=54.8x    
[hls @ 0x650f63ec5580] Opening '/config/cache/transcodes/e3f1889303e92a83880d4778ac8c26ba287.mp4' for writing
[hls @ 0x650f63ec5580] Opening '/config/cache/transcodes/e3f1889303e92a83880d4778ac8c26ba288.mp4' for writing
[hls @ 0x650f63ec5580] Opening '/config/cache/transcodes/e3f1889303e92a83880d4778ac8c26ba289.mp4' for writing
[hls @ 0x650f63ec5580] Opening '/config/cache/transcodes/e3f1889303e92a83880d4778ac8c26ba290.mp4' for writing
[hls @ 0x650f63ec5580] Opening '/config/cache/transcodes/e3f1889303e92a83880d4778ac8c26ba291.mp4' for writing
frame=35513 fps=1340 q=-1.0 size=N/A time=00:24:10.77 bitrate=N/A speed=54.7x    
[hls @ 0x650f63ec5580] Opening '/config/cache/transcodes/e3f1889303e92a83880d4778ac8c26ba292.mp4' for writing
[hls @ 0x650f63ec5580] Opening '/config/cache/transcodes/e3f1889303e92a83880d4778ac8c26ba293.mp4' for writing
[hls @ 0x650f63ec5580] Opening '/config/cache/transcodes/e3f1889303e92a83880d4778ac8c26ba294.mp4' for writing
frame=35965 fps=1332 q=-1.0 size=N/A time=00:24:29.44 bitrate=N/A speed=54.4x    
[hls @ 0x650f63ec5580] Opening '/config/cache/transcodes/e3f1889303e92a83880d4778ac8c26ba295.mp4' for writing
[hls @ 0x650f63ec5580] Opening '/config/cache/transcodes/e3f1889303e92a83880d4778ac8c26ba296.mp4' for writing
[hls @ 0x650f63ec5580] Opening '/config/cache/transcodes/e3f1889303e92a83880d4778ac8c26ba297.mp4' for writing
frame=36400 fps=1323 q=-1.0 size=N/A time=00:24:47.97 bitrate=N/A speed=54.1x    
[hls @ 0x650f63ec5580] Opening '/config/cache/transcodes/e3f1889303e92a83880d4778ac8c26ba298.mp4' for writing
[hls @ 0x650f63ec5580] Opening '/config/cache/transcodes/e3f1889303e92a83880d4778ac8c26ba299.mp4' for writing
frame=36751 fps=1312 q=-1.0 size=N/A time=00:25:02.20 bitrate=N/A speed=53.6x    
[hls @ 0x650f63ec5580] Opening '/config/cache/transcodes/e3f1889303e92a83880d4778ac8c26ba300.mp4' for writing
[hls @ 0x650f63ec5580] Opening '/config/cache/transcodes/e3f1889303e92a83880d4778ac8c26ba301.mp4' for writing
[hls @ 0x650f63ec5580] Opening '/config/cache/transcodes/e3f1889303e92a83880d4778ac8c26ba302.mp4' for writing
[hls @ 0x650f63ec5580] Opening '/config/cache/transcodes/e3f1889303e92a83880d4778ac8c26ba303.mp4' for writing
[hls @ 0x650f63ec5580] Opening '/config/cache/transcodes/e3f1889303e92a83880d4778ac8c26ba304.mp4' for writing
[hls @ 0x650f63ec5580] Opening '/config/cache/transcodes/e3f1889303e92a83880d4778ac8c26ba305.mp4' for writing
frame=37507 fps=1316 q=-1.0 size=N/A time=00:25:33.97 bitrate=N/A speed=53.8x    
[hls @ 0x650f63ec5580] Opening '/config/cache/transcodes/e3f1889303e92a83880d4778ac8c26ba306.mp4' for writing
[hls @ 0x650f63ec5580] Opening '/config/cache/transcodes/e3f1889303e92a83880d4778ac8c26ba307.mp4' for writing
[hls @ 0x650f63ec5580] Opening '/config/cache/transcodes/e3f1889303e92a83880d4778ac8c26ba308.mp4' for writing
[hls @ 0x650f63ec5580] Opening '/config/cache/transcodes/e3f1889303e92a83880d4778ac8c26ba309.mp4' for writing
[hls @ 0x650f63ec5580] Opening '/config/cache/transcodes/e3f1889303e92a83880d4778ac8c26ba310.mp4' for writing
[hls @ 0x650f63ec5580] Opening '/config/cache/transcodes/e3f1889303e92a83880d4778ac8c26ba311.mp4' for writing
frame=38354 fps=1322 q=-1.0 size=N/A time=00:26:09.04 bitrate=N/A speed=54.1x    
[hls @ 0x650f63ec5580] Opening '/config/cache/transcodes/e3f1889303e92a83880d4778ac8c26ba312.mp4' for writing
[hls @ 0x650f63ec5580] Opening '/config/cache/transcodes/e3f1889303e92a83880d4778ac8c26ba313.mp4' for writing
[hls @ 0x650f63ec5580] Opening '/config/cache/transcodes/e3f1889303e92a83880d4778ac8c26ba314.mp4' for writing
[hls @ 0x650f63ec5580] Opening '/config/cache/transcodes/e3f1889303e92a83880d4778ac8c26ba315.mp4' for writing
[hls @ 0x650f63ec5580] Opening '/config/cache/transcodes/e3f1889303e92a83880d4778ac8c26ba316.mp4' for writing
frame=39150 fps=1327 q=-1.0 size=N/A time=00:26:42.28 bitrate=N/A speed=54.3x    
[hls @ 0x650f63ec5580] Opening '/config/cache/transcodes/e3f1889303e92a83880d4778ac8c26ba317.mp4' for writing
[hls @ 0x650f63ec5580] Opening '/config/cache/transcodes/e3f1889303e92a83880d4778ac8c26ba318.mp4' for writing
[hls @ 0x650f63ec5580] Opening '/config/cache/transcodes/e3f1889303e92a83880d4778ac8c26ba319.mp4' for writing
[hls @ 0x650f63ec5580] Opening '/config/cache/transcodes/e3f1889303e92a83880d4778ac8c26ba320.mp4' for writing
[hls @ 0x650f63ec5580] Opening '/config/cache/transcodes/e3f1889303e92a83880d4778ac8c26ba321.mp4' for writing
[hls @ 0x650f63ec5580] Opening '/config/cache/transcodes/e3f1889303e92a83880d4778ac8c26ba322.mp4' for writing
frame=40057 fps=1335 q=-1.0 size=N/A time=00:27:20.08 bitrate=N/A speed=54.7x    
[hls @ 0x650f63ec5580] Opening '/config/cache/transcodes/e3f1889303e92a83880d4778ac8c26ba323.mp4' for writing
[hls @ 0x650f63ec5580] Opening '/config/cache/transcodes/e3f1889303e92a83880d4778ac8c26ba324.mp4' for writing
[hls @ 0x650f63ec5580] Opening '/config/cache/transcodes/e3f1889303e92a83880d4778ac8c26ba325.mp4' for writing
[hls @ 0x650f63ec5580] Opening '/config/cache/transcodes/e3f1889303e92a83880d4778ac8c26ba326.mp4' for writing
[hls @ 0x650f63ec5580] Opening '/config/cache/transcodes/e3f1889303e92a83880d4778ac8c26ba327.mp4' for writing
[hls @ 0x650f63ec5580] Opening '/config/cache/transcodes/e3f1889303e92a83880d4778ac8c26ba328.mp4' for writing
frame=40851 fps=1339 q=-1.0 size=N/A time=00:27:53.21 bitrate=N/A speed=54.8x    
[hls @ 0x650f63ec5580] Opening '/config/cache/transcodes/e3f1889303e92a83880d4778ac8c26ba329.mp4' for writing
frame=41226 fps=1330 q=-1.0 size=N/A time=00:28:09.25 bitrate=N/A speed=54.5x    
[hls @ 0x650f63ec5580] Opening '/config/cache/transcodes/e3f1889303e92a83880d4778ac8c26ba330.mp4' for writing
[hls @ 0x650f63ec5580] Opening '/config/cache/transcodes/e3f1889303e92a83880d4778ac8c26ba331.mp4' for writing
[hls @ 0x650f63ec5580] Opening '/config/cache/transcodes/e3f1889303e92a83880d4778ac8c26ba332.mp4' for writing
frame=41430 fps=1315 q=-1.0 size=N/A time=00:28:17.77 bitrate=N/A speed=53.9x    
[hls @ 0x650f63ec5580] Opening '/config/cache/transcodes/e3f1889303e92a83880d4778ac8c26ba333.mp4' for writing
[hls @ 0x650f63ec5580] Opening '/config/cache/transcodes/e3f1889303e92a83880d4778ac8c26ba334.mp4' for writing
frame=41972 fps=1311 q=-1.0 size=N/A time=00:28:39.95 bitrate=N/A speed=53.7x    
[hls @ 0x650f63ec5580] Opening '/config/cache/transcodes/e3f1889303e92a83880d4778ac8c26ba335.mp4' for writing
[hls @ 0x650f63ec5580] Opening '/config/cache/transcodes/e3f1889303e92a83880d4778ac8c26ba336.mp4' for writing
[hls @ 0x650f63ec5580] Opening '/config/cache/transcodes/e3f1889303e92a83880d4778ac8c26ba337.mp4' for writing
[hls @ 0x650f63ec5580] Opening '/config/cache/transcodes/e3f1889303e92a83880d4778ac8c26ba338.mp4' for writing
[hls @ 0x650f63ec5580] Opening '/config/cache/transcodes/e3f1889303e92a83880d4778ac8c26ba339.mp4' for writing
[hls @ 0x650f63ec5580] Opening '/config/cache/transcodes/e3f1889303e92a83880d4778ac8c26ba340.mp4' for writing
frame=42765 fps=1316 q=-1.0 size=N/A time=00:29:13.10 bitrate=N/A speed=53.9x    
[hls @ 0x650f63ec5580] Opening '/config/cache/transcodes/e3f1889303e92a83880d4778ac8c26ba341.mp4' for writing
[hls @ 0x650f63ec5580] Opening '/config/cache/transcodes/e3f1889303e92a83880d4778ac8c26ba342.mp4' for writing
[hls @ 0x650f63ec5580] Opening '/config/cache/transcodes/e3f1889303e92a83880d4778ac8c26ba343.mp4' for writing
[hls @ 0x650f63ec5580] Opening '/config/cache/transcodes/e3f1889303e92a83880d4778ac8c26ba344.mp4' for writing
[hls @ 0x650f63ec5580] Opening '/config/cache/transcodes/e3f1889303e92a83880d4778ac8c26ba345.mp4' for writing
[hls @ 0x650f63ec5580] Opening '/config/cache/transcodes/e3f1889303e92a83880d4778ac8c26ba346.mp4' for writing
[hls @ 0x650f63ec5580] Opening '/config/cache/transcodes/e3f1889303e92a83880d4778ac8c26ba347.mp4' for writing
frame=43579 fps=1320 q=-1.0 size=N/A time=00:29:47.00 bitrate=N/A speed=54.1x    
[hls @ 0x650f63ec5580] Opening '/config/cache/transcodes/e3f1889303e92a83880d4778ac8c26ba348.mp4' for writing
[hls @ 0x650f63ec5580] Opening '/config/cache/transcodes/e3f1889303e92a83880d4778ac8c26ba349.mp4' for writing
[hls @ 0x650f63ec5580] Opening '/config/cache/transcodes/e3f1889303e92a83880d4778ac8c26ba350.mp4' for writing
[hls @ 0x650f63ec5580] Opening '/config/cache/transcodes/e3f1889303e92a83880d4778ac8c26ba351.mp4' for writing
[hls @ 0x650f63ec5580] Opening '/config/cache/transcodes/e3f1889303e92a83880d4778ac8c26ba352.mp4' for writing
[hls @ 0x650f63ec5580] Opening '/config/cache/transcodes/e3f1889303e92a83880d4778ac8c26ba353.mp4' for writing
frame=44456 fps=1327 q=-1.0 size=N/A time=00:30:23.57 bitrate=N/A speed=54.4x    
[hls @ 0x650f63ec5580] Opening '/config/cache/transcodes/e3f1889303e92a83880d4778ac8c26ba354.mp4' for writing
[hls @ 0x650f63ec5580] Opening '/config/cache/transcodes/e3f1889303e92a83880d4778ac8c26ba355.mp4' for writing
[hls @ 0x650f63ec5580] Opening '/config/cache/transcodes/e3f1889303e92a83880d4778ac8c26ba356.mp4' for writing
[hls @ 0x650f63ec5580] Opening '/config/cache/transcodes/e3f1889303e92a83880d4778ac8c26ba357.mp4' for writing
frame=45018 fps=1324 q=-1.0 size=N/A time=00:30:47.44 bitrate=N/A speed=54.3x    
[hls @ 0x650f63ec5580] Opening '/config/cache/transcodes/e3f1889303e92a83880d4778ac8c26ba358.mp4' for writing
[hls @ 0x650f63ec5580] Opening '/config/cache/transcodes/e3f1889303e92a83880d4778ac8c26ba359.mp4' for writing
[hls @ 0x650f63ec5580] Opening '/config/cache/transcodes/e3f1889303e92a83880d4778ac8c26ba360.mp4' for writing
[hls @ 0x650f63ec5580] Opening '/config/cache/transcodes/e3f1889303e92a83880d4778ac8c26ba361.mp4' for writing
[hls @ 0x650f63ec5580] Opening '/config/cache/transcodes/e3f1889303e92a83880d4778ac8c26ba362.mp4' for writing
frame=45768 fps=1326 q=-1.0 size=N/A time=00:31:18.31 bitrate=N/A speed=54.4x    
[hls @ 0x650f63ec5580] Opening '/config/cache/transcodes/e3f1889303e92a83880d4778ac8c26ba363.mp4' for writing
[hls @ 0x650f63ec5580] Opening '/config/cache/transcodes/e3f1889303e92a83880d4778ac8c26ba364.mp4' for writing
[hls @ 0x650f63ec5580] Opening '/config/cache/transcodes/e3f1889303e92a83880d4778ac8c26ba365.mp4' for writing
[hls @ 0x650f63ec5580] Opening '/config/cache/transcodes/e3f1889303e92a83880d4778ac8c26ba366.mp4' for writing
[hls @ 0x650f63ec5580] Opening '/config/cache/transcodes/e3f1889303e92a83880d4778ac8c26ba367.mp4' for writing
[hls @ 0x650f63ec5580] Opening '/config/cache/transcodes/e3f1889303e92a83880d4778ac8c26ba368.mp4' for writing
frame=46557 fps=1330 q=-1.0 size=N/A time=00:31:51.21 bitrate=N/A speed=54.6x    
[hls @ 0x650f63ec5580] Opening '/config/cache/transcodes/e3f1889303e92a83880d4778ac8c26ba369.mp4' for writing
[hls @ 0x650f63ec5580] Opening '/config/cache/transcodes/e3f1889303e92a83880d4778ac8c26ba370.mp4' for writing
[hls @ 0x650f63ec5580] Opening '/config/cache/transcodes/e3f1889303e92a83880d4778ac8c26ba371.mp4' for writing
[hls @ 0x650f63ec5580] Opening '/config/cache/transcodes/e3f1889303e92a83880d4778ac8c26ba372.mp4' for writing
frame=47260 fps=1331 q=-1.0 size=N/A time=00:32:20.48 bitrate=N/A speed=54.6x    
[hls @ 0x650f63ec5580] Opening '/config/cache/transcodes/e3f1889303e92a83880d4778ac8c26ba373.mp4' for writing
[hls @ 0x650f63ec5580] Opening '/config/cache/transcodes/e3f1889303e92a83880d4778ac8c26ba374.mp4' for writing
[hls @ 0x650f63ec5580] Opening '/config/cache/transcodes/e3f1889303e92a83880d4778ac8c26ba375.mp4' for writing
[hls @ 0x650f63ec5580] Opening '/config/cache/transcodes/e3f1889303e92a83880d4778ac8c26ba376.mp4' for writing
[hls @ 0x650f63ec5580] Opening '/config/cache/transcodes/e3f1889303e92a83880d4778ac8c26ba377.mp4' for writing
[hls @ 0x650f63ec5580] Opening '/config/cache/transcodes/e3f1889303e92a83880d4778ac8c26ba378.mp4' for writing
[hls @ 0x650f63ec5580] Opening '/config/cache/transcodes/e3f1889303e92a83880d4778ac8c26ba379.mp4' for writing
frame=48109 fps=1336 q=-1.0 size=N/A time=00:32:55.93 bitrate=N/A speed=54.9x    
[hls @ 0x650f63ec5580] Opening '/config/cache/transcodes/e3f1889303e92a83880d4778ac8c26ba380.mp4' for writing
[hls @ 0x650f63ec5580] Opening '/config/cache/transcodes/e3f1889303e92a83880d4778ac8c26ba381.mp4' for writing
[hls @ 0x650f63ec5580] Opening '/config/cache/transcodes/e3f1889303e92a83880d4778ac8c26ba382.mp4' for writing
[hls @ 0x650f63ec5580] Opening '/config/cache/transcodes/e3f1889303e92a83880d4778ac8c26ba383.mp4' for writing
[hls @ 0x650f63ec5580] Opening '/config/cache/transcodes/e3f1889303e92a83880d4778ac8c26ba384.mp4' for writing
frame=48969 fps=1341 q=-1.0 size=N/A time=00:33:31.79 bitrate=N/A speed=55.1x    
[hls @ 0x650f63ec5580] Opening '/config/cache/transcodes/e3f1889303e92a83880d4778ac8c26ba385.mp4' for writing
[hls @ 0x650f63ec5580] Opening '/config/cache/transcodes/e3f1889303e92a83880d4778ac8c26ba386.mp4' for writing
[hls @ 0x650f63ec5580] Opening '/config/cache/transcodes/e3f1889303e92a83880d4778ac8c26ba387.mp4' for writing
[hls @ 0x650f63ec5580] Opening '/config/cache/transcodes/e3f1889303e92a83880d4778ac8c26ba388.mp4' for writing
[hls @ 0x650f63ec5580] Opening '/config/cache/transcodes/e3f1889303e92a83880d4778ac8c26ba389.mp4' for writing
[hls @ 0x650f63ec5580] Opening '/config/cache/transcodes/e3f1889303e92a83880d4778ac8c26ba390.mp4' for writing
frame=49745 fps=1344 q=-1.0 size=N/A time=00:34:04.16 bitrate=N/A speed=55.2x    
[hls @ 0x650f63ec5580] Opening '/config/cache/transcodes/e3f1889303e92a83880d4778ac8c26ba391.mp4' for writing
[hls @ 0x650f63ec5580] Opening '/config/cache/transcodes/e3f1889303e92a83880d4778ac8c26ba392.mp4' for writing
[hls @ 0x650f63ec5580] Opening '/config/cache/transcodes/e3f1889303e92a83880d4778ac8c26ba393.mp4' for writing
[hls @ 0x650f63ec5580] Opening '/config/cache/transcodes/e3f1889303e92a83880d4778ac8c26ba394.mp4' for writing
[hls @ 0x650f63ec5580] Opening '/config/cache/transcodes/e3f1889303e92a83880d4778ac8c26ba395.mp4' for writing
[hls @ 0x650f63ec5580] Opening '/config/cache/transcodes/e3f1889303e92a83880d4778ac8c26ba396.mp4' for writing
frame=50546 fps=1348 q=-1.0 size=N/A time=00:34:37.80 bitrate=N/A speed=55.4x    
[hls @ 0x650f63ec5580] Opening '/config/cache/transcodes/e3f1889303e92a83880d4778ac8c26ba397.mp4' for writing
[hls @ 0x650f63ec5580] Opening '/config/cache/transcodes/e3f1889303e92a83880d4778ac8c26ba398.mp4' for writing
[hls @ 0x650f63ec5580] Opening '/config/cache/transcodes/e3f1889303e92a83880d4778ac8c26ba399.mp4' for writing
[hls @ 0x650f63ec5580] Opening '/config/cache/transcodes/e3f1889303e92a83880d4778ac8c26ba400.mp4' for writing
frame=51212 fps=1347 q=-1.0 size=N/A time=00:35:05.32 bitrate=N/A speed=55.4x    
[hls @ 0x650f63ec5580] Opening '/config/cache/transcodes/e3f1889303e92a83880d4778ac8c26ba401.mp4' for writing
[hls @ 0x650f63ec5580] Opening '/config/cache/transcodes/e3f1889303e92a83880d4778ac8c26ba402.mp4' for writing
[hls @ 0x650f63ec5580] Opening '/config/cache/transcodes/e3f1889303e92a83880d4778ac8c26ba403.mp4' for writing
[hls @ 0x650f63ec5580] Opening '/config/cache/transcodes/e3f1889303e92a83880d4778ac8c26ba404.mp4' for writing
frame=51751 fps=1344 q=-1.0 size=N/A time=00:35:28.17 bitrate=N/A speed=55.3x    
frame=51926 fps=1331 q=-1.0 size=N/A time=00:35:35.53 bitrate=N/A speed=54.7x    
[hls @ 0x650f63ec5580] Opening '/config/cache/transcodes/e3f1889303e92a83880d4778ac8c26ba405.mp4' for writing
[hls @ 0x650f63ec5580] Opening '/config/cache/transcodes/e3f1889303e92a83880d4778ac8c26ba406.mp4' for writing
[hls @ 0x650f63ec5580] Opening '/config/cache/transcodes/e3f1889303e92a83880d4778ac8c26ba407.mp4' for writing
[hls @ 0x650f63ec5580] Opening '/config/cache/transcodes/e3f1889303e92a83880d4778ac8c26ba408.mp4' for writing
[hls @ 0x650f63ec5580] Opening '/config/cache/transcodes/e3f1889303e92a83880d4778ac8c26ba409.mp4' for writing
frame=52722 fps=1334 q=-1.0 size=N/A time=00:36:08.36 bitrate=N/A speed=54.9x    
[hls @ 0x650f63ec5580] Opening '/config/cache/transcodes/e3f1889303e92a83880d4778ac8c26ba410.mp4' for writing
[hls @ 0x650f63ec5580] Opening '/config/cache/transcodes/e3f1889303e92a83880d4778ac8c26ba411.mp4' for writing
[hls @ 0x650f63ec5580] Opening '/config/cache/transcodes/e3f1889303e92a83880d4778ac8c26ba412.mp4' for writing
[hls @ 0x650f63ec5580] Opening '/config/cache/transcodes/e3f1889303e92a83880d4778ac8c26ba413.mp4' for writing
[hls @ 0x650f63ec5580] Opening '/config/cache/transcodes/e3f1889303e92a83880d4778ac8c26ba414.mp4' for writing
[hls @ 0x650f63ec5580] Opening '/config/cache/transcodes/e3f1889303e92a83880d4778ac8c26ba415.mp4' for writing
frame=53326 fps=1333 q=-1.0 size=N/A time=00:36:33.94 bitrate=N/A speed=54.8x    
[hls @ 0x650f63ec5580] Opening '/config/cache/transcodes/e3f1889303e92a83880d4778ac8c26ba416.mp4' for writing
[hls @ 0x650f63ec5580] Opening '/config/cache/transcodes/e3f1889303e92a83880d4778ac8c26ba417.mp4' for writing
[hls @ 0x650f63ec5580] Opening '/config/cache/transcodes/e3f1889303e92a83880d4778ac8c26ba418.mp4' for writing
[hls @ 0x650f63ec5580] Opening '/config/cache/transcodes/e3f1889303e92a83880d4778ac8c26ba419.mp4' for writing
[hls @ 0x650f63ec5580] Opening '/config/cache/transcodes/e3f1889303e92a83880d4778ac8c26ba420.mp4' for writing
frame=54096 fps=1335 q=-1.0 size=N/A time=00:37:05.64 bitrate=N/A speed=54.9x    
[hls @ 0x650f63ec5580] Opening '/config/cache/transcodes/e3f1889303e92a83880d4778ac8c26ba421.mp4' for writing
[hls @ 0x650f63ec5580] Opening '/config/cache/transcodes/e3f1889303e92a83880d4778ac8c26ba422.mp4' for writing
[hls @ 0x650f63ec5580] Opening '/config/cache/transcodes/e3f1889303e92a83880d4778ac8c26ba423.mp4' for writing
[hls @ 0x650f63ec5580] Opening '/config/cache/transcodes/e3f1889303e92a83880d4778ac8c26ba424.mp4' for writing
frame=54786 fps=1336 q=-1.0 size=N/A time=00:37:34.42 bitrate=N/A speed=  55x    
[hls @ 0x650f63ec5580] Opening '/config/cache/transcodes/e3f1889303e92a83880d4778ac8c26ba425.mp4' for writing
[hls @ 0x650f63ec5580] Opening '/config/cache/transcodes/e3f1889303e92a83880d4778ac8c26ba426.mp4' for writing
[hls @ 0x650f63ec5580] Opening '/config/cache/transcodes/e3f1889303e92a83880d4778ac8c26ba427.mp4' for writing
[hls @ 0x650f63ec5580] Opening '/config/cache/transcodes/e3f1889303e92a83880d4778ac8c26ba428.mp4' for writing
[hls @ 0x650f63ec5580] Opening '/config/cache/transcodes/e3f1889303e92a83880d4778ac8c26ba429.mp4' for writing
[hls @ 0x650f63ec5580] Opening '/config/cache/transcodes/e3f1889303e92a83880d4778ac8c26ba430.mp4' for writing
frame=55721 fps=1342 q=-1.0 size=N/A time=00:38:13.37 bitrate=N/A speed=55.2x    
[hls @ 0x650f63ec5580] Opening '/config/cache/transcodes/e3f1889303e92a83880d4778ac8c26ba431.mp4' for writing
[hls @ 0x650f63ec5580] Opening '/config/cache/transcodes/e3f1889303e92a83880d4778ac8c26ba432.mp4' for writing
[hls @ 0x650f63ec5580] Opening '/config/cache/transcodes/e3f1889303e92a83880d4778ac8c26ba433.mp4' for writing
[hls @ 0x650f63ec5580] Opening '/config/cache/transcodes/e3f1889303e92a83880d4778ac8c26ba434.mp4' for writing
[hls @ 0x650f63ec5580] Opening '/config/cache/transcodes/e3f1889303e92a83880d4778ac8c26ba435.mp4' for writing
[hls @ 0x650f63ec5580] Opening '/config/cache/transcodes/e3f1889303e92a83880d4778ac8c26ba436.mp4' for writing
[hls @ 0x650f63ec5580] Opening '/config/cache/transcodes/e3f1889303e92a83880d4778ac8c26ba437.mp4' for writing
frame=56668 fps=1349 q=-1.0 size=N/A time=00:38:52.92 bitrate=N/A speed=55.5x    
[hls @ 0x650f63ec5580] Opening '/config/cache/transcodes/e3f1889303e92a83880d4778ac8c26ba438.mp4' for writing
[hls @ 0x650f63ec5580] Opening '/config/cache/transcodes/e3f1889303e92a83880d4778ac8c26ba439.mp4' for writing
[hls @ 0x650f63ec5580] Opening '/config/cache/transcodes/e3f1889303e92a83880d4778ac8c26ba440.mp4' for writing
[hls @ 0x650f63ec5580] Opening '/config/cache/transcodes/e3f1889303e92a83880d4778ac8c26ba441.mp4' for writing
[hls @ 0x650f63ec5580] Opening '/config/cache/transcodes/e3f1889303e92a83880d4778ac8c26ba442.mp4' for writing
[hls @ 0x650f63ec5580] Opening '/config/cache/transcodes/e3f1889303e92a83880d4778ac8c26ba443.mp4' for writing
frame=57503 fps=1353 q=-1.0 size=N/A time=00:39:27.72 bitrate=N/A speed=55.7x    
[hls @ 0x650f63ec5580] Opening '/config/cache/transcodes/e3f1889303e92a83880d4778ac8c26ba444.mp4' for writing
[hls @ 0x650f63ec5580] Opening '/config/cache/transcodes/e3f1889303e92a83880d4778ac8c26ba445.mp4' for writing
[hls @ 0x650f63ec5580] Opening '/config/cache/transcodes/e3f1889303e92a83880d4778ac8c26ba446.mp4' for writing
[hls @ 0x650f63ec5580] Opening '/config/cache/transcodes/e3f1889303e92a83880d4778ac8c26ba447.mp4' for writing
[hls @ 0x650f63ec5580] Opening '/config/cache/transcodes/e3f1889303e92a83880d4778ac8c26ba448.mp4' for writing
[hls @ 0x650f63ec5580] Opening '/config/cache/transcodes/e3f1889303e92a83880d4778ac8c26ba449.mp4' for writing
frame=58132 fps=1352 q=-1.0 size=N/A time=00:39:54.38 bitrate=N/A speed=55.7x    
[hls @ 0x650f63ec5580] Opening '/config/cache/transcodes/e3f1889303e92a83880d4778ac8c26ba450.mp4' for writing
[hls @ 0x650f63ec5580] Opening '/config/cache/transcodes/e3f1889303e92a83880d4778ac8c26ba451.mp4' for writing
[hls @ 0x650f63ec5580] Opening '/config/cache/transcodes/e3f1889303e92a83880d4778ac8c26ba452.mp4' for writing
frame=58811 fps=1352 q=-1.0 size=N/A time=00:40:22.29 bitrate=N/A speed=55.7x    
[hls @ 0x650f63ec5580] Opening '/config/cache/transcodes/e3f1889303e92a83880d4778ac8c26ba453.mp4' for writing
[hls @ 0x650f63ec5580] Opening '/config/cache/transcodes/e3f1889303e92a83880d4778ac8c26ba454.mp4' for writing
[hls @ 0x650f63ec5580] Opening '/config/cache/transcodes/e3f1889303e92a83880d4778ac8c26ba455.mp4' for writing
[hls @ 0x650f63ec5580] Opening '/config/cache/transcodes/e3f1889303e92a83880d4778ac8c26ba456.mp4' for writing
[hls @ 0x650f63ec5580] Opening '/config/cache/transcodes/e3f1889303e92a83880d4778ac8c26ba457.mp4' for writing
[hls @ 0x650f63ec5580] Opening '/config/cache/transcodes/e3f1889303e92a83880d4778ac8c26ba458.mp4' for writing
[hls @ 0x650f63ec5580] Opening '/config/cache/transcodes/e3f1889303e92a83880d4778ac8c26ba459.mp4' for writing
frame=59733 fps=1357 q=-1.0 size=N/A time=00:41:00.73 bitrate=N/A speed=55.9x    
[hls @ 0x650f63ec5580] Opening '/config/cache/transcodes/e3f1889303e92a83880d4778ac8c26ba460.mp4' for writing
[hls @ 0x650f63ec5580] Opening '/config/cache/transcodes/e3f1889303e92a83880d4778ac8c26ba461.mp4' for writing
[hls @ 0x650f63ec5580] Opening '/config/cache/transcodes/e3f1889303e92a83880d4778ac8c26ba462.mp4' for writing
[hls @ 0x650f63ec5580] Opening '/config/cache/transcodes/e3f1889303e92a83880d4778ac8c26ba463.mp4' for writing
[hls @ 0x650f63ec5580] Opening '/config/cache/transcodes/e3f1889303e92a83880d4778ac8c26ba464.mp4' for writing
[hls @ 0x650f63ec5580] Opening '/config/cache/transcodes/e3f1889303e92a83880d4778ac8c26ba465.mp4' for writing
[hls @ 0x650f63ec5580] Opening '/config/cache/transcodes/e3f1889303e92a83880d4778ac8c26ba466.mp4' for writing
frame=60695 fps=1364 q=-1.0 size=N/A time=00:41:40.86 bitrate=N/A speed=56.2x    
[hls @ 0x650f63ec5580] Opening '/config/cache/transcodes/e3f1889303e92a83880d4778ac8c26ba467.mp4' for writing
[hls @ 0x650f63ec5580] Opening '/config/cache/transcodes/e3f1889303e92a83880d4778ac8c26ba468.mp4' for writing
[hls @ 0x650f63ec5580] Opening '/config/cache/transcodes/e3f1889303e92a83880d4778ac8c26ba469.mp4' for writing
[hls @ 0x650f63ec5580] Opening '/config/cache/transcodes/e3f1889303e92a83880d4778ac8c26ba470.mp4' for writing
[hls @ 0x650f63ec5580] Opening '/config/cache/transcodes/e3f1889303e92a83880d4778ac8c26ba471.mp4' for writing
frame=61503 fps=1366 q=-1.0 size=N/A time=00:42:14.57 bitrate=N/A speed=56.3x    
[hls @ 0x650f63ec5580] Opening '/config/cache/transcodes/e3f1889303e92a83880d4778ac8c26ba472.mp4' for writing
[hls @ 0x650f63ec5580] Opening '/config/cache/transcodes/e3f1889303e92a83880d4778ac8c26ba473.mp4' for writing
[hls @ 0x650f63ec5580] Opening '/config/cache/transcodes/e3f1889303e92a83880d4778ac8c26ba474.mp4' for writing
[hls @ 0x650f63ec5580] Opening '/config/cache/transcodes/e3f1889303e92a83880d4778ac8c26ba475.mp4' for writing
[hls @ 0x650f63ec5580] Opening '/config/cache/transcodes/e3f1889303e92a83880d4778ac8c26ba476.mp4' for writing
[hls @ 0x650f63ec5580] Opening '/config/cache/transcodes/e3f1889303e92a83880d4778ac8c26ba477.mp4' for writing
[hls @ 0x650f63ec5580] Opening '/config/cache/transcodes/e3f1889303e92a83880d4778ac8c26ba478.mp4' for writing
frame=62394 fps=1371 q=-1.0 size=N/A time=00:42:51.75 bitrate=N/A speed=56.5x    
[hls @ 0x650f63ec5580] Opening '/config/cache/transcodes/e3f1889303e92a83880d4778ac8c26ba479.mp4' for writing
[hls @ 0x650f63ec5580] Opening '/config/cache/transcodes/e3f1889303e92a83880d4778ac8c26ba480.mp4' for writing
[hls @ 0x650f63ec5580] Opening '/config/cache/transcodes/e3f1889303e92a83880d4778ac8c26ba481.mp4' for writing
[hls @ 0x650f63ec5580] Opening '/config/cache/transcodes/e3f1889303e92a83880d4778ac8c26ba482.mp4' for writing
[hls @ 0x650f63ec5580] Opening '/config/cache/transcodes/e3f1889303e92a83880d4778ac8c26ba483.mp4' for writing
[hls @ 0x650f63ec5580] Opening '/config/cache/transcodes/e3f1889303e92a83880d4778ac8c26ba484.mp4' for writing
frame=63273 fps=1375 q=-1.0 size=N/A time=00:43:28.78 bitrate=N/A speed=56.7x    
[hls @ 0x650f63ec5580] Opening '/config/cache/transcodes/e3f1889303e92a83880d4778ac8c26ba485.mp4' for writing
[hls @ 0x650f63ec5580] Opening '/config/cache/transcodes/e3f1889303e92a83880d4778ac8c26ba486.mp4' for writing
[hls @ 0x650f63ec5580] Opening '/config/cache/transcodes/e3f1889303e92a83880d4778ac8c26ba487.mp4' for writing
[hls @ 0x650f63ec5580] Opening '/config/cache/transcodes/e3f1889303e92a83880d4778ac8c26ba488.mp4' for writing
[hls @ 0x650f63ec5580] Opening '/config/cache/transcodes/e3f1889303e92a83880d4778ac8c26ba489.mp4' for writing
[hls @ 0x650f63ec5580] Opening '/config/cache/transcodes/e3f1889303e92a83880d4778ac8c26ba490.mp4' for writing
frame=64102 fps=1378 q=-1.0 size=N/A time=00:44:02.94 bitrate=N/A speed=56.8x    
[hls @ 0x650f63ec5580] Opening '/config/cache/transcodes/e3f1889303e92a83880d4778ac8c26ba491.mp4' for writing
[hls @ 0x650f63ec5580] Opening '/config/cache/transcodes/e3f1889303e92a83880d4778ac8c26ba492.mp4' for writing
[hls @ 0x650f63ec5580] Opening '/config/cache/transcodes/e3f1889303e92a83880d4778ac8c26ba493.mp4' for writing
[hls @ 0x650f63ec5580] Opening '/config/cache/transcodes/e3f1889303e92a83880d4778ac8c26ba494.mp4' for writing
frame=64851 fps=1379 q=-1.0 size=N/A time=00:44:34.19 bitrate=N/A speed=56.9x    
[hls @ 0x650f63ec5580] Opening '/config/cache/transcodes/e3f1889303e92a83880d4778ac8c26ba495.mp4' for writing
[hls @ 0x650f63ec5580] Opening '/config/cache/transcodes/e3f1889303e92a83880d4778ac8c26ba496.mp4' for writing
[hls @ 0x650f63ec5580] Opening '/config/cache/transcodes/e3f1889303e92a83880d4778ac8c26ba497.mp4' for writing
[hls @ 0x650f63ec5580] Opening '/config/cache/transcodes/e3f1889303e92a83880d4778ac8c26ba498.mp4' for writing
[hls @ 0x650f63ec5580] Opening '/config/cache/transcodes/e3f1889303e92a83880d4778ac8c26ba499.mp4' for writing
[hls @ 0x650f63ec5580] Opening '/config/cache/transcodes/e3f1889303e92a83880d4778ac8c26ba500.mp4' for writing
frame=65745 fps=1384 q=-1.0 size=N/A time=00:45:11.91 bitrate=N/A speed=57.1x    
[hls @ 0x650f63ec5580] Opening '/config/cache/transcodes/e3f1889303e92a83880d4778ac8c26ba501.mp4' for writing
[hls @ 0x650f63ec5580] Opening '/config/cache/transcodes/e3f1889303e92a83880d4778ac8c26ba502.mp4' for writing
[hls @ 0x650f63ec5580] Opening '/config/cache/transcodes/e3f1889303e92a83880d4778ac8c26ba503.mp4' for writing
frame=66362 fps=1382 q=-1.0 size=N/A time=00:45:37.38 bitrate=N/A speed=  57x    
[hls @ 0x650f63ec5580] Opening '/config/cache/transcodes/e3f1889303e92a83880d4778ac8c26ba504.mp4' for writing
[hls @ 0x650f63ec5580] Opening '/config/cache/transcodes/e3f1889303e92a83880d4778ac8c26ba505.mp4' for writing
[hls @ 0x650f63ec5580] Opening '/config/cache/transcodes/e3f1889303e92a83880d4778ac8c26ba506.mp4' for writing
[hls @ 0x650f63ec5580] Opening '/config/cache/transcodes/e3f1889303e92a83880d4778ac8c26ba507.mp4' for writing
[hls @ 0x650f63ec5580] Opening '/config/cache/transcodes/e3f1889303e92a83880d4778ac8c26ba508.mp4' for writing
[hls @ 0x650f63ec5580] Opening '/config/cache/transcodes/e3f1889303e92a83880d4778ac8c26ba509.mp4' for writing
frame=66843 fps=1378 q=-1.0 size=N/A time=00:45:57.67 bitrate=N/A speed=56.8x    
[hls @ 0x650f63ec5580] Opening '/config/cache/transcodes/e3f1889303e92a83880d4778ac8c26ba510.mp4' for writing
[hls @ 0x650f63ec5580] Opening '/config/cache/transcodes/e3f1889303e92a83880d4778ac8c26ba511.mp4' for writing
[hls @ 0x650f63ec5580] Opening '/config/cache/transcodes/e3f1889303e92a83880d4778ac8c26ba512.mp4' for writing
[hls @ 0x650f63ec5580] Opening '/config/cache/transcodes/e3f1889303e92a83880d4778ac8c26ba513.mp4' for writing
frame=67438 fps=1376 q=-1.0 size=N/A time=00:46:22.08 bitrate=N/A speed=56.8x    
[hls @ 0x650f63ec5580] Opening '/config/cache/transcodes/e3f1889303e92a83880d4778ac8c26ba514.mp4' for writing
[hls @ 0x650f63ec5580] Opening '/config/cache/transcodes/e3f1889303e92a83880d4778ac8c26ba515.mp4' for writing
[hls @ 0x650f63ec5580] Opening '/config/cache/transcodes/e3f1889303e92a83880d4778ac8c26ba516.mp4' for writing
frame=68044 fps=1374 q=-1.0 size=N/A time=00:46:47.38 bitrate=N/A speed=56.7x    
[hls @ 0x650f63ec5580] Opening '/config/cache/transcodes/e3f1889303e92a83880d4778ac8c26ba517.mp4' for writing
[hls @ 0x650f63ec5580] Opening '/config/cache/transcodes/e3f1889303e92a83880d4778ac8c26ba518.mp4' for writing
frame=68256 fps=1365 q=-1.0 size=N/A time=00:46:56.66 bitrate=N/A speed=56.3x    
[hls @ 0x650f63ec5580] Opening '/config/cache/transcodes/e3f1889303e92a83880d4778ac8c26ba519.mp4' for writing
[hls @ 0x650f63ec5580] Opening '/config/cache/transcodes/e3f1889303e92a83880d4778ac8c26ba520.mp4' for writing
[hls @ 0x650f63ec5580] Opening '/config/cache/transcodes/e3f1889303e92a83880d4778ac8c26ba521.mp4' for writing
[hls @ 0x650f63ec5580] Opening '/config/cache/transcodes/e3f1889303e92a83880d4778ac8c26ba522.mp4' for writing
frame=68795 fps=1362 q=-1.0 size=N/A time=00:47:19.12 bitrate=N/A speed=56.2x    
[hls @ 0x650f63ec5580] Opening '/config/cache/transcodes/e3f1889303e92a83880d4778ac8c26ba523.mp4' for writing
[hls @ 0x650f63ec5580] Opening '/config/cache/transcodes/e3f1889303e92a83880d4778ac8c26ba524.mp4' for writing
[hls @ 0x650f63ec5580] Opening '/config/cache/transcodes/e3f1889303e92a83880d4778ac8c26ba525.mp4' for writing
[hls @ 0x650f63ec5580] Opening '/config/cache/transcodes/e3f1889303e92a83880d4778ac8c26ba526.mp4' for writing
frame=69410 fps=1361 q=-1.0 size=N/A time=00:47:44.68 bitrate=N/A speed=56.2x    
[hls @ 0x650f63ec5580] Opening '/config/cache/transcodes/e3f1889303e92a83880d4778ac8c26ba527.mp4' for writing
[hls @ 0x650f63ec5580] Opening '/config/cache/transcodes/e3f1889303e92a83880d4778ac8c26ba528.mp4' for writing
[hls @ 0x650f63ec5580] Opening '/config/cache/transcodes/e3f1889303e92a83880d4778ac8c26ba529.mp4' for writing
[hls @ 0x650f63ec5580] Opening '/config/cache/transcodes/e3f1889303e92a83880d4778ac8c26ba530.mp4' for writing
frame=69901 fps=1357 q=-1.0 size=N/A time=00:48:04.84 bitrate=N/A speed=  56x    
[hls @ 0x650f63ec5580] Opening '/config/cache/transcodes/e3f1889303e92a83880d4778ac8c26ba531.mp4' for writing
[hls @ 0x650f63ec5580] Opening '/config/cache/transcodes/e3f1889303e92a83880d4778ac8c26ba532.mp4' for writing
[hls @ 0x650f63ec5580] Opening '/config/cache/transcodes/e3f1889303e92a83880d4778ac8c26ba533.mp4' for writing
[hls @ 0x650f63ec5580] Opening '/config/cache/transcodes/e3f1889303e92a83880d4778ac8c26ba534.mp4' for writing
[hls @ 0x650f63ec5580] Opening '/config/cache/transcodes/e3f1889303e92a83880d4778ac8c26ba535.mp4' for writing
[hls @ 0x650f63ec5580] Opening '/config/cache/transcodes/e3f1889303e92a83880d4778ac8c26ba536.mp4' for writing
frame=70787 fps=1361 q=-1.0 size=N/A time=00:48:41.79 bitrate=N/A speed=56.2x    
[hls @ 0x650f63ec5580] Opening '/config/cache/transcodes/e3f1889303e92a83880d4778ac8c26ba537.mp4' for writing
[hls @ 0x650f63ec5580] Opening '/config/cache/transcodes/e3f1889303e92a83880d4778ac8c26ba538.mp4' for writing
[hls @ 0x650f63ec5580] Opening '/config/cache/transcodes/e3f1889303e92a83880d4778ac8c26ba539.mp4' for writing
frame=71273 fps=1357 q=-1.0 size=N/A time=00:49:02.44 bitrate=N/A speed=  56x    
[hls @ 0x650f63ec5580] Opening '/config/cache/transcodes/e3f1889303e92a83880d4778ac8c26ba540.mp4' for writing
[hls @ 0x650f63ec5580] Opening '/config/cache/transcodes/e3f1889303e92a83880d4778ac8c26ba541.mp4' for writing
[hls @ 0x650f63ec5580] Opening '/config/cache/transcodes/e3f1889303e92a83880d4778ac8c26ba542.mp4' for writing
[hls @ 0x650f63ec5580] Opening '/config/cache/transcodes/e3f1889303e92a83880d4778ac8c26ba543.mp4' for writing
frame=71808 fps=1355 q=-1.0 size=N/A time=00:49:24.37 bitrate=N/A speed=55.9x    
[hls @ 0x650f63ec5580] Opening '/config/cache/transcodes/e3f1889303e92a83880d4778ac8c26ba544.mp4' for writing
[hls @ 0x650f63ec5580] Opening '/config/cache/transcodes/e3f1889303e92a83880d4778ac8c26ba545.mp4' for writing
[hls @ 0x650f63ec5580] Opening '/config/cache/transcodes/e3f1889303e92a83880d4778ac8c26ba546.mp4' for writing
[hls @ 0x650f63ec5580] Opening '/config/cache/transcodes/e3f1889303e92a83880d4778ac8c26ba547.mp4' for writing
[hls @ 0x650f63ec5580] Opening '/config/cache/transcodes/e3f1889303e92a83880d4778ac8c26ba548.mp4' for writing
frame=72505 fps=1355 q=-1.0 size=N/A time=00:49:53.42 bitrate=N/A speed=55.9x    
[hls @ 0x650f63ec5580] Opening '/config/cache/transcodes/e3f1889303e92a83880d4778ac8c26ba549.mp4' for writing
[hls @ 0x650f63ec5580] Opening '/config/cache/transcodes/e3f1889303e92a83880d4778ac8c26ba550.mp4' for writing
[hls @ 0x650f63ec5580] Opening '/config/cache/transcodes/e3f1889303e92a83880d4778ac8c26ba551.mp4' for writing
[hls @ 0x650f63ec5580] Opening '/config/cache/transcodes/e3f1889303e92a83880d4778ac8c26ba552.mp4' for writing
frame=73220 fps=1356 q=-1.0 size=N/A time=00:50:23.70 bitrate=N/A speed=  56x    
[hls @ 0x650f63ec5580] Opening '/config/cache/transcodes/e3f1889303e92a83880d4778ac8c26ba553.mp4' for writing
[hls @ 0x650f63ec5580] Opening '/config/cache/transcodes/e3f1889303e92a83880d4778ac8c26ba554.mp4' for writing
[hls @ 0x650f63ec5580] Opening '/config/cache/transcodes/e3f1889303e92a83880d4778ac8c26ba555.mp4' for writing
[hls @ 0x650f63ec5580] Opening '/config/cache/transcodes/e3f1889303e92a83880d4778ac8c26ba556.mp4' for writing
[hls @ 0x650f63ec5580] Opening '/config/cache/transcodes/e3f1889303e92a83880d4778ac8c26ba557.mp4' for writing
[hls @ 0x650f63ec5580] Opening '/config/cache/transcodes/e3f1889303e92a83880d4778ac8c26ba558.mp4' for writing
frame=74011 fps=1358 q=-1.0 size=N/A time=00:50:56.27 bitrate=N/A speed=56.1x    
[hls @ 0x650f63ec5580] Opening '/config/cache/transcodes/e3f1889303e92a83880d4778ac8c26ba559.mp4' for writing
[hls @ 0x650f63ec5580] Opening '/config/cache/transcodes/e3f1889303e92a83880d4778ac8c26ba560.mp4' for writing
[hls @ 0x650f63ec5580] Opening '/config/cache/transcodes/e3f1889303e92a83880d4778ac8c26ba561.mp4' for writing
[hls @ 0x650f63ec5580] Opening '/config/cache/transcodes/e3f1889303e92a83880d4778ac8c26ba562.mp4' for writing
[hls @ 0x650f63ec5580] Opening '/config/cache/transcodes/e3f1889303e92a83880d4778ac8c26ba563.mp4' for writing
[hls @ 0x650f63ec5580] Opening '/config/cache/transcodes/e3f1889303e92a83880d4778ac8c26ba564.mp4' for writing
[hls @ 0x650f63ec5580] Opening '/config/cache/transcodes/e3f1889303e92a83880d4778ac8c26ba565.mp4' for writing
frame=74891 fps=1361 q=-1.0 size=N/A time=00:51:32.99 bitrate=N/A speed=56.2x    
[hls @ 0x650f63ec5580] Opening '/config/cache/transcodes/e3f1889303e92a83880d4778ac8c26ba566.mp4' for writing
[hls @ 0x650f63ec5580] Opening '/config/cache/transcodes/e3f1889303e92a83880d4778ac8c26ba567.mp4' for writing
[hls @ 0x650f63ec5580] Opening '/config/cache/transcodes/e3f1889303e92a83880d4778ac8c26ba568.mp4' for writing
[hls @ 0x650f63ec5580] Opening '/config/cache/transcodes/e3f1889303e92a83880d4778ac8c26ba569.mp4' for writing
[hls @ 0x650f63ec5580] Opening '/config/cache/transcodes/e3f1889303e92a83880d4778ac8c26ba570.mp4' for writing
[hls @ 0x650f63ec5580] Opening '/config/cache/transcodes/e3f1889303e92a83880d4778ac8c26ba571.mp4' for writing
frame=75755 fps=1365 q=-1.0 size=N/A time=00:52:09.08 bitrate=N/A speed=56.4x    
[hls @ 0x650f63ec5580] Opening '/config/cache/transcodes/e3f1889303e92a83880d4778ac8c26ba572.mp4' for writing
[hls @ 0x650f63ec5580] Opening '/config/cache/transcodes/e3f1889303e92a83880d4778ac8c26ba573.mp4' for writing
[hls @ 0x650f63ec5580] Opening '/config/cache/transcodes/e3f1889303e92a83880d4778ac8c26ba574.mp4' for writing
[hls @ 0x650f63ec5580] Opening '/config/cache/transcodes/e3f1889303e92a83880d4778ac8c26ba575.mp4' for writing
[out#0/hls @ 0x650f63ec5080] video:745318KiB audio:99303KiB subtitle:0KiB other streams:0KiB global headers:0KiB muxing overhead: unknown
frame=76185 fps=1366 q=-1.0 Lsize=N/A time=00:52:27.38 bitrate=N/A speed=56.4x    