{"Protocol":0,"Id":"2c00cd62f5521a25dfe24a4634a5ebd8","Path":"/data/serie/Invasion.S01e10.1080p.WEB-DL.DUAL/Invasion.S01e10.1080p.WEB-DL.DUAL.mkv","EncoderPath":null,"EncoderProtocol":null,"Type":0,"Container":"mkv","Size":1621745782,"Name":"Invasion.S01e10.1080p.WEB-DL.DUAL","IsRemote":false,"ETag":"dacaaab9343c27b8a9d65061e1445eb1","RunTimeTicks":34762880000,"ReadAtNativeFramerate":false,"IgnoreDts":false,"IgnoreIndex":false,"GenPtsInput":false,"SupportsTranscoding":true,"SupportsDirectStream":true,"SupportsDirectPlay":true,"IsInfiniteStream":false,"UseMostCompatibleTranscodingProfile":false,"RequiresOpening":false,"OpenToken":null,"RequiresClosing":false,"LiveStreamId":null,"BufferMs":null,"RequiresLooping":false,"SupportsProbing":true,"VideoType":0,"IsoType":null,"Video3DFormat":null,"MediaStreams":[{"Codec":"subrip","CodecTag":null,"Language":"pob","ColorRange":null,"ColorSpace":null,"ColorTransfer":null,"ColorPrimaries":null,"DvVersionMajor":null,"DvVersionMinor":null,"DvProfile":null,"DvLevel":null,"RpuPresentFlag":null,"ElPresentFlag":null,"BlPresentFlag":null,"DvBlSignalCompatibilityId":null,"Rotation":null,"Comment":null,"TimeBase":"1/1000","CodecTimeBase":null,"Title":null,"VideoRange":0,"VideoRangeType":0,"VideoDoViTitle":null,"AudioSpatialFormat":0,"LocalizedUndefined":"Indefinido","LocalizedDefault":"Padr\u00E3o","LocalizedForced":"For\u00E7ado","LocalizedExternal":"Externo","LocalizedHearingImpaired":"Defici\u00EAncia Auditiva","DisplayTitle":"Pob - For\u00E7ado - SUBRIP - Externo","NalLengthSize":null,"IsInterlaced":false,"IsAVC":false,"ChannelLayout":null,"BitRate":null,"BitDepth":null,"RefFrames":null,"PacketLength":null,"Channels":null,"SampleRate":null,"IsDefault":false,"IsForced":true,"IsHearingImpaired":false,"Height":0,"Width":0,"AverageFrameRate":null,"RealFrameRate":null,"ReferenceFrameRate":null,"Profile":null,"Type":2,"AspectRatio":null,"Index":0,"Score":null,"IsExternal":true,"DeliveryMethod":null,"DeliveryUrl":null,"IsExternalUrl":null,"IsTextSubtitleStream":true,"SupportsExternalStream":true,"Path":"/data/serie/Invasion.S01e10.1080p.WEB-DL.DUAL/Invasion.S01e10.1080p.WEB-DL.DUAL.pob.forced.srt","PixelFormat":null,"Level":0,"IsAnamorphic":null},{"Codec":"h264","CodecTag":null,"Language":null,"ColorRange":null,"ColorSpace":"bt709","ColorTransfer":"bt709","ColorPrimaries":"bt709","DvVersionMajor":null,"DvVersionMinor":null,"DvProfile":null,"DvLevel":null,"RpuPresentFlag":null,"ElPresentFlag":null,"BlPresentFlag":null,"DvBlSignalCompatibilityId":null,"Rotation":null,"Comment":null,"TimeBase":"1/1000","CodecTimeBase":null,"Title":null,"VideoRange":1,"VideoRangeType":1,"VideoDoViTitle":null,"AudioSpatialFormat":0,"LocalizedUndefined":null,"LocalizedDefault":null,"LocalizedForced":null,"LocalizedExternal":null,"LocalizedHearingImpaired":null,"DisplayTitle":"1080p H264 SDR","NalLengthSize":"4","IsInterlaced":false,"IsAVC":true,"ChannelLayout":null,"BitRate":3732132,"BitDepth":8,"RefFrames":1,"PacketLength":null,"Channels":null,"SampleRate":null,"IsDefault":true,"IsForced":false,"IsHearingImpaired":false,"Height":960,"Width":1920,"AverageFrameRate":23.976025,"RealFrameRate":23.976025,"ReferenceFrameRate":23.976025,"Profile":"High","Type":1,"AspectRatio":"2:1","Index":1,"Score":null,"IsExternal":false,"DeliveryMethod":null,"DeliveryUrl":null,"IsExternalUrl":null,"IsTextSubtitleStream":false,"SupportsExternalStream":false,"Path":null,"PixelFormat":"yuv420p","Level":41,"IsAnamorphic":false},{"Codec":"ac3","CodecTag":null,"Language":"por","ColorRange":null,"ColorSpace":null,"ColorTransfer":null,"ColorPrimaries":null,"DvVersionMajor":null,"DvVersionMinor":null,"DvProfile":null,"DvLevel":null,"RpuPresentFlag":null,"ElPresentFlag":null,"BlPresentFlag":null,"DvBlSignalCompatibilityId":null,"Rotation":null,"Comment":null,"TimeBase":"1/1000","CodecTimeBase":null,"Title":"Brazilian","VideoRange":0,"VideoRangeType":0,"VideoDoViTitle":null,"AudioSpatialFormat":0,"LocalizedUndefined":null,"LocalizedDefault":"Padr\u00E3o","LocalizedForced":null,"LocalizedExternal":"Externo","LocalizedHearingImpaired":null,"DisplayTitle":"Brazilian - Portuguese - Dolby Digital - 5.1 - Padr\u00E3o","NalLengthSize":null,"IsInterlaced":false,"IsAVC":false,"ChannelLayout":"5.1","BitRate":640000,"BitDepth":null,"RefFrames":null,"PacketLength":null,"Channels":6,"SampleRate":48000,"IsDefault":true,"IsForced":false,"IsHearingImpaired":false,"Height":null,"Width":null,"AverageFrameRate":null,"RealFrameRate":null,"ReferenceFrameRate":null,"Profile":null,"Type":0,"AspectRatio":null,"Index":2,"Score":null,"IsExternal":false,"DeliveryMethod":null,"DeliveryUrl":null,"IsExternalUrl":null,"IsTextSubtitleStream":false,"SupportsExternalStream":false,"Path":null,"PixelFormat":null,"Level":0,"IsAnamorphic":null},{"Codec":"ac3","CodecTag":null,"Language":"eng","ColorRange":null,"ColorSpace":null,"ColorTransfer":null,"ColorPrimaries":null,"DvVersionMajor":null,"DvVersionMinor":null,"DvProfile":null,"DvLevel":null,"RpuPresentFlag":null,"ElPresentFlag":null,"BlPresentFlag":null,"DvBlSignalCompatibilityId":null,"Rotation":null,"Comment":null,"TimeBase":"1/1000","CodecTimeBase":null,"Title":"English","VideoRange":0,"VideoRangeType":0,"VideoDoViTitle":null,"AudioSpatialFormat":0,"LocalizedUndefined":null,"LocalizedDefault":"Padr\u00E3o","LocalizedForced":null,"LocalizedExternal":"Externo","LocalizedHearingImpaired":null,"DisplayTitle":"English - Dolby Digital - 5.1","NalLengthSize":null,"IsInterlaced":false,"IsAVC":false,"ChannelLayout":"5.1","BitRate":640000,"BitDepth":null,"RefFrames":null,"PacketLength":null,"Channels":6,"SampleRate":48000,"IsDefault":false,"IsForced":false,"IsHearingImpaired":false,"Height":null,"Width":null,"AverageFrameRate":null,"RealFrameRate":null,"ReferenceFrameRate":null,"Profile":null,"Type":0,"AspectRatio":null,"Index":3,"Score":null,"IsExternal":false,"DeliveryMethod":null,"DeliveryUrl":null,"IsExternalUrl":null,"IsTextSubtitleStream":false,"SupportsExternalStream":false,"Path":null,"PixelFormat":null,"Level":0,"IsAnamorphic":null},{"Codec":"ass","CodecTag":null,"Language":"por","ColorRange":null,"ColorSpace":null,"ColorTransfer":null,"ColorPrimaries":null,"DvVersionMajor":null,"DvVersionMinor":null,"DvProfile":null,"DvLevel":null,"RpuPresentFlag":null,"ElPresentFlag":null,"BlPresentFlag":null,"DvBlSignalCompatibilityId":null,"Rotation":null,"Comment":null,"TimeBase":"1/1000","CodecTimeBase":null,"Title":"Brazilian (Forced)","VideoRange":0,"VideoRangeType":0,"VideoDoViTitle":null,"AudioSpatialFormat":0,"LocalizedUndefined":"Indefinido","LocalizedDefault":"Padr\u00E3o","LocalizedForced":"For\u00E7ado","LocalizedExternal":"Externo","LocalizedHearingImpaired":"Defici\u00EAncia Auditiva","DisplayTitle":"Brazilian (Forced) - Portuguese - ASS","NalLengthSize":null,"IsInterlaced":false,"IsAVC":false,"ChannelLayout":null,"BitRate":null,"BitDepth":null,"RefFrames":null,"PacketLength":null,"Channels":null,"SampleRate":null,"IsDefault":false,"IsForced":false,"IsHearingImpaired":false,"Height":0,"Width":0,"AverageFrameRate":null,"RealFrameRate":null,"ReferenceFrameRate":null,"Profile":null,"Type":2,"AspectRatio":null,"Index":4,"Score":null,"IsExternal":false,"DeliveryMethod":null,"DeliveryUrl":null,"IsExternalUrl":null,"IsTextSubtitleStream":true,"SupportsExternalStream":true,"Path":null,"PixelFormat":null,"Level":0,"IsAnamorphic":null}],"MediaAttachments":[],"Formats":[],"Bitrate":5012132,"FallbackMaxStreamingBitrate":null,"Timestamp":null,"RequiredHttpHeaders":{},"TranscodingUrl":null,"TranscodingSubProtocol":0,"TranscodingContainer":null,"AnalyzeDurationMs":null,"DefaultAudioStreamIndex":null,"DefaultSubtitleStreamIndex":null,"HasSegments":true}

/usr/lib/jellyfin-ffmpeg/ffmpeg -analyzeduration 200M -probesize 1G  -i file:"/data/serie/Invasion.S01e10.1080p.WEB-DL.DUAL/Invasion.S01e10.1080p.WEB-DL.DUAL.mkv" -map_metadata -1 -map_chapters -1 -threads 6 -map 0:0 -map 0:1 -codec:v:0 libx265 -tag:v:0 hvc1 -preset veryfast -crf 28 -maxrate 3732132 -bufsize 7464264 -profile:v:0 main -x265-params:0 no-scenecut=1:no-open-gop=1:no-info=1:subme=3:merange=25:rc-lookahead=10:me=star:ctu=32:max-tu-size=32:min-cu-size=16:rskip=2:rskip-edge-threshold=2:no-sao=1:no-strong-intra-smoothing=1 -force_key_frames:0 "expr:gte(t,n_forced*3)" -vf "setparams=color_primaries=bt709:color_trc=bt709:colorspace=bt709,scale=trunc(min(max(iw\,ih*a)\,min(3840\,2160*a))/2)*2:trunc(min(max(iw/a\,ih)\,min(3840/a\,2160))/2)*2,format=yuv420p,subtitles=f='/config/data/data/subtitles/b/be94f70d-6915-b230-36d5-a843518714f2.ass':fontsdir='/config/cache/attachments/2c00cd62f5521a25dfe24a4634a5ebd8'" -start_at_zero -codec:a:0 copy -copyts -avoid_negative_ts disabled -max_muxing_queue_size 2048 -f hls -max_delay 5000000 -hls_time 3 -hls_segment_type mpegts -start_number 0 -hls_segment_filename "/config/cache/transcodes/bad28c6d790333eeee68901f4a345acc%d.ts" -hls_playlist_type vod -hls_list_size 0 -y "/config/cache/transcodes/bad28c6d790333eeee68901f4a345acc.m3u8"


ffmpeg version 7.1.1-Jellyfin Copyright (c) 2000-2025 the FFmpeg developers
  built with gcc 13 (Ubuntu 13.3.0-6ubuntu2~24.04)
  configuration: --prefix=/usr/lib/jellyfin-ffmpeg --target-os=linux --extra-version=Jellyfin --disable-doc --disable-ffplay --disable-static --disable-libxcb --disable-sdl2 --disable-xlib --enable-lto=auto --enable-gpl --enable-version3 --enable-shared --enable-gmp --enable-gnutls --enable-chromaprint --enable-opencl --enable-libdrm --enable-libxml2 --enable-libass --enable-libfreetype --enable-libfribidi --enable-libfontconfig --enable-libharfbuzz --enable-libbluray --enable-libmp3lame --enable-libopus --enable-libtheora --enable-libvorbis --enable-libopenmpt --enable-libdav1d --enable-libsvtav1 --enable-libwebp --enable-libvpx --enable-libx264 --enable-libx265 --enable-libzvbi --enable-libzimg --enable-libfdk-aac --arch=amd64 --enable-libshaderc --enable-libplacebo --enable-vulkan --enable-vaapi --enable-amf --enable-libvpl --enable-ffnvcodec --enable-cuda --enable-cuda-llvm --enable-cuvid --enable-nvdec --enable-nvenc
  libavutil      59. 39.100 / 59. 39.100
  libavcodec     61. 19.101 / 61. 19.101
  libavformat    61.  7.100 / 61.  7.100
  libavdevice    61.  3.100 / 61.  3.100
  libavfilter    10.  4.100 / 10.  4.100
  libswscale      8.  3.100 /  8.  3.100
  libswresample   5.  3.100 /  5.  3.100
  libpostproc    58.  3.100 / 58.  3.100
Input #0, matroska,webm, from 'file:/data/serie/Invasion.S01e10.1080p.WEB-DL.DUAL/Invasion.S01e10.1080p.WEB-DL.DUAL.mkv':
  Metadata:
    title           : Invasion.S01E10.First.Day.1080p.ATVP.WEB-DL.DDP5.1.Atmos.H.264-SiGLA
    creation_time   : 2021-12-10T05:35:23.000000Z
    ENCODER         : Lavf58.29.100
  Duration: 00:57:56.29, start: 0.000000, bitrate: 3732 kb/s
  Stream #0:0: Video: h264 (High), yuv420p(tv, bt709, progressive), 1920x960 [SAR 1:1 DAR 2:1], 23.98 fps, 23.98 tbr, 1k tbn (default)
      Metadata:
        DURATION        : 00:57:56.270000000
  Stream #0:1(por): Audio: ac3, 48000 Hz, 5.1(side), fltp, 640 kb/s (default)
      Metadata:
        title           : Brazilian
        DURATION        : 00:57:56.288000000
  Stream #0:2(eng): Audio: ac3, 48000 Hz, 5.1(side), fltp, 640 kb/s
      Metadata:
        title           : English
        DURATION        : 00:57:56.288000000
  Stream #0:3(por): Subtitle: ass (ssa)
      Metadata:
        title           : Brazilian (Forced)
        DURATION        : 00:00:00.000000000
[Parsed_subtitles_3 @ 0x59f705dfa080] libass API version: 0x1704000
[Parsed_subtitles_3 @ 0x59f705dfa080] libass source: commit: 0.17.4-0-gbbb3c7f1570a4a021e52683f3fbdf74fe492ae84
[Parsed_subtitles_3 @ 0x59f705dfa080] Shaper: FriBidi 1.0.16 (SIMPLE) HarfBuzz-ng 10.4.0 (COMPLEX)
[Parsed_subtitles_3 @ 0x59f705dfa080] Using font provider fontconfig
Stream mapping:
  Stream #0:0 -> #0:0 (h264 (native) -> hevc (libx265))
  Stream #0:1 -> #0:1 (copy)
Press [q] to stop, [?] for help
[Parsed_subtitles_3 @ 0x748e08010780] libass API version: 0x1704000
[Parsed_subtitles_3 @ 0x748e08010780] libass source: commit: 0.17.4-0-gbbb3c7f1570a4a021e52683f3fbdf74fe492ae84
[Parsed_subtitles_3 @ 0x748e08010780] Shaper: FriBidi 1.0.16 (SIMPLE) HarfBuzz-ng 10.4.0 (COMPLEX)
[Parsed_subtitles_3 @ 0x748e08010780] Using font provider fontconfig
x265 [info]: HEVC encoder version 3.5+1-f0c1022b6
x265 [info]: build info [Linux][GCC 13.2.0][64 bit] 8bit+10bit+12bit
x265 [info]: using cpu capabilities: MMX2 SSE2Fast LZCNT SSSE3 SSE4.2 AVX FMA3 BMI2 AVX2
x265 [info]: Main profile, Level-4 (Main tier)
x265 [info]: Thread pool created using 8 threads
x265 [info]: Slices                              : 1
x265 [info]: frame threads / pool features       : 6 / wpp(30 rows)
set_mempolicy: Operation not permitted
set_mempolicy: Operation not permitted
set_mempolicy: Operation not permitted
set_mempolicy: Operation not permitted
set_mempolicy: Operation not permitted
set_mempolicy: Operation not permitted
set_mempolicy: Operation not permitted
set_mempolicy: Operation not permitted
set_mempolicy: Operation not permitted
set_mempolicy: Operation not permitted
set_mempolicy: Operation not permitted
set_mempolicy: Operation not permitted
set_mempolicy: Operation not permitted
set_mempolicy: Operation not permitted
set_mempolicy: Operation not permitted
set_mempolicy: Operation not permitted
set_mempolicy: Operation not permitted
set_mempolicy: Operation not permitted
set_mempolicy: Operation not permitted
set_mempolicy: Operation not permitted
set_mempolicy: Operation not permitted
set_mempolicy: Operation not permitted
set_mempolicy: Operation not permitted
set_mempolicy: Operation not permitted
set_mempolicy: Operation not permitted
set_mempolicy: Operation not permitted
set_mempolicy: Operation not permitted
set_mempolicy: Operation not permitted
x265 [info]: Coding QT: max CU size, min CU size : 32 / 16
x265 [info]: Residual QT: max TU size, max depth : 32 / 1 inter / 1 intra
x265 [info]: ME / range / subpel / merge         : star / 25 / 3 / 2
x265 [info]: Lookahead / bframes / badapt        : 10 / 4 / 0
x265 [info]: b-pyramid / weightp / weightb       : 1 / 1 / 0
x265 [info]: References / ref-limit  cu / depth  : 2 / on / on
x265 [info]: AQ: mode / str / qg-size / cu-tree  : 2 / 1.0 / 32 / 1
x265 [info]: Rate Control / qCompress            : CRF-28.0 / 0.60
x265 [info]: VBV/HRD buffer / max-rate / init    : 7464 / 3732 / 0.750
x265 [info]: tools: rd=2 psy-rd=2.00 early-skip rskip mode=2
x265 [info]: tools: rskip-edge-threshold=0.02 signhide tmvp fast-intra
x265 [info]: tools: lslices=6 deblock
Output #0, hls, to '/config/cache/transcodes/bad28c6d790333eeee68901f4a345acc.m3u8':
  Metadata:
    encoder         : Lavf61.7.100
  Stream #0:0: Video: hevc (hvc1 / 0x31637668), yuv420p(tv, bt709, progressive), 1920x960 [SAR 1:1 DAR 2:1], q=2-31, 23.98 fps, 90k tbn (default)
      Metadata:
        encoder         : Lavc61.19.101 libx265
      Side data:
        cpb: bitrate max/min/avg: 3732000/0/0 buffer size: 7464000 vbv_delay: N/A
  Stream #0:1: Audio: ac3, 48000 Hz, 5.1(side), fltp, 640 kb/s (default)
frame=   29 fps=0.0 q=36.0 size=N/A time=00:00:00.00 bitrate=N/A dup=1 drop=0 speed=   0x    
[hls @ 0x59f705dd4000] Opening '/config/cache/transcodes/bad28c6d790333eeee68901f4a345acc0.ts' for writing
frame=   75 fps= 75 q=34.0 size=N/A time=00:00:01.91 bitrate=N/A dup=1 drop=0 speed=1.92x    
frame=  125 fps= 83 q=34.0 size=N/A time=00:00:04.00 bitrate=N/A dup=1 drop=0 speed=2.67x    
[hls @ 0x59f705dd4000] Opening '/config/cache/transcodes/bad28c6d790333eeee68901f4a345acc1.ts' for writing
frame=  169 fps= 84 q=36.0 size=N/A time=00:00:05.83 bitrate=N/A dup=1 drop=0 speed=2.92x    
[hls @ 0x59f705dd4000] Opening '/config/cache/transcodes/bad28c6d790333eeee68901f4a345acc2.ts' for writing
frame=  219 fps= 87 q=34.0 size=N/A time=00:00:07.92 bitrate=N/A dup=1 drop=0 speed=3.17x    
frame=  266 fps= 89 q=36.0 size=N/A time=00:00:09.88 bitrate=N/A dup=1 drop=0 speed=3.29x    
[hls @ 0x59f705dd4000] Opening '/config/cache/transcodes/bad28c6d790333eeee68901f4a345acc3.ts' for writing
frame=  309 fps= 88 q=36.0 size=N/A time=00:00:11.67 bitrate=N/A dup=1 drop=0 speed=3.33x    
frame=  354 fps= 88 q=36.0 size=N/A time=00:00:13.55 bitrate=N/A dup=1 drop=0 speed=3.39x    
[hls @ 0x59f705dd4000] Opening '/config/cache/transcodes/bad28c6d790333eeee68901f4a345acc4.ts' for writing
frame=  401 fps= 89 q=36.0 size=N/A time=00:00:15.51 bitrate=N/A dup=1 drop=0 speed=3.45x    
[hls @ 0x59f705dd4000] Opening '/config/cache/transcodes/bad28c6d790333eeee68901f4a345acc5.ts' for writing
frame=  444 fps= 89 q=33.0 size=N/A time=00:00:17.30 bitrate=N/A dup=1 drop=0 speed=3.46x    
frame=  490 fps= 89 q=34.0 size=N/A time=00:00:19.22 bitrate=N/A dup=1 drop=0 speed=3.49x    
[hls @ 0x59f705dd4000] Opening '/config/cache/transcodes/bad28c6d790333eeee68901f4a345acc6.ts' for writing
frame=  535 fps= 89 q=36.0 size=N/A time=00:00:21.10 bitrate=N/A dup=1 drop=0 speed=3.52x    
[hls @ 0x59f705dd4000] Opening '/config/cache/transcodes/bad28c6d790333eeee68901f4a345acc7.ts' for writing
frame=  580 fps= 89 q=36.0 size=N/A time=00:00:22.98 bitrate=N/A dup=1 drop=0 speed=3.53x    
frame=  627 fps= 90 q=36.0 size=N/A time=00:00:24.94 bitrate=N/A dup=1 drop=0 speed=3.56x    
[hls @ 0x59f705dd4000] Opening '/config/cache/transcodes/bad28c6d790333eeee68901f4a345acc8.ts' for writing
frame=  666 fps= 89 q=31.6 size=N/A time=00:00:26.56 bitrate=N/A dup=1 drop=0 speed=3.54x    
frame=  702 fps= 88 q=32.7 size=N/A time=00:00:28.06 bitrate=N/A dup=1 drop=0 speed=3.51x    
[hls @ 0x59f705dd4000] Opening '/config/cache/transcodes/bad28c6d790333eeee68901f4a345acc9.ts' for writing
frame=  736 fps= 87 q=32.8 size=N/A time=00:00:29.48 bitrate=N/A dup=1 drop=0 speed=3.47x    
frame=  771 fps= 86 q=32.6 size=N/A time=00:00:30.94 bitrate=N/A dup=1 drop=0 speed=3.44x    
[hls @ 0x59f705dd4000] Opening '/config/cache/transcodes/bad28c6d790333eeee68901f4a345acc10.ts' for writing
frame=  803 fps= 84 q=32.7 size=N/A time=00:00:32.28 bitrate=N/A dup=1 drop=0 speed= 3.4x    
frame=  836 fps= 84 q=32.7 size=N/A time=00:00:33.65 bitrate=N/A dup=1 drop=0 speed=3.36x    
[hls @ 0x59f705dd4000] Opening '/config/cache/transcodes/bad28c6d790333eeee68901f4a345acc11.ts' for writing
frame=  869 fps= 83 q=32.6 size=N/A time=00:00:35.03 bitrate=N/A dup=1 drop=0 speed=3.33x    
frame=  901 fps= 82 q=31.3 size=N/A time=00:00:36.41 bitrate=N/A dup=1 drop=0 speed=3.31x    
frame=  933 fps= 81 q=32.6 size=N/A time=00:00:37.70 bitrate=N/A dup=1 drop=0 speed=3.28x    
[hls @ 0x59f705dd4000] Opening '/config/cache/transcodes/bad28c6d790333eeee68901f4a345acc12.ts' for writing
frame=  967 fps= 81 q=32.6 size=N/A time=00:00:39.12 bitrate=N/A dup=1 drop=0 speed=3.26x    
frame=  999 fps= 80 q=31.4 size=N/A time=00:00:40.45 bitrate=N/A dup=1 drop=0 speed=3.23x    
[hls @ 0x59f705dd4000] Opening '/config/cache/transcodes/bad28c6d790333eeee68901f4a345acc13.ts' for writing
frame= 1032 fps= 79 q=32.5 size=N/A time=00:00:41.83 bitrate=N/A dup=1 drop=0 speed=3.21x    
frame= 1068 fps= 79 q=33.0 size=N/A time=00:00:43.33 bitrate=N/A dup=1 drop=0 speed=3.21x    
[hls @ 0x59f705dd4000] Opening '/config/cache/transcodes/bad28c6d790333eeee68901f4a345acc14.ts' for writing
frame= 1111 fps= 79 q=28.3 size=N/A time=00:00:45.12 bitrate=N/A dup=1 drop=0 speed=3.22x    
[hls @ 0x59f705dd4000] Opening '/config/cache/transcodes/bad28c6d790333eeee68901f4a345acc15.ts' for writing
frame= 1154 fps= 80 q=32.4 size=N/A time=00:00:46.92 bitrate=N/A dup=1 drop=0 speed=3.23x    
frame= 1197 fps= 80 q=34.9 size=N/A time=00:00:48.71 bitrate=N/A dup=1 drop=0 speed=3.24x    
[hls @ 0x59f705dd4000] Opening '/config/cache/transcodes/bad28c6d790333eeee68901f4a345acc16.ts' for writing
frame= 1235 fps= 80 q=27.8 size=N/A time=00:00:50.30 bitrate=N/A dup=1 drop=0 speed=3.24x    
frame= 1276 fps= 80 q=31.9 size=N/A time=00:00:52.01 bitrate=N/A dup=1 drop=0 speed=3.25x    
[hls @ 0x59f705dd4000] Opening '/config/cache/transcodes/bad28c6d790333eeee68901f4a345acc17.ts' for writing
frame= 1317 fps= 80 q=27.8 size=N/A time=00:00:53.72 bitrate=N/A dup=1 drop=0 speed=3.25x    
frame= 1359 fps= 80 q=33.1 size=N/A time=00:00:55.47 bitrate=N/A dup=1 drop=0 speed=3.26x    
[hls @ 0x59f705dd4000] Opening '/config/cache/transcodes/bad28c6d790333eeee68901f4a345acc18.ts' for writing
frame= 1400 fps= 80 q=31.3 size=N/A time=00:00:57.18 bitrate=N/A dup=1 drop=0 speed=3.27x    
[hls @ 0x59f705dd4000] Opening '/config/cache/transcodes/bad28c6d790333eeee68901f4a345acc19.ts' for writing
frame= 1440 fps= 80 q=26.5 size=N/A time=00:00:58.85 bitrate=N/A dup=1 drop=0 speed=3.27x    
frame= 1482 fps= 80 q=31.4 size=N/A time=00:01:00.60 bitrate=N/A dup=1 drop=0 speed=3.27x    
[hls @ 0x59f705dd4000] Opening '/config/cache/transcodes/bad28c6d790333eeee68901f4a345acc20.ts' for writing
frame= 1523 fps= 80 q=28.5 size=N/A time=00:01:02.31 bitrate=N/A dup=1 drop=0 speed=3.28x    
frame= 1565 fps= 80 q=33.1 size=N/A time=00:01:04.06 bitrate=N/A dup=1 drop=0 speed=3.28x    
[hls @ 0x59f705dd4000] Opening '/config/cache/transcodes/bad28c6d790333eeee68901f4a345acc21.ts' for writing
frame= 1604 fps= 80 q=33.0 size=N/A time=00:01:05.69 bitrate=N/A dup=1 drop=0 speed=3.28x    
frame= 1644 fps= 80 q=33.4 size=N/A time=00:01:07.35 bitrate=N/A dup=1 drop=0 speed=3.28x    
[hls @ 0x59f705dd4000] Opening '/config/cache/transcodes/bad28c6d790333eeee68901f4a345acc22.ts' for writing
frame= 1686 fps= 80 q=34.1 size=N/A time=00:01:09.11 bitrate=N/A dup=1 drop=0 speed=3.29x    
frame= 1726 fps= 80 q=34.5 size=N/A time=00:01:10.77 bitrate=N/A dup=1 drop=0 speed=3.29x    
[hls @ 0x59f705dd4000] Opening '/config/cache/transcodes/bad28c6d790333eeee68901f4a345acc23.ts' for writing
frame= 1769 fps= 80 q=31.5 size=N/A time=00:01:12.57 bitrate=N/A dup=1 drop=0 speed= 3.3x    
[hls @ 0x59f705dd4000] Opening '/config/cache/transcodes/bad28c6d790333eeee68901f4a345acc24.ts' for writing
frame= 1813 fps= 81 q=33.0 size=N/A time=00:01:14.40 bitrate=N/A dup=1 drop=0 speed= 3.3x    
frame= 1858 fps= 81 q=32.8 size=N/A time=00:01:16.28 bitrate=N/A dup=1 drop=0 speed=3.31x    
[hls @ 0x59f705dd4000] Opening '/config/cache/transcodes/bad28c6d790333eeee68901f4a345acc25.ts' for writing
frame= 1902 fps= 81 q=33.2 size=N/A time=00:01:18.11 bitrate=N/A dup=1 drop=0 speed=3.32x    
[hls @ 0x59f705dd4000] Opening '/config/cache/transcodes/bad28c6d790333eeee68901f4a345acc26.ts' for writing
frame= 1945 fps= 81 q=27.9 size=N/A time=00:01:19.91 bitrate=N/A dup=1 drop=0 speed=3.33x    
frame= 1986 fps= 81 q=33.8 size=N/A time=00:01:21.62 bitrate=N/A dup=1 drop=0 speed=3.33x    
[hls @ 0x59f705dd4000] Opening '/config/cache/transcodes/bad28c6d790333eeee68901f4a345acc27.ts' for writing
frame= 2024 fps= 81 q=33.2 size=N/A time=00:01:23.20 bitrate=N/A dup=1 drop=0 speed=3.33x    
frame= 2063 fps= 81 q=33.1 size=N/A time=00:01:24.83 bitrate=N/A dup=1 drop=0 speed=3.32x    
[hls @ 0x59f705dd4000] Opening '/config/cache/transcodes/bad28c6d790333eeee68901f4a345acc28.ts' for writing
frame= 2101 fps= 81 q=33.5 size=N/A time=00:01:26.41 bitrate=N/A dup=1 drop=0 speed=3.32x    
frame= 2141 fps= 81 q=34.0 size=N/A time=00:01:28.12 bitrate=N/A dup=1 drop=0 speed=3.32x    
[hls @ 0x59f705dd4000] Opening '/config/cache/transcodes/bad28c6d790333eeee68901f4a345acc29.ts' for writing
frame= 2179 fps= 81 q=33.9 size=N/A time=00:01:29.67 bitrate=N/A dup=1 drop=0 speed=3.32x    
frame= 2219 fps= 81 q=34.0 size=N/A time=00:01:31.34 bitrate=N/A dup=1 drop=0 speed=3.32x    
[hls @ 0x59f705dd4000] Opening '/config/cache/transcodes/bad28c6d790333eeee68901f4a345acc30.ts' for writing
frame= 2259 fps= 81 q=33.8 size=N/A time=00:01:33.00 bitrate=N/A dup=1 drop=0 speed=3.32x    
frame= 2298 fps= 81 q=31.6 size=N/A time=00:01:34.63 bitrate=N/A dup=1 drop=0 speed=3.32x    
[hls @ 0x59f705dd4000] Opening '/config/cache/transcodes/bad28c6d790333eeee68901f4a345acc31.ts' for writing
frame= 2337 fps= 81 q=33.3 size=N/A time=00:01:36.26 bitrate=N/A dup=1 drop=0 speed=3.32x    
[hls @ 0x59f705dd4000] Opening '/config/cache/transcodes/bad28c6d790333eeee68901f4a345acc32.ts' for writing
frame= 2376 fps= 80 q=28.3 size=N/A time=00:01:37.88 bitrate=N/A dup=1 drop=0 speed=3.32x    
frame= 2416 fps= 80 q=28.3 size=N/A time=00:01:39.55 bitrate=N/A dup=1 drop=0 speed=3.32x    
[hls @ 0x59f705dd4000] Opening '/config/cache/transcodes/bad28c6d790333eeee68901f4a345acc33.ts' for writing
frame= 2455 fps= 80 q=33.8 size=N/A time=00:01:41.18 bitrate=N/A dup=1 drop=0 speed=3.31x    
frame= 2498 fps= 81 q=29.2 size=N/A time=00:01:42.97 bitrate=N/A dup=1 drop=0 speed=3.32x    
[hls @ 0x59f705dd4000] Opening '/config/cache/transcodes/bad28c6d790333eeee68901f4a345acc34.ts' for writing
frame= 2539 fps= 81 q=32.8 size=N/A time=00:01:44.68 bitrate=N/A dup=1 drop=0 speed=3.32x    
frame= 2578 fps= 80 q=28.5 size=N/A time=00:01:46.31 bitrate=N/A dup=1 drop=0 speed=3.32x    
[hls @ 0x59f705dd4000] Opening '/config/cache/transcodes/bad28c6d790333eeee68901f4a345acc35.ts' for writing
frame= 2614 fps= 80 q=32.9 size=N/A time=00:01:47.81 bitrate=N/A dup=1 drop=0 speed=3.31x    
frame= 2652 fps= 80 q=31.8 size=N/A time=00:01:49.40 bitrate=N/A dup=1 drop=0 speed=3.31x    
[hls @ 0x59f705dd4000] Opening '/config/cache/transcodes/bad28c6d790333eeee68901f4a345acc36.ts' for writing
frame= 2689 fps= 80 q=32.0 size=N/A time=00:01:50.94 bitrate=N/A dup=1 drop=0 speed=3.31x    
frame= 2725 fps= 80 q=33.7 size=N/A time=00:01:52.44 bitrate=N/A dup=1 drop=0 speed= 3.3x    
[hls @ 0x59f705dd4000] Opening '/config/cache/transcodes/bad28c6d790333eeee68901f4a345acc37.ts' for writing
frame= 2761 fps= 80 q=29.2 size=N/A time=00:01:53.94 bitrate=N/A dup=1 drop=0 speed= 3.3x    
frame= 2800 fps= 80 q=28.3 size=N/A time=00:01:55.57 bitrate=N/A dup=1 drop=0 speed= 3.3x    
[hls @ 0x59f705dd4000] Opening '/config/cache/transcodes/bad28c6d790333eeee68901f4a345acc38.ts' for writing
frame= 2838 fps= 80 q=33.5 size=N/A time=00:01:57.15 bitrate=N/A dup=1 drop=0 speed= 3.3x    
frame= 2877 fps= 80 q=34.6 size=N/A time=00:01:58.78 bitrate=N/A dup=1 drop=0 speed= 3.3x    
[hls @ 0x59f705dd4000] Opening '/config/cache/transcodes/bad28c6d790333eeee68901f4a345acc39.ts' for writing
frame= 2916 fps= 80 q=31.1 size=N/A time=00:02:00.41 bitrate=N/A dup=1 drop=0 speed= 3.3x    
[hls @ 0x59f705dd4000] Opening '/config/cache/transcodes/bad28c6d790333eeee68901f4a345acc40.ts' for writing
frame= 2953 fps= 80 q=31.0 size=N/A time=00:02:01.95 bitrate=N/A dup=1 drop=0 speed=3.29x    
frame= 2992 fps= 80 q=32.8 size=N/A time=00:02:03.58 bitrate=N/A dup=1 drop=0 speed=3.29x    
[hls @ 0x59f705dd4000] Opening '/config/cache/transcodes/bad28c6d790333eeee68901f4a345acc41.ts' for writing
frame= 3035 fps= 80 q=35.7 size=N/A time=00:02:05.37 bitrate=N/A dup=1 drop=0 speed= 3.3x    
frame= 3079 fps= 80 q=35.8 size=N/A time=00:02:07.21 bitrate=N/A dup=1 drop=0 speed= 3.3x    
[hls @ 0x59f705dd4000] Opening '/config/cache/transcodes/bad28c6d790333eeee68901f4a345acc42.ts' for writing
frame= 3122 fps= 80 q=32.7 size=N/A time=00:02:09.00 bitrate=N/A dup=1 drop=0 speed= 3.3x    
[hls @ 0x59f705dd4000] Opening '/config/cache/transcodes/bad28c6d790333eeee68901f4a345acc43.ts' for writing
frame= 3167 fps= 80 q=28.4 size=N/A time=00:02:10.88 bitrate=N/A dup=1 drop=0 speed=3.31x    
frame= 3211 fps= 80 q=36.0 size=N/A time=00:02:12.71 bitrate=N/A dup=1 drop=0 speed=3.31x    
[hls @ 0x59f705dd4000] Opening '/config/cache/transcodes/bad28c6d790333eeee68901f4a345acc44.ts' for writing
frame= 3252 fps= 80 q=34.1 size=N/A time=00:02:14.42 bitrate=N/A dup=1 drop=0 speed=3.32x    
frame= 3296 fps= 80 q=34.8 size=N/A time=00:02:16.26 bitrate=N/A dup=1 drop=0 speed=3.32x    
[hls @ 0x59f705dd4000] Opening '/config/cache/transcodes/bad28c6d790333eeee68901f4a345acc45.ts' for writing
frame= 3332 fps= 80 q=31.3 size=N/A time=00:02:17.76 bitrate=N/A dup=1 drop=0 speed=3.32x    
frame= 3364 fps= 80 q=30.6 size=N/A time=00:02:19.09 bitrate=N/A dup=1 drop=0 speed=3.31x    
[hls @ 0x59f705dd4000] Opening '/config/cache/transcodes/bad28c6d790333eeee68901f4a345acc46.ts' for writing
frame= 3400 fps= 80 q=33.1 size=N/A time=00:02:20.59 bitrate=N/A dup=1 drop=0 speed= 3.3x    
frame= 3441 fps= 80 q=34.0 size=N/A time=00:02:22.30 bitrate=N/A dup=1 drop=0 speed=3.31x    
[hls @ 0x59f705dd4000] Opening '/config/cache/transcodes/bad28c6d790333eeee68901f4a345acc47.ts' for writing
frame= 3486 fps= 80 q=26.6 size=N/A time=00:02:24.18 bitrate=N/A dup=1 drop=0 speed=3.31x    
[hls @ 0x59f705dd4000] Opening '/config/cache/transcodes/bad28c6d790333eeee68901f4a345acc48.ts' for writing
frame= 3532 fps= 80 q=27.3 size=N/A time=00:02:26.10 bitrate=N/A dup=1 drop=0 speed=3.32x    
frame= 3581 fps= 80 q=35.9 size=N/A time=00:02:28.14 bitrate=N/A dup=1 drop=0 speed=3.33x    
[hls @ 0x59f705dd4000] Opening '/config/cache/transcodes/bad28c6d790333eeee68901f4a345acc49.ts' for writing
frame= 3628 fps= 81 q=29.4 size=N/A time=00:02:30.10 bitrate=N/A dup=1 drop=0 speed=3.33x    
[hls @ 0x59f705dd4000] Opening '/config/cache/transcodes/bad28c6d790333eeee68901f4a345acc50.ts' for writing
frame= 3673 fps= 81 q=35.9 size=N/A time=00:02:31.98 bitrate=N/A dup=1 drop=0 speed=3.34x    
frame= 3722 fps= 81 q=35.9 size=N/A time=00:02:34.02 bitrate=N/A dup=1 drop=0 speed=3.35x    
[hls @ 0x59f705dd4000] Opening '/config/cache/transcodes/bad28c6d790333eeee68901f4a345acc51.ts' for writing
frame= 3771 fps= 81 q=35.7 size=N/A time=00:02:36.07 bitrate=N/A dup=1 drop=0 speed=3.35x    
[hls @ 0x59f705dd4000] Opening '/config/cache/transcodes/bad28c6d790333eeee68901f4a345acc52.ts' for writing
frame= 3815 fps= 81 q=30.2 size=N/A time=00:02:37.90 bitrate=N/A dup=1 drop=0 speed=3.36x    
frame= 3858 fps= 81 q=35.9 size=N/A time=00:02:39.70 bitrate=N/A dup=1 drop=0 speed=3.36x    
[hls @ 0x59f705dd4000] Opening '/config/cache/transcodes/bad28c6d790333eeee68901f4a345acc53.ts' for writing
frame= 3902 fps= 81 q=28.0 size=N/A time=00:02:41.53 bitrate=N/A dup=1 drop=0 speed=3.36x    
frame= 3946 fps= 81 q=32.8 size=N/A time=00:02:43.37 bitrate=N/A dup=1 drop=0 speed=3.37x    
[hls @ 0x59f705dd4000] Opening '/config/cache/transcodes/bad28c6d790333eeee68901f4a345acc54.ts' for writing
frame= 3989 fps= 81 q=27.7 size=N/A time=00:02:45.16 bitrate=N/A dup=1 drop=0 speed=3.37x    
[hls @ 0x59f705dd4000] Opening '/config/cache/transcodes/bad28c6d790333eeee68901f4a345acc55.ts' for writing
frame= 4034 fps= 81 q=34.6 size=N/A time=00:02:47.04 bitrate=N/A dup=1 drop=0 speed=3.37x    
frame= 4081 fps= 82 q=32.7 size=N/A time=00:02:49.00 bitrate=N/A dup=1 drop=0 speed=3.38x    
[hls @ 0x59f705dd4000] Opening '/config/cache/transcodes/bad28c6d790333eeee68901f4a345acc56.ts' for writing
frame= 4128 fps= 82 q=33.4 size=N/A time=00:02:50.96 bitrate=N/A dup=1 drop=0 speed=3.38x    
[hls @ 0x59f705dd4000] Opening '/config/cache/transcodes/bad28c6d790333eeee68901f4a345acc57.ts' for writing
frame= 4176 fps= 82 q=35.9 size=N/A time=00:02:52.96 bitrate=N/A dup=1 drop=0 speed=3.39x    
frame= 4223 fps= 82 q=36.0 size=N/A time=00:02:54.92 bitrate=N/A dup=1 drop=0 speed=3.39x    
[hls @ 0x59f705dd4000] Opening '/config/cache/transcodes/bad28c6d790333eeee68901f4a345acc58.ts' for writing
frame= 4270 fps= 82 q=33.7 size=N/A time=00:02:56.88 bitrate=N/A dup=1 drop=0 speed= 3.4x    
frame= 4315 fps= 82 q=34.7 size=N/A time=00:02:58.76 bitrate=N/A dup=1 drop=0 speed= 3.4x    
[hls @ 0x59f705dd4000] Opening '/config/cache/transcodes/bad28c6d790333eeee68901f4a345acc59.ts' for writing
frame= 4362 fps= 82 q=36.0 size=N/A time=00:03:00.72 bitrate=N/A dup=1 drop=0 speed=3.41x    
[hls @ 0x59f705dd4000] Opening '/config/cache/transcodes/bad28c6d790333eeee68901f4a345acc60.ts' for writing
frame= 4407 fps= 82 q=27.6 size=N/A time=00:03:02.59 bitrate=N/A dup=1 drop=0 speed=3.41x    
frame= 4455 fps= 82 q=35.9 size=N/A time=00:03:04.60 bitrate=N/A dup=1 drop=0 speed=3.42x    
[hls @ 0x59f705dd4000] Opening '/config/cache/transcodes/bad28c6d790333eeee68901f4a345acc61.ts' for writing
frame= 4500 fps= 82 q=36.0 size=N/A time=00:03:06.47 bitrate=N/A dup=1 drop=0 speed=3.42x    
[hls @ 0x59f705dd4000] Opening '/config/cache/transcodes/bad28c6d790333eeee68901f4a345acc62.ts' for writing
frame= 4543 fps= 83 q=33.0 size=N/A time=00:03:08.27 bitrate=N/A dup=1 drop=0 speed=3.42x    
frame= 4586 fps= 83 q=36.0 size=N/A time=00:03:10.06 bitrate=N/A dup=1 drop=0 speed=3.42x    
[hls @ 0x59f705dd4000] Opening '/config/cache/transcodes/bad28c6d790333eeee68901f4a345acc63.ts' for writing
frame= 4626 fps= 83 q=27.5 size=N/A time=00:03:11.73 bitrate=N/A dup=1 drop=0 speed=3.42x    
frame= 4669 fps= 83 q=35.6 size=N/A time=00:03:13.52 bitrate=N/A dup=1 drop=0 speed=3.42x    
[hls @ 0x59f705dd4000] Opening '/config/cache/transcodes/bad28c6d790333eeee68901f4a345acc64.ts' for writing
frame= 4718 fps= 83 q=27.5 size=N/A time=00:03:15.57 bitrate=N/A dup=1 drop=0 speed=3.43x    
[hls @ 0x59f705dd4000] Opening '/config/cache/transcodes/bad28c6d790333eeee68901f4a345acc65.ts' for writing
frame= 4762 fps= 83 q=36.0 size=N/A time=00:03:17.40 bitrate=N/A dup=1 drop=0 speed=3.43x    
frame= 4806 fps= 83 q=35.7 size=N/A time=00:03:19.24 bitrate=N/A dup=1 drop=0 speed=3.43x    
[hls @ 0x59f705dd4000] Opening '/config/cache/transcodes/bad28c6d790333eeee68901f4a345acc66.ts' for writing
frame= 4851 fps= 83 q=36.0 size=N/A time=00:03:21.11 bitrate=N/A dup=1 drop=0 speed=3.43x    
[hls @ 0x59f705dd4000] Opening '/config/cache/transcodes/bad28c6d790333eeee68901f4a345acc67.ts' for writing
frame= 4899 fps= 83 q=30.0 size=N/A time=00:03:23.11 bitrate=N/A dup=1 drop=0 speed=3.44x    
frame= 4949 fps= 83 q=32.1 size=N/A time=00:03:25.20 bitrate=N/A dup=1 drop=0 speed=3.45x    
[hls @ 0x59f705dd4000] Opening '/config/cache/transcodes/bad28c6d790333eeee68901f4a345acc68.ts' for writing
frame= 4996 fps= 83 q=33.0 size=N/A time=00:03:27.16 bitrate=N/A dup=1 drop=0 speed=3.45x    
[hls @ 0x59f705dd4000] Opening '/config/cache/transcodes/bad28c6d790333eeee68901f4a345acc69.ts' for writing
frame= 5043 fps= 83 q=34.0 size=N/A time=00:03:29.12 bitrate=N/A dup=1 drop=0 speed=3.45x    
frame= 5092 fps= 83 q=33.0 size=N/A time=00:03:31.16 bitrate=N/A dup=1 drop=0 speed=3.46x    
[hls @ 0x59f705dd4000] Opening '/config/cache/transcodes/bad28c6d790333eeee68901f4a345acc70.ts' for writing
frame= 5140 fps= 83 q=36.0 size=N/A time=00:03:33.17 bitrate=N/A dup=1 drop=0 speed=3.46x    
[hls @ 0x59f705dd4000] Opening '/config/cache/transcodes/bad28c6d790333eeee68901f4a345acc71.ts' for writing


[q] command received. Exiting.

[hls @ 0x59f705dd4000] Opening '/config/cache/transcodes/bad28c6d790333eeee68901f4a345acc72.ts' for writing
[out#0/hls @ 0x59f705db4940] video:12163KiB audio:17040KiB subtitle:0KiB other streams:0KiB global headers:0KiB muxing overhead: unknown
frame= 5232 fps= 84 q=34.1 Lsize=N/A time=00:03:36.98 bitrate=N/A dup=1 drop=0 speed=3.46x    
x265 [info]: frame I:     73, Avg QP:27.46  kb/s: 3085.50 
x265 [info]: frame P:   1090, Avg QP:29.25  kb/s: 1034.96 
x265 [info]: frame B:   4069, Avg QP:33.97  kb/s: 253.54  
x265 [info]: Weighted P-Frames: Y:12.5% UV:2.8%
x265 [info]: consecutive B-frames: 10.5% 1.1% 1.8% 1.2% 85.4% 

encoded 5232 frames in 62.62s (83.56 fps), 455.85 kb/s, Avg QP:32.90