[2025-08-30 00:00:00.033 -03:00] [INF] [129] IntroSkipper.ScheduledTasks.DetectSegmentsTask: Scheduled Task is starting
[2025-08-30 00:00:00.031 -03:00] [INF] [168] Jellyfin.Plugin.PlaybackReporting.TaskCleanDb: Playback Reporting Data Trim
[2025-08-30 00:00:00.041 -03:00] [INF] [168] Jellyfin.Plugin.PlaybackReporting.TaskCleanDb: MaxDataAge : 3
[2025-08-30 00:00:00.045 -03:00] [INF] [168] Jellyfin.Plugin.PlaybackReporting.Data.ActivityRepository: DeleteOldData : "delete from PlaybackActivity where DateCreated < '2025-05-30 00:00:00.0417718'"
[2025-08-30 00:00:00.058 -03:00] [INF] [168] Emby.Server.Implementations.ScheduledTasks.TaskManager: "Playback Reporting Trim Db" Completed after 0 minute(s) and 0 seconds
[2025-08-30 00:00:00.962 -03:00] [INF] [129] IntroSkipper.Manager.QueueManager: Running enqueue of items in library "Séries"
[2025-08-30 00:00:00.983 -03:00] [INF] [129] IntroSkipper.Manager.QueueManager: Running enqueue of items in library "Filmes"
[2025-08-30 00:00:01.030 -03:00] [INF] [176] Emby.Server.Implementations.ScheduledTasks.TaskManager: Daily trigger for "Playback Reporting Trim Db" set to fire at 2025-08-31 00:00:00.000 -03:00, which is 23:59:58.9695652 from now.
[2025-08-30 00:00:01.030 -03:00] [INF] [167] Emby.Server.Implementations.ScheduledTasks.TaskManager: Daily trigger for "Detect and Analyze Media Segments" set to fire at 2025-08-31 00:00:00.000 -03:00, which is 23:59:58.9700388 from now.
[2025-08-30 00:00:01.040 -03:00] [INF] [168] Emby.Server.Implementations.ScheduledTasks.TaskManager: "Detect and Analyze Media Segments" Completed after 0 minute(s) and 1 seconds
[2025-08-30 02:00:00.212 -03:00] [INF] [118] Emby.Server.Implementations.ScheduledTasks.TaskManager: "Extrair imagens dos capítulos" Completed after 0 minute(s) and 0 seconds
[2025-08-30 02:00:02.671 -03:00] [INF] [118] Emby.Server.Implementations.ScheduledTasks.TaskManager: Daily trigger for "Extrair imagens dos capítulos" set to fire at 2025-08-31 02:00:00.000 -03:00, which is 23:59:57.3293583 from now.
[2025-08-30 03:00:00.755 -03:00] [INF] [151] Emby.Server.Implementations.ScheduledTasks.TaskManager: "Gerar imagens Trickplay" Completed after 0 minute(s) and 0 seconds
[2025-08-30 03:00:01.008 -03:00] [INF] [97] Emby.Server.Implementations.ScheduledTasks.TaskManager: Daily trigger for "Gerar imagens Trickplay" set to fire at 2025-08-31 03:00:00.000 -03:00, which is 23:59:58.9916663 from now.
[2025-08-30 10:48:55.732 -03:00] [INF] [58] Emby.Server.Implementations.IO.LibraryMonitor: Stopping directory watching for path "/data/filme"
[2025-08-30 10:48:55.741 -03:00] [INF] [58] Emby.Server.Implementations.IO.LibraryMonitor: Stopping directory watching for path "/data/serie"
[2025-08-30 10:48:55.746 -03:00] [INF] [58] Emby.Server.Implementations.Library.LibraryManager: Validating media library
[2025-08-30 10:48:55.904 -03:00] [WRN] [58] MediaBrowser.Controller.Entities.BaseItem: Library folder "/config/data/data/playlists" is inaccessible or empty, skipping
[2025-08-30 10:48:55.958 -03:00] [WRN] [58] MediaBrowser.Controller.Entities.BaseItem: Library folder "/config/data/data/playlists" is inaccessible or empty, skipping
[2025-08-30 10:48:56.022 -03:00] [INF] [49] Emby.Server.Implementations.ScheduledTasks.TaskManager: "Varredura do segmento de mídia" Completed after 0 minute(s) and 0 seconds
[2025-08-30 10:49:01.740 -03:00] [INF] [18] Emby.Server.Implementations.ScheduledTasks.TaskManager: "Escanear a Biblioteca de Mídia" Completed after 0 minute(s) and 6 seconds
[2025-08-30 10:49:02.192 -03:00] [INF] [58] Emby.Server.Implementations.IO.LibraryMonitor: Watching directory "/data/filme"
[2025-08-30 10:49:03.319 -03:00] [INF] [97] Emby.Server.Implementations.IO.LibraryMonitor: Watching directory "/data/serie"
[2025-08-30 10:50:01.744 -03:00] [INF] [149] IntroSkipper.Services.Entrypoint: Initiating automatic analysis task
[2025-08-30 10:50:01.914 -03:00] [INF] [149] IntroSkipper.Manager.QueueManager: Running enqueue of items in library "Séries"
[2025-08-30 10:50:01.921 -03:00] [INF] [149] IntroSkipper.Manager.QueueManager: Running enqueue of items in library "Filmes"
[2025-08-30 11:59:18.542 -03:00] [INF] [120] Jellyfin.Server.Implementations.Users.UserManager: Authentication request for "luiz" has succeeded.
[2025-08-30 11:59:18.551 -03:00] [INF] [120] Emby.Server.Implementations.Session.SessionManager: Current/Max sessions for user "luiz": 1/0
[2025-08-30 11:59:18.554 -03:00] [INF] [120] Emby.Server.Implementations.Session.SessionManager: Creating new access token for user 66ef7bd1-c406-4218-95b8-c43a8ff9f32c
[2025-08-30 11:59:18.679 -03:00] [INF] [124] Emby.Server.Implementations.HttpServer.WebSocketManager: WS "192.168.1.7" request
[2025-08-30 11:59:25.631 -03:00] [INF] [176] Jellyfin.Api.Helpers.MediaInfoHelper: User policy for "luiz". EnablePlaybackRemuxing: True EnableVideoPlaybackTranscoding: True EnableAudioPlaybackTranscoding: True
[2025-08-30 11:59:26.482 -03:00] [INF] [167] Jellyfin.Api.Controllers.DynamicHlsController: Current HLS implementation doesn't support non-keyframe breaks but one is requested, ignoring that request
[2025-08-30 11:59:26.489 -03:00] [INF] [167] MediaBrowser.MediaEncoding.Transcoding.TranscodeManager: "/usr/lib/jellyfin-ffmpeg/ffmpeg" "-analyzeduration 200M -probesize 1G -fflags +genpts  -i file:\"/data/serie/Invasion.S01e09.720p.WEB-DL. DUAL/Invasion.S01e09.720p.WEB-DL. DUAL.mkv\" -map_metadata -1 -map_chapters -1 -threads 0 -map 0:0 -map 0:1 -map -0:s -codec:v:0 copy -bsf:v h264_mp4toannexb -start_at_zero -codec:a:0 libfdk_aac -ac 2 -ab 256000 -af \"volume=2\" -copyts -avoid_negative_ts disabled -max_muxing_queue_size 2048 -f hls -max_delay 5000000 -hls_time 6 -hls_segment_type fmp4 -hls_fmp4_init_filename \"24dc52fdd3b145136ce84c21619497e1-1.mp4\" -start_number 0 -hls_segment_filename \"/config/cache/transcodes/24dc52fdd3b145136ce84c21619497e1%d.mp4\" -hls_playlist_type vod -hls_list_size 0 -y \"/config/cache/transcodes/24dc52fdd3b145136ce84c21619497e1.m3u8\""
[2025-08-30 11:59:27.280 -03:00] [INF] [129] Jellyfin.Plugin.PlaybackReporting.EventMonitorEntryPoint: Adding playback tracker : TW96aWxsYS81LjAgKFdpbmRvd3MgTlQgMTAuMDsgV2luNjQ7IHg2NCkgQXBwbGVXZWJLaXQvNTM3LjM2IChLSFRNTCwgbGlrZSBHZWNrbykgQ2hyb21lLzEzNS4wLjAuMCBTYWZhcmkvNTM3LjM2fDE3NDU4ODQ3MTg3NDA1-66ef7bd1c406421895b8c43a8ff9f32c-c5b05048fd6b0ea99b7f6ed979ea40e4
[2025-08-30 11:59:27.282 -03:00] [INF] [129] Jellyfin.Plugin.PlaybackReporting.Data.PlaybackTracker: PlaybackTracker : Adding Start Event : 08/30/2025 11:59:27
[2025-08-30 11:59:27.282 -03:00] [INF] [129] Jellyfin.Plugin.PlaybackReporting.EventMonitorEntryPoint: Creating StartPlaybackTimer Task
[2025-08-30 11:59:27.282 -03:00] [INF] [129] Jellyfin.Plugin.PlaybackReporting.EventMonitorEntryPoint: StartPlaybackTimer : Entered
[2025-08-30 11:59:28.341 -03:00] [INF] [176] Jellyfin.Plugin.PlaybackReporting.EventMonitorEntryPoint: Processing playback tracker : "TW96aWxsYS81LjAgKFdpbmRvd3MgTlQgMTAuMDsgV2luNjQ7IHg2NCkgQXBwbGVXZWJLaXQvNTM3LjM2IChLSFRNTCwgbGlrZSBHZWNrbykgQ2hyb21lLzEzNS4wLjAuMCBTYWZhcmkvNTM3LjM2fDE3NDU4ODQ3MTg3NDA1-66ef7bd1c406421895b8c43a8ff9f32c-c5b05048fd6b0ea99b7f6ed979ea40e4"
[2025-08-30 11:59:37.924 -03:00] [INF] [129] MediaBrowser.Controller.MediaEncoding.TranscodingJob: Stopping ffmpeg process with q command for "/config/cache/transcodes/24dc52fdd3b145136ce84c21619497e1.m3u8"
[2025-08-30 11:59:38.119 -03:00] [INF] [129] MediaBrowser.MediaEncoding.Transcoding.TranscodeManager: FFmpeg exited with code 0
[2025-08-30 11:59:38.121 -03:00] [INF] [129] MediaBrowser.MediaEncoding.Transcoding.TranscodeManager: Deleting partial stream file(s) "/config/cache/transcodes/24dc52fdd3b145136ce84c21619497e1.m3u8"
[2025-08-30 11:59:39.662 -03:00] [INF] [129] Emby.Server.Implementations.Session.SessionManager: Playback stopped reported by app "Jellyfin Web" "10.10.7" playing "Cheio de estrelas". Stopped at "10460" ms
[2025-08-30 11:59:39.666 -03:00] [INF] [85] Jellyfin.Plugin.PlaybackReporting.EventMonitorEntryPoint: Playback stop tracker found, processing stop : "TW96aWxsYS81LjAgKFdpbmRvd3MgTlQgMTAuMDsgV2luNjQ7IHg2NCkgQXBwbGVXZWJLaXQvNTM3LjM2IChLSFRNTCwgbGlrZSBHZWNrbykgQ2hyb21lLzEzNS4wLjAuMCBTYWZhcmkvNTM3LjM2fDE3NDU4ODQ3MTg3NDA1-66ef7bd1c406421895b8c43a8ff9f32c-c5b05048fd6b0ea99b7f6ed979ea40e4"
[2025-08-30 11:59:39.666 -03:00] [INF] [85] Jellyfin.Plugin.PlaybackReporting.Data.PlaybackTracker: PlaybackTracker : Adding Stop Event : 08/30/2025 11:59:39
[2025-08-30 11:59:39.666 -03:00] [INF] [85] Jellyfin.Plugin.PlaybackReporting.EventMonitorEntryPoint: Playback stop but TrackedPlaybackInfo not found! not storing activity in DB
[2025-08-30 11:59:47.285 -03:00] [INF] [85] Jellyfin.Plugin.PlaybackReporting.EventMonitorEntryPoint: session.RemoteEndPoint : "192.168.1.7"
[2025-08-30 11:59:47.286 -03:00] [INF] [85] Jellyfin.Plugin.PlaybackReporting.EventMonitorEntryPoint: StartPlaybackTimer : event_playing_id     = "c5b05048fd6b0ea99b7f6ed979ea40e4"
[2025-08-30 11:59:47.286 -03:00] [INF] [85] Jellyfin.Plugin.PlaybackReporting.EventMonitorEntryPoint: StartPlaybackTimer : event_user_id        = "66ef7bd1c406421895b8c43a8ff9f32c"
[2025-08-30 11:59:47.286 -03:00] [INF] [85] Jellyfin.Plugin.PlaybackReporting.EventMonitorEntryPoint: StartPlaybackTimer : event_user_id_int    = 1
[2025-08-30 11:59:47.286 -03:00] [INF] [85] Jellyfin.Plugin.PlaybackReporting.EventMonitorEntryPoint: StartPlaybackTimer : session_playing_id   = ""
[2025-08-30 11:59:47.286 -03:00] [INF] [85] Jellyfin.Plugin.PlaybackReporting.EventMonitorEntryPoint: StartPlaybackTimer : session_user_id      = "66ef7bd1c406421895b8c43a8ff9f32c"
[2025-08-30 11:59:47.286 -03:00] [INF] [85] Jellyfin.Plugin.PlaybackReporting.EventMonitorEntryPoint: StartPlaybackTimer : play_method          = "na"
[2025-08-30 11:59:47.286 -03:00] [INF] [85] Jellyfin.Plugin.PlaybackReporting.EventMonitorEntryPoint: StartPlaybackTimer : e.ClientName         = "Jellyfin Web"
[2025-08-30 11:59:47.286 -03:00] [INF] [85] Jellyfin.Plugin.PlaybackReporting.EventMonitorEntryPoint: StartPlaybackTimer : e.DeviceName         = "Chrome"
[2025-08-30 11:59:47.286 -03:00] [INF] [85] Jellyfin.Plugin.PlaybackReporting.EventMonitorEntryPoint: StartPlaybackTimer : ItemName             = "Invasão - s01e09 - Cheio de estrelas"
[2025-08-30 11:59:47.286 -03:00] [INF] [85] Jellyfin.Plugin.PlaybackReporting.EventMonitorEntryPoint: StartPlaybackTimer : ItemId               = "c5b05048fd6b0ea99b7f6ed979ea40e4"
[2025-08-30 11:59:47.286 -03:00] [INF] [85] Jellyfin.Plugin.PlaybackReporting.EventMonitorEntryPoint: StartPlaybackTimer : ItemType             = "Episode"
[2025-08-30 11:59:47.286 -03:00] [INF] [85] Jellyfin.Plugin.PlaybackReporting.EventMonitorEntryPoint: StartPlaybackTimer : Details do not match for play item
[2025-08-30 11:59:47.286 -03:00] [INF] [85] Jellyfin.Plugin.PlaybackReporting.EventMonitorEntryPoint: StartPlaybackTimer : Exited
[2025-08-30 11:59:52.958 -03:00] [INF] [124] Jellyfin.Api.Helpers.MediaInfoHelper: User policy for "luiz". EnablePlaybackRemuxing: True EnableVideoPlaybackTranscoding: True EnableAudioPlaybackTranscoding: True
[2025-08-30 11:59:53.584 -03:00] [INF] [124] Jellyfin.Api.Controllers.DynamicHlsController: Current HLS implementation doesn't support non-keyframe breaks but one is requested, ignoring that request
[2025-08-30 11:59:53.584 -03:00] [INF] [124] MediaBrowser.MediaEncoding.Transcoding.TranscodeManager: "/usr/lib/jellyfin-ffmpeg/ffmpeg" "-analyzeduration 200M -probesize 1G -fflags +genpts  -i file:\"/data/serie/Invasion.S01e09.720p.WEB-DL. DUAL/Invasion.S01e09.720p.WEB-DL. DUAL.mkv\" -map_metadata -1 -map_chapters -1 -threads 0 -map 0:0 -map 0:1 -map -0:s -codec:v:0 copy -bsf:v h264_mp4toannexb -start_at_zero -codec:a:0 libfdk_aac -ac 2 -ab 256000 -af \"volume=2\" -copyts -avoid_negative_ts disabled -max_muxing_queue_size 2048 -f hls -max_delay 5000000 -hls_time 6 -hls_segment_type fmp4 -hls_fmp4_init_filename \"b125555ab317b38a7a544484ed0e1831-1.mp4\" -start_number 0 -hls_segment_filename \"/config/cache/transcodes/b125555ab317b38a7a544484ed0e1831%d.mp4\" -hls_playlist_type vod -hls_list_size 0 -y \"/config/cache/transcodes/b125555ab317b38a7a544484ed0e1831.m3u8\""
[2025-08-30 11:59:54.245 -03:00] [INF] [124] Jellyfin.Plugin.PlaybackReporting.EventMonitorEntryPoint: Adding playback tracker : TW96aWxsYS81LjAgKFdpbmRvd3MgTlQgMTAuMDsgV2luNjQ7IHg2NCkgQXBwbGVXZWJLaXQvNTM3LjM2IChLSFRNTCwgbGlrZSBHZWNrbykgQ2hyb21lLzEzNS4wLjAuMCBTYWZhcmkvNTM3LjM2fDE3NDU4ODQ3MTg3NDA1-66ef7bd1c406421895b8c43a8ff9f32c-c5b05048fd6b0ea99b7f6ed979ea40e4
[2025-08-30 11:59:54.245 -03:00] [INF] [124] Jellyfin.Plugin.PlaybackReporting.Data.PlaybackTracker: PlaybackTracker : Adding Start Event : 08/30/2025 11:59:54
[2025-08-30 11:59:54.245 -03:00] [INF] [124] Jellyfin.Plugin.PlaybackReporting.EventMonitorEntryPoint: Creating StartPlaybackTimer Task
[2025-08-30 11:59:54.245 -03:00] [INF] [145] Jellyfin.Plugin.PlaybackReporting.EventMonitorEntryPoint: StartPlaybackTimer : Entered
[2025-08-30 11:59:54.422 -03:00] [INF] [176] Jellyfin.Plugin.PlaybackReporting.EventMonitorEntryPoint: Processing playback tracker : "TW96aWxsYS81LjAgKFdpbmRvd3MgTlQgMTAuMDsgV2luNjQ7IHg2NCkgQXBwbGVXZWJLaXQvNTM3LjM2IChLSFRNTCwgbGlrZSBHZWNrbykgQ2hyb21lLzEzNS4wLjAuMCBTYWZhcmkvNTM3LjM2fDE3NDU4ODQ3MTg3NDA1-66ef7bd1c406421895b8c43a8ff9f32c-c5b05048fd6b0ea99b7f6ed979ea40e4"
[2025-08-30 12:00:14.246 -03:00] [INF] [176] Jellyfin.Plugin.PlaybackReporting.EventMonitorEntryPoint: session.RemoteEndPoint : "192.168.1.7"
[2025-08-30 12:00:14.247 -03:00] [INF] [176] Jellyfin.Plugin.PlaybackReporting.EventMonitorEntryPoint: StartPlaybackTimer : event_playing_id     = "c5b05048fd6b0ea99b7f6ed979ea40e4"
[2025-08-30 12:00:14.247 -03:00] [INF] [176] Jellyfin.Plugin.PlaybackReporting.EventMonitorEntryPoint: StartPlaybackTimer : event_user_id        = "66ef7bd1c406421895b8c43a8ff9f32c"
[2025-08-30 12:00:14.247 -03:00] [INF] [176] Jellyfin.Plugin.PlaybackReporting.EventMonitorEntryPoint: StartPlaybackTimer : event_user_id_int    = 1
[2025-08-30 12:00:14.247 -03:00] [INF] [176] Jellyfin.Plugin.PlaybackReporting.EventMonitorEntryPoint: StartPlaybackTimer : session_playing_id   = "c5b05048fd6b0ea99b7f6ed979ea40e4"
[2025-08-30 12:00:14.247 -03:00] [INF] [176] Jellyfin.Plugin.PlaybackReporting.EventMonitorEntryPoint: StartPlaybackTimer : session_user_id      = "66ef7bd1c406421895b8c43a8ff9f32c"
[2025-08-30 12:00:14.247 -03:00] [INF] [176] Jellyfin.Plugin.PlaybackReporting.EventMonitorEntryPoint: StartPlaybackTimer : play_method          = "Transcode (v:direct a:aac)"
[2025-08-30 12:00:14.247 -03:00] [INF] [176] Jellyfin.Plugin.PlaybackReporting.EventMonitorEntryPoint: StartPlaybackTimer : e.ClientName         = "Jellyfin Web"
[2025-08-30 12:00:14.247 -03:00] [INF] [176] Jellyfin.Plugin.PlaybackReporting.EventMonitorEntryPoint: StartPlaybackTimer : e.DeviceName         = "Chrome"
[2025-08-30 12:00:14.247 -03:00] [INF] [176] Jellyfin.Plugin.PlaybackReporting.EventMonitorEntryPoint: StartPlaybackTimer : ItemName             = "Invasão - s01e09 - Cheio de estrelas"
[2025-08-30 12:00:14.247 -03:00] [INF] [176] Jellyfin.Plugin.PlaybackReporting.EventMonitorEntryPoint: StartPlaybackTimer : ItemId               = "c5b05048fd6b0ea99b7f6ed979ea40e4"
[2025-08-30 12:00:14.247 -03:00] [INF] [176] Jellyfin.Plugin.PlaybackReporting.EventMonitorEntryPoint: StartPlaybackTimer : ItemType             = "Episode"
[2025-08-30 12:00:14.247 -03:00] [INF] [176] Jellyfin.Plugin.PlaybackReporting.EventMonitorEntryPoint: StartPlaybackTimer : All matches, playback registered
[2025-08-30 12:00:14.247 -03:00] [INF] [176] Jellyfin.Plugin.PlaybackReporting.EventMonitorEntryPoint: Playback tracker found, adding playback info : "TW96aWxsYS81LjAgKFdpbmRvd3MgTlQgMTAuMDsgV2luNjQ7IHg2NCkgQXBwbGVXZWJLaXQvNTM3LjM2IChLSFRNTCwgbGlrZSBHZWNrbykgQ2hyb21lLzEzNS4wLjAuMCBTYWZhcmkvNTM3LjM2fDE3NDU4ODQ3MTg3NDA1-66ef7bd1c406421895b8c43a8ff9f32c-c5b05048fd6b0ea99b7f6ed979ea40e4"
[2025-08-30 12:00:14.247 -03:00] [INF] [176] Jellyfin.Plugin.PlaybackReporting.EventMonitorEntryPoint: Saving playback tracking activity in DB
[2025-08-30 12:00:14.253 -03:00] [INF] [176] Jellyfin.Plugin.PlaybackReporting.EventMonitorEntryPoint: StartPlaybackTimer : Exited
[2025-08-30 12:00:14.498 -03:00] [INF] [21] Jellyfin.Plugin.PlaybackReporting.EventMonitorEntryPoint: Processing playback tracker : "TW96aWxsYS81LjAgKFdpbmRvd3MgTlQgMTAuMDsgV2luNjQ7IHg2NCkgQXBwbGVXZWJLaXQvNTM3LjM2IChLSFRNTCwgbGlrZSBHZWNrbykgQ2hyb21lLzEzNS4wLjAuMCBTYWZhcmkvNTM3LjM2fDE3NDU4ODQ3MTg3NDA1-66ef7bd1c406421895b8c43a8ff9f32c-c5b05048fd6b0ea99b7f6ed979ea40e4"
[2025-08-30 12:00:34.527 -03:00] [INF] [145] Jellyfin.Plugin.PlaybackReporting.EventMonitorEntryPoint: Processing playback tracker : "TW96aWxsYS81LjAgKFdpbmRvd3MgTlQgMTAuMDsgV2luNjQ7IHg2NCkgQXBwbGVXZWJLaXQvNTM3LjM2IChLSFRNTCwgbGlrZSBHZWNrbykgQ2hyb21lLzEzNS4wLjAuMCBTYWZhcmkvNTM3LjM2fDE3NDU4ODQ3MTg3NDA1-66ef7bd1c406421895b8c43a8ff9f32c-c5b05048fd6b0ea99b7f6ed979ea40e4"
[2025-08-30 12:00:37.944 -03:00] [INF] [85] MediaBrowser.MediaEncoding.Transcoding.TranscodeManager: FFmpeg exited with code 0
[2025-08-30 12:00:47.988 -03:00] [INF] [162] MediaBrowser.MediaEncoding.Subtitles.SubtitleEncoder: "/usr/lib/jellyfin-ffmpeg/ffmpeg" "-i file:\"/data/serie/Invasion.S01e09.720p.WEB-DL. DUAL/Invasion.S01e09.720p.WEB-DL. DUAL.mkv\" -copyts -map 0:3 -an -vn -c:s copy \"/config/data/data/subtitles/4/47266a87-3ee8-ba39-e41f-d3242fd279f3.ass\""
[2025-08-30 12:00:53.787 -03:00] [INF] [85] MediaBrowser.MediaEncoding.Subtitles.SubtitleEncoder: Setting ass font within "/config/data/data/subtitles/4/47266a87-3ee8-ba39-e41f-d3242fd279f3.ass"
[2025-08-30 12:00:53.788 -03:00] [INF] [21] MediaBrowser.MediaEncoding.Subtitles.SubtitleEncoder: ffmpeg subtitle extraction completed for "file:\"/data/serie/Invasion.S01e09.720p.WEB-DL. DUAL/Invasion.S01e09.720p.WEB-DL. DUAL.mkv\"" to "/config/data/data/subtitles/4/47266a87-3ee8-ba39-e41f-d3242fd279f3.ass"
[2025-08-30 12:00:54.707 -03:00] [INF] [162] Jellyfin.Plugin.PlaybackReporting.EventMonitorEntryPoint: Processing playback tracker : "TW96aWxsYS81LjAgKFdpbmRvd3MgTlQgMTAuMDsgV2luNjQ7IHg2NCkgQXBwbGVXZWJLaXQvNTM3LjM2IChLSFRNTCwgbGlrZSBHZWNrbykgQ2hyb21lLzEzNS4wLjAuMCBTYWZhcmkvNTM3LjM2fDE3NDU4ODQ3MTg3NDA1-66ef7bd1c406421895b8c43a8ff9f32c-c5b05048fd6b0ea99b7f6ed979ea40e4"
[2025-08-30 12:01:14.717 -03:00] [INF] [176] Jellyfin.Plugin.PlaybackReporting.EventMonitorEntryPoint: Processing playback tracker : "TW96aWxsYS81LjAgKFdpbmRvd3MgTlQgMTAuMDsgV2luNjQ7IHg2NCkgQXBwbGVXZWJLaXQvNTM3LjM2IChLSFRNTCwgbGlrZSBHZWNrbykgQ2hyb21lLzEzNS4wLjAuMCBTYWZhcmkvNTM3LjM2fDE3NDU4ODQ3MTg3NDA1-66ef7bd1c406421895b8c43a8ff9f32c-c5b05048fd6b0ea99b7f6ed979ea40e4"
[2025-08-30 12:01:34.730 -03:00] [INF] [85] Jellyfin.Plugin.PlaybackReporting.EventMonitorEntryPoint: Processing playback tracker : "TW96aWxsYS81LjAgKFdpbmRvd3MgTlQgMTAuMDsgV2luNjQ7IHg2NCkgQXBwbGVXZWJLaXQvNTM3LjM2IChLSFRNTCwgbGlrZSBHZWNrbykgQ2hyb21lLzEzNS4wLjAuMCBTYWZhcmkvNTM3LjM2fDE3NDU4ODQ3MTg3NDA1-66ef7bd1c406421895b8c43a8ff9f32c-c5b05048fd6b0ea99b7f6ed979ea40e4"
[2025-08-30 12:01:55.726 -03:00] [INF] [21] Jellyfin.Plugin.PlaybackReporting.EventMonitorEntryPoint: Processing playback tracker : "TW96aWxsYS81LjAgKFdpbmRvd3MgTlQgMTAuMDsgV2luNjQ7IHg2NCkgQXBwbGVXZWJLaXQvNTM3LjM2IChLSFRNTCwgbGlrZSBHZWNrbykgQ2hyb21lLzEzNS4wLjAuMCBTYWZhcmkvNTM3LjM2fDE3NDU4ODQ3MTg3NDA1-66ef7bd1c406421895b8c43a8ff9f32c-c5b05048fd6b0ea99b7f6ed979ea40e4"
[2025-08-30 12:02:15.736 -03:00] [INF] [161] Jellyfin.Plugin.PlaybackReporting.EventMonitorEntryPoint: Processing playback tracker : "TW96aWxsYS81LjAgKFdpbmRvd3MgTlQgMTAuMDsgV2luNjQ7IHg2NCkgQXBwbGVXZWJLaXQvNTM3LjM2IChLSFRNTCwgbGlrZSBHZWNrbykgQ2hyb21lLzEzNS4wLjAuMCBTYWZhcmkvNTM3LjM2fDE3NDU4ODQ3MTg3NDA1-66ef7bd1c406421895b8c43a8ff9f32c-c5b05048fd6b0ea99b7f6ed979ea40e4"
[2025-08-30 12:02:35.742 -03:00] [INF] [176] Jellyfin.Plugin.PlaybackReporting.EventMonitorEntryPoint: Processing playback tracker : "TW96aWxsYS81LjAgKFdpbmRvd3MgTlQgMTAuMDsgV2luNjQ7IHg2NCkgQXBwbGVXZWJLaXQvNTM3LjM2IChLSFRNTCwgbGlrZSBHZWNrbykgQ2hyb21lLzEzNS4wLjAuMCBTYWZhcmkvNTM3LjM2fDE3NDU4ODQ3MTg3NDA1-66ef7bd1c406421895b8c43a8ff9f32c-c5b05048fd6b0ea99b7f6ed979ea40e4"
[2025-08-30 12:02:55.747 -03:00] [INF] [176] Jellyfin.Plugin.PlaybackReporting.EventMonitorEntryPoint: Processing playback tracker : "TW96aWxsYS81LjAgKFdpbmRvd3MgTlQgMTAuMDsgV2luNjQ7IHg2NCkgQXBwbGVXZWJLaXQvNTM3LjM2IChLSFRNTCwgbGlrZSBHZWNrbykgQ2hyb21lLzEzNS4wLjAuMCBTYWZhcmkvNTM3LjM2fDE3NDU4ODQ3MTg3NDA1-66ef7bd1c406421895b8c43a8ff9f32c-c5b05048fd6b0ea99b7f6ed979ea40e4"
[2025-08-30 12:03:15.757 -03:00] [INF] [161] Jellyfin.Plugin.PlaybackReporting.EventMonitorEntryPoint: Processing playback tracker : "TW96aWxsYS81LjAgKFdpbmRvd3MgTlQgMTAuMDsgV2luNjQ7IHg2NCkgQXBwbGVXZWJLaXQvNTM3LjM2IChLSFRNTCwgbGlrZSBHZWNrbykgQ2hyb21lLzEzNS4wLjAuMCBTYWZhcmkvNTM3LjM2fDE3NDU4ODQ3MTg3NDA1-66ef7bd1c406421895b8c43a8ff9f32c-c5b05048fd6b0ea99b7f6ed979ea40e4"
[2025-08-30 12:03:35.775 -03:00] [INF] [158] Jellyfin.Plugin.PlaybackReporting.EventMonitorEntryPoint: Processing playback tracker : "TW96aWxsYS81LjAgKFdpbmRvd3MgTlQgMTAuMDsgV2luNjQ7IHg2NCkgQXBwbGVXZWJLaXQvNTM3LjM2IChLSFRNTCwgbGlrZSBHZWNrbykgQ2hyb21lLzEzNS4wLjAuMCBTYWZhcmkvNTM3LjM2fDE3NDU4ODQ3MTg3NDA1-66ef7bd1c406421895b8c43a8ff9f32c-c5b05048fd6b0ea99b7f6ed979ea40e4"
[2025-08-30 12:03:55.776 -03:00] [INF] [176] Jellyfin.Plugin.PlaybackReporting.EventMonitorEntryPoint: Processing playback tracker : "TW96aWxsYS81LjAgKFdpbmRvd3MgTlQgMTAuMDsgV2luNjQ7IHg2NCkgQXBwbGVXZWJLaXQvNTM3LjM2IChLSFRNTCwgbGlrZSBHZWNrbykgQ2hyb21lLzEzNS4wLjAuMCBTYWZhcmkvNTM3LjM2fDE3NDU4ODQ3MTg3NDA1-66ef7bd1c406421895b8c43a8ff9f32c-c5b05048fd6b0ea99b7f6ed979ea40e4"
[2025-08-30 12:04:15.788 -03:00] [INF] [158] Jellyfin.Plugin.PlaybackReporting.EventMonitorEntryPoint: Processing playback tracker : "TW96aWxsYS81LjAgKFdpbmRvd3MgTlQgMTAuMDsgV2luNjQ7IHg2NCkgQXBwbGVXZWJLaXQvNTM3LjM2IChLSFRNTCwgbGlrZSBHZWNrbykgQ2hyb21lLzEzNS4wLjAuMCBTYWZhcmkvNTM3LjM2fDE3NDU4ODQ3MTg3NDA1-66ef7bd1c406421895b8c43a8ff9f32c-c5b05048fd6b0ea99b7f6ed979ea40e4"
[2025-08-30 12:04:35.804 -03:00] [INF] [158] Jellyfin.Plugin.PlaybackReporting.EventMonitorEntryPoint: Processing playback tracker : "TW96aWxsYS81LjAgKFdpbmRvd3MgTlQgMTAuMDsgV2luNjQ7IHg2NCkgQXBwbGVXZWJLaXQvNTM3LjM2IChLSFRNTCwgbGlrZSBHZWNrbykgQ2hyb21lLzEzNS4wLjAuMCBTYWZhcmkvNTM3LjM2fDE3NDU4ODQ3MTg3NDA1-66ef7bd1c406421895b8c43a8ff9f32c-c5b05048fd6b0ea99b7f6ed979ea40e4"
[2025-08-30 12:04:56.804 -03:00] [INF] [85] Jellyfin.Plugin.PlaybackReporting.EventMonitorEntryPoint: Processing playback tracker : "TW96aWxsYS81LjAgKFdpbmRvd3MgTlQgMTAuMDsgV2luNjQ7IHg2NCkgQXBwbGVXZWJLaXQvNTM3LjM2IChLSFRNTCwgbGlrZSBHZWNrbykgQ2hyb21lLzEzNS4wLjAuMCBTYWZhcmkvNTM3LjM2fDE3NDU4ODQ3MTg3NDA1-66ef7bd1c406421895b8c43a8ff9f32c-c5b05048fd6b0ea99b7f6ed979ea40e4"
[2025-08-30 12:05:16.812 -03:00] [INF] [41] Jellyfin.Plugin.PlaybackReporting.EventMonitorEntryPoint: Processing playback tracker : "TW96aWxsYS81LjAgKFdpbmRvd3MgTlQgMTAuMDsgV2luNjQ7IHg2NCkgQXBwbGVXZWJLaXQvNTM3LjM2IChLSFRNTCwgbGlrZSBHZWNrbykgQ2hyb21lLzEzNS4wLjAuMCBTYWZhcmkvNTM3LjM2fDE3NDU4ODQ3MTg3NDA1-66ef7bd1c406421895b8c43a8ff9f32c-c5b05048fd6b0ea99b7f6ed979ea40e4"
[2025-08-30 12:05:44.184 -03:00] [INF] [62] Jellyfin.Plugin.PlaybackReporting.EventMonitorEntryPoint: Processing playback tracker : "TW96aWxsYS81LjAgKFdpbmRvd3MgTlQgMTAuMDsgV2luNjQ7IHg2NCkgQXBwbGVXZWJLaXQvNTM3LjM2IChLSFRNTCwgbGlrZSBHZWNrbykgQ2hyb21lLzEzNS4wLjAuMCBTYWZhcmkvNTM3LjM2fDE3NDU4ODQ3MTg3NDA1-66ef7bd1c406421895b8c43a8ff9f32c-c5b05048fd6b0ea99b7f6ed979ea40e4"
[2025-08-30 12:06:14.195 -03:00] [INF] [85] Jellyfin.Plugin.PlaybackReporting.EventMonitorEntryPoint: Processing playback tracker : "TW96aWxsYS81LjAgKFdpbmRvd3MgTlQgMTAuMDsgV2luNjQ7IHg2NCkgQXBwbGVXZWJLaXQvNTM3LjM2IChLSFRNTCwgbGlrZSBHZWNrbykgQ2hyb21lLzEzNS4wLjAuMCBTYWZhcmkvNTM3LjM2fDE3NDU4ODQ3MTg3NDA1-66ef7bd1c406421895b8c43a8ff9f32c-c5b05048fd6b0ea99b7f6ed979ea40e4"
[2025-08-30 12:06:44.206 -03:00] [INF] [41] Jellyfin.Plugin.PlaybackReporting.EventMonitorEntryPoint: Processing playback tracker : "TW96aWxsYS81LjAgKFdpbmRvd3MgTlQgMTAuMDsgV2luNjQ7IHg2NCkgQXBwbGVXZWJLaXQvNTM3LjM2IChLSFRNTCwgbGlrZSBHZWNrbykgQ2hyb21lLzEzNS4wLjAuMCBTYWZhcmkvNTM3LjM2fDE3NDU4ODQ3MTg3NDA1-66ef7bd1c406421895b8c43a8ff9f32c-c5b05048fd6b0ea99b7f6ed979ea40e4"
[2025-08-30 12:07:14.223 -03:00] [INF] [41] Jellyfin.Plugin.PlaybackReporting.EventMonitorEntryPoint: Processing playback tracker : "TW96aWxsYS81LjAgKFdpbmRvd3MgTlQgMTAuMDsgV2luNjQ7IHg2NCkgQXBwbGVXZWJLaXQvNTM3LjM2IChLSFRNTCwgbGlrZSBHZWNrbykgQ2hyb21lLzEzNS4wLjAuMCBTYWZhcmkvNTM3LjM2fDE3NDU4ODQ3MTg3NDA1-66ef7bd1c406421895b8c43a8ff9f32c-c5b05048fd6b0ea99b7f6ed979ea40e4"
[2025-08-30 12:07:44.181 -03:00] [INF] [41] Jellyfin.Plugin.PlaybackReporting.EventMonitorEntryPoint: Processing playback tracker : "TW96aWxsYS81LjAgKFdpbmRvd3MgTlQgMTAuMDsgV2luNjQ7IHg2NCkgQXBwbGVXZWJLaXQvNTM3LjM2IChLSFRNTCwgbGlrZSBHZWNrbykgQ2hyb21lLzEzNS4wLjAuMCBTYWZhcmkvNTM3LjM2fDE3NDU4ODQ3MTg3NDA1-66ef7bd1c406421895b8c43a8ff9f32c-c5b05048fd6b0ea99b7f6ed979ea40e4"
[2025-08-30 12:08:14.171 -03:00] [INF] [81] Jellyfin.Plugin.PlaybackReporting.EventMonitorEntryPoint: Processing playback tracker : "TW96aWxsYS81LjAgKFdpbmRvd3MgTlQgMTAuMDsgV2luNjQ7IHg2NCkgQXBwbGVXZWJLaXQvNTM3LjM2IChLSFRNTCwgbGlrZSBHZWNrbykgQ2hyb21lLzEzNS4wLjAuMCBTYWZhcmkvNTM3LjM2fDE3NDU4ODQ3MTg3NDA1-66ef7bd1c406421895b8c43a8ff9f32c-c5b05048fd6b0ea99b7f6ed979ea40e4"
[2025-08-30 12:08:34.180 -03:00] [INF] [41] Jellyfin.Plugin.PlaybackReporting.EventMonitorEntryPoint: Processing playback tracker : "TW96aWxsYS81LjAgKFdpbmRvd3MgTlQgMTAuMDsgV2luNjQ7IHg2NCkgQXBwbGVXZWJLaXQvNTM3LjM2IChLSFRNTCwgbGlrZSBHZWNrbykgQ2hyb21lLzEzNS4wLjAuMCBTYWZhcmkvNTM3LjM2fDE3NDU4ODQ3MTg3NDA1-66ef7bd1c406421895b8c43a8ff9f32c-c5b05048fd6b0ea99b7f6ed979ea40e4"
[2025-08-30 12:08:54.181 -03:00] [INF] [81] Jellyfin.Plugin.PlaybackReporting.EventMonitorEntryPoint: Processing playback tracker : "TW96aWxsYS81LjAgKFdpbmRvd3MgTlQgMTAuMDsgV2luNjQ7IHg2NCkgQXBwbGVXZWJLaXQvNTM3LjM2IChLSFRNTCwgbGlrZSBHZWNrbykgQ2hyb21lLzEzNS4wLjAuMCBTYWZhcmkvNTM3LjM2fDE3NDU4ODQ3MTg3NDA1-66ef7bd1c406421895b8c43a8ff9f32c-c5b05048fd6b0ea99b7f6ed979ea40e4"
[2025-08-30 12:09:24.179 -03:00] [INF] [41] Jellyfin.Plugin.PlaybackReporting.EventMonitorEntryPoint: Processing playback tracker : "TW96aWxsYS81LjAgKFdpbmRvd3MgTlQgMTAuMDsgV2luNjQ7IHg2NCkgQXBwbGVXZWJLaXQvNTM3LjM2IChLSFRNTCwgbGlrZSBHZWNrbykgQ2hyb21lLzEzNS4wLjAuMCBTYWZhcmkvNTM3LjM2fDE3NDU4ODQ3MTg3NDA1-66ef7bd1c406421895b8c43a8ff9f32c-c5b05048fd6b0ea99b7f6ed979ea40e4"
[2025-08-30 12:09:54.171 -03:00] [INF] [81] Jellyfin.Plugin.PlaybackReporting.EventMonitorEntryPoint: Processing playback tracker : "TW96aWxsYS81LjAgKFdpbmRvd3MgTlQgMTAuMDsgV2luNjQ7IHg2NCkgQXBwbGVXZWJLaXQvNTM3LjM2IChLSFRNTCwgbGlrZSBHZWNrbykgQ2hyb21lLzEzNS4wLjAuMCBTYWZhcmkvNTM3LjM2fDE3NDU4ODQ3MTg3NDA1-66ef7bd1c406421895b8c43a8ff9f32c-c5b05048fd6b0ea99b7f6ed979ea40e4"
[2025-08-30 12:10:14.175 -03:00] [INF] [68] Jellyfin.Plugin.PlaybackReporting.EventMonitorEntryPoint: Processing playback tracker : "TW96aWxsYS81LjAgKFdpbmRvd3MgTlQgMTAuMDsgV2luNjQ7IHg2NCkgQXBwbGVXZWJLaXQvNTM3LjM2IChLSFRNTCwgbGlrZSBHZWNrbykgQ2hyb21lLzEzNS4wLjAuMCBTYWZhcmkvNTM3LjM2fDE3NDU4ODQ3MTg3NDA1-66ef7bd1c406421895b8c43a8ff9f32c-c5b05048fd6b0ea99b7f6ed979ea40e4"
[2025-08-30 12:10:44.174 -03:00] [INF] [41] Jellyfin.Plugin.PlaybackReporting.EventMonitorEntryPoint: Processing playback tracker : "TW96aWxsYS81LjAgKFdpbmRvd3MgTlQgMTAuMDsgV2luNjQ7IHg2NCkgQXBwbGVXZWJLaXQvNTM3LjM2IChLSFRNTCwgbGlrZSBHZWNrbykgQ2hyb21lLzEzNS4wLjAuMCBTYWZhcmkvNTM3LjM2fDE3NDU4ODQ3MTg3NDA1-66ef7bd1c406421895b8c43a8ff9f32c-c5b05048fd6b0ea99b7f6ed979ea40e4"
[2025-08-30 12:11:14.180 -03:00] [INF] [41] Jellyfin.Plugin.PlaybackReporting.EventMonitorEntryPoint: Processing playback tracker : "TW96aWxsYS81LjAgKFdpbmRvd3MgTlQgMTAuMDsgV2luNjQ7IHg2NCkgQXBwbGVXZWJLaXQvNTM3LjM2IChLSFRNTCwgbGlrZSBHZWNrbykgQ2hyb21lLzEzNS4wLjAuMCBTYWZhcmkvNTM3LjM2fDE3NDU4ODQ3MTg3NDA1-66ef7bd1c406421895b8c43a8ff9f32c-c5b05048fd6b0ea99b7f6ed979ea40e4"
[2025-08-30 12:11:44.177 -03:00] [INF] [41] Jellyfin.Plugin.PlaybackReporting.EventMonitorEntryPoint: Processing playback tracker : "TW96aWxsYS81LjAgKFdpbmRvd3MgTlQgMTAuMDsgV2luNjQ7IHg2NCkgQXBwbGVXZWJLaXQvNTM3LjM2IChLSFRNTCwgbGlrZSBHZWNrbykgQ2hyb21lLzEzNS4wLjAuMCBTYWZhcmkvNTM3LjM2fDE3NDU4ODQ3MTg3NDA1-66ef7bd1c406421895b8c43a8ff9f32c-c5b05048fd6b0ea99b7f6ed979ea40e4"
[2025-08-30 12:12:04.180 -03:00] [INF] [67] Jellyfin.Plugin.PlaybackReporting.EventMonitorEntryPoint: Processing playback tracker : "TW96aWxsYS81LjAgKFdpbmRvd3MgTlQgMTAuMDsgV2luNjQ7IHg2NCkgQXBwbGVXZWJLaXQvNTM3LjM2IChLSFRNTCwgbGlrZSBHZWNrbykgQ2hyb21lLzEzNS4wLjAuMCBTYWZhcmkvNTM3LjM2fDE3NDU4ODQ3MTg3NDA1-66ef7bd1c406421895b8c43a8ff9f32c-c5b05048fd6b0ea99b7f6ed979ea40e4"
[2025-08-30 12:12:10.340 -03:00] [INF] [68] MediaBrowser.MediaEncoding.Transcoding.TranscodeManager: Deleting partial stream file(s) "/config/cache/transcodes/b125555ab317b38a7a544484ed0e1831.m3u8"
[2025-08-30 12:12:11.856 -03:00] [INF] [68] Emby.Server.Implementations.HttpServer.WebSocketManager: WS "192.168.1.7" closed
[2025-08-30 12:12:11.895 -03:00] [INF] [81] Emby.Server.Implementations.Session.SessionManager: Playback stopped reported by app "Jellyfin Web" "10.10.7" playing "Cheio de estrelas". Stopped at "304168" ms
[2025-08-30 12:12:11.896 -03:00] [INF] [68] Jellyfin.Plugin.PlaybackReporting.EventMonitorEntryPoint: Playback stop tracker found, processing stop : "TW96aWxsYS81LjAgKFdpbmRvd3MgTlQgMTAuMDsgV2luNjQ7IHg2NCkgQXBwbGVXZWJLaXQvNTM3LjM2IChLSFRNTCwgbGlrZSBHZWNrbykgQ2hyb21lLzEzNS4wLjAuMCBTYWZhcmkvNTM3LjM2fDE3NDU4ODQ3MTg3NDA1-66ef7bd1c406421895b8c43a8ff9f32c-c5b05048fd6b0ea99b7f6ed979ea40e4"
[2025-08-30 12:12:11.896 -03:00] [INF] [68] Jellyfin.Plugin.PlaybackReporting.Data.PlaybackTracker: PlaybackTracker : Adding Stop Event : 08/30/2025 12:12:11
[2025-08-30 12:12:11.897 -03:00] [INF] [68] Jellyfin.Plugin.PlaybackReporting.EventMonitorEntryPoint: Saving playback tracking activity in DB
[2025-08-30 14:01:40.448 -03:00] [INF] [50] Emby.Server.Implementations.HttpServer.WebSocketManager: WS "192.168.1.7" request
[2025-08-30 14:01:52.352 -03:00] [INF] [195] Jellyfin.Api.Helpers.MediaInfoHelper: User policy for "luiz". EnablePlaybackRemuxing: True EnableVideoPlaybackTranscoding: True EnableAudioPlaybackTranscoding: True
[2025-08-30 14:01:53.054 -03:00] [INF] [90] Jellyfin.Api.Controllers.DynamicHlsController: Current HLS implementation doesn't support non-keyframe breaks but one is requested, ignoring that request
[2025-08-30 14:01:53.067 -03:00] [INF] [90] MediaBrowser.MediaEncoding.Transcoding.TranscodeManager: "/usr/lib/jellyfin-ffmpeg/ffmpeg" "-analyzeduration 200M -probesize 1G -fflags +genpts  -i file:\"/data/serie/Invasion.S01e09.720p.WEB-DL. DUAL/Invasion.S01e09.720p.WEB-DL. DUAL.mkv\" -map_metadata -1 -map_chapters -1 -threads 0 -map 0:0 -map 0:1 -map -0:s -codec:v:0 copy -bsf:v h264_mp4toannexb -start_at_zero -codec:a:0 libfdk_aac -ac 2 -ab 256000 -af \"volume=2\" -copyts -avoid_negative_ts disabled -max_muxing_queue_size 2048 -f hls -max_delay 5000000 -hls_time 6 -hls_segment_type fmp4 -hls_fmp4_init_filename \"e3f1889303e92a83880d4778ac8c26ba-1.mp4\" -start_number 0 -hls_segment_filename \"/config/cache/transcodes/e3f1889303e92a83880d4778ac8c26ba%d.mp4\" -hls_playlist_type vod -hls_list_size 0 -y \"/config/cache/transcodes/e3f1889303e92a83880d4778ac8c26ba.m3u8\""
[2025-08-30 14:01:53.535 -03:00] [INF] [50] MediaBrowser.Controller.MediaEncoding.TranscodingJob: Stopping ffmpeg process with q command for "/config/cache/transcodes/e3f1889303e92a83880d4778ac8c26ba.m3u8"
[2025-08-30 14:01:53.775 -03:00] [INF] [50] MediaBrowser.MediaEncoding.Transcoding.TranscodeManager: FFmpeg exited with code 0
[2025-08-30 14:01:53.776 -03:00] [INF] [50] Jellyfin.Api.Controllers.DynamicHlsController: Current HLS implementation doesn't support non-keyframe breaks but one is requested, ignoring that request
[2025-08-30 14:01:53.777 -03:00] [INF] [50] MediaBrowser.MediaEncoding.Transcoding.TranscodeManager: "/usr/lib/jellyfin-ffmpeg/ffmpeg" "-analyzeduration 200M -probesize 1G -ss 00:05:03.182 -noaccurate_seek -fflags +genpts  -i file:\"/data/serie/Invasion.S01e09.720p.WEB-DL. DUAL/Invasion.S01e09.720p.WEB-DL. DUAL.mkv\" -map_metadata -1 -map_chapters -1 -threads 0 -map 0:0 -map 0:1 -map -0:s -codec:v:0 copy -bsf:v h264_mp4toannexb -start_at_zero -codec:a:0 libfdk_aac -ac 2 -ab 256000 -af \"volume=2\" -copyts -avoid_negative_ts disabled -max_muxing_queue_size 2048 -f hls -max_delay 5000000 -hls_time 6 -hls_segment_type fmp4 -hls_fmp4_init_filename \"e3f1889303e92a83880d4778ac8c26ba-1.mp4\" -start_number 46 -hls_segment_filename \"/config/cache/transcodes/e3f1889303e92a83880d4778ac8c26ba%d.mp4\" -hls_playlist_type vod -hls_list_size 0 -y \"/config/cache/transcodes/e3f1889303e92a83880d4778ac8c26ba.m3u8\""
[2025-08-30 14:01:55.234 -03:00] [INF] [147] Jellyfin.Plugin.PlaybackReporting.EventMonitorEntryPoint: Adding playback tracker : TW96aWxsYS81LjAgKFdpbmRvd3MgTlQgMTAuMDsgV2luNjQ7IHg2NCkgQXBwbGVXZWJLaXQvNTM3LjM2IChLSFRNTCwgbGlrZSBHZWNrbykgQ2hyb21lLzEzNS4wLjAuMCBTYWZhcmkvNTM3LjM2fDE3NDU4ODQ3MTg3NDA1-66ef7bd1c406421895b8c43a8ff9f32c-c5b05048fd6b0ea99b7f6ed979ea40e4
[2025-08-30 14:01:55.235 -03:00] [INF] [147] Jellyfin.Plugin.PlaybackReporting.Data.PlaybackTracker: PlaybackTracker : Adding Start Event : 08/30/2025 14:01:55
[2025-08-30 14:01:55.236 -03:00] [INF] [147] Jellyfin.Plugin.PlaybackReporting.EventMonitorEntryPoint: Creating StartPlaybackTimer Task
[2025-08-30 14:01:55.236 -03:00] [INF] [90] Jellyfin.Plugin.PlaybackReporting.EventMonitorEntryPoint: StartPlaybackTimer : Entered
[2025-08-30 14:01:55.400 -03:00] [INF] [90] Jellyfin.Plugin.PlaybackReporting.EventMonitorEntryPoint: Processing playback tracker : "TW96aWxsYS81LjAgKFdpbmRvd3MgTlQgMTAuMDsgV2luNjQ7IHg2NCkgQXBwbGVXZWJLaXQvNTM3LjM2IChLSFRNTCwgbGlrZSBHZWNrbykgQ2hyb21lLzEzNS4wLjAuMCBTYWZhcmkvNTM3LjM2fDE3NDU4ODQ3MTg3NDA1-66ef7bd1c406421895b8c43a8ff9f32c-c5b05048fd6b0ea99b7f6ed979ea40e4"
[2025-08-30 14:02:15.238 -03:00] [INF] [194] Jellyfin.Plugin.PlaybackReporting.EventMonitorEntryPoint: session.RemoteEndPoint : "192.168.1.7"
[2025-08-30 14:02:15.238 -03:00] [INF] [194] Jellyfin.Plugin.PlaybackReporting.EventMonitorEntryPoint: StartPlaybackTimer : event_playing_id     = "c5b05048fd6b0ea99b7f6ed979ea40e4"
[2025-08-30 14:02:15.238 -03:00] [INF] [194] Jellyfin.Plugin.PlaybackReporting.EventMonitorEntryPoint: StartPlaybackTimer : event_user_id        = "66ef7bd1c406421895b8c43a8ff9f32c"
[2025-08-30 14:02:15.238 -03:00] [INF] [194] Jellyfin.Plugin.PlaybackReporting.EventMonitorEntryPoint: StartPlaybackTimer : event_user_id_int    = 1
[2025-08-30 14:02:15.239 -03:00] [INF] [194] Jellyfin.Plugin.PlaybackReporting.EventMonitorEntryPoint: StartPlaybackTimer : session_playing_id   = "c5b05048fd6b0ea99b7f6ed979ea40e4"
[2025-08-30 14:02:15.239 -03:00] [INF] [194] Jellyfin.Plugin.PlaybackReporting.EventMonitorEntryPoint: StartPlaybackTimer : session_user_id      = "66ef7bd1c406421895b8c43a8ff9f32c"
[2025-08-30 14:02:15.239 -03:00] [INF] [194] Jellyfin.Plugin.PlaybackReporting.EventMonitorEntryPoint: StartPlaybackTimer : play_method          = "Transcode (v:direct a:aac)"
[2025-08-30 14:02:15.239 -03:00] [INF] [194] Jellyfin.Plugin.PlaybackReporting.EventMonitorEntryPoint: StartPlaybackTimer : e.ClientName         = "Jellyfin Web"
[2025-08-30 14:02:15.239 -03:00] [INF] [194] Jellyfin.Plugin.PlaybackReporting.EventMonitorEntryPoint: StartPlaybackTimer : e.DeviceName         = "Chrome"
[2025-08-30 14:02:15.239 -03:00] [INF] [194] Jellyfin.Plugin.PlaybackReporting.EventMonitorEntryPoint: StartPlaybackTimer : ItemName             = "Invasão - s01e09 - Cheio de estrelas"
[2025-08-30 14:02:15.239 -03:00] [INF] [194] Jellyfin.Plugin.PlaybackReporting.EventMonitorEntryPoint: StartPlaybackTimer : ItemId               = "c5b05048fd6b0ea99b7f6ed979ea40e4"
[2025-08-30 14:02:15.239 -03:00] [INF] [194] Jellyfin.Plugin.PlaybackReporting.EventMonitorEntryPoint: StartPlaybackTimer : ItemType             = "Episode"
[2025-08-30 14:02:15.239 -03:00] [INF] [194] Jellyfin.Plugin.PlaybackReporting.EventMonitorEntryPoint: StartPlaybackTimer : All matches, playback registered
[2025-08-30 14:02:15.239 -03:00] [INF] [194] Jellyfin.Plugin.PlaybackReporting.EventMonitorEntryPoint: Playback tracker found, adding playback info : "TW96aWxsYS81LjAgKFdpbmRvd3MgTlQgMTAuMDsgV2luNjQ7IHg2NCkgQXBwbGVXZWJLaXQvNTM3LjM2IChLSFRNTCwgbGlrZSBHZWNrbykgQ2hyb21lLzEzNS4wLjAuMCBTYWZhcmkvNTM3LjM2fDE3NDU4ODQ3MTg3NDA1-66ef7bd1c406421895b8c43a8ff9f32c-c5b05048fd6b0ea99b7f6ed979ea40e4"
[2025-08-30 14:02:15.239 -03:00] [INF] [194] Jellyfin.Plugin.PlaybackReporting.EventMonitorEntryPoint: Saving playback tracking activity in DB
[2025-08-30 14:02:15.246 -03:00] [INF] [194] Jellyfin.Plugin.PlaybackReporting.EventMonitorEntryPoint: StartPlaybackTimer : Exited
[2025-08-30 14:02:25.107 -03:00] [INF] [25] Jellyfin.Plugin.PlaybackReporting.EventMonitorEntryPoint: Processing playback tracker : "TW96aWxsYS81LjAgKFdpbmRvd3MgTlQgMTAuMDsgV2luNjQ7IHg2NCkgQXBwbGVXZWJLaXQvNTM3LjM2IChLSFRNTCwgbGlrZSBHZWNrbykgQ2hyb21lLzEzNS4wLjAuMCBTYWZhcmkvNTM3LjM2fDE3NDU4ODQ3MTg3NDA1-66ef7bd1c406421895b8c43a8ff9f32c-c5b05048fd6b0ea99b7f6ed979ea40e4"
[2025-08-30 14:02:45.124 -03:00] [INF] [195] Jellyfin.Plugin.PlaybackReporting.EventMonitorEntryPoint: Processing playback tracker : "TW96aWxsYS81LjAgKFdpbmRvd3MgTlQgMTAuMDsgV2luNjQ7IHg2NCkgQXBwbGVXZWJLaXQvNTM3LjM2IChLSFRNTCwgbGlrZSBHZWNrbykgQ2hyb21lLzEzNS4wLjAuMCBTYWZhcmkvNTM3LjM2fDE3NDU4ODQ3MTg3NDA1-66ef7bd1c406421895b8c43a8ff9f32c-c5b05048fd6b0ea99b7f6ed979ea40e4"
[2025-08-30 14:02:49.609 -03:00] [INF] [195] MediaBrowser.MediaEncoding.Transcoding.TranscodeManager: FFmpeg exited with code 0
[2025-08-30 14:03:15.142 -03:00] [INF] [194] Jellyfin.Plugin.PlaybackReporting.EventMonitorEntryPoint: Processing playback tracker : "TW96aWxsYS81LjAgKFdpbmRvd3MgTlQgMTAuMDsgV2luNjQ7IHg2NCkgQXBwbGVXZWJLaXQvNTM3LjM2IChLSFRNTCwgbGlrZSBHZWNrbykgQ2hyb21lLzEzNS4wLjAuMCBTYWZhcmkvNTM3LjM2fDE3NDU4ODQ3MTg3NDA1-66ef7bd1c406421895b8c43a8ff9f32c-c5b05048fd6b0ea99b7f6ed979ea40e4"
[2025-08-30 14:03:45.130 -03:00] [INF] [25] Jellyfin.Plugin.PlaybackReporting.EventMonitorEntryPoint: Processing playback tracker : "TW96aWxsYS81LjAgKFdpbmRvd3MgTlQgMTAuMDsgV2luNjQ7IHg2NCkgQXBwbGVXZWJLaXQvNTM3LjM2IChLSFRNTCwgbGlrZSBHZWNrbykgQ2hyb21lLzEzNS4wLjAuMCBTYWZhcmkvNTM3LjM2fDE3NDU4ODQ3MTg3NDA1-66ef7bd1c406421895b8c43a8ff9f32c-c5b05048fd6b0ea99b7f6ed979ea40e4"
[2025-08-30 14:04:15.131 -03:00] [INF] [73] Jellyfin.Plugin.PlaybackReporting.EventMonitorEntryPoint: Processing playback tracker : "TW96aWxsYS81LjAgKFdpbmRvd3MgTlQgMTAuMDsgV2luNjQ7IHg2NCkgQXBwbGVXZWJLaXQvNTM3LjM2IChLSFRNTCwgbGlrZSBHZWNrbykgQ2hyb21lLzEzNS4wLjAuMCBTYWZhcmkvNTM3LjM2fDE3NDU4ODQ3MTg3NDA1-66ef7bd1c406421895b8c43a8ff9f32c-c5b05048fd6b0ea99b7f6ed979ea40e4"
[2025-08-30 14:04:45.139 -03:00] [INF] [25] Jellyfin.Plugin.PlaybackReporting.EventMonitorEntryPoint: Processing playback tracker : "TW96aWxsYS81LjAgKFdpbmRvd3MgTlQgMTAuMDsgV2luNjQ7IHg2NCkgQXBwbGVXZWJLaXQvNTM3LjM2IChLSFRNTCwgbGlrZSBHZWNrbykgQ2hyb21lLzEzNS4wLjAuMCBTYWZhcmkvNTM3LjM2fDE3NDU4ODQ3MTg3NDA1-66ef7bd1c406421895b8c43a8ff9f32c-c5b05048fd6b0ea99b7f6ed979ea40e4"
[2025-08-30 14:05:15.114 -03:00] [INF] [73] Jellyfin.Plugin.PlaybackReporting.EventMonitorEntryPoint: Processing playback tracker : "TW96aWxsYS81LjAgKFdpbmRvd3MgTlQgMTAuMDsgV2luNjQ7IHg2NCkgQXBwbGVXZWJLaXQvNTM3LjM2IChLSFRNTCwgbGlrZSBHZWNrbykgQ2hyb21lLzEzNS4wLjAuMCBTYWZhcmkvNTM3LjM2fDE3NDU4ODQ3MTg3NDA1-66ef7bd1c406421895b8c43a8ff9f32c-c5b05048fd6b0ea99b7f6ed979ea40e4"
[2025-08-30 14:05:35.121 -03:00] [INF] [25] Jellyfin.Plugin.PlaybackReporting.EventMonitorEntryPoint: Processing playback tracker : "TW96aWxsYS81LjAgKFdpbmRvd3MgTlQgMTAuMDsgV2luNjQ7IHg2NCkgQXBwbGVXZWJLaXQvNTM3LjM2IChLSFRNTCwgbGlrZSBHZWNrbykgQ2hyb21lLzEzNS4wLjAuMCBTYWZhcmkvNTM3LjM2fDE3NDU4ODQ3MTg3NDA1-66ef7bd1c406421895b8c43a8ff9f32c-c5b05048fd6b0ea99b7f6ed979ea40e4"
[2025-08-30 14:06:05.111 -03:00] [INF] [195] Jellyfin.Plugin.PlaybackReporting.EventMonitorEntryPoint: Processing playback tracker : "TW96aWxsYS81LjAgKFdpbmRvd3MgTlQgMTAuMDsgV2luNjQ7IHg2NCkgQXBwbGVXZWJLaXQvNTM3LjM2IChLSFRNTCwgbGlrZSBHZWNrbykgQ2hyb21lLzEzNS4wLjAuMCBTYWZhcmkvNTM3LjM2fDE3NDU4ODQ3MTg3NDA1-66ef7bd1c406421895b8c43a8ff9f32c-c5b05048fd6b0ea99b7f6ed979ea40e4"
[2025-08-30 14:06:25.128 -03:00] [INF] [25] Jellyfin.Plugin.PlaybackReporting.EventMonitorEntryPoint: Processing playback tracker : "TW96aWxsYS81LjAgKFdpbmRvd3MgTlQgMTAuMDsgV2luNjQ7IHg2NCkgQXBwbGVXZWJLaXQvNTM3LjM2IChLSFRNTCwgbGlrZSBHZWNrbykgQ2hyb21lLzEzNS4wLjAuMCBTYWZhcmkvNTM3LjM2fDE3NDU4ODQ3MTg3NDA1-66ef7bd1c406421895b8c43a8ff9f32c-c5b05048fd6b0ea99b7f6ed979ea40e4"
[2025-08-30 14:06:55.122 -03:00] [INF] [25] Jellyfin.Plugin.PlaybackReporting.EventMonitorEntryPoint: Processing playback tracker : "TW96aWxsYS81LjAgKFdpbmRvd3MgTlQgMTAuMDsgV2luNjQ7IHg2NCkgQXBwbGVXZWJLaXQvNTM3LjM2IChLSFRNTCwgbGlrZSBHZWNrbykgQ2hyb21lLzEzNS4wLjAuMCBTYWZhcmkvNTM3LjM2fDE3NDU4ODQ3MTg3NDA1-66ef7bd1c406421895b8c43a8ff9f32c-c5b05048fd6b0ea99b7f6ed979ea40e4"
[2025-08-30 14:07:15.123 -03:00] [INF] [73] Jellyfin.Plugin.PlaybackReporting.EventMonitorEntryPoint: Processing playback tracker : "TW96aWxsYS81LjAgKFdpbmRvd3MgTlQgMTAuMDsgV2luNjQ7IHg2NCkgQXBwbGVXZWJLaXQvNTM3LjM2IChLSFRNTCwgbGlrZSBHZWNrbykgQ2hyb21lLzEzNS4wLjAuMCBTYWZhcmkvNTM3LjM2fDE3NDU4ODQ3MTg3NDA1-66ef7bd1c406421895b8c43a8ff9f32c-c5b05048fd6b0ea99b7f6ed979ea40e4"
[2025-08-30 14:07:45.120 -03:00] [INF] [25] Jellyfin.Plugin.PlaybackReporting.EventMonitorEntryPoint: Processing playback tracker : "TW96aWxsYS81LjAgKFdpbmRvd3MgTlQgMTAuMDsgV2luNjQ7IHg2NCkgQXBwbGVXZWJLaXQvNTM3LjM2IChLSFRNTCwgbGlrZSBHZWNrbykgQ2hyb21lLzEzNS4wLjAuMCBTYWZhcmkvNTM3LjM2fDE3NDU4ODQ3MTg3NDA1-66ef7bd1c406421895b8c43a8ff9f32c-c5b05048fd6b0ea99b7f6ed979ea40e4"
[2025-08-30 14:08:15.131 -03:00] [INF] [161] Jellyfin.Plugin.PlaybackReporting.EventMonitorEntryPoint: Processing playback tracker : "TW96aWxsYS81LjAgKFdpbmRvd3MgTlQgMTAuMDsgV2luNjQ7IHg2NCkgQXBwbGVXZWJLaXQvNTM3LjM2IChLSFRNTCwgbGlrZSBHZWNrbykgQ2hyb21lLzEzNS4wLjAuMCBTYWZhcmkvNTM3LjM2fDE3NDU4ODQ3MTg3NDA1-66ef7bd1c406421895b8c43a8ff9f32c-c5b05048fd6b0ea99b7f6ed979ea40e4"
[2025-08-30 14:08:45.117 -03:00] [INF] [162] Jellyfin.Plugin.PlaybackReporting.EventMonitorEntryPoint: Processing playback tracker : "TW96aWxsYS81LjAgKFdpbmRvd3MgTlQgMTAuMDsgV2luNjQ7IHg2NCkgQXBwbGVXZWJLaXQvNTM3LjM2IChLSFRNTCwgbGlrZSBHZWNrbykgQ2hyb21lLzEzNS4wLjAuMCBTYWZhcmkvNTM3LjM2fDE3NDU4ODQ3MTg3NDA1-66ef7bd1c406421895b8c43a8ff9f32c-c5b05048fd6b0ea99b7f6ed979ea40e4"
[2025-08-30 14:09:15.112 -03:00] [INF] [161] Jellyfin.Plugin.PlaybackReporting.EventMonitorEntryPoint: Processing playback tracker : "TW96aWxsYS81LjAgKFdpbmRvd3MgTlQgMTAuMDsgV2luNjQ7IHg2NCkgQXBwbGVXZWJLaXQvNTM3LjM2IChLSFRNTCwgbGlrZSBHZWNrbykgQ2hyb21lLzEzNS4wLjAuMCBTYWZhcmkvNTM3LjM2fDE3NDU4ODQ3MTg3NDA1-66ef7bd1c406421895b8c43a8ff9f32c-c5b05048fd6b0ea99b7f6ed979ea40e4"
[2025-08-30 14:09:35.127 -03:00] [INF] [158] Jellyfin.Plugin.PlaybackReporting.EventMonitorEntryPoint: Processing playback tracker : "TW96aWxsYS81LjAgKFdpbmRvd3MgTlQgMTAuMDsgV2luNjQ7IHg2NCkgQXBwbGVXZWJLaXQvNTM3LjM2IChLSFRNTCwgbGlrZSBHZWNrbykgQ2hyb21lLzEzNS4wLjAuMCBTYWZhcmkvNTM3LjM2fDE3NDU4ODQ3MTg3NDA1-66ef7bd1c406421895b8c43a8ff9f32c-c5b05048fd6b0ea99b7f6ed979ea40e4"
[2025-08-30 14:10:05.118 -03:00] [INF] [161] Jellyfin.Plugin.PlaybackReporting.EventMonitorEntryPoint: Processing playback tracker : "TW96aWxsYS81LjAgKFdpbmRvd3MgTlQgMTAuMDsgV2luNjQ7IHg2NCkgQXBwbGVXZWJLaXQvNTM3LjM2IChLSFRNTCwgbGlrZSBHZWNrbykgQ2hyb21lLzEzNS4wLjAuMCBTYWZhcmkvNTM3LjM2fDE3NDU4ODQ3MTg3NDA1-66ef7bd1c406421895b8c43a8ff9f32c-c5b05048fd6b0ea99b7f6ed979ea40e4"
[2025-08-30 14:10:25.122 -03:00] [INF] [158] Jellyfin.Plugin.PlaybackReporting.EventMonitorEntryPoint: Processing playback tracker : "TW96aWxsYS81LjAgKFdpbmRvd3MgTlQgMTAuMDsgV2luNjQ7IHg2NCkgQXBwbGVXZWJLaXQvNTM3LjM2IChLSFRNTCwgbGlrZSBHZWNrbykgQ2hyb21lLzEzNS4wLjAuMCBTYWZhcmkvNTM3LjM2fDE3NDU4ODQ3MTg3NDA1-66ef7bd1c406421895b8c43a8ff9f32c-c5b05048fd6b0ea99b7f6ed979ea40e4"
[2025-08-30 14:10:45.136 -03:00] [INF] [162] Jellyfin.Plugin.PlaybackReporting.EventMonitorEntryPoint: Processing playback tracker : "TW96aWxsYS81LjAgKFdpbmRvd3MgTlQgMTAuMDsgV2luNjQ7IHg2NCkgQXBwbGVXZWJLaXQvNTM3LjM2IChLSFRNTCwgbGlrZSBHZWNrbykgQ2hyb21lLzEzNS4wLjAuMCBTYWZhcmkvNTM3LjM2fDE3NDU4ODQ3MTg3NDA1-66ef7bd1c406421895b8c43a8ff9f32c-c5b05048fd6b0ea99b7f6ed979ea40e4"
[2025-08-30 14:11:15.133 -03:00] [INF] [161] Jellyfin.Plugin.PlaybackReporting.EventMonitorEntryPoint: Processing playback tracker : "TW96aWxsYS81LjAgKFdpbmRvd3MgTlQgMTAuMDsgV2luNjQ7IHg2NCkgQXBwbGVXZWJLaXQvNTM3LjM2IChLSFRNTCwgbGlrZSBHZWNrbykgQ2hyb21lLzEzNS4wLjAuMCBTYWZhcmkvNTM3LjM2fDE3NDU4ODQ3MTg3NDA1-66ef7bd1c406421895b8c43a8ff9f32c-c5b05048fd6b0ea99b7f6ed979ea40e4"
[2025-08-30 14:11:45.112 -03:00] [INF] [162] Jellyfin.Plugin.PlaybackReporting.EventMonitorEntryPoint: Processing playback tracker : "TW96aWxsYS81LjAgKFdpbmRvd3MgTlQgMTAuMDsgV2luNjQ7IHg2NCkgQXBwbGVXZWJLaXQvNTM3LjM2IChLSFRNTCwgbGlrZSBHZWNrbykgQ2hyb21lLzEzNS4wLjAuMCBTYWZhcmkvNTM3LjM2fDE3NDU4ODQ3MTg3NDA1-66ef7bd1c406421895b8c43a8ff9f32c-c5b05048fd6b0ea99b7f6ed979ea40e4"
[2025-08-30 14:12:15.144 -03:00] [INF] [162] Jellyfin.Plugin.PlaybackReporting.EventMonitorEntryPoint: Processing playback tracker : "TW96aWxsYS81LjAgKFdpbmRvd3MgTlQgMTAuMDsgV2luNjQ7IHg2NCkgQXBwbGVXZWJLaXQvNTM3LjM2IChLSFRNTCwgbGlrZSBHZWNrbykgQ2hyb21lLzEzNS4wLjAuMCBTYWZhcmkvNTM3LjM2fDE3NDU4ODQ3MTg3NDA1-66ef7bd1c406421895b8c43a8ff9f32c-c5b05048fd6b0ea99b7f6ed979ea40e4"
[2025-08-30 14:12:45.108 -03:00] [INF] [162] Jellyfin.Plugin.PlaybackReporting.EventMonitorEntryPoint: Processing playback tracker : "TW96aWxsYS81LjAgKFdpbmRvd3MgTlQgMTAuMDsgV2luNjQ7IHg2NCkgQXBwbGVXZWJLaXQvNTM3LjM2IChLSFRNTCwgbGlrZSBHZWNrbykgQ2hyb21lLzEzNS4wLjAuMCBTYWZhcmkvNTM3LjM2fDE3NDU4ODQ3MTg3NDA1-66ef7bd1c406421895b8c43a8ff9f32c-c5b05048fd6b0ea99b7f6ed979ea40e4"
[2025-08-30 14:13:05.111 -03:00] [INF] [62] Jellyfin.Plugin.PlaybackReporting.EventMonitorEntryPoint: Processing playback tracker : "TW96aWxsYS81LjAgKFdpbmRvd3MgTlQgMTAuMDsgV2luNjQ7IHg2NCkgQXBwbGVXZWJLaXQvNTM3LjM2IChLSFRNTCwgbGlrZSBHZWNrbykgQ2hyb21lLzEzNS4wLjAuMCBTYWZhcmkvNTM3LjM2fDE3NDU4ODQ3MTg3NDA1-66ef7bd1c406421895b8c43a8ff9f32c-c5b05048fd6b0ea99b7f6ed979ea40e4"
[2025-08-30 14:13:25.118 -03:00] [INF] [161] Jellyfin.Plugin.PlaybackReporting.EventMonitorEntryPoint: Processing playback tracker : "TW96aWxsYS81LjAgKFdpbmRvd3MgTlQgMTAuMDsgV2luNjQ7IHg2NCkgQXBwbGVXZWJLaXQvNTM3LjM2IChLSFRNTCwgbGlrZSBHZWNrbykgQ2hyb21lLzEzNS4wLjAuMCBTYWZhcmkvNTM3LjM2fDE3NDU4ODQ3MTg3NDA1-66ef7bd1c406421895b8c43a8ff9f32c-c5b05048fd6b0ea99b7f6ed979ea40e4"
[2025-08-30 14:13:45.122 -03:00] [INF] [25] Jellyfin.Plugin.PlaybackReporting.EventMonitorEntryPoint: Processing playback tracker : "TW96aWxsYS81LjAgKFdpbmRvd3MgTlQgMTAuMDsgV2luNjQ7IHg2NCkgQXBwbGVXZWJLaXQvNTM3LjM2IChLSFRNTCwgbGlrZSBHZWNrbykgQ2hyb21lLzEzNS4wLjAuMCBTYWZhcmkvNTM3LjM2fDE3NDU4ODQ3MTg3NDA1-66ef7bd1c406421895b8c43a8ff9f32c-c5b05048fd6b0ea99b7f6ed979ea40e4"
[2025-08-30 14:14:15.103 -03:00] [INF] [112] Jellyfin.Plugin.PlaybackReporting.EventMonitorEntryPoint: Processing playback tracker : "TW96aWxsYS81LjAgKFdpbmRvd3MgTlQgMTAuMDsgV2luNjQ7IHg2NCkgQXBwbGVXZWJLaXQvNTM3LjM2IChLSFRNTCwgbGlrZSBHZWNrbykgQ2hyb21lLzEzNS4wLjAuMCBTYWZhcmkvNTM3LjM2fDE3NDU4ODQ3MTg3NDA1-66ef7bd1c406421895b8c43a8ff9f32c-c5b05048fd6b0ea99b7f6ed979ea40e4"
[2025-08-30 14:14:35.135 -03:00] [INF] [25] Jellyfin.Plugin.PlaybackReporting.EventMonitorEntryPoint: Processing playback tracker : "TW96aWxsYS81LjAgKFdpbmRvd3MgTlQgMTAuMDsgV2luNjQ7IHg2NCkgQXBwbGVXZWJLaXQvNTM3LjM2IChLSFRNTCwgbGlrZSBHZWNrbykgQ2hyb21lLzEzNS4wLjAuMCBTYWZhcmkvNTM3LjM2fDE3NDU4ODQ3MTg3NDA1-66ef7bd1c406421895b8c43a8ff9f32c-c5b05048fd6b0ea99b7f6ed979ea40e4"
[2025-08-30 14:15:05.101 -03:00] [INF] [161] Jellyfin.Plugin.PlaybackReporting.EventMonitorEntryPoint: Processing playback tracker : "TW96aWxsYS81LjAgKFdpbmRvd3MgTlQgMTAuMDsgV2luNjQ7IHg2NCkgQXBwbGVXZWJLaXQvNTM3LjM2IChLSFRNTCwgbGlrZSBHZWNrbykgQ2hyb21lLzEzNS4wLjAuMCBTYWZhcmkvNTM3LjM2fDE3NDU4ODQ3MTg3NDA1-66ef7bd1c406421895b8c43a8ff9f32c-c5b05048fd6b0ea99b7f6ed979ea40e4"
[2025-08-30 14:15:35.114 -03:00] [INF] [25] Jellyfin.Plugin.PlaybackReporting.EventMonitorEntryPoint: Processing playback tracker : "TW96aWxsYS81LjAgKFdpbmRvd3MgTlQgMTAuMDsgV2luNjQ7IHg2NCkgQXBwbGVXZWJLaXQvNTM3LjM2IChLSFRNTCwgbGlrZSBHZWNrbykgQ2hyb21lLzEzNS4wLjAuMCBTYWZhcmkvNTM3LjM2fDE3NDU4ODQ3MTg3NDA1-66ef7bd1c406421895b8c43a8ff9f32c-c5b05048fd6b0ea99b7f6ed979ea40e4"
[2025-08-30 14:15:55.116 -03:00] [INF] [112] Jellyfin.Plugin.PlaybackReporting.EventMonitorEntryPoint: Processing playback tracker : "TW96aWxsYS81LjAgKFdpbmRvd3MgTlQgMTAuMDsgV2luNjQ7IHg2NCkgQXBwbGVXZWJLaXQvNTM3LjM2IChLSFRNTCwgbGlrZSBHZWNrbykgQ2hyb21lLzEzNS4wLjAuMCBTYWZhcmkvNTM3LjM2fDE3NDU4ODQ3MTg3NDA1-66ef7bd1c406421895b8c43a8ff9f32c-c5b05048fd6b0ea99b7f6ed979ea40e4"
[2025-08-30 14:16:15.128 -03:00] [INF] [60] Jellyfin.Plugin.PlaybackReporting.EventMonitorEntryPoint: Processing playback tracker : "TW96aWxsYS81LjAgKFdpbmRvd3MgTlQgMTAuMDsgV2luNjQ7IHg2NCkgQXBwbGVXZWJLaXQvNTM3LjM2IChLSFRNTCwgbGlrZSBHZWNrbykgQ2hyb21lLzEzNS4wLjAuMCBTYWZhcmkvNTM3LjM2fDE3NDU4ODQ3MTg3NDA1-66ef7bd1c406421895b8c43a8ff9f32c-c5b05048fd6b0ea99b7f6ed979ea40e4"
[2025-08-30 14:16:45.129 -03:00] [INF] [60] Jellyfin.Plugin.PlaybackReporting.EventMonitorEntryPoint: Processing playback tracker : "TW96aWxsYS81LjAgKFdpbmRvd3MgTlQgMTAuMDsgV2luNjQ7IHg2NCkgQXBwbGVXZWJLaXQvNTM3LjM2IChLSFRNTCwgbGlrZSBHZWNrbykgQ2hyb21lLzEzNS4wLjAuMCBTYWZhcmkvNTM3LjM2fDE3NDU4ODQ3MTg3NDA1-66ef7bd1c406421895b8c43a8ff9f32c-c5b05048fd6b0ea99b7f6ed979ea40e4"
[2025-08-30 14:17:15.110 -03:00] [INF] [60] Jellyfin.Plugin.PlaybackReporting.EventMonitorEntryPoint: Processing playback tracker : "TW96aWxsYS81LjAgKFdpbmRvd3MgTlQgMTAuMDsgV2luNjQ7IHg2NCkgQXBwbGVXZWJLaXQvNTM3LjM2IChLSFRNTCwgbGlrZSBHZWNrbykgQ2hyb21lLzEzNS4wLjAuMCBTYWZhcmkvNTM3LjM2fDE3NDU4ODQ3MTg3NDA1-66ef7bd1c406421895b8c43a8ff9f32c-c5b05048fd6b0ea99b7f6ed979ea40e4"
[2025-08-30 14:17:45.105 -03:00] [INF] [73] Jellyfin.Plugin.PlaybackReporting.EventMonitorEntryPoint: Processing playback tracker : "TW96aWxsYS81LjAgKFdpbmRvd3MgTlQgMTAuMDsgV2luNjQ7IHg2NCkgQXBwbGVXZWJLaXQvNTM3LjM2IChLSFRNTCwgbGlrZSBHZWNrbykgQ2hyb21lLzEzNS4wLjAuMCBTYWZhcmkvNTM3LjM2fDE3NDU4ODQ3MTg3NDA1-66ef7bd1c406421895b8c43a8ff9f32c-c5b05048fd6b0ea99b7f6ed979ea40e4"
[2025-08-30 14:18:15.106 -03:00] [INF] [60] Jellyfin.Plugin.PlaybackReporting.EventMonitorEntryPoint: Processing playback tracker : "TW96aWxsYS81LjAgKFdpbmRvd3MgTlQgMTAuMDsgV2luNjQ7IHg2NCkgQXBwbGVXZWJLaXQvNTM3LjM2IChLSFRNTCwgbGlrZSBHZWNrbykgQ2hyb21lLzEzNS4wLjAuMCBTYWZhcmkvNTM3LjM2fDE3NDU4ODQ3MTg3NDA1-66ef7bd1c406421895b8c43a8ff9f32c-c5b05048fd6b0ea99b7f6ed979ea40e4"
[2025-08-30 14:18:35.106 -03:00] [INF] [60] Jellyfin.Plugin.PlaybackReporting.EventMonitorEntryPoint: Processing playback tracker : "TW96aWxsYS81LjAgKFdpbmRvd3MgTlQgMTAuMDsgV2luNjQ7IHg2NCkgQXBwbGVXZWJLaXQvNTM3LjM2IChLSFRNTCwgbGlrZSBHZWNrbykgQ2hyb21lLzEzNS4wLjAuMCBTYWZhcmkvNTM3LjM2fDE3NDU4ODQ3MTg3NDA1-66ef7bd1c406421895b8c43a8ff9f32c-c5b05048fd6b0ea99b7f6ed979ea40e4"
[2025-08-30 14:18:56.641 -03:00] [INF] [25] Jellyfin.Plugin.PlaybackReporting.EventMonitorEntryPoint: Processing playback tracker : "TW96aWxsYS81LjAgKFdpbmRvd3MgTlQgMTAuMDsgV2luNjQ7IHg2NCkgQXBwbGVXZWJLaXQvNTM3LjM2IChLSFRNTCwgbGlrZSBHZWNrbykgQ2hyb21lLzEzNS4wLjAuMCBTYWZhcmkvNTM3LjM2fDE3NDU4ODQ3MTg3NDA1-66ef7bd1c406421895b8c43a8ff9f32c-c5b05048fd6b0ea99b7f6ed979ea40e4"
[2025-08-30 14:19:26.601 -03:00] [INF] [60] Jellyfin.Plugin.PlaybackReporting.EventMonitorEntryPoint: Processing playback tracker : "TW96aWxsYS81LjAgKFdpbmRvd3MgTlQgMTAuMDsgV2luNjQ7IHg2NCkgQXBwbGVXZWJLaXQvNTM3LjM2IChLSFRNTCwgbGlrZSBHZWNrbykgQ2hyb21lLzEzNS4wLjAuMCBTYWZhcmkvNTM3LjM2fDE3NDU4ODQ3MTg3NDA1-66ef7bd1c406421895b8c43a8ff9f32c-c5b05048fd6b0ea99b7f6ed979ea40e4"
[2025-08-30 14:20:28.559 -03:00] [INF] [162] Emby.Server.Implementations.Session.SessionWebSocketListener: Sending ForceKeepAlive message to 1 inactive WebSockets.
[2025-08-30 14:21:06.617 -03:00] [INF] [73] Jellyfin.Plugin.PlaybackReporting.EventMonitorEntryPoint: Processing playback tracker : "TW96aWxsYS81LjAgKFdpbmRvd3MgTlQgMTAuMDsgV2luNjQ7IHg2NCkgQXBwbGVXZWJLaXQvNTM3LjM2IChLSFRNTCwgbGlrZSBHZWNrbykgQ2hyb21lLzEzNS4wLjAuMCBTYWZhcmkvNTM3LjM2fDE3NDU4ODQ3MTg3NDA1-66ef7bd1c406421895b8c43a8ff9f32c-c5b05048fd6b0ea99b7f6ed979ea40e4"
[2025-08-30 14:22:06.656 -03:00] [INF] [62] Jellyfin.Plugin.PlaybackReporting.EventMonitorEntryPoint: Processing playback tracker : "TW96aWxsYS81LjAgKFdpbmRvd3MgTlQgMTAuMDsgV2luNjQ7IHg2NCkgQXBwbGVXZWJLaXQvNTM3LjM2IChLSFRNTCwgbGlrZSBHZWNrbykgQ2hyb21lLzEzNS4wLjAuMCBTYWZhcmkvNTM3LjM2fDE3NDU4ODQ3MTg3NDA1-66ef7bd1c406421895b8c43a8ff9f32c-c5b05048fd6b0ea99b7f6ed979ea40e4"
[2025-08-30 14:24:06.611 -03:00] [INF] [131] Jellyfin.Plugin.PlaybackReporting.EventMonitorEntryPoint: Processing playback tracker : "TW96aWxsYS81LjAgKFdpbmRvd3MgTlQgMTAuMDsgV2luNjQ7IHg2NCkgQXBwbGVXZWJLaXQvNTM3LjM2IChLSFRNTCwgbGlrZSBHZWNrbykgQ2hyb21lLzEzNS4wLjAuMCBTYWZhcmkvNTM3LjM2fDE3NDU4ODQ3MTg3NDA1-66ef7bd1c406421895b8c43a8ff9f32c-c5b05048fd6b0ea99b7f6ed979ea40e4"
[2025-08-30 14:24:52.555 -03:00] [INF] [131] Emby.Server.Implementations.Session.SessionWebSocketListener: Sending ForceKeepAlive message to 1 inactive WebSockets.
[2025-08-30 14:26:06.625 -03:00] [INF] [28] Jellyfin.Plugin.PlaybackReporting.EventMonitorEntryPoint: Processing playback tracker : "TW96aWxsYS81LjAgKFdpbmRvd3MgTlQgMTAuMDsgV2luNjQ7IHg2NCkgQXBwbGVXZWJLaXQvNTM3LjM2IChLSFRNTCwgbGlrZSBHZWNrbykgQ2hyb21lLzEzNS4wLjAuMCBTYWZhcmkvNTM3LjM2fDE3NDU4ODQ3MTg3NDA1-66ef7bd1c406421895b8c43a8ff9f32c-c5b05048fd6b0ea99b7f6ed979ea40e4"
[2025-08-30 14:28:06.594 -03:00] [INF] [131] Jellyfin.Plugin.PlaybackReporting.EventMonitorEntryPoint: Processing playback tracker : "TW96aWxsYS81LjAgKFdpbmRvd3MgTlQgMTAuMDsgV2luNjQ7IHg2NCkgQXBwbGVXZWJLaXQvNTM3LjM2IChLSFRNTCwgbGlrZSBHZWNrbykgQ2hyb21lLzEzNS4wLjAuMCBTYWZhcmkvNTM3LjM2fDE3NDU4ODQ3MTg3NDA1-66ef7bd1c406421895b8c43a8ff9f32c-c5b05048fd6b0ea99b7f6ed979ea40e4"
[2025-08-30 14:28:40.555 -03:00] [INF] [142] Emby.Server.Implementations.Session.SessionWebSocketListener: Sending ForceKeepAlive message to 1 inactive WebSockets.
[2025-08-30 14:30:07.466 -03:00] [INF] [140] Jellyfin.Plugin.PlaybackReporting.EventMonitorEntryPoint: Processing playback tracker : "TW96aWxsYS81LjAgKFdpbmRvd3MgTlQgMTAuMDsgV2luNjQ7IHg2NCkgQXBwbGVXZWJLaXQvNTM3LjM2IChLSFRNTCwgbGlrZSBHZWNrbykgQ2hyb21lLzEzNS4wLjAuMCBTYWZhcmkvNTM3LjM2fDE3NDU4ODQ3MTg3NDA1-66ef7bd1c406421895b8c43a8ff9f32c-c5b05048fd6b0ea99b7f6ed979ea40e4"
[2025-08-30 14:32:07.458 -03:00] [INF] [62] Jellyfin.Plugin.PlaybackReporting.EventMonitorEntryPoint: Processing playback tracker : "TW96aWxsYS81LjAgKFdpbmRvd3MgTlQgMTAuMDsgV2luNjQ7IHg2NCkgQXBwbGVXZWJLaXQvNTM3LjM2IChLSFRNTCwgbGlrZSBHZWNrbykgQ2hyb21lLzEzNS4wLjAuMCBTYWZhcmkvNTM3LjM2fDE3NDU4ODQ3MTg3NDA1-66ef7bd1c406421895b8c43a8ff9f32c-c5b05048fd6b0ea99b7f6ed979ea40e4"
[2025-08-30 14:32:28.555 -03:00] [INF] [73] Emby.Server.Implementations.Session.SessionWebSocketListener: Sending ForceKeepAlive message to 1 inactive WebSockets.
[2025-08-30 14:34:07.447 -03:00] [INF] [162] Jellyfin.Plugin.PlaybackReporting.EventMonitorEntryPoint: Processing playback tracker : "TW96aWxsYS81LjAgKFdpbmRvd3MgTlQgMTAuMDsgV2luNjQ7IHg2NCkgQXBwbGVXZWJLaXQvNTM3LjM2IChLSFRNTCwgbGlrZSBHZWNrbykgQ2hyb21lLzEzNS4wLjAuMCBTYWZhcmkvNTM3LjM2fDE3NDU4ODQ3MTg3NDA1-66ef7bd1c406421895b8c43a8ff9f32c-c5b05048fd6b0ea99b7f6ed979ea40e4"
[2025-08-30 14:36:06.612 -03:00] [INF] [112] Jellyfin.Plugin.PlaybackReporting.EventMonitorEntryPoint: Processing playback tracker : "TW96aWxsYS81LjAgKFdpbmRvd3MgTlQgMTAuMDsgV2luNjQ7IHg2NCkgQXBwbGVXZWJLaXQvNTM3LjM2IChLSFRNTCwgbGlrZSBHZWNrbykgQ2hyb21lLzEzNS4wLjAuMCBTYWZhcmkvNTM3LjM2fDE3NDU4ODQ3MTg3NDA1-66ef7bd1c406421895b8c43a8ff9f32c-c5b05048fd6b0ea99b7f6ed979ea40e4"
[2025-08-30 14:36:52.555 -03:00] [INF] [148] Emby.Server.Implementations.Session.SessionWebSocketListener: Sending ForceKeepAlive message to 1 inactive WebSockets.
[2025-08-30 14:38:06.629 -03:00] [INF] [80] Jellyfin.Plugin.PlaybackReporting.EventMonitorEntryPoint: Processing playback tracker : "TW96aWxsYS81LjAgKFdpbmRvd3MgTlQgMTAuMDsgV2luNjQ7IHg2NCkgQXBwbGVXZWJLaXQvNTM3LjM2IChLSFRNTCwgbGlrZSBHZWNrbykgQ2hyb21lLzEzNS4wLjAuMCBTYWZhcmkvNTM3LjM2fDE3NDU4ODQ3MTg3NDA1-66ef7bd1c406421895b8c43a8ff9f32c-c5b05048fd6b0ea99b7f6ed979ea40e4"
[2025-08-30 14:40:06.622 -03:00] [INF] [99] Jellyfin.Plugin.PlaybackReporting.EventMonitorEntryPoint: Processing playback tracker : "TW96aWxsYS81LjAgKFdpbmRvd3MgTlQgMTAuMDsgV2luNjQ7IHg2NCkgQXBwbGVXZWJLaXQvNTM3LjM2IChLSFRNTCwgbGlrZSBHZWNrbykgQ2hyb21lLzEzNS4wLjAuMCBTYWZhcmkvNTM3LjM2fDE3NDU4ODQ3MTg3NDA1-66ef7bd1c406421895b8c43a8ff9f32c-c5b05048fd6b0ea99b7f6ed979ea40e4"
[2025-08-30 14:40:40.555 -03:00] [INF] [80] Emby.Server.Implementations.Session.SessionWebSocketListener: Sending ForceKeepAlive message to 1 inactive WebSockets.
[2025-08-30 14:42:06.619 -03:00] [INF] [32] Jellyfin.Plugin.PlaybackReporting.EventMonitorEntryPoint: Processing playback tracker : "TW96aWxsYS81LjAgKFdpbmRvd3MgTlQgMTAuMDsgV2luNjQ7IHg2NCkgQXBwbGVXZWJLaXQvNTM3LjM2IChLSFRNTCwgbGlrZSBHZWNrbykgQ2hyb21lLzEzNS4wLjAuMCBTYWZhcmkvNTM3LjM2fDE3NDU4ODQ3MTg3NDA1-66ef7bd1c406421895b8c43a8ff9f32c-c5b05048fd6b0ea99b7f6ed979ea40e4"
[2025-08-30 14:44:06.603 -03:00] [INF] [32] Jellyfin.Plugin.PlaybackReporting.EventMonitorEntryPoint: Processing playback tracker : "TW96aWxsYS81LjAgKFdpbmRvd3MgTlQgMTAuMDsgV2luNjQ7IHg2NCkgQXBwbGVXZWJLaXQvNTM3LjM2IChLSFRNTCwgbGlrZSBHZWNrbykgQ2hyb21lLzEzNS4wLjAuMCBTYWZhcmkvNTM3LjM2fDE3NDU4ODQ3MTg3NDA1-66ef7bd1c406421895b8c43a8ff9f32c-c5b05048fd6b0ea99b7f6ed979ea40e4"
[2025-08-30 14:44:28.555 -03:00] [INF] [161] Emby.Server.Implementations.Session.SessionWebSocketListener: Sending ForceKeepAlive message to 1 inactive WebSockets.
[2025-08-30 14:46:06.613 -03:00] [INF] [32] Jellyfin.Plugin.PlaybackReporting.EventMonitorEntryPoint: Processing playback tracker : "TW96aWxsYS81LjAgKFdpbmRvd3MgTlQgMTAuMDsgV2luNjQ7IHg2NCkgQXBwbGVXZWJLaXQvNTM3LjM2IChLSFRNTCwgbGlrZSBHZWNrbykgQ2hyb21lLzEzNS4wLjAuMCBTYWZhcmkvNTM3LjM2fDE3NDU4ODQ3MTg3NDA1-66ef7bd1c406421895b8c43a8ff9f32c-c5b05048fd6b0ea99b7f6ed979ea40e4"
[2025-08-30 14:48:07.403 -03:00] [INF] [132] Jellyfin.Plugin.PlaybackReporting.EventMonitorEntryPoint: Processing playback tracker : "TW96aWxsYS81LjAgKFdpbmRvd3MgTlQgMTAuMDsgV2luNjQ7IHg2NCkgQXBwbGVXZWJLaXQvNTM3LjM2IChLSFRNTCwgbGlrZSBHZWNrbykgQ2hyb21lLzEzNS4wLjAuMCBTYWZhcmkvNTM3LjM2fDE3NDU4ODQ3MTg3NDA1-66ef7bd1c406421895b8c43a8ff9f32c-c5b05048fd6b0ea99b7f6ed979ea40e4"
[2025-08-30 14:48:52.555 -03:00] [INF] [132] Emby.Server.Implementations.Session.SessionWebSocketListener: Sending ForceKeepAlive message to 1 inactive WebSockets.
[2025-08-30 14:50:06.615 -03:00] [INF] [23] Jellyfin.Plugin.PlaybackReporting.EventMonitorEntryPoint: Processing playback tracker : "TW96aWxsYS81LjAgKFdpbmRvd3MgTlQgMTAuMDsgV2luNjQ7IHg2NCkgQXBwbGVXZWJLaXQvNTM3LjM2IChLSFRNTCwgbGlrZSBHZWNrbykgQ2hyb21lLzEzNS4wLjAuMCBTYWZhcmkvNTM3LjM2fDE3NDU4ODQ3MTg3NDA1-66ef7bd1c406421895b8c43a8ff9f32c-c5b05048fd6b0ea99b7f6ed979ea40e4"
[2025-08-30 14:52:06.611 -03:00] [INF] [23] Jellyfin.Plugin.PlaybackReporting.EventMonitorEntryPoint: Processing playback tracker : "TW96aWxsYS81LjAgKFdpbmRvd3MgTlQgMTAuMDsgV2luNjQ7IHg2NCkgQXBwbGVXZWJLaXQvNTM3LjM2IChLSFRNTCwgbGlrZSBHZWNrbykgQ2hyb21lLzEzNS4wLjAuMCBTYWZhcmkvNTM3LjM2fDE3NDU4ODQ3MTg3NDA1-66ef7bd1c406421895b8c43a8ff9f32c-c5b05048fd6b0ea99b7f6ed979ea40e4"
[2025-08-30 14:52:40.555 -03:00] [INF] [105] Emby.Server.Implementations.Session.SessionWebSocketListener: Sending ForceKeepAlive message to 1 inactive WebSockets.
[2025-08-30 14:54:06.625 -03:00] [INF] [28] Jellyfin.Plugin.PlaybackReporting.EventMonitorEntryPoint: Processing playback tracker : "TW96aWxsYS81LjAgKFdpbmRvd3MgTlQgMTAuMDsgV2luNjQ7IHg2NCkgQXBwbGVXZWJLaXQvNTM3LjM2IChLSFRNTCwgbGlrZSBHZWNrbykgQ2hyb21lLzEzNS4wLjAuMCBTYWZhcmkvNTM3LjM2fDE3NDU4ODQ3MTg3NDA1-66ef7bd1c406421895b8c43a8ff9f32c-c5b05048fd6b0ea99b7f6ed979ea40e4"
[2025-08-30 14:56:06.621 -03:00] [INF] [177] Jellyfin.Plugin.PlaybackReporting.EventMonitorEntryPoint: Processing playback tracker : "TW96aWxsYS81LjAgKFdpbmRvd3MgTlQgMTAuMDsgV2luNjQ7IHg2NCkgQXBwbGVXZWJLaXQvNTM3LjM2IChLSFRNTCwgbGlrZSBHZWNrbykgQ2hyb21lLzEzNS4wLjAuMCBTYWZhcmkvNTM3LjM2fDE3NDU4ODQ3MTg3NDA1-66ef7bd1c406421895b8c43a8ff9f32c-c5b05048fd6b0ea99b7f6ed979ea40e4"
[2025-08-30 14:56:28.555 -03:00] [INF] [107] Emby.Server.Implementations.Session.SessionWebSocketListener: Sending ForceKeepAlive message to 1 inactive WebSockets.
[2025-08-30 14:58:06.625 -03:00] [INF] [177] Jellyfin.Plugin.PlaybackReporting.EventMonitorEntryPoint: Processing playback tracker : "TW96aWxsYS81LjAgKFdpbmRvd3MgTlQgMTAuMDsgV2luNjQ7IHg2NCkgQXBwbGVXZWJLaXQvNTM3LjM2IChLSFRNTCwgbGlrZSBHZWNrbykgQ2hyb21lLzEzNS4wLjAuMCBTYWZhcmkvNTM3LjM2fDE3NDU4ODQ3MTg3NDA1-66ef7bd1c406421895b8c43a8ff9f32c-c5b05048fd6b0ea99b7f6ed979ea40e4"
[2025-08-30 15:00:06.641 -03:00] [INF] [131] Jellyfin.Plugin.PlaybackReporting.EventMonitorEntryPoint: Processing playback tracker : "TW96aWxsYS81LjAgKFdpbmRvd3MgTlQgMTAuMDsgV2luNjQ7IHg2NCkgQXBwbGVXZWJLaXQvNTM3LjM2IChLSFRNTCwgbGlrZSBHZWNrbykgQ2hyb21lLzEzNS4wLjAuMCBTYWZhcmkvNTM3LjM2fDE3NDU4ODQ3MTg3NDA1-66ef7bd1c406421895b8c43a8ff9f32c-c5b05048fd6b0ea99b7f6ed979ea40e4"
[2025-08-30 15:00:52.555 -03:00] [INF] [142] Emby.Server.Implementations.Session.SessionWebSocketListener: Sending ForceKeepAlive message to 1 inactive WebSockets.
[2025-08-30 15:02:06.621 -03:00] [INF] [140] Jellyfin.Plugin.PlaybackReporting.EventMonitorEntryPoint: Processing playback tracker : "TW96aWxsYS81LjAgKFdpbmRvd3MgTlQgMTAuMDsgV2luNjQ7IHg2NCkgQXBwbGVXZWJLaXQvNTM3LjM2IChLSFRNTCwgbGlrZSBHZWNrbykgQ2hyb21lLzEzNS4wLjAuMCBTYWZhcmkvNTM3LjM2fDE3NDU4ODQ3MTg3NDA1-66ef7bd1c406421895b8c43a8ff9f32c-c5b05048fd6b0ea99b7f6ed979ea40e4"
[2025-08-30 15:04:07.450 -03:00] [INF] [158] Jellyfin.Plugin.PlaybackReporting.EventMonitorEntryPoint: Processing playback tracker : "TW96aWxsYS81LjAgKFdpbmRvd3MgTlQgMTAuMDsgV2luNjQ7IHg2NCkgQXBwbGVXZWJLaXQvNTM3LjM2IChLSFRNTCwgbGlrZSBHZWNrbykgQ2hyb21lLzEzNS4wLjAuMCBTYWZhcmkvNTM3LjM2fDE3NDU4ODQ3MTg3NDA1-66ef7bd1c406421895b8c43a8ff9f32c-c5b05048fd6b0ea99b7f6ed979ea40e4"
[2025-08-30 15:04:40.555 -03:00] [INF] [132] Emby.Server.Implementations.Session.SessionWebSocketListener: Sending ForceKeepAlive message to 1 inactive WebSockets.
[2025-08-30 15:06:06.687 -03:00] [INF] [25] Jellyfin.Plugin.PlaybackReporting.EventMonitorEntryPoint: Processing playback tracker : "TW96aWxsYS81LjAgKFdpbmRvd3MgTlQgMTAuMDsgV2luNjQ7IHg2NCkgQXBwbGVXZWJLaXQvNTM3LjM2IChLSFRNTCwgbGlrZSBHZWNrbykgQ2hyb21lLzEzNS4wLjAuMCBTYWZhcmkvNTM3LjM2fDE3NDU4ODQ3MTg3NDA1-66ef7bd1c406421895b8c43a8ff9f32c-c5b05048fd6b0ea99b7f6ed979ea40e4"
[2025-08-30 15:08:06.631 -03:00] [INF] [112] Jellyfin.Plugin.PlaybackReporting.EventMonitorEntryPoint: Processing playback tracker : "TW96aWxsYS81LjAgKFdpbmRvd3MgTlQgMTAuMDsgV2luNjQ7IHg2NCkgQXBwbGVXZWJLaXQvNTM3LjM2IChLSFRNTCwgbGlrZSBHZWNrbykgQ2hyb21lLzEzNS4wLjAuMCBTYWZhcmkvNTM3LjM2fDE3NDU4ODQ3MTg3NDA1-66ef7bd1c406421895b8c43a8ff9f32c-c5b05048fd6b0ea99b7f6ed979ea40e4"
[2025-08-30 15:08:28.555 -03:00] [INF] [112] Emby.Server.Implementations.Session.SessionWebSocketListener: Sending ForceKeepAlive message to 1 inactive WebSockets.
[2025-08-30 15:10:06.674 -03:00] [INF] [80] Jellyfin.Plugin.PlaybackReporting.EventMonitorEntryPoint: Processing playback tracker : "TW96aWxsYS81LjAgKFdpbmRvd3MgTlQgMTAuMDsgV2luNjQ7IHg2NCkgQXBwbGVXZWJLaXQvNTM3LjM2IChLSFRNTCwgbGlrZSBHZWNrbykgQ2hyb21lLzEzNS4wLjAuMCBTYWZhcmkvNTM3LjM2fDE3NDU4ODQ3MTg3NDA1-66ef7bd1c406421895b8c43a8ff9f32c-c5b05048fd6b0ea99b7f6ed979ea40e4"
[2025-08-30 15:12:06.625 -03:00] [INF] [148] Jellyfin.Plugin.PlaybackReporting.EventMonitorEntryPoint: Processing playback tracker : "TW96aWxsYS81LjAgKFdpbmRvd3MgTlQgMTAuMDsgV2luNjQ7IHg2NCkgQXBwbGVXZWJLaXQvNTM3LjM2IChLSFRNTCwgbGlrZSBHZWNrbykgQ2hyb21lLzEzNS4wLjAuMCBTYWZhcmkvNTM3LjM2fDE3NDU4ODQ3MTg3NDA1-66ef7bd1c406421895b8c43a8ff9f32c-c5b05048fd6b0ea99b7f6ed979ea40e4"
[2025-08-30 15:12:52.555 -03:00] [INF] [161] Emby.Server.Implementations.Session.SessionWebSocketListener: Sending ForceKeepAlive message to 1 inactive WebSockets.
[2025-08-30 15:14:06.648 -03:00] [INF] [60] Jellyfin.Plugin.PlaybackReporting.EventMonitorEntryPoint: Processing playback tracker : "TW96aWxsYS81LjAgKFdpbmRvd3MgTlQgMTAuMDsgV2luNjQ7IHg2NCkgQXBwbGVXZWJLaXQvNTM3LjM2IChLSFRNTCwgbGlrZSBHZWNrbykgQ2hyb21lLzEzNS4wLjAuMCBTYWZhcmkvNTM3LjM2fDE3NDU4ODQ3MTg3NDA1-66ef7bd1c406421895b8c43a8ff9f32c-c5b05048fd6b0ea99b7f6ed979ea40e4"
[2025-08-30 15:16:06.645 -03:00] [INF] [62] Jellyfin.Plugin.PlaybackReporting.EventMonitorEntryPoint: Processing playback tracker : "TW96aWxsYS81LjAgKFdpbmRvd3MgTlQgMTAuMDsgV2luNjQ7IHg2NCkgQXBwbGVXZWJLaXQvNTM3LjM2IChLSFRNTCwgbGlrZSBHZWNrbykgQ2hyb21lLzEzNS4wLjAuMCBTYWZhcmkvNTM3LjM2fDE3NDU4ODQ3MTg3NDA1-66ef7bd1c406421895b8c43a8ff9f32c-c5b05048fd6b0ea99b7f6ed979ea40e4"
[2025-08-30 15:16:40.555 -03:00] [INF] [62] Emby.Server.Implementations.Session.SessionWebSocketListener: Sending ForceKeepAlive message to 1 inactive WebSockets.
[2025-08-30 15:18:07.452 -03:00] [INF] [132] Jellyfin.Plugin.PlaybackReporting.EventMonitorEntryPoint: Processing playback tracker : "TW96aWxsYS81LjAgKFdpbmRvd3MgTlQgMTAuMDsgV2luNjQ7IHg2NCkgQXBwbGVXZWJLaXQvNTM3LjM2IChLSFRNTCwgbGlrZSBHZWNrbykgQ2hyb21lLzEzNS4wLjAuMCBTYWZhcmkvNTM3LjM2fDE3NDU4ODQ3MTg3NDA1-66ef7bd1c406421895b8c43a8ff9f32c-c5b05048fd6b0ea99b7f6ed979ea40e4"
[2025-08-30 15:20:07.408 -03:00] [INF] [23] Jellyfin.Plugin.PlaybackReporting.EventMonitorEntryPoint: Processing playback tracker : "TW96aWxsYS81LjAgKFdpbmRvd3MgTlQgMTAuMDsgV2luNjQ7IHg2NCkgQXBwbGVXZWJLaXQvNTM3LjM2IChLSFRNTCwgbGlrZSBHZWNrbykgQ2hyb21lLzEzNS4wLjAuMCBTYWZhcmkvNTM3LjM2fDE3NDU4ODQ3MTg3NDA1-66ef7bd1c406421895b8c43a8ff9f32c-c5b05048fd6b0ea99b7f6ed979ea40e4"
[2025-08-30 15:20:28.555 -03:00] [INF] [23] Emby.Server.Implementations.Session.SessionWebSocketListener: Sending ForceKeepAlive message to 1 inactive WebSockets.
[2025-08-30 15:22:06.633 -03:00] [INF] [23] Jellyfin.Plugin.PlaybackReporting.EventMonitorEntryPoint: Processing playback tracker : "TW96aWxsYS81LjAgKFdpbmRvd3MgTlQgMTAuMDsgV2luNjQ7IHg2NCkgQXBwbGVXZWJLaXQvNTM3LjM2IChLSFRNTCwgbGlrZSBHZWNrbykgQ2hyb21lLzEzNS4wLjAuMCBTYWZhcmkvNTM3LjM2fDE3NDU4ODQ3MTg3NDA1-66ef7bd1c406421895b8c43a8ff9f32c-c5b05048fd6b0ea99b7f6ed979ea40e4"
[2025-08-30 15:24:06.615 -03:00] [INF] [107] Jellyfin.Plugin.PlaybackReporting.EventMonitorEntryPoint: Processing playback tracker : "TW96aWxsYS81LjAgKFdpbmRvd3MgTlQgMTAuMDsgV2luNjQ7IHg2NCkgQXBwbGVXZWJLaXQvNTM3LjM2IChLSFRNTCwgbGlrZSBHZWNrbykgQ2hyb21lLzEzNS4wLjAuMCBTYWZhcmkvNTM3LjM2fDE3NDU4ODQ3MTg3NDA1-66ef7bd1c406421895b8c43a8ff9f32c-c5b05048fd6b0ea99b7f6ed979ea40e4"
[2025-08-30 15:24:52.555 -03:00] [INF] [119] Emby.Server.Implementations.Session.SessionWebSocketListener: Sending ForceKeepAlive message to 1 inactive WebSockets.
[2025-08-30 15:26:06.631 -03:00] [INF] [177] Jellyfin.Plugin.PlaybackReporting.EventMonitorEntryPoint: Processing playback tracker : "TW96aWxsYS81LjAgKFdpbmRvd3MgTlQgMTAuMDsgV2luNjQ7IHg2NCkgQXBwbGVXZWJLaXQvNTM3LjM2IChLSFRNTCwgbGlrZSBHZWNrbykgQ2hyb21lLzEzNS4wLjAuMCBTYWZhcmkvNTM3LjM2fDE3NDU4ODQ3MTg3NDA1-66ef7bd1c406421895b8c43a8ff9f32c-c5b05048fd6b0ea99b7f6ed979ea40e4"
[2025-08-30 15:28:06.607 -03:00] [INF] [107] Jellyfin.Plugin.PlaybackReporting.EventMonitorEntryPoint: Processing playback tracker : "TW96aWxsYS81LjAgKFdpbmRvd3MgTlQgMTAuMDsgV2luNjQ7IHg2NCkgQXBwbGVXZWJLaXQvNTM3LjM2IChLSFRNTCwgbGlrZSBHZWNrbykgQ2hyb21lLzEzNS4wLjAuMCBTYWZhcmkvNTM3LjM2fDE3NDU4ODQ3MTg3NDA1-66ef7bd1c406421895b8c43a8ff9f32c-c5b05048fd6b0ea99b7f6ed979ea40e4"
[2025-08-30 15:28:40.555 -03:00] [INF] [107] Emby.Server.Implementations.Session.SessionWebSocketListener: Sending ForceKeepAlive message to 1 inactive WebSockets.
[2025-08-30 15:30:06.632 -03:00] [INF] [131] Jellyfin.Plugin.PlaybackReporting.EventMonitorEntryPoint: Processing playback tracker : "TW96aWxsYS81LjAgKFdpbmRvd3MgTlQgMTAuMDsgV2luNjQ7IHg2NCkgQXBwbGVXZWJLaXQvNTM3LjM2IChLSFRNTCwgbGlrZSBHZWNrbykgQ2hyb21lLzEzNS4wLjAuMCBTYWZhcmkvNTM3LjM2fDE3NDU4ODQ3MTg3NDA1-66ef7bd1c406421895b8c43a8ff9f32c-c5b05048fd6b0ea99b7f6ed979ea40e4"
[2025-08-30 15:32:06.626 -03:00] [INF] [23] Jellyfin.Plugin.PlaybackReporting.EventMonitorEntryPoint: Processing playback tracker : "TW96aWxsYS81LjAgKFdpbmRvd3MgTlQgMTAuMDsgV2luNjQ7IHg2NCkgQXBwbGVXZWJLaXQvNTM3LjM2IChLSFRNTCwgbGlrZSBHZWNrbykgQ2hyb21lLzEzNS4wLjAuMCBTYWZhcmkvNTM3LjM2fDE3NDU4ODQ3MTg3NDA1-66ef7bd1c406421895b8c43a8ff9f32c-c5b05048fd6b0ea99b7f6ed979ea40e4"
[2025-08-30 15:32:28.555 -03:00] [INF] [140] Emby.Server.Implementations.Session.SessionWebSocketListener: Sending ForceKeepAlive message to 1 inactive WebSockets.
[2025-08-30 15:33:36.277 -03:00] [INF] [162] Jellyfin.Plugin.PlaybackReporting.EventMonitorEntryPoint: Processing playback tracker : "TW96aWxsYS81LjAgKFdpbmRvd3MgTlQgMTAuMDsgV2luNjQ7IHg2NCkgQXBwbGVXZWJLaXQvNTM3LjM2IChLSFRNTCwgbGlrZSBHZWNrbykgQ2hyb21lLzEzNS4wLjAuMCBTYWZhcmkvNTM3LjM2fDE3NDU4ODQ3MTg3NDA1-66ef7bd1c406421895b8c43a8ff9f32c-c5b05048fd6b0ea99b7f6ed979ea40e4"
[2025-08-30 15:33:52.404 -03:00] [INF] [140] MediaBrowser.MediaEncoding.Transcoding.TranscodeManager: Deleting partial stream file(s) "/config/cache/transcodes/e3f1889303e92a83880d4778ac8c26ba.m3u8"
[2025-08-30 15:33:52.495 -03:00] [INF] [140] Emby.Server.Implementations.HttpServer.WebSocketManager: WS "192.168.1.7" closed
[2025-08-30 15:33:54.101 -03:00] [INF] [140] Emby.Server.Implementations.Session.SessionManager: Playback stopped reported by app "Jellyfin Web" "10.10.7" playing "Cheio de estrelas". Stopped at "308733" ms
[2025-08-30 15:33:54.115 -03:00] [INF] [62] Jellyfin.Plugin.PlaybackReporting.EventMonitorEntryPoint: Playback stop tracker found, processing stop : "TW96aWxsYS81LjAgKFdpbmRvd3MgTlQgMTAuMDsgV2luNjQ7IHg2NCkgQXBwbGVXZWJLaXQvNTM3LjM2IChLSFRNTCwgbGlrZSBHZWNrbykgQ2hyb21lLzEzNS4wLjAuMCBTYWZhcmkvNTM3LjM2fDE3NDU4ODQ3MTg3NDA1-66ef7bd1c406421895b8c43a8ff9f32c-c5b05048fd6b0ea99b7f6ed979ea40e4"
[2025-08-30 15:33:54.116 -03:00] [INF] [62] Jellyfin.Plugin.PlaybackReporting.Data.PlaybackTracker: PlaybackTracker : Adding Stop Event : 08/30/2025 15:33:54
[2025-08-30 15:33:54.117 -03:00] [INF] [62] Jellyfin.Plugin.PlaybackReporting.EventMonitorEntryPoint: Saving playback tracking activity in DB
[2025-08-30 22:43:50.967 -03:00] [INF] [181] Emby.Server.Implementations.ScheduledTasks.TaskManager: "Limpar pasta de logs" Completed after 0 minute(s) and 0 seconds
[2025-08-30 22:43:50.967 -03:00] [INF] [122] Emby.Server.Implementations.ScheduledTasks.TaskManager: "Limpar pasta de transcodificação" Completed after 0 minute(s) and 0 seconds
[2025-08-30 22:43:50.967 -03:00] [INF] [183] Emby.Server.Implementations.ScheduledTasks.TaskManager: "Baixar legendas que estão faltando" Completed after 0 minute(s) and 0 seconds
[2025-08-30 22:43:51.009 -03:00] [INF] [180] Emby.Server.Implementations.ScheduledTasks.TaskManager: "Limpar Arquivos Temporários" Completed after 0 minute(s) and 0 seconds
[2025-08-30 22:43:54.021 -03:00] [INF] [181] Emby.Server.Implementations.ScheduledTasks.Tasks.OptimizeDatabaseTask: Optimizing and vacuuming jellyfin.db...
[2025-08-30 22:43:54.035 -03:00] [INF] [182] Emby.Server.Implementations.ScheduledTasks.TaskManager: "Baixar letra faltante" Completed after 0 minute(s) and 3 seconds
[2025-08-30 22:43:54.132 -03:00] [INF] [160] Emby.Server.Implementations.ScheduledTasks.TaskManager: "Normalização de áudio" Completed after 0 minute(s) and 3 seconds
[2025-08-30 22:43:54.191 -03:00] [INF] [41] Emby.Server.Implementations.ScheduledTasks.TaskManager: "TasksRefreshChannels" Completed after 0 minute(s) and 0 seconds
[2025-08-30 22:43:54.267 -03:00] [INF] [181] Emby.Server.Implementations.ScheduledTasks.Tasks.OptimizeDatabaseTask: jellyfin.db optimized successfully!
[2025-08-30 22:43:54.269 -03:00] [INF] [181] Emby.Server.Implementations.ScheduledTasks.TaskManager: "Otimizar base de dados" Completed after 0 minute(s) and 0 seconds
[2025-08-30 22:43:54.360 -03:00] [INF] [180] Emby.Server.Implementations.ScheduledTasks.TaskManager: "Played media cleanup" Completed after 0 minute(s) and 0 seconds
[2025-08-30 22:43:57.273 -03:00] [INF] [181] Jellyfin.LiveTv.Guide.GuideManager: Refreshing guide with 7 days of guide data
[2025-08-30 22:43:57.278 -03:00] [INF] [181] Emby.Server.Implementations.ScheduledTasks.TaskManager: "Refresh Guide" Completed after 0 minute(s) and 3 seconds
[2025-08-30 22:43:58.681 -03:00] [INF] [160] Emby.Server.Implementations.ScheduledTasks.TaskManager: "Atualizar Plugins" Completed after 0 minute(s) and 4 seconds
[2025-08-30 22:49:58.588 -03:00] [INF] [147] Emby.Server.Implementations.IO.LibraryMonitor: Stopping directory watching for path "/data/filme"
[2025-08-30 22:49:58.588 -03:00] [INF] [147] Emby.Server.Implementations.IO.LibraryMonitor: Stopping directory watching for path "/data/serie"
[2025-08-30 22:49:58.590 -03:00] [INF] [147] Emby.Server.Implementations.Library.LibraryManager: Validating media library
[2025-08-30 22:49:58.646 -03:00] [WRN] [147] MediaBrowser.Controller.Entities.BaseItem: Library folder "/config/data/data/playlists" is inaccessible or empty, skipping
[2025-08-30 22:49:58.686 -03:00] [WRN] [50] MediaBrowser.Controller.Entities.BaseItem: Library folder "/config/data/data/playlists" is inaccessible or empty, skipping
[2025-08-30 22:49:58.755 -03:00] [INF] [194] Emby.Server.Implementations.ScheduledTasks.TaskManager: "Varredura do segmento de mídia" Completed after 0 minute(s) and 0 seconds
[2025-08-30 22:50:01.505 -03:00] [INF] [50] Jellyfin.Drawing.ImageProcessor: Creating image collage and saving to "/tmp/jellyfin/0e47b28bf0fb433394f9f9d74137e883.png"
[2025-08-30 22:50:01.922 -03:00] [INF] [50] Jellyfin.Drawing.ImageProcessor: Completed creation of image collage and saved to "/tmp/jellyfin/0e47b28bf0fb433394f9f9d74137e883.png"
[2025-08-30 22:50:01.955 -03:00] [INF] [147] Jellyfin.Drawing.ImageProcessor: Creating image collage and saving to "/tmp/jellyfin/db48cf2f49a04c65bdbfac4d464e2c5b.png"
[2025-08-30 22:50:02.705 -03:00] [INF] [147] Jellyfin.Drawing.ImageProcessor: Completed creation of image collage and saved to "/tmp/jellyfin/db48cf2f49a04c65bdbfac4d464e2c5b.png"
[2025-08-30 22:50:02.725 -03:00] [INF] [50] Jellyfin.Drawing.ImageProcessor: Creating image collage and saving to "/tmp/jellyfin/e61744e236d94ada9312c03acd2c33d8.png"
[2025-08-30 22:50:03.528 -03:00] [INF] [50] Jellyfin.Drawing.ImageProcessor: Completed creation of image collage and saved to "/tmp/jellyfin/e61744e236d94ada9312c03acd2c33d8.png"
[2025-08-30 22:50:03.550 -03:00] [INF] [147] Jellyfin.Drawing.ImageProcessor: Creating image collage and saving to "/tmp/jellyfin/9fce8080fcb046afb6dd945594e186fc.png"
[2025-08-30 22:50:03.905 -03:00] [INF] [147] Jellyfin.Drawing.ImageProcessor: Completed creation of image collage and saved to "/tmp/jellyfin/9fce8080fcb046afb6dd945594e186fc.png"
[2025-08-30 22:50:03.920 -03:00] [INF] [50] Jellyfin.Drawing.ImageProcessor: Creating image collage and saving to "/tmp/jellyfin/10e6cb66807d4d0fb247c00edc4b943f.png"
[2025-08-30 22:50:04.332 -03:00] [INF] [50] Jellyfin.Drawing.ImageProcessor: Completed creation of image collage and saved to "/tmp/jellyfin/10e6cb66807d4d0fb247c00edc4b943f.png"
[2025-08-30 22:50:04.376 -03:00] [INF] [50] Emby.Server.Implementations.ScheduledTasks.TaskManager: "Escanear a Biblioteca de Mídia" Completed after 0 minute(s) and 5 seconds
[2025-08-30 22:50:04.650 -03:00] [INF] [195] Emby.Server.Implementations.IO.LibraryMonitor: Watching directory "/data/filme"
[2025-08-30 22:50:05.437 -03:00] [INF] [147] Emby.Server.Implementations.IO.LibraryMonitor: Watching directory "/data/serie"
[2025-08-30 22:51:04.393 -03:00] [INF] [180] IntroSkipper.Services.Entrypoint: Initiating automatic analysis task
[2025-08-30 22:51:04.581 -03:00] [INF] [180] IntroSkipper.Manager.QueueManager: Running enqueue of items in library "Séries"
[2025-08-30 22:51:04.584 -03:00] [INF] [180] IntroSkipper.Manager.QueueManager: Running enqueue of items in library "Filmes"
